
 Start         Length     Name                   Class
 0001:00000000 0005EA88H .text                   CODE
 0002:00000000 000012F4H .data                   DATA
 0002:000012F4 00000BE5H .bss                    BSS


Detailed map of segments

 0001:00000000 00004B9F C=CODE     S=.text    G=(none)   M=System   ACBP=A9
 0001:00004BA0 00000140 C=CODE     S=.text    G=(none)   M=SysInit  ACBP=A9
 0001:00004CE0 00000090 C=CODE     S=.text    G=(none)   M=Types    ACBP=A9
 0001:00004D70 00000C24 C=CODE     S=.text    G=(none)   M=Windows  ACBP=A9
 0001:00005994 00000038 C=CODE     S=.text    G=(none)   M=Messages ACBP=A9
 0001:000059CC 00000328 C=CODE     S=.text    G=(none)   M=SysConst ACBP=A9
 0001:00005CF4 00006790 C=CODE     S=.text    G=(none)   M=SysUtils ACBP=A9
 0001:0000C484 000007FB C=CODE     S=.text    G=(none)   M=VarUtils ACBP=A9
 0001:0000CC80 00002A42 C=CODE     S=.text    G=(none)   M=Variants ACBP=A9
 0001:0000F6C4 00000120 C=CODE     S=.text    G=(none)   M=RTLConsts ACBP=A9
 0001:0000F7E4 000007E8 C=CODE     S=.text    G=(none)   M=TypInfo  ACBP=A9
 0001:0000FFCC 00000038 C=CODE     S=.text    G=(none)   M=ActiveX  ACBP=A9
 0001:00010004 000097E2 C=CODE     S=.text    G=(none)   M=Classes  ACBP=A9
 0001:000197E8 000002B8 C=CODE     S=.text    G=(none)   M=Consts   ACBP=A9
 0001:00019AA0 00007377 C=CODE     S=.text    G=(none)   M=Graphics ACBP=A9
 0001:00020E18 00000048 C=CODE     S=.text    G=(none)   M=Math     ACBP=A9
 0001:00020E60 000002B8 C=CODE     S=.text    G=(none)   M=Contnrs  ACBP=A9
 0001:00021118 00000244 C=CODE     S=.text    G=(none)   M=CommCtrl ACBP=A9
 0001:0002135C 00000787 C=CODE     S=.text    G=(none)   M=MultiMon ACBP=A9
 0001:00021AE4 00000038 C=CODE     S=.text    G=(none)   M=Imm      ACBP=A9
 0001:00021B1C 00000FF8 C=CODE     S=.text    G=(none)   M=HelpIntfs ACBP=A9
 0001:00022B14 00000038 C=CODE     S=.text    G=(none)   M=WinSpool ACBP=A9
 0001:00022B4C 00000044 C=CODE     S=.text    G=(none)   M=Printers ACBP=A9
 0001:00022B90 0000031F C=CODE     S=.text    G=(none)   M=FlatSB   ACBP=A9
 0001:00022EB0 000001A4 C=CODE     S=.text    G=(none)   M=SyncObjs ACBP=A9
 0001:00023054 000009BB C=CODE     S=.text    G=(none)   M=UxTheme  ACBP=A9
 0001:00023A10 00000038 C=CODE     S=.text    G=(none)   M=RichEdit ACBP=A9
 0001:00023A48 00000038 C=CODE     S=.text    G=(none)   M=ToolWin  ACBP=A9
 0001:00023A80 00000038 C=CODE     S=.text    G=(none)   M=ShellAPI ACBP=A9
 0001:00023AB8 00000038 C=CODE     S=.text    G=(none)   M=RegStr   ACBP=A9
 0001:00023AF0 00000038 C=CODE     S=.text    G=(none)   M=WinInet  ACBP=A9
 0001:00023B28 00000038 C=CODE     S=.text    G=(none)   M=UrlMon   ACBP=A9
 0001:00023B60 00000038 C=CODE     S=.text    G=(none)   M=ShlObj   ACBP=A9
 0001:00023B98 00000038 C=CODE     S=.text    G=(none)   M=CommDlg  ACBP=A9
 0001:00023BD0 00000038 C=CODE     S=.text    G=(none)   M=Dlgs     ACBP=A9
 0001:00023C08 0000066D C=CODE     S=.text    G=(none)   M=Dialogs  ACBP=A9
 0001:00024278 00000652 C=CODE     S=.text    G=(none)   M=ExtCtrls ACBP=A9
 0001:000248CC 000000B8 C=CODE     S=.text    G=(none)   M=ComStrs  ACBP=A9
 0001:00024984 00000094 C=CODE     S=.text    G=(none)   M=Clipbrd  ACBP=A9
 0001:00024A18 00000038 C=CODE     S=.text    G=(none)   M=StrUtils ACBP=A9
 0001:00024A50 000000F5 C=CODE     S=.text    G=(none)   M=Buttons  ACBP=A9
 0001:00024B48 00000038 C=CODE     S=.text    G=(none)   M=ExtDlgs  ACBP=A9
 0001:00024B80 00000068 C=CODE     S=.text    G=(none)   M=IniFiles ACBP=A9
 0001:00024BE8 00000068 C=CODE     S=.text    G=(none)   M=Registry ACBP=A9
 0001:00024C50 0000006C C=CODE     S=.text    G=(none)   M=Mapi     ACBP=A9
 0001:00024CBC 00000058 C=CODE     S=.text    G=(none)   M=ExtActns ACBP=A9
 0001:00024D14 00000038 C=CODE     S=.text    G=(none)   M=ListActns ACBP=A9
 0001:00024D4C 00005D90 C=CODE     S=.text    G=(none)   M=ComCtrls ACBP=A9
 0001:0002AADC 00000C0C C=CODE     S=.text    G=(none)   M=Themes   ACBP=A9
 0001:0002B6E8 000083B8 C=CODE     S=.text    G=(none)   M=StdCtrls ACBP=A9
 0001:00033AA0 00000168 C=CODE     S=.text    G=(none)   M=StdActns ACBP=A9
 0001:00033C08 00000D1F C=CODE     S=.text    G=(none)   M=WinHelpViewer ACBP=A9
 0001:00034928 00010D77 C=CODE     S=.text    G=(none)   M=Controls ACBP=A9
 0001:000456A0 00001292 C=CODE     S=.text    G=(none)   M=ActnList ACBP=A9
 0001:00046934 000016E4 C=CODE     S=.text    G=(none)   M=ImgList  ACBP=A9
 0001:00048018 00006639 C=CODE     S=.text    G=(none)   M=Menus    ACBP=A9
 0001:0004E654 0000C410 C=CODE     S=.text    G=(none)   M=Forms    ACBP=A9
 0001:0005AA64 00000054 C=CODE     S=.text    G=(none)   M=DateUtils ACBP=A9
 0001:0005AAB8 00003D78 C=CODE     S=.text    G=(none)   M=Main     ACBP=A9
 0001:0005E830 00000255 C=CODE     S=.text    G=(none)   M=APIDemo  ACBP=A9
 0002:00000000 0000009C C=DATA     S=.data    G=DGROUP   M=System   ACBP=A9
 0002:0000009C 00000020 C=DATA     S=.data    G=DGROUP   M=SysInit  ACBP=A9
 0002:000000BC 00000254 C=DATA     S=.data    G=DGROUP   M=SysUtils ACBP=A9
 0002:00000310 00000008 C=DATA     S=.data    G=DGROUP   M=VarUtils ACBP=A9
 0002:00000318 0000008E C=DATA     S=.data    G=DGROUP   M=Variants ACBP=A9
 0002:000003A8 0000000C C=DATA     S=.data    G=DGROUP   M=TypInfo  ACBP=A9
 0002:000003B4 00000064 C=DATA     S=.data    G=DGROUP   M=Classes  ACBP=A9
 0002:00000418 00000304 C=DATA     S=.data    G=DGROUP   M=Graphics ACBP=A9
 0002:0000071C 00000004 C=DATA     S=.data    G=DGROUP   M=Printers ACBP=A9
 0002:00000720 00000074 C=DATA     S=.data    G=DGROUP   M=Dialogs  ACBP=A9
 0002:00000794 00000178 C=DATA     S=.data    G=DGROUP   M=ExtCtrls ACBP=A9
 0002:0000090C 0000002C C=DATA     S=.data    G=DGROUP   M=Buttons  ACBP=A9
 0002:00000938 00000008 C=DATA     S=.data    G=DGROUP   M=IniFiles ACBP=A9
 0002:00000940 00000008 C=DATA     S=.data    G=DGROUP   M=Registry ACBP=A9
 0002:00000948 00000008 C=DATA     S=.data    G=DGROUP   M=Mapi     ACBP=A9
 0002:00000950 000000A4 C=DATA     S=.data    G=DGROUP   M=ComCtrls ACBP=A9
 0002:000009F4 00000068 C=DATA     S=.data    G=DGROUP   M=Themes   ACBP=A9
 0002:00000A5C 000000E0 C=DATA     S=.data    G=DGROUP   M=StdCtrls ACBP=A9
 0002:00000B3C 0000013C C=DATA     S=.data    G=DGROUP   M=Controls ACBP=A9
 0002:00000C78 00000020 C=DATA     S=.data    G=DGROUP   M=ImgList  ACBP=A9
 0002:00000C98 000000EC C=DATA     S=.data    G=DGROUP   M=Menus    ACBP=A9
 0002:00000D84 0000011C C=DATA     S=.data    G=DGROUP   M=Forms    ACBP=A9
 0002:00002000 00000660 C=BSS      S=.bss     G=DGROUP   M=System   ACBP=A9
 0002:00002660 00000010 C=BSS      S=.bss     G=DGROUP   M=SysInit  ACBP=A9
 0002:00002670 00000004 C=BSS      S=.bss     G=DGROUP   M=Types    ACBP=A9
 0002:00002674 00000004 C=BSS      S=.bss     G=DGROUP   M=Windows  ACBP=A9
 0002:00002678 00000004 C=BSS      S=.bss     G=DGROUP   M=Messages ACBP=A9
 0002:0000267C 00000004 C=BSS      S=.bss     G=DGROUP   M=SysConst ACBP=A9
 0002:00002680 00000120 C=BSS      S=.bss     G=DGROUP   M=SysUtils ACBP=A9
 0002:000027A0 0000005C C=BSS      S=.bss     G=DGROUP   M=VarUtils ACBP=A9
 0002:000027FC 00000040 C=BSS      S=.bss     G=DGROUP   M=Variants ACBP=A9
 0002:0000283C 00000004 C=BSS      S=.bss     G=DGROUP   M=RTLConsts ACBP=A9
 0002:00002840 00000004 C=BSS      S=.bss     G=DGROUP   M=TypInfo  ACBP=A9
 0002:00002844 00000004 C=BSS      S=.bss     G=DGROUP   M=ActiveX  ACBP=A9
 0002:00002848 00000040 C=BSS      S=.bss     G=DGROUP   M=Classes  ACBP=A9
 0002:00002888 00000004 C=BSS      S=.bss     G=DGROUP   M=Consts   ACBP=A9
 0002:0000288C 00000060 C=BSS      S=.bss     G=DGROUP   M=Graphics ACBP=A9
 0002:000028EC 00000004 C=BSS      S=.bss     G=DGROUP   M=Math     ACBP=A9
 0002:000028F0 00000004 C=BSS      S=.bss     G=DGROUP   M=Contnrs  ACBP=A9
 0002:000028F4 0000000C C=BSS      S=.bss     G=DGROUP   M=CommCtrl ACBP=A9
 0002:00002900 00000031 C=BSS      S=.bss     G=DGROUP   M=MultiMon ACBP=A9
 0002:00002934 00000004 C=BSS      S=.bss     G=DGROUP   M=Imm      ACBP=A9
 0002:00002938 00000008 C=BSS      S=.bss     G=DGROUP   M=HelpIntfs ACBP=A9
 0002:00002940 00000004 C=BSS      S=.bss     G=DGROUP   M=WinSpool ACBP=A9
 0002:00002944 00000004 C=BSS      S=.bss     G=DGROUP   M=Printers ACBP=A9
 0002:00002948 00000034 C=BSS      S=.bss     G=DGROUP   M=FlatSB   ACBP=A9
 0002:0000297C 00000004 C=BSS      S=.bss     G=DGROUP   M=SyncObjs ACBP=A9
 0002:00002980 000000CC C=BSS      S=.bss     G=DGROUP   M=UxTheme  ACBP=A9
 0002:00002A4C 00000004 C=BSS      S=.bss     G=DGROUP   M=RichEdit ACBP=A9
 0002:00002A50 00000004 C=BSS      S=.bss     G=DGROUP   M=ToolWin  ACBP=A9
 0002:00002A54 00000004 C=BSS      S=.bss     G=DGROUP   M=ShellAPI ACBP=A9
 0002:00002A58 00000004 C=BSS      S=.bss     G=DGROUP   M=RegStr   ACBP=A9
 0002:00002A5C 00000004 C=BSS      S=.bss     G=DGROUP   M=WinInet  ACBP=A9
 0002:00002A60 00000004 C=BSS      S=.bss     G=DGROUP   M=UrlMon   ACBP=A9
 0002:00002A64 00000004 C=BSS      S=.bss     G=DGROUP   M=ShlObj   ACBP=A9
 0002:00002A68 00000004 C=BSS      S=.bss     G=DGROUP   M=CommDlg  ACBP=A9
 0002:00002A6C 00000004 C=BSS      S=.bss     G=DGROUP   M=Dlgs     ACBP=A9
 0002:00002A70 0000000C C=BSS      S=.bss     G=DGROUP   M=Dialogs  ACBP=A9
 0002:00002A7C 00000004 C=BSS      S=.bss     G=DGROUP   M=ExtCtrls ACBP=A9
 0002:00002A80 00000004 C=BSS      S=.bss     G=DGROUP   M=ComStrs  ACBP=A9
 0002:00002A84 0000000C C=BSS      S=.bss     G=DGROUP   M=Clipbrd  ACBP=A9
 0002:00002A90 00000004 C=BSS      S=.bss     G=DGROUP   M=StrUtils ACBP=A9
 0002:00002A94 00000030 C=BSS      S=.bss     G=DGROUP   M=Buttons  ACBP=A9
 0002:00002AC4 00000004 C=BSS      S=.bss     G=DGROUP   M=ExtDlgs  ACBP=A9
 0002:00002AC8 00000004 C=BSS      S=.bss     G=DGROUP   M=IniFiles ACBP=A9
 0002:00002ACC 00000004 C=BSS      S=.bss     G=DGROUP   M=Registry ACBP=A9
 0002:00002AD0 00000004 C=BSS      S=.bss     G=DGROUP   M=Mapi     ACBP=A9
 0002:00002AD4 00000009 C=BSS      S=.bss     G=DGROUP   M=ExtActns ACBP=A9
 0002:00002AE0 00000004 C=BSS      S=.bss     G=DGROUP   M=ListActns ACBP=A9
 0002:00002AE4 00000010 C=BSS      S=.bss     G=DGROUP   M=ComCtrls ACBP=A9
 0002:00002AF4 00000008 C=BSS      S=.bss     G=DGROUP   M=Themes   ACBP=A9
 0002:00002AFC 00000004 C=BSS      S=.bss     G=DGROUP   M=StdCtrls ACBP=A9
 0002:00002B00 00000004 C=BSS      S=.bss     G=DGROUP   M=StdActns ACBP=A9
 0002:00002B04 00000014 C=BSS      S=.bss     G=DGROUP   M=WinHelpViewer ACBP=A9
 0002:00002B18 00000080 C=BSS      S=.bss     G=DGROUP   M=Controls ACBP=A9
 0002:00002B98 00000004 C=BSS      S=.bss     G=DGROUP   M=ActnList ACBP=A9
 0002:00002B9C 0000000C C=BSS      S=.bss     G=DGROUP   M=ImgList  ACBP=A9
 0002:00002BA8 00000010 C=BSS      S=.bss     G=DGROUP   M=Menus    ACBP=A9
 0002:00002BB8 00000020 C=BSS      S=.bss     G=DGROUP   M=Forms    ACBP=A9
 0002:00002BD8 00000004 C=BSS      S=.bss     G=DGROUP   M=DateUtils ACBP=A9
 0002:00002BDC 00000008 C=BSS      S=.bss     G=DGROUP   M=Main     ACBP=A9


  Address         Publics by Name

 0002:00002A68       .1
 0002:00002A6C       .1
 0002:00002A64       .1
 0002:00002A60       .1
 0002:00002BD8       .1
 0002:00002A5C       .1
 0002:00002A58       .1
 0002:00002670       .1
 0002:00002A54       .1
 0002:00002AD0       .1
 0002:00002B0C       .1
 0002:00002678       .1
 0002:0000267C       .1
 0002:00002A4C       .1
 0002:00002A3C       .1
 0002:00002888       .1
 0002:00002A80       .1
 0002:00002668       .1
 0002:000028F4       .1
 0002:00002A90       .1
 0002:0000283C       .1
 0002:00002968       .1
 0002:00002920       .1
 0002:00002934       .1
 0002:00002A70       .11
 0002:00002A7C       .12
 0002:00002890       .12
 0002:000028EC       .2
 0002:00002BE0       .2
 0002:00002A88       .2
 0002:00002AF4       .2
 0002:00002938       .2
 0002:000028F0       .21
 0002:00002844       .3
 0002:00002AC4       .3
 0002:00002940       .3
 0002:00002944       .3
 0002:00002674       .3
 0002:00002B9C       .3
 0002:00002790       .35
 0002:00002AE4       .36
 0002:00002A94       .4
 0002:00002A50       .4
 0002:00002BC0       .41
 0002:00002AFC       .42
 0002:00002854       .45
 0002:00002ACC       .5
 0002:000027F8       .5
 0002:000025B8       .5
 0002:00002840       .6
 0002:0000297C       .6
 0002:00002B20       .72
 0002:00002AD4       .72
 0002:00002B00       .73
 0002:00002AC8       .8
 0002:00002AE0       .8
 0002:00002B98       .8
 0002:0000281C       .81
 0002:00002BB0       .9
 0001:0000198C       @AbstractError
 0001:000024AC       @AfterConstruction
 0001:000022F8       @AsClass
 0001:00001AF4       @AStrCmp
 0001:000024BC       @BeforeDestruction
 0001:00002344       @CallDynaInst
 0001:00002454       @ClassCreate
 0001:000024A4       @ClassDestroy
 0001:000019FC       @Close
 0001:0000187C       @Copy
 0001:00003B54       @CopyArray
 0001:00003A38       @CopyRecord
 0001:00003C48       @DispCallByIDError
 0001:0000D720       @DispInvokeError
 0001:00002938       @DoneExcept
 0001:00003E78       @DynArrayAsg
 0001:00003E3C       @DynArrayClear
 0001:00003C7C       @DynArrayHigh
 0001:00003C74       @DynArrayLength
 0001:00003E30       @DynArraySetLength
 0001:00002A20       @ExceptionHandler
 0001:00001B64       @FillChar
 0001:00003A14       @Finalize
 0001:00003928       @FinalizeArray
 0001:000038DC       @FinalizeRecord
 0001:00002084       @FpuInit
 0001:00001FC0       @FpuMaskInit
 0001:00001938       @FRAC
 0001:00001704       @FreeMem
 0001:000016E4       @GetMem
 0001:00004C18       @GetTls
 0001:00002E68       @Halt
 0001:00002D90       @Halt0
 0001:000025D0       @HandleAnyException
 0001:00002884       @HandleFinally
 0001:000026FC       @HandleOnException
 0001:00004C64       @InitExe
 0001:00003848       @InitializeArray
 0001:00003818       @InitializeRecord
 0001:00002C54       @InitImports
 0001:00002C2C       @InitResStringImports
 0001:00002C08       @InitResStrings
 0001:0000455C       @IntfAddRef
 0001:0000452C       @IntfCast
 0001:000044E8       @IntfClear
 0001:00004500       @IntfCopy
 0001:000022D4       @IsClass
 0001:00001F90       @isNECWindows
 0001:00003330       @LStrAddRef
 0001:00002EA4       @LStrArrayClr
 0001:00002ED4       @LStrAsg
 0001:00003148       @LStrCat
 0001:0000318C       @LStrCat3
 0001:00003200       @LStrCatN
 0001:00002E80       @LStrClr
 0001:0000328C       @LStrCmp
 0001:000033A0       @LStrCopy
 0001:000033E0       @LStrDelete
 0001:000030F0       @LStrFromArray
 0001:00003068       @LStrFromChar
 0001:00003078       @LStrFromPChar
 0001:00002F70       @LStrFromPCharLen
 0001:000030A8       @LStrFromPWChar
 0001:00002FDC       @LStrFromPWCharLen
 0001:000030E4       @LStrFromString
 0001:00003108       @LStrFromWStr
 0001:00003428       @LStrInsert
 0001:00002F18       @LStrLAsg
 0001:00003140       @LStrLen
 0001:00003530       @LStrOfChar
 0001:00003484       @LStrPos
 0001:000034CC       @LStrSetLength
 0001:00003340       @LStrToPChar
 0001:0000311C       @LStrToString
 0001:00002F44       @NewAnsiString
 0001:00003564       @NewWideString
 0001:00001CA4       @Pow10
 0001:00001A70       @PStrCmp
 0001:00001A54       @PStrNCpy
 0001:000028E4       @RaiseAgain
 0001:000028BC       @RaiseExcept
 0001:00001724       @ReallocMem
 0001:0000195C       @ROUND
 0001:00002E74       @RunError
 0001:00001C88       @SetEq
 0001:00002BC8       @StartExe
 0001:000002C4       @strlen
 0001:00001968       @TRUNC
 0001:00002968       @TryFinallyExit
 0001:00003398       @UniqueStringA
 0001:00001B84       @ValLong
 0001:0000EE18       @VarAddRef
 0001:0000DA0C       @VarClear
 0001:0000DA20       @VarClr
 0001:00003910       @VarClr
 0001:0000DD34       @VarCopy
 0001:00003A20       @VarCopy
 0001:0000ED50       @VarFromBool
 0001:0000EDA0       @VarFromCurr
 0001:0000ECE8       @VarFromInt
 0001:0000ED24       @VarFromInt64
 0001:0000EDB4       @VarFromLStr
 0001:0000ED78       @VarFromReal
 0001:0000ED8C       @VarFromTDateTime
 0001:0000EDE0       @VarFromWStr
 0001:0000D774       @VarNull
 0001:0000E060       @VarToLStr
 0001:0000E788       @VarToWStr
 0001:000035A4       @WStrArrayClr
 0001:000035C8       @WStrAsg
 0001:0000358C       @WStrClr
 0001:00003704       @WStrCmp
 0001:00003788       @WStrCopy
 0001:000036D8       @WStrFromLStr
 0001:000035EC       @WStrFromPCharLen
 0001:0000369C       @WStrFromPWChar
 0001:00003678       @WStrFromPWCharLen
 0001:000036F8       @WStrLen
 0001:000037D4       @WStrSetLength
 0001:000036E8       @WStrToPWChar
 0001:00001C64       @_CLenToPasStr
 0001:00001C58       @_CToPasStr
 0001:0000184C       @_IOTest
 0001:00003C50       @_llmul
 0001:00037628       AbsMin
 0001:0000A8E8       AbstractErrorHandler
 0002:00002028       AbstractErrorProc
 0002:00000140       AccessMode
 0001:000017B4       AcquireExceptionObject
 0001:00012360       ActivateClassGroup
 0001:0000521C       ActivateKeyboardLayout
 0002:00002B54       ActiveDrag
 0001:0000FFFC       ActiveX
 0001:00046908       ActnList
 0001:000003F0       AddBlockAfter
 0002:000003B4       AddDataModule
 0001:00006934       AddExitProc
 0001:00015478       AddFinished
 0001:00049C4C       AddIn
 0001:0000437C       AddModuleUnloadProc
 0001:0000438C       AddModuleUnloadProc
 0001:000154B0       AddNotFinished
 0001:00015ED4       AddSubComponentsToLoaded
 0001:0001D1BC       AdjustColor
 0001:00006BA4       AdjustLineBreaks
 0001:00050C64       Adjustment
 0001:00005224       AdjustWindowRectEx
 0002:00000D6C       Alignments
 0002:00000AA4       Alignments
 0002:00000D5C       Alignments
 0002:00000A64       Alignments
 0002:00000980       AlignStyles
 0001:00057B5C       AlignWork
 0001:0003CC94       AlignWork
 0001:000195C8       AllocateHWnd
 0001:000068E8       AllocMem
 0002:000025B0       AllocMemCount
 0002:000025B4       AllocMemSize
 0001:00020C10       AllocPatternBitmap
 0001:00004BC0       AllocTlsBuffer
 0002:00000B48       AnchorAlign
 0002:00000B3C       AnimateWindowProc
 0002:00000C44       AnimationStyle
 0001:00006AAC       AnsiCompareStr
 0001:00006AE4       AnsiCompareText
 0001:0000723C       AnsiLastChar
 0001:0000522C       AnsiLower
 0001:0000B1E8       AnsiPos
 0001:0004E460       AnsiSameCaption
 0001:00006B1C       AnsiSameText
 0001:00006B34       AnsiStrLIComp
 0001:0000B220       AnsiStrPos
 0001:0000B2C0       AnsiStrRScan
 0001:0000B2E8       AnsiStrScan
 0001:0000495C       AnsiToUtf8
 0001:0005EA40       APIDemo
 0001:0000887C       AppendChars
 0001:00008C40       AppendFormat
 0001:000088E0       AppendNumber
 0001:000088C0       AppendString
 0002:00002BB8       Application
 0002:000003C4       ApplicationHandleException
 0002:000003CC       ApplicationShowException
 0002:00000E98       AppVisible
 0001:0000A8CC       AssertErrorHandler
 0002:00002020       AssertErrorProc
 0001:0000FA94       AssignLongStr
 0001:0000FE38       AssignVariant
 0002:00002608       avail
 0001:00007330       BackfillGetDiskFreeSpaceEx
 0001:0003A1BC       BackgroundClipped
 0001:0000C714       BackupVarBoolFromStr
 0001:0000C874       BackupVarBStrFromBool
 0001:0000C794       BackupVarBStrFromCy
 0001:0000C804       BackupVarBStrFromDate
 0001:0000C6A8       BackupVarCyFromStr
 0001:0000C63C       BackupVarDateFromStr
 0001:0000C4F8       BackupVarI4FromStr
 0001:0000C4A4       BackupVariantChangeTypeEx
 0001:0000C564       BackupVarR4FromStr
 0001:0000C5D0       BackupVarR8FromStr
 0001:000126B8       BeginGlobalLoading
 0001:00005234       BeginPaint
 0001:0001D1C8       BetterSize
 0001:0004AAC0       BiDiDraw
 0001:0000505C       BitBlt
 0002:0000090C       BitBtnCaptions
 0002:00002A98       BitBtnGlyphs
 0002:000006D0       BitmapCanvasList
 0002:000028A8       BitmapImageLock
 0001:0000C4E0       BiUnimplemented
 0002:000003EC       BlockCode
 0002:000025E0       blockDescBlockList
 0002:000025E4       blockDescFreeList
 0002:000003A8       BooleanIdents
 0002:00000324       BooleanToStringRule
 0001:000070D4       BoolToStr
 0001:0000DDE8       BoolToWStrViaOS
 0002:00000A5C       BorderStyles
 0001:00004D1C       Bounds
 0001:00011678       Bounds
 0002:00000D04       Breaks
 0002:000028E0       BrushManager
 0001:0004D274       BuildImage
 0002:00000768       ButtonCaptions
 0002:0000073C       ButtonNames
 0002:00000D80       Buttons
 0001:00024B20       Buttons
 0002:00000B34       ButtonStyles
 0001:0001C9A8       BytesPerScanline
 0001:0001CD00       ByteSwapColors
 0001:0000AF9C       ByteToCharIndex
 0001:0000AF74       ByteToCharLen
 0001:0000AF38       ByteType
 0001:0000AEC0       ByteTypeTest
 0002:00002BA0       CachedComCtrlVer
 0001:00019504       CalcJmpOffset
 0001:00044974       CalcSplitterPos
 0001:0000523C       CallNextHookEx
 0001:0000B9B4       CallTerminateProcs
 0001:00005244       CallWindowProc
 0001:00038660       CancelDrag
 0002:00002B68       CanvasList
 0002:000028E4       CanvasList
 0002:00000728       Captions
 0002:00000C00       CaptureControl
 0002:00000CA4       cBooleanToItemAutoFlag
 0002:00002A86       CF_COMPONENT
 0002:00002A84       CF_PICTURE
 0002:00002814       ChangeAnyProc
 0001:00036BE0       ChangeBiDiModeAlignment
 0002:00000AE8       CharCases
 0002:00000A84       CharCases
 0001:00002FA0       CharFromWChar
 0001:0000B170       CharLength
 0001:0000524C       CharNext
 0001:00000244       CharNext
 0001:0001B238       CharsetToIdent
 0001:0000B084       CharToByteIndex
 0001:0000B0E8       CharToByteLen
 0001:00005254       CharToOemA
 0001:0001D778       CheckBool
 0001:00026EB0       CheckCommonControl
 0001:0000254C       CheckJmp
 0001:0000525C       CheckMenuItem
 0002:00000CF4       Checks
 0001:00015F10       CheckSubComponents
 0001:000182DC       CheckSynchronize
 0001:00050698       CheckTaskWindow
 0001:00038314       CheckUndock
 0001:0000ADB4       CheckWin32Version
 0002:00000328       CInvalidCustomVariantType
 0002:00000CA8       cItemAutoFlagToBoolean
 0002:00000CA0       cItemAutoFlagToMenu
 0001:00019754       Classes
 0001:00012124       ClassNotFound
 0002:00002810       ClearAnyProc
 0001:0001AAC8       ClearColor
 0001:0000F154       ClearVariantTypeList
 0001:00005264       ClientToScreen
 0001:00041F5C       ClientToWindow
 0002:000006C8       ClipboardFormats
 0001:000249C0       Clipbrd
 0001:00004E54       CloseHandle
 0001:0005BD2C       CloseObject
 0002:00002984       CloseThemeData
 0002:0000203C       CmdLine
 0002:00002038       CmdShow
 0002:00000C9C       cMenuAutoFlagToItem
 0001:0000C4EC       CmpUnimplemented
 0002:000009B4       ColorIndex
 0002:00000448       Colors
 0001:0001B030       ColorToIdent
 0002:00000794       ColorToPretyName
 0001:0001B020       ColorToRGB
 0002:00000AD4       ComboBoxStyles
 0002:000028F8       ComCtl32DLL
 0002:00002AF0       ComCtlVersion
 0001:0002AAD4       ComCtrls
 0002:00002BB4       CommandPool
 0001:00021354       CommCtrl
 0001:00023BC8       CommDlg
 0001:000006D0       Commit
 0002:00002624       committedRoot
 0001:00049230       CompareFront
 0001:00006A14       CompareMem
 0001:000069E4       CompareStr
 0001:00004E5C       CompareString
 0001:00006A34       CompareText
 0001:00006FFC       CompareWith
 0001:00015FF0       ComponentCreated
 0001:0002497C       ComStrs
 0001:00019A98       Consts
 0001:00021110       Contnrs
 0002:00002B26       ControlAtom
 0002:00002B2C       ControlAtomString
 0001:0005542C       ControlHasHelp
 0001:00045610       Controls
 0001:0000A328       ConvertAddr
 0001:000089D0       ConvertEraString
 0001:000068AC       ConvertError
 0001:000068C4       ConvertErrorFmt
 0001:00008B38       ConvertYearString
 0001:00003C84       CopyArray
 0001:0001E250       CopyBitmap
 0001:0001E918       CopyBitmapAsMask
 0001:0001E8B4       CopyPalette
 0002:000009F8       Copyright
 0001:0004C320       CopyToBest
 0001:0000AFF4       CountChars
 0002:000028C0       CounterLock
 0002:0000032C       CRangeToType
 0001:0000A810       CreateAssertException
 0001:0000A998       CreateAVObject
 0001:00005064       CreateBitmap
 0001:0000506C       CreateBrushIndirect
 0001:00005074       CreateCompatibleBitmap
 0001:0000507C       CreateCompatibleDC
 0001:00016070       CreateComponent
 0001:0000508C       CreateDIBitmap
 0001:00005084       CreateDIBSection
 0001:00004E64       CreateEvent
 0001:00004E6C       CreateFile
 0001:00005094       CreateFontIndirect
 0001:0000509C       CreateHalftonePalette
 0001:0000526C       CreateIcon
 0001:0000A73C       CreateInOutError
 0001:00005274       CreateMenu
 0001:000050A4       CreatePalette
 0001:000050AC       CreatePenIndirect
 0001:0000527C       CreatePopupMenu
 0001:000050B4       CreateSolidBrush
 0001:0001CD58       CreateSystemPalette
 0001:00004E74       CreateThread
 0001:0000580C       CreateWindow
 0001:000057B4       CreateWindowEx
 0002:00000B40       CreationControl
 0002:00000720       CreationControl
 0002:00000394       CRelationshipToBoolean
 0002:00000310       CResult
 0002:00000138       cSimpleBoolStrs
 0002:00000340       CText
 0002:00000C3C       Ctl3DStyles
 0002:00000B2C       Ctl3DStyles
 0002:0000261C       curAlloc
 0002:00002688       CurrencyDecimals
 0002:00002684       CurrencyFormat
 0002:00002680       CurrencyString
 0001:00008868       CurrentYear
 0001:000081DC       CurrToStr
 0001:0000DD78       CurrToWStrViaOS
 0002:00000E1C       CursorMap
 0002:00000B50       Cursors
 0001:00036F00       CursorToIdent
 0002:00000E0C       cUseAlpha
 0002:00000E14       cUseColorKey
 0001:00006D70       CvtInt
 0001:00006DDC       CvtInt64
 0002:00000178       CWNear
 0001:00008764       Date
 0002:00002689       DateSeparator
 0001:00009468       DateTimeToStr
 0001:000093F4       DateTimeToString
 0001:0000868C       DateTimeToSystemTime
 0001:0000829C       DateTimeToTimeStamp
 0001:00021314       DateTime_GetMonthCal
 0001:000212F8       DateTime_SetMonthCalColor
 0001:000212DC       DateTime_SetRange
 0001:000212C0       DateTime_SetSystemTime
 0001:00009450       DateToStr
 0001:0000DDB0       DateToWStrViaOS
 0001:0005AAB0       DateUtils
 0001:0000873C       DayOfWeek
 0002:00000174       DCon10
 0002:00000444       DDBsOnly
 0001:0001967C       DeallocateHWnd
 0002:00000028       DebugHook
 0002:00002687       DecimalSeparator
 0001:0000866C       DecodeDate
 0001:00008520       DecodeDateFully
 0001:00008390       DecodeTime
 0001:00000764       Decommit
 0001:00000D80       DecommitFree
 0002:000025F8       decommittedRoot
 0001:000530B4       Default
 0001:00058784       Default
 0002:00000020       Default8087CW
 0002:00000B44       DefaultDockTreeClass
 0002:000025BC       DefaultUserCodePage
 0002:00000698       DefBrushData
 0002:00000418       DefFontData
 0001:00005284       DefFrameProc
 0002:00000204       DefLongDayNames
 0002:000001B8       DefLongMonthNames
 0001:0000528C       DefMDIChildProc
 0002:00000678       DefPenData
 0002:000001E8       DefShortDayNames
 0002:00000188       DefShortMonthNames
 0001:00005294       DefWindowProc
 0001:00003ED0       DelayLoadResourceModule
 0001:00000420       DeleteBlock
 0001:00004E7C       DeleteCriticalSection
 0001:00000390       DeleteCriticalSection
 0001:000050BC       DeleteDC
 0001:00000BC8       DeleteFree
 0001:0000529C       DeleteMenu
 0001:000050C4       DeleteObject
 0001:00032A0C       DeleteSelectedText
 0001:0001DE0C       DeselectBitmap
 0001:000052A4       DestroyCursor
 0001:000052AC       DestroyIcon
 0001:00024A50       DestroyLocals
 0001:000052B4       DestroyMenu
 0001:000052BC       DestroyWindow
 0001:000345DC       DialogEnumerationTester
 0001:00024238       Dialogs
 0002:000006D4       DIBPalSizes
 0002:0000008C       dig
 0001:000504EC       DisableTaskWindows
 0001:000052C4       DispatchMessage
 0001:0005670C       DispatchShortCut
 0002:00002000       DispCallByIDProc
 0001:00006890       DivMod
 0001:00023C00       Dlgs
 0001:0003CB24       DoAlign
 0001:00057A10       DoAlign
 0001:00040C1C       DoCalcConstraints
 0002:00002B5C       DockSiteList
 0001:0004CF40       DoClick
 0001:0003E268       DoControlMsg
 0001:0005049C       DoDisableWindow
 0001:00037C40       DoDragOver
 0001:00006908       DoExitProc
 0001:00042C48       DoFindControlZone
 0001:000505D8       DoFindWindow
 0001:000431D4       DoFindZone
 0001:00042CCC       DoForEach
 0001:000445D8       DoGetNextLimit
 0001:00050464       DoneApplication
 0001:00045338       DoneControls
 0001:0000ACC4       DoneExceptions
 0001:00054A88       DoNestedActivation
 0001:0001829C       DoneThreadSynchronization
 0001:00057860       DoPosition
 0001:0003C6E4       DoPosition
 0001:00043C00       DoPrune
 0001:000440D8       DoSaveZone
 0001:000442DC       DoSetNewBounds
 0002:000003B0       DotSep
 0001:00047890       DoWrite
 0001:0001D9D0       DoWrite
 0001:00013544       DoWrite
 0001:0003D850       DoWriteDesignSize
 0001:0003B2BC       DoWriteIsControl
 0002:00002B40       DragCapture
 0002:00002B34       DragControl
 0001:00038388       DragDone
 0001:00037BF0       DragFindTarget
 0001:00037BC4       DragFindWindow
 0002:00002B58       DragImageList
 0001:00037FE0       DragInit
 0001:00038150       DragInitControl
 0002:00002B3C       DragInternalObject
 0001:00037B0C       DragMessage
 0002:00002B38       DragObject
 0002:00002B64       DragSave
 0002:00002B4C       DragSaveCursor
 0002:00002B44       DragStartPos
 0002:00002B50       DragThreshold
 0001:00037D10       DragTo
 0001:000587C0       DrawAppIcon
 0001:0004376C       DrawCloseButton
 0001:000052CC       DrawEdge
 0001:000052D4       DrawFocusRect
 0001:000052DC       DrawFrameControl
 0001:000437C4       DrawGrabberLine
 0001:000052E4       DrawIcon
 0001:000052EC       DrawIconEx
 0002:00000C78       DrawingStyles
 0001:000052F4       DrawMenuBar
 0001:0004E280       DrawMenuItem
 0001:000052FC       DrawText
 0002:00002988       DrawThemeBackground
 0002:000029AC       DrawThemeEdge
 0002:000029B0       DrawThemeIcon
 0002:00002A34       DrawThemeParentBackground
 0002:0000298C       DrawThemeText
 0001:0001C828       DupBits
 0001:00003C9C       DynArrayClear
 0001:00003CA4       DynArraySetLength
 0002:00000D64       EdgeStyle
 0002:00000B1C       EdgeStyles
 0002:00000C2C       EdgeStyles
 0001:0000A710       EHeapException.FreeInstance
 0002:00000AA0       Empty
 0002:000027FC       EmptyParam
 0002:000000BC       EmptyStr
 0002:000000C0       EmptyWideStr
 0001:00005304       EnableMenuItem
 0002:00000CFC       Enables
 0001:0000530C       EnableScrollBar
 0001:000505A0       EnableTaskWindows
 0002:00002A1C       EnableThemeDialogTexture
 0002:00002A38       EnableTheming
 0001:00005314       EnableWindow
 0001:000084F0       EncodeDate
 0001:00008350       EncodeTime
 0001:00012740       EndGlobalLoading
 0001:0000531C       EndPaint
 0001:00004E84       EnterCriticalSection
 0001:00000380       EnterCriticalSection
 0001:00004E8C       EnumCalendarInfoA
 0002:0000291C       EnumDisplayMonitors
 0001:00009F9C       EnumEraNames
 0001:00009FD8       EnumEraYearOffsets
 0001:00053678       EnumMonitorsProc
 0001:00005324       EnumThreadWindows
 0001:00015820       EnumValue
 0001:0000532C       EnumWindows
 0001:00005334       EqualRect
 0002:00002750       EraNames
 0001:000096F4       EraToYear
 0002:0000276C       EraYearOffsets
 0002:00000064       errCaption
 0001:00048F80       Error
 0001:00015004       Error
 0001:00001840       Error
 0001:00011CC8       Error
 0002:00000004       ErrorAddr
 0001:000017F4       ErrorAt
 0001:0000A7BC       ErrorHandler
 0002:00000220       ErrorMap
 0002:00002008       ErrorProc
 0002:000023E4       ErrOutput
 0001:00001794       ExceptAddr
 0002:0000200C       ExceptClsProc
 0001:0000AC30       ExceptHandler
 0001:0000A584       Exception.Create
 0001:0000A5C0       Exception.CreateFmt
 0001:0000A640       Exception.CreateRes
 0001:0000A67C       Exception.CreateResFmt
 0002:0000201C       ExceptionClass
 0001:0000A334       ExceptionErrorMessage
 0002:00000258       ExceptMap
 0001:00001774       ExceptObject
 0002:00002010       ExceptObjProc
 0002:00002004       ExceptProc
 0001:000050CC       ExcludeClipRect
 0002:00000000       ExitCode
 0001:00002CD4       ExitDll
 0002:00002044       ExitProc
 0001:0000024C       ExitProcess
 0002:00002024       ExitProcessProc
 0002:00000134       ExitProcList
 0001:000072F4       ExpandFileName
 0001:00024D0C       ExtActns
 0001:0002489C       ExtCtrls
 0001:00024B78       ExtDlgs
 0001:000072BC       ExtractFileName
 0001:000050D4       ExtTextOut
 0002:0000278C       FalseBoolStrs
 0002:00002A8C       FClipboard
 0002:00000168       FCon1E18
 0001:00007234       FileClose
 0001:00007178       FileCreate
 0001:0000719C       FileCreate
 0002:000006CC       FileFormats
 0002:00000008       FileMode
 0001:00007120       FileOpen
 0001:000071A4       FileRead
 0002:000003DC       FilerSignature
 0001:000071FC       FileSeek
 0001:000071D0       FileWrite
 0001:00000CB0       FillAfterGap
 0001:00000C5C       FillBeforeGap
 0001:00000D48       FillerSizeAfterGap
 0001:00000CD8       FillerSizeBeforeGap
 0001:0000533C       FillRect
 0001:00021AA4       Finalization
 0001:00005CBC       Finalization
 0001:00023AB8       Finalization
 0001:000196A4       Finalization
 0001:00023A80       Finalization
 0001:00023A48       Finalization
 0001:00023A10       Finalization
 0001:000239A0       Finalization
 0001:00019A68       Finalization
 0001:00021AE4       Finalization
 0001:00004A78       Finalization
 0001:0002301C       Finalization
 0001:00022E70       Finalization
 0001:0004E55C       Finalization
 0001:00022B4C       Finalization
 0001:000455A8       Finalization
 0001:00022B14       Finalization
 0001:00022ACC       Finalization
 0001:00023AF0       Finalization
 0001:00005994       Finalization
 0001:00021324       Finalization
 0001:00023B28       Finalization
 0001:0000595C       Finalization
 0001:00023B60       Finalization
 0001:0000F5A0       Finalization
 0001:00023B98       Finalization
 0001:00023BD0       Finalization
 0001:0000F7AC       Finalization
 0001:000241DC       Finalization
 0001:00024854       Finalization
 0001:0002494C       Finalization
 0001:0000C284       Finalization
 0001:00024984       Finalization
 0001:0005E7F8       Finalization
 0001:00024A18       Finalization
 0001:0005E830       Finalization
 0001:0000FF74       Finalization
 0001:00024AE8       Finalization
 0001:00024B48       Finalization
 0001:00024B98       Finalization
 0001:00047FE0       Finalization
 0001:00024C00       Finalization
 0001:00004CA8       Finalization
 0001:00024C64       Finalization
 0001:00024CBC       Finalization
 0001:000468D8       Finalization
 0001:00024D14       Finalization
 0001:00004D38       Finalization
 0001:0005A9C4       Finalization
 0001:000210E0       Finalization
 0001:0005AA80       Finalization
 0001:00034854       Finalization
 0001:0000CC40       Finalization
 0001:0000FFCC       Finalization
 0001:00033BD0       Finalization
 0001:00033A68       Finalization
 0001:0002B69C       Finalization
 0001:00020E28       Finalization
 0001:0002AA5C       Finalization
 0001:00020C48       Finalization
 0001:00003C94       FinalizeArray
 0001:00002B08       FinalizeUnits
 0001:0004CD00       Find
 0001:00003F40       FindBS
 0001:000121E4       FindClass
 0001:00003EC8       FindClassHInstance
 0001:0000025C       FindClose
 0001:00000C2C       FindCommitted
 0001:00036CE0       FindControl
 0001:00043400       FindControlAtPos
 0001:0000F4B0       FindCustomVariantType
 0001:0000F3F8       FindCustomVariantType
 0001:000386AC       FindDragTarget
 0001:00016220       FindExistingComponent
 0001:00000264       FindFirstFile
 0001:000506E4       FindGlobalComponent
 0001:000125D0       FindGlobalComponent
 0002:00002860       FindGlobalComponentProcs
 0001:00003EA0       FindHInstance
 0001:00012478       FindIdentToInt
 0002:00002A78       FindMsg
 0001:000153B0       FindNestedComponent
 0001:00048F48       FindPopupControl
 0001:0000C908       FindProc
 0001:00004E94       FindResource
 0001:00003F18       FindResourceHInstance
 0001:0005A218       FindScanline
 0001:0005063C       FindTopMostWindow
 0001:00017104       FindUniqueName
 0001:00038678       FindVCLWindow
 0001:00005344       FindWindow
 0001:00034634       FindWinHelp
 0001:0001E204       FixupBitFields
 0002:00000D74       Flags
 0002:0000279C       FLanguages
 0001:00022EA0       FlatSB
 0002:00002948       FlatSB_EnableScrollBar
 0002:00002954       FlatSB_GetScrollInfo
 0002:00002958       FlatSB_GetScrollPos
 0002:00002950       FlatSB_GetScrollRange
 0002:00002960       FlatSB_SetScrollInfo
 0002:0000295C       FlatSB_SetScrollPos
 0001:00022B90       FlatSB_SetScrollProp
 0002:00002964       FlatSB_SetScrollRange
 0002:0000294C       FlatSB_ShowScrollBar
 0001:00007E6C       FloatToDecimal
 0001:000081AC       FloatToStr
 0001:00007B98       FloatToText
 0001:000019F0       Flush
 0002:0000017C       FMSecsPerDay
 0001:00007A94       FmtStr
 0002:00000D90       FocusCount
 0002:00000D8C       FocusMessages
 0002:000005E8       FontCharsets
 0002:000028D8       FontManager
 0001:000506B8       ForegroundTask
 0001:00007A80       Format
 0002:00000184       Format
 0001:00007688       FormatBuf
 0001:0000767C       FormatClearStr
 0001:0000947C       FormatDateTime
 0001:00007600       FormatError
 0002:00000160       FormatErrorStrs
 0001:00004E9C       FormatMessage
 0002:000009EC       Formats
 0001:00007658       FormatVarToStr
 0001:0005AA20       Forms
 0001:00001C9C       FPower10
 0002:0000071C       FPrinter
 0001:0000534C       FrameRect
 0001:0000BE64       FreeAndNil
 0001:00000998       FreeCommitted
 0001:00000EB8       FreeCurAlloc
 0001:0003876C       FreeDeviceContext
 0001:00038828       FreeDeviceContexts
 0001:00019470       FreeIntConstList
 0001:0000026C       FreeLibrary
 0001:00004EA4       FreeLibrary
 0001:0001DD60       FreeMemoryContexts
 0001:000195A4       FreeObjectInstance
 0001:00050764       FreeObjectInstance
 0001:00004EB4       FreeResource
 0001:00000618       FreeSpace
 0001:0000B9D0       FreeTerminateProcs
 0001:00023054       FreeThemeLibrary
 0002:00002AEC       FRichEditModule
 0002:00002BDC       frmMain
 0001:0001C818       GDICheck
 0001:0001C770       GDIError
 0001:00001930       Get8087CW
 0001:00004EBC       GetACP
 0001:00005354       GetActiveWindow
 0001:00057EEC       GetAnimation
 0001:000050DC       GetBitmapBits
 0001:00000398       GetBlockDesc
 0001:000050E4       GetBrushOrgEx
 0001:0000535C       GetCapture
 0001:00036FA8       GetCaptureControl
 0001:00012190       GetClass
 0001:00005364       GetClassInfo
 0001:0000536C       GetClassName
 0001:00005374       GetClientRect
 0001:000050EC       GetClipBox
 0001:00000334       GetCmdShow
 0001:00046AA8       GetColor
 0001:00026ED8       GetComCtlVersion
 0001:00000274       GetCommandLine
 0001:000007E4       GetCommitted
 0001:00000874       GetCommittedAt
 0001:0003DE1C       GetControlAtPos
 0001:0000892C       GetCount
 0001:00004EC4       GetCPInfo
 0001:000050F4       GetCurrentPositionEx
 0001:00004ECC       GetCurrentProcessId
 0002:00002A2C       GetCurrentThemeName
 0001:00004ED4       GetCurrentThreadId
 0001:00000324       GetCurrentThreadId
 0001:00005710       GetCurrentTime
 0001:0000537C       GetCursor
 0001:0005A228       GetCursorHeightMargin
 0001:00005384       GetCursorPos
 0001:00008958       GetDate
 0001:00004EDC       GetDateFormat
 0001:0000960C       GetDateOrder
 0001:0000538C       GetDC
 0001:00005394       GetDCEx
 0001:000050FC       GetDCOrgEx
 0001:00020858       GetDefFontCharSet
 0001:0000539C       GetDesktopWindow
 0001:00005114       GetDeviceCaps
 0001:0001D760       GetDIB
 0001:00005104       GetDIBColorTable
 0001:0000510C       GetDIBits
 0001:0001D6A8       GetDIBSizes
 0001:0001C988       GetDInColors
 0001:00004EE4       GetDiskFreeSpaceA
 0002:00000130       GetDiskFreeSpaceEx
 0001:000446B8       GetDockAlign
 0001:00037950       GetDockSiteAtPos
 0001:00037C7C       GetDropCtl
 0001:00002314       GetDynaMethod
 0001:0000F81C       GetEnumNameValue
 0001:0000F868       GetEnumValue
 0001:0000A050       GetEraNamesAndYearOffsets
 0001:000096A0       GetEraYearOffset
 0001:0000A980       GetExceptionClass
 0001:0000AB64       GetExceptionObject
 0001:00012118       GetFieldClassTable
 0001:0000ADD4       GetFileVersion
 0001:00005044       GetFileVersionInfo
 0001:0000504C       GetFileVersionInfoSize
 0001:000053A4       GetFocus
 0001:0001B258       GetFontData
 0001:000053AC       GetForegroundWindow
 0001:0000B588       GetFormatSettings
 0001:00004EEC       GetFullPathName
 0001:0001A7C4       GetHashCode
 0001:00055464       GetHelpInfo
 0001:00021F64       GetHelpSystem
 0001:00057CD0       GetHint
 0001:00057D08       GetHintControl
 0001:0004E3FC       GetHotkey
 0001:000053B4       GetIconInfo
 0001:0005BD4C       GetInterval
 0001:000053CC       GetKeyboardLayout
 0001:000053D4       GetKeyboardLayoutList
 0001:000053DC       GetKeyboardState
 0001:00001F88       GetKeyboardType
 0001:000053BC       GetKeyNameText
 0001:000053C4       GetKeyState
 0001:000053E4       GetLastActivePopup
 0001:00042980       GetLastChildZone
 0001:00004EF4       GetLastError
 0001:00009E14       GetLocaleChar
 0001:0000027C       GetLocaleInfo
 0001:00004F04       GetLocaleInfo
 0001:00009DC8       GetLocaleStr
 0001:00004EFC       GetLocalTime
 0001:00036F64       GetLongHint
 0001:000053EC       GetMenu
 0001:000553EC       GetMenuHelpContext
 0001:000053F4       GetMenuItemCount
 0001:000053FC       GetMenuItemID
 0001:00005404       GetMenuItemInfo
 0001:0004B54C       GetMenuSize
 0001:0000540C       GetMenuState
 0001:00005414       GetMenuString
 0001:00000284       GetModuleFileName
 0001:00004F0C       GetModuleFileName
 0001:0000028C       GetModuleHandle
 0001:00004BA0       GetModuleHandle
 0001:00004F14       GetModuleHandle
 0002:00002910       GetMonitorInfo
 0002:00002914       GetMonitorInfoA
 0002:00002918       GetMonitorInfoW
 0001:00009E78       GetMonthDayNames
 0001:0005BD1C       GetNextSentShortMessage
 0001:0005BD24       GetNextSentShortMessageEX
 0001:0000541C       GetNextWindow
 0001:0000511C       GetObject
 0001:0000F93C       GetOrdProp
 0001:00005124       GetPaletteEntries
 0001:00005424       GetParent
 0001:000508B8       GetParentForm
 0001:0000512C       GetPixel
 0001:00000294       GetProcAddress
 0001:00004F1C       GetProcAddress
 0001:0000542C       GetProp
 0001:0000F8CC       GetPropInfo
 0001:00050D78       GetRealScrollPosition
 0001:00046A88       GetRGBColor
 0001:00005434       GetScrollInfo
 0001:0000543C       GetScrollPos
 0001:00005444       GetScrollRange
 0001:00036F20       GetShortHint
 0001:0005BCE4       GetShortMessage
 0001:0005BCEC       GetShortMessageEX
 0001:0000053C       GetSpace
 0001:000005A0       GetSpaceAt
 0001:00048FD8       GetSpecialName
 0001:0000029C       GetStartupInfo
 0001:0000021C       GetStdHandle
 0001:00004F24       GetStdHandle
 0001:00005134       GetStockObject
 0001:00004F2C       GetStringTypeEx
 0001:0000544C       GetSubMenu
 0001:00005454       GetSysColor
 0001:0000545C       GetSysColorBrush
 0001:00004F34       GetSystemInfo
 0001:00005464       GetSystemMenu
 0002:00002900       GetSystemMetrics
 0001:0000546C       GetSystemMetrics
 0001:0000513C       GetSystemPaletteEntries
 0001:00005144       GetTextExtentPoint32
 0001:0000514C       GetTextMetrics
 0002:00002A24       GetThemeAppProperties
 0002:00002990       GetThemeBackgroundContentRect
 0002:00002994       GetThemeBackgroundExtent
 0002:000029A4       GetThemeBackgroundRegion
 0002:000029C8       GetThemeBool
 0002:000029BC       GetThemeColor
 0002:00002A30       GetThemeDocumentationProperty
 0002:000029D0       GetThemeEnumValue
 0002:000029F0       GetThemeFilename
 0002:000029D8       GetThemeFont
 0002:000029CC       GetThemeInt
 0002:000029E4       GetThemeIntList
 0002:000029E0       GetThemeMargins
 0002:000029C0       GetThemeMetric
 0002:00002998       GetThemePartSize
 0002:000029D4       GetThemePosition
 0002:000029E8       GetThemePropertyOrigin
 0002:000029DC       GetThemeRect
 0002:000029C4       GetThemeString
 0002:000029FC       GetThemeSysBool
 0002:000029F4       GetThemeSysColor
 0002:000029F8       GetThemeSysColorBrush
 0002:00002A04       GetThemeSysFont
 0002:00002A0C       GetThemeSysInt
 0002:00002A00       GetThemeSysSize
 0002:00002A08       GetThemeSysString
 0002:0000299C       GetThemeTextExtent
 0002:000029A0       GetThemeTextMetrics
 0001:000002A4       GetThreadLocale
 0001:00004F3C       GetThreadLocale
 0001:00004F44       GetTickCount
 0001:00008990       GetTime
 0001:00004BCC       GetTlsSize
 0001:0005849C       GetTopMostWindows
 0001:000370B0       GetTopParent
 0001:00005474       GetTopWindow
 0001:0000F810       GetTypeData
 0001:0005BD34       GetUSSDData
 0001:0005BD44       GetUssdSessions
 0001:0000032C       GetVersion
 0001:00004F4C       GetVersion
 0001:00004F54       GetVersionEx
 0001:0000547C       GetWindow
 0001:00005484       GetWindowDC
 0001:0000548C       GetWindowLong
 0001:00005154       GetWindowOrgEx
 0001:00005494       GetWindowPlacement
 0001:0000549C       GetWindowRect
 0001:000054A4       GetWindowText
 0002:00002A18       GetWindowTheme
 0001:000054AC       GetWindowThreadProcessId
 0001:000054B4       GetWindowThreadProcessId
 0001:00004F5C       GlobalAddAtom
 0001:00004F64       GlobalAlloc
 0001:00005724       GlobalAllocPtr
 0001:00004F6C       GlobalDeleteAtom
 0001:00004F74       GlobalFindAtom
 0002:00002864       GlobalFixupList
 0001:000154F8       GlobalFixupReferences
 0001:00004F7C       GlobalFree
 0001:00005750       GlobalFreePtr
 0001:00004F8C       GlobalHandle
 0001:00004F84       GlobalLock
 0002:00002848       GlobalNameSpace
 0001:00004F94       GlobalReAlloc
 0001:00005734       GlobalReAllocPtr
 0001:00004F9C       GlobalUnlock
 0001:00020D1C       Graphics
 0001:0001230C       GroupDescendentsWith
 0001:0005566C       HandleEdge
 0001:0001695C       HandleException
 0001:0002F6C8       HasPopup
 0001:000329E0       HasSelectedText
 0002:00000024       HeapAllocFlags
 0002:000025C4       heapErrorCode
 0002:000025C8       heapLock
 0001:00022B0C       HelpIntfs
 0002:0000293C       HelpManager
 0002:00002A74       HelpMsg
 0002:00002B10       HelpViewer
 0002:00002B14       HelpViewerIntf
 0002:0000012C       HexDisplayPrefix
 0002:00000A90       HideSelections
 0001:00044734       HideZone
 0002:00002664       HInstance
 0002:00002BCC       HintDoneEvent
 0001:00057DD8       HintGetMsgHook
 0002:00002BD0       HintHook
 0001:00057D7C       HintMouseThread
 0002:00002BD4       HintThread
 0002:00002BC8       HintThreadID
 0001:00057D28       HintTimerProc
 0002:00000D84       HintWindowClass
 0002:000029A8       HitTestThemeBackground
 0001:00057E1C       HookHintHooks
 0001:00005864       HwndMSWheel
 0002:00000D18       IBreaks
 0002:00000D24       IChecks
 0002:00000D2C       IDefaults
 0001:0001B248       IdentToCharset
 0001:0001B040       IdentToColor
 0001:00036F10       IdentToCursor
 0001:000124F4       IdentToInt
 0002:00000D34       IEnables
 0001:0004C2F0       IfHotkeyAvailable
 0002:00002BA4       ImageListWriteExProc
 0001:000211CC       ImageList_Add
 0001:000211EC       ImageList_AddIcon
 0001:00021210       ImageList_BeginDrag
 0001:000211B4       ImageList_Create
 0001:000211BC       ImageList_Destroy
 0001:00021220       ImageList_DragEnter
 0001:00021228       ImageList_DragLeave
 0001:00021230       ImageList_DragMove
 0001:00021240       ImageList_DragShowNolock
 0001:000211F8       ImageList_Draw
 0001:00021200       ImageList_DrawEx
 0001:00021218       ImageList_EndDrag
 0001:000211E4       ImageList_GetBkColor
 0001:00021248       ImageList_GetDragImage
 0001:00021260       ImageList_GetIconSize
 0001:000211C4       ImageList_GetImageCount
 0001:00021250       ImageList_Read
 0001:00021208       ImageList_Remove
 0001:000211D4       ImageList_ReplaceIcon
 0001:000211DC       ImageList_SetBkColor
 0001:00021238       ImageList_SetDragCursorImage
 0001:00021268       ImageList_SetIconSize
 0001:00021258       ImageList_Write
 0002:00000C88       Images
 0001:00048010       ImgList
 0001:00021B14       Imm
 0002:00000C6C       IMM32DLL
 0001:00045324       Imm32IsIME
 0002:00000180       IMSecsPerDay
 0001:0000D788       InBounds
 0001:0000DA28       InBounds
 0001:0000D7B8       Increment
 0001:0000DA58       Increment
 0001:000054BC       InflateRect
 0001:00024BE0       IniFiles
 0001:00000A24       InitAllocator
 0001:0002135C       InitAnApi
 0002:00002928       InitApis
 0001:00021120       InitComCtl
 0001:00026E84       InitCommonControl
 0001:00021118       InitCommonControls
 0001:00021180       InitCommonControlsEx
 0001:0001279C       InitComponent
 0002:00002634       InitContext
 0001:000453C0       InitControls
 0001:0002089C       InitDefFontData
 0001:0000B9F0       InitDriveSpacePtr
 0001:0000AC40       InitExceptions
 0001:00022BEC       InitFlatSB
 0001:00024088       InitGlobals
 0001:0001D560       InitializeBitmapInfoHeader
 0001:00004FA4       InitializeCriticalSection
 0001:00000378       InitializeCriticalSection
 0002:000025C0       initialized
 0001:00022BC4       InitializeFlatSB
 0001:00004C58       InitializeModule
 0001:0000C934       InitializeVarUtils
 0001:00044FC4       InitIMM32
 0001:00012844       InitInheritedComponent
 0001:0000B39C       InitLeadBytes
 0001:00021A38       InitMultiMonStubs
 0001:0000AD44       InitPlatformId
 0002:00002040       InitProc
 0001:0005A938       InitProcs
 0001:00020820       InitScreenLogPixels
 0001:0000B414       InitSysLocale
 0001:00023214       InitThemeLibrary
 0001:00018268       InitThreadSynchronization
 0001:00004BD4       InitThreadTLS
 0001:00002B68       InitUnits
 0001:00036BF4       InitWndProc
 0002:00000C0C       InnerStyles
 0002:00000AFC       InnerStyles
 0002:0000204C       Input
 0001:00057800       InsertBefore
 0001:0003C658       InsertBefore
 0001:00000E30       InsertFree
 0001:0004C3A4       InsertHotkeyFarEastFormat
 0001:000054C4       InsertMenu
 0001:000054CC       InsertMenuItem
 0002:00002880       InstBlockList
 0002:00002884       InstFreeList
 0002:00002858       IntConstList
 0001:0000031C       InterlockedDecrement
 0001:0000BA58       InterlockedDecrement
 0001:0000BA64       InterlockedExchange
 0001:00004EAC       InterlockedExchange
 0001:0000BA6C       InterlockedExchangeAdd
 0001:0000BA4C       InterlockedIncrement
 0001:00000314       InterlockedIncrement
 0001:0001A750       InternalDeletePalette
 0001:000019A8       InternalFlush
 0001:00000C8C       InternalFreeMem
 0001:0001D6B0       InternalGetDIB
 0001:0001D644       InternalGetDIBSizes
 0001:00012634       InternalReadComponentRes
 0002:00002AF8       InternalServices
 0001:0000334C       InternalUniqueString
 0001:0000515C       IntersectClipRect
 0001:000054D4       IntersectRect
 0001:00006ED0       IntToHex
 0001:00012534       IntToIdent
 0001:00006DBC       IntToStr
 0001:00006EA8       IntToStr
 0001:000054DC       InvalidateRect
 0001:0001C704       InvalidBitmap
 0001:0001C6EC       InvalidGraphic
 0001:0001C710       InvalidIcon
 0001:0001C6D4       InvalidOperation
 0001:000116A0       InvalidPoint
 0002:00002798       InvalidPointer
 0001:000021CC       InvokeImplGetter
 0001:000018C0       IOResult
 0002:00000D54       IOwnerDraw
 0002:00000D3C       IRadios
 0002:00000D4C       IRTL
 0001:00050848       IsAccel
 0001:0004D554       IsAccelChar
 0002:00002A14       IsAppThemed
 0001:00037708       IsBeforeTargetWindow
 0001:0002A224       IsBlankSysTime
 0001:000054E4       IsChild
 0002:00002048       IsConsole
 0001:00037B64       IsDelphiHandle
 0001:000054EC       IsDialogMessage
 0002:00000D44       ISeparators
 0001:000054F4       IsIconic
 0001:0004D5B0       IsInitialChar
 0001:000083EC       IsLeapYear
 0002:00002034       IsLibrary
 0002:00002049       IsMultiThread
 0001:000423E4       IsOrientationSet
 0001:000054FC       IsRectEmpty
 0001:0003790C       IsSiteChildOfClient
 0002:00002A10       IsThemeActive
 0002:000029B8       IsThemeBackgroundPartiallyTransparent
 0002:00002A20       IsThemeDialogTextureEnabled
 0002:000029B4       IsThemePartDefined
 0001:00012610       IsUniqueGlobalComponentName
 0002:0000284C       IsUniqueGlobalComponentNameProc
 0001:00006D0C       IsValidIdent
 0001:0000B3FC       IsWesternGroup
 0001:00005504       IsWindow
 0001:0000550C       IsWindowEnabled
 0001:00005514       IsWindowVisible
 0001:0000551C       IsZoomed
 0001:000493A4       Iterate
 0001:00049404       IterateMenus
 0002:0000002C       JITEnable
 0001:000507FC       KeyboardStateToShiftState
 0001:000507C0       KeyDataToShiftState
 0001:0005076C       KeysToShiftState
 0001:00005524       KillTimer
 0001:0000726C       LastDelimiter
 0001:00004A04       LCIDToCodePage
 0001:0000B328       LCIDToCodePage
 0002:0000010C       LeadBytes
 0001:00000388       LeaveCriticalSection
 0001:00004FAC       LeaveCriticalSection
 0002:00000034       LibModuleList
 0001:00005164       LineTo
 0001:00024D44       ListActns
 0001:000386F4       ListAdd
 0001:0003871C       ListRemove
 0002:0000274E       ListSeparator
 0001:0000552C       LoadBitmap
 0001:00005534       LoadCursor
 0001:0000553C       LoadIcon
 0001:00005544       LoadKeyboardLayout
 0001:00004FB4       LoadLibrary
 0001:000002AC       LoadLibraryEx
 0001:00004FBC       LoadResource
 0001:0000410C       LoadResourceModule
 0001:000049AC       LoadResString
 0001:000002B4       LoadString
 0001:0000554C       LoadString
 0001:00004BA8       LocalAlloc
 0001:00000358       LocalAlloc
 0001:00000360       LocalFree
 0001:00009E3C       LocalGetLocaleStr
 0002:00002A48       Lock
 0001:00004FC4       LockResource
 0002:00002690       LongDateFormat
 0002:00002724       LongDayNames
 0002:000026D8       LongMonthNames
 0002:000026A4       LongTimeFormat
 0001:000069A8       LowerCase
 0001:0000503C       lstrcpy
 0001:000002BC       lstrcpyn
 0002:00002820       LVarTypes
 0002:00002824       LVarTypeSync
 0001:0005E828       Main
 0002:0000202C       MainInstance
 0002:00002030       MainThreadID
 0001:000003E8       MakeEmpty
 0001:00002C78       MakeErrorMessage
 0002:00000C58       MakeLast
 0001:00005704       MakeLong
 0001:000057A4       MakeLParam
 0001:0001950C       MakeObjectInstance
 0001:00005764       MakeROP4
 0001:0000579C       MakeWParam
 0001:0000A900       MapException
 0001:00024CB4       Mapi
 0002:00000948       MAPIDLL
 0002:0000094C       MAPIModule
 0001:00002980       MapToRunError
 0001:00005554       MapVirtualKey
 0001:0000555C       MapWindowPoints
 0002:00000C90       Mask
 0001:0000516C       MaskBlt
 0001:00020E58       Math
 0001:00020E20       Max
 0001:00053100       MaximizedChildren
 0002:0000003C       MemoryManager
 0002:00000CAC       MenuKeyCaps
 0001:0004E5CC       Menus
 0001:00000438       MergeBlockAfter
 0001:00000F04       MergeCommit
 0001:00005564       MessageBox
 0001:00000254       MessageBox
 0001:000059C4       Messages
 0001:00012F00       Min
 0001:00020E18       Min
 0001:0003BFA0       MinVar
 0002:00002930       MMAvailable
 0002:00000C70       ModeMap
 0001:00054DF8       ModifySystemMenu
 0002:000000A4       Module
 0002:00002661       ModuleIsCpp
 0002:00002660       ModuleIsLib
 0001:000194DC       ModuleUnload
 0002:00000038       ModuleUnloadList
 0002:0000290C       MonitorFromPoint
 0002:00002908       MonitorFromRect
 0002:00002904       MonitorFromWindow
 0001:000212A0       MonthCal_SetFirstDayOfWeek
 0001:00021270       MonthCal_SetMaxSelCount
 0001:000212B0       MonthCal_SetMonthDelta
 0001:00021288       MonthCal_SetSelRange
 0002:000000DC       MonthDays
 0002:00002B18       Mouse
 0001:000018E0       Move
 0001:00005174       MoveToEx
 0001:0003873C       MoveWindowOrg
 0001:00004FCC       MulDiv
 0001:000002CC       MultiByteToWideChar
 0001:0005A3DC       MultiLineWidth
 0001:00021AD4       MultiMon
 0002:000009E4       MultiSelFlags
 0002:00002685       NegCurrFormat
 0001:00000F90       NewCommit
 0001:00000FBC       NewCommitAt
 0002:00002B1C       NewStyleControls
 0001:0000B1AC       NextCharIndex
 0001:000423C8       NextVisibleZone
 0002:000003E0       NilMethod
 0002:00000030       NoErrMsg
 0001:0004A1B8       NormalDraw
 0001:00002538       NotifyAnyExcept
 0001:0000250C       NotifyExcept
 0001:0000256C       NotifyExceptFinally
 0001:00012710       NotifyGlobalLoading
 0001:0000440C       NotifyModuleUnload
 0001:000024E8       NotifyNonDelphiException
 0001:00002524       NotifyOnExcept
 0001:000024CC       NotifyReRaise
 0001:00002594       NotifyTerminate
 0001:000025B0       NotifyUnhandled
 0001:00008790       Now
 0001:0004CF30       NthParentOf
 0001:0000F598       Null
 0002:0000031C       NullAsStringValue
 0002:00000318       NullStrictConvert
 0001:00036CAC       ObjectFromHWnd
 0002:00000A98       OEMConverts
 0001:0000556C       OemToAnsi
 0001:00005574       OffsetRect
 0001:00004D04       OffsetRect
 0002:00002980       OpenThemeData
 0002:00000C50       OrientArray
 0002:00000B0C       OuterStyles
 0002:00000C1C       OuterStyles
 0002:00002794       OutOfMemory
 0001:0001C71C       OutOfResources
 0002:00002218       Output
 0002:00000320       PackVarCreation
 0002:000006DC       Pal16
 0001:0001AB34       PaletteChanged
 0001:0001CF08       PaletteFromDIBColorTable
 0001:0001CFAC       PaletteToDIBColorTable
 0002:000006D8       PalSize
 0001:000427AC       ParentNotLast
 0002:00000A74       Passwords
 0001:0000517C       PatBlt
 0002:000028E8       PatternManager
 0001:0000557C       PeekMessage
 0002:000028DC       PenManager
 0002:000006A8       PenModes
 0002:00000688       PenStyles
 0001:00004CFC       Point
 0001:00011628       Point
 0001:00011A60       PointerInModule
 0001:0003D83C       PointsEqual
 0001:00005784       PointToSmallPoint
 0002:00002BA8       PopupList
 0001:00005584       PostMessage
 0001:0000558C       PostQuitMessage
 0001:00022B88       Printers
 0001:0005650C       ProcessExecute
 0001:00050A78       ProcessHorz
 0001:0005660C       ProcessUpdate
 0001:00050AE4       ProcessVert
 0001:000157F4       PropertyNotFound
 0001:00016A5C       PropPathError
 0002:00000DB4       Props
 0001:000157E8       PropValueError
 0001:00005594       PtInRect
 0002:000000A0       PtrToNil
 0001:00007B54       PutExponent
 0002:00002B60       QualifyingSites
 0001:0005BD14       QuerySentShortMessages
 0001:0000A8BC       RaiseAssertException
 0001:00000224       RaiseException
 0001:00014808       RaiseException
 0002:00002014       RaiseExceptionProc
 0001:0000B908       RaiseLastOSError
 0001:0004351C       ReadControlName
 0001:00017C9C       ReadCustomVariant
 0001:000157D0       ReadError
 0001:00004FD4       ReadFile
 0001:0001D258       ReadIcon
 0002:00000A7C       ReadOnlys
 0001:00005184       RealizePalette
 0001:00016010       Recover
 0001:00011650       Rect
 0001:00004CE0       Rect
 0001:0000518C       RectVisible
 0001:0000559C       RedrawWindow
 0002:00002818       RefAnyProc
 0002:00002A44       ReferenceCount
 0001:00004E3C       RegCloseKey
 0001:000002D4       RegCloseKey
 0002:0000285C       RegGroups
 0001:000055A4       RegisterClass
 0001:00012204       RegisterClass
 0001:000055AC       RegisterClipboardFormat
 0001:00037AAC       RegisterDockSite
 0001:00012578       RegisterFindGlobalComponentProc
 0001:0001244C       RegisterIntegerConsts
 0001:00004468       RegisterModule
 0001:00021EE0       RegisterViewer
 0001:000055B4       RegisterWindowMessage
 0001:00024C48       Registry
 0001:000002DC       RegOpenKeyEx
 0001:00004E44       RegOpenKeyEx
 0001:00004E4C       RegQueryValueEx
 0001:000002E4       RegQueryValueEx
 0001:00023AE8       RegStr
 0001:000055BC       ReleaseCapture
 0001:000055C4       ReleaseDC
 0002:00000048       reMap
 0002:00002618       remBytes
 0001:000004A8       RemoveBlock
 0002:000003BC       RemoveDataModule
 0001:000156A0       RemoveFixupReferences
 0001:0001574C       RemoveFixups
 0001:00015A44       RemoveGlobalFixup
 0001:000055CC       RemoveMenu
 0001:000043AC       RemoveModuleUnloadProc
 0001:00004384       RemoveModuleUnloadProc
 0001:000055D4       RemoveProp
 0001:00008834       ReplaceDate
 0001:000087E0       ReplaceTime
 0001:00004FDC       ResetEvent
 0001:000182B4       ResetSyncEvent
 0001:00001444       ResizeInPlace
 0001:00005194       RestoreDC
 0001:00050410       RestoreFocusState
 0001:00048F78       ReturnAddr
 0001:000129D4       ReturnAddr
 0001:000136A4       ReturnAddr
 0001:0001CC88       RGBQuadToTriple
 0001:0001CC50       RGBTripleToQuad
 0001:00023A40       RichEdit
 0002:00002B30       RM_GetObjectInstance
 0002:00002BC4       RM_TaskbarCreated
 0002:00002614       rover
 0002:000009AC       RRStyles
 0002:00000950       RTFConversionFormat
 0002:00000970       RTL
 0002:00000978       RTL
 0002:00000968       RTL
 0001:0000F7DC       RTLConsts
 0001:0000022C       RtlUnwind
 0002:00002018       RTLUnwindProc
 0002:0000006C       runErrMsg
 0001:000017E8       RunErrorAt
 0001:0000C8E8       SafeArrayCreate
 0001:0000C8F0       SafeArrayGetLBound
 0001:0000C8F8       SafeArrayGetUBound
 0001:0000C900       SafeArrayPtrOfIndex
 0001:0000BF30       SafeLoadLibrary
 0001:00006A88       SameText
 0001:0000519C       SaveDC
 0001:00050408       SaveFocusState
 0001:00009490       ScanBlanks
 0001:000095D4       ScanChar
 0001:00009750       ScanDate
 0001:000094B4       ScanNumber
 0001:00009548       ScanString
 0001:00009A94       ScanTime
 0001:00009658       ScanToNumber
 0002:00002BBC       Screen
 0002:00002894       ScreenLogPixels
 0001:000055DC       ScreenToClient
 0002:00000ABC       ScrollBar
 0001:00050C30       ScrollBarVisible
 0001:000055E4       ScrollWindow
 0001:00000FF0       SearchSmallBlocks
 0001:000051A4       SelectClipRgn
 0001:000051AC       SelectObject
 0001:000051B4       SelectPalette
 0001:00036D3C       SendAppMessage
 0001:00050678       SendFocusMessage
 0001:000055EC       SendMessage
 0002:00000D10       Separators
 0001:00001920       Set8087CW
 0001:000055F4       SetActiveWindow
 0001:00057F1C       SetAnimation
 0001:000051BC       SetBkColor
 0001:000051C4       SetBkMode
 0001:000051CC       SetBrushOrgEx
 0001:000055FC       SetCapture
 0001:00036FD0       SetCaptureControl
 0001:00005604       SetClassLong
 0001:0000F124       SetClearVarToEmptyParam
 0001:00026F10       SetComCtlStyle
 0001:00016180       SetCompName
 0001:0000560C       SetCursor
 0001:000051D4       SetDIBColorTable
 0001:00004FE4       SetEndOfFile
 0001:00004FEC       SetErrorMode
 0001:00004FF4       SetEvent
 0001:00002AC0       SetExceptionHandler
 0001:00004FFC       SetFilePointer
 0001:0000FC40       SetFloatProp
 0001:00005614       SetFocus
 0001:0000561C       SetForegroundWindow
 0001:00045248       SetImeMode
 0001:0000186C       SetInOutRes
 0001:0000FEC4       SetInt64Prop
 0001:0000FF00       SetInterfaceProp
 0001:00016D3C       SetInterfaceReference
 0001:00016C58       SetIntIdent
 0002:00000D88       SetLayeredWindowAttributes
 0001:0000FAA8       SetLongStrProp
 0001:00005624       SetMenu
 0001:0000562C       SetMenuItemInfo
 0001:0000FE8C       SetMethodProp
 0001:00016CA0       SetObjectIdent
 0001:0000F9B0       SetOrdProp
 0001:00005634       SetParent
 0001:000051DC       SetPixel
 0001:0000563C       SetProp
 0001:00005644       SetRect
 0001:000051E4       SetROP2
 0001:0000564C       SetScrollInfo
 0001:00005654       SetScrollPos
 0001:0000565C       SetScrollRange
 0001:0000FA0C       SetShortStrProp
 0001:0000FA60       SetShortStrPropAsLongStr
 0001:000051EC       SetStretchBltMode
 0001:0000FB40       SetStrProp
 0001:00015F88       SetSubComponentState
 0001:000051F4       SetTextColor
 0002:00002A28       SetThemeAppProperties
 0001:00005004       SetThreadLocale
 0001:00005664       SetTimer
 0001:0000F10C       SetVarAsError
 0001:0000FE4C       SetVariantProp
 0001:00016CE0       SetVariantReference
 0001:000051FC       SetViewportOrgEx
 0001:00059EEC       SetVisible
 0001:0000FB6C       SetWideStrProp
 0001:0000FAE8       SetWideStrPropAsLongStr
 0001:0000566C       SetWindowLong
 0001:00005204       SetWindowOrgEx
 0001:00005674       SetWindowPlacement
 0001:0000567C       SetWindowPos
 0001:0000568C       SetWindowsHookEx
 0001:00005684       SetWindowText
 0002:000029EC       SetWindowTheme
 0002:0000014C       ShareMode
 0001:00023AB0       ShellAPI
 0002:00002AE8       ShellModule
 0001:00023B90       ShlObj
 0001:00048FA0       ShortCut
 0002:00002BAC       ShortCutItems
 0001:0004902C       ShortCutToText
 0002:0000268C       ShortDateFormat
 0002:00002708       ShortDayNames
 0002:000026A8       ShortMonthNames
 0002:000026A0       ShortTimeFormat
 0002:00000DF4       ShowCommands
 0002:00000E00       ShowCommands
 0002:00000DE8       ShowCommands
 0001:00005694       ShowCursor
 0001:0000A4BC       ShowException
 0002:00000E9C       ShowFlags
 0002:00000C04       ShowFlags
 0001:00050418       ShowMDIClientEdge
 0001:0000569C       ShowOwnedPopups
 0001:000056A4       ShowScrollBar
 0002:000009D4       ShowTodayCircleFlags
 0002:000009CC       ShowTodayFlags
 0001:000056AC       ShowWindow
 0001:00057F44       ShowWinNoAnimate
 0001:000447B4       ShowZone
 0002:00000C64       SizeCursors
 0001:0000500C       SizeofResource
 0001:000177D0       SkipBinary
 0001:00017800       SkipCollection
 0001:000177A8       SkipList
 0001:0000B900       Sleep
 0001:00005014       Sleep
 0001:00011640       SmallPoint
 0001:00005770       SmallPointToPoint
 0002:00002620       smallTab
 0002:00000AF4       Sorts
 0002:000025E8       spaceRoot
 0001:0005BCCC       SP_Cleanup
 0001:0005BCD4       SP_Login
 0001:0005BCDC       SP_Logout
 0001:0005BCC4       SP_Startup
 0001:000122C0       StartClassGroup
 0001:00033C00       StdActns
 0001:00033A98       StdCtrls
 0001:000194E4       StdWndProc
 0002:0000289C       StockBrush
 0002:000028A0       StockFont
 0002:000028A4       StockIcon
 0002:00002898       StockPen
 0001:000075A4       StrAlloc
 0001:000075B8       StrBufSize
 0001:0000AF5C       StrByteType
 0001:0000B148       StrCharLength
 0001:00007480       StrComp
 0001:000073E0       StrCopy
 0001:000075F0       StrDispose
 0001:0004775C       StreamsEqual
 0001:000073BC       StrEnd
 0001:0000520C       StretchBlt
 0001:00007A00       StrFmt
 0001:000074A4       StrIComp
 0001:000146A4       StringListCompareStrings
 0001:0004E368       StripHotkey
 0001:00007408       StrLCopy
 0001:000073A4       StrLen
 0001:00007A40       StrLFmt
 0001:000074E4       StrLIComp
 0001:000073D0       StrMove
 0001:000075C4       StrNew
 0001:0000B168       StrNextChar
 0001:00007590       StrPas
 0001:0000743C       StrPCopy
 0001:00007460       StrPLCopy
 0001:0000753C       StrPos
 0001:00007528       StrScan
 0001:00009CBC       StrToDateTime
 0001:00006EF8       StrToInt
 0001:00006F34       StrToIntDef
 0001:00024A48       StrUtils
 0002:00000DDC       Styles
 0001:0005BCF4       SubmitShortMessage
 0001:0005BCFC       SubmitShortMessageEX
 0001:0005BD04       SubmitShortMessageMulti
 0001:0005BD0C       SubmitShortMessageMultiEX
 0001:0005BD3C       SubmitUSSDData
 0001:0000BE74       Supports
 0001:0000BE98       Supports
 0002:00002850       SyncEvent
 0002:000003E8       SyncList
 0001:0002304C       SyncObjs
 0001:000002FC       SysAllocStringLen
 0001:00005CEC       SysConst
 0002:00000DAC       SysConsts
 0002:00000DA4       SysConsts
 0001:00009D7C       SysErrorMessage
 0001:000012A0       SysFreeMem
 0001:0000030C       SysFreeString
 0001:00001110       SysGetMem
 0001:00004CD8       SysInit
 0002:00002740       SysLocale
 0001:00001620       SysReallocMem
 0001:00000304       SysReAllocStringLen
 0001:00004ACC       System
 0002:0000288C       SystemPalette16
 0001:0001CE70       SystemPaletteOverride
 0001:000056B4       SystemParametersInfo
 0001:000086CC       SystemTimeToDateTime
 0001:0000C404       SysUtils
 0001:00027058       TabControlError
 0002:000009A0       TabStyles
 0001:000460F8       TActionLink.IsCaptionLinked
 0001:0004610C       TActionLink.IsCheckedLinked
 0001:00046120       TActionLink.IsEnabledLinked
 0001:00046134       TActionLink.IsGroupIndexLinked
 0001:00046148       TActionLink.IsHelpContextLinked
 0001:0004615C       TActionLink.IsHelpLinked
 0001:00046170       TActionLink.IsHintLinked
 0001:00046184       TActionLink.IsImageIndexLinked
 0001:00046198       TActionLink.IsShortCutLinked
 0001:000461AC       TActionLink.IsVisibleLinked
 0001:000461C0       TActionLink.SetAutoCheck
 0001:000461C4       TActionLink.SetCaption
 0001:000461C8       TActionLink.SetChecked
 0001:000461CC       TActionLink.SetEnabled
 0001:000461D0       TActionLink.SetGroupIndex
 0001:000461D4       TActionLink.SetHelpContext
 0001:000461D8       TActionLink.SetHelpKeyword
 0001:000461DC       TActionLink.SetHelpType
 0001:000461E0       TActionLink.SetHint
 0001:000461E4       TActionLink.SetImageIndex
 0001:000461E8       TActionLink.SetShortCut
 0001:000461EC       TActionLink.SetVisible
 0001:0005A488       TApplication.ActivateHint
 0001:000590DC       TApplication.BringToFront
 0001:0005A1F0       TApplication.CancelHint
 0001:000586C0       TApplication.CheckIniChange
 0001:0005843C       TApplication.ControlDestroyed
 0001:00057F84       TApplication.Create
 0001:000594DC       TApplication.CreateForm
 0001:0005828C       TApplication.CreateHandle
 0001:00058170       TApplication.Destroy
 0001:0005A858       TApplication.DispatchAction
 0001:00059BBC       TApplication.DoActionIdle
 0001:00059C20       TApplication.DoMouseIdle
 0001:0005850C       TApplication.DoNormalizeTopMosts
 0001:0005A8E8       TApplication.ExecuteAction
 0001:0005A81C       TApplication.GetCurrentHelpFile
 0001:00058F10       TApplication.GetIconHandle
 0001:00059118       TApplication.GetTitle
 0001:0005965C       TApplication.HandleException
 0001:000593C8       TApplication.HandleMessage
 0001:00059B64       TApplication.HelpCommand
 0001:00059AFC       TApplication.HelpContext
 0001:00059A94       TApplication.HelpKeyword
 0001:0005A1AC       TApplication.HideHint
 0001:0005A064       TApplication.HintMouseMessage
 0001:0005A174       TApplication.HintTimerExpired
 0001:000593EC       TApplication.HookMainWindow
 0001:0005A994       TApplication.HookSynchronizeWakeup
 0001:00059DF4       TApplication.IconChanged
 0001:00059C98       TApplication.Idle
 0001:000594C4       TApplication.Initialize
 0001:0005992C       TApplication.InvokeHelp
 0001:00059164       TApplication.IsDlgMsg
 0001:00059290       TApplication.IsHintMsg
 0001:000591D8       TApplication.IsKeyMsg
 0001:00059188       TApplication.IsMDIMsg
 0001:000592C4       TApplication.IsShortCut
 0001:000596EC       TApplication.MessageBox
 0001:00058F2C       TApplication.Minimize
 0001:000585E8       TApplication.ModalFinished
 0001:000585BC       TApplication.ModalStarted
 0001:0005861C       TApplication.NormalizeAllTopMosts
 0001:00058614       TApplication.NormalizeTopMosts
 0001:00059DB8       TApplication.NotifyForms
 0001:00059330       TApplication.ProcessMessage
 0001:00058FDC       TApplication.Restore
 0001:00058624       TApplication.RestoreTopMosts
 0001:0005955C       TApplication.Run
 0001:00059E58       TApplication.SetHint
 0001:00059B6C       TApplication.SetShowHint
 0001:00058718       TApplication.SettingChange
 0001:00059854       TApplication.ShowException
 0001:00059FF8       TApplication.StartHintTimer
 0001:0005A03C       TApplication.StopHintTimer
 0001:00059648       TApplication.Terminate
 0001:00059448       TApplication.UnhookMainWindow
 0001:0005A9A4       TApplication.UnhookSynchronizeWakeup
 0001:0005A910       TApplication.UpdateAction
 0001:00059F48       TApplication.UpdateVisible
 0001:000586A8       TApplication.UseRightToLeftAlignment
 0001:00058690       TApplication.UseRightToLeftReading
 0001:00059FD0       TApplication.ValidateHelpSystem
 0001:0005A984       TApplication.WakeMainThread
 0001:0005880C       TApplication.WndProc
 0002:00000D94       TaskActiveWindow
 0002:00000D9C       TaskFirstTopMost
 0002:00000D98       TaskFirstWindow
 0002:00000DA0       TaskWindowList
 0001:00037420       TBaseDragControlObject.Assign
 0001:000373FC       TBaseDragControlObject.Create
 0001:0003744C       TBaseDragControlObject.EndDrag
 0001:00037478       TBaseDragControlObject.Finished
 0001:00018EE8       TBasicAction.Change
 0001:00018D84       TBasicAction.Create
 0001:00018DC8       TBasicAction.Destroy
 0001:00018E54       TBasicAction.Execute
 0001:00018E24       TBasicAction.ExecuteTarget
 0001:00018E20       TBasicAction.HandlesTarget
 0001:00018E28       TBasicAction.Notification
 0001:00018EFC       TBasicAction.RegisterChanges
 0001:00018F48       TBasicAction.SetActionComponent
 0001:00018E8C       TBasicAction.SetOnExecute
 0001:00018F08       TBasicAction.UnRegisterChanges
 0001:00018E70       TBasicAction.Update
 0001:00018E50       TBasicAction.UpdateTarget
 0001:00018CD4       TBasicActionLink.AssignClient
 0001:00018D0C       TBasicActionLink.Change
 0001:00018C90       TBasicActionLink.Create
 0001:00018CD8       TBasicActionLink.Destroy
 0001:00018D24       TBasicActionLink.Execute
 0001:00018D6C       TBasicActionLink.IsOnExecuteLinked
 0001:00018D40       TBasicActionLink.SetAction
 0001:00018D70       TBasicActionLink.SetOnExecute
 0001:00018D78       TBasicActionLink.Update
 0001:0001EBC8       TBitmap.Assign
 0001:0001ED9C       TBitmap.Changed
 0001:0001ED78       TBitmap.Changing
 0001:0001ECB8       TBitmap.CopyImage
 0001:0001EB24       TBitmap.Create
 0001:0001EB8C       TBitmap.Destroy
 0001:0001F228       TBitmap.DIBNeeded
 0001:0001EDA8       TBitmap.Dormant
 0001:0001EE1C       TBitmap.Draw
 0001:0001F29C       TBitmap.FreeContext
 0001:0001F06C       TBitmap.FreeImage
 0001:0001F0EC       TBitmap.GetCanvas
 0001:0001F0D0       TBitmap.GetEmpty
 0001:0001F134       TBitmap.GetHandle
 0001:0001F158       TBitmap.GetHandleType
 0001:0001F184       TBitmap.GetHeight
 0001:0001F194       TBitmap.GetMaskHandle
 0001:0001F1A8       TBitmap.GetMonochrome
 0001:0001F1C4       TBitmap.GetPalette
 0001:0001F1D8       TBitmap.GetTransparentColor
 0001:0001F220       TBitmap.GetWidth
 0001:0001F2AC       TBitmap.HandleNeeded
 0001:0001F464       TBitmap.LoadFromClipboardFormat
 0001:0001F4E8       TBitmap.LoadFromStream
 0001:0001F34C       TBitmap.MaskHandleNeeded
 0001:0001F50C       TBitmap.NewImage
 0001:0001F3AC       TBitmap.PaletteNeeded
 0001:0001F60C       TBitmap.ReadData
 0001:0001F634       TBitmap.ReadDIB
 0001:0001FB9C       TBitmap.ReadStream
 0001:000202CC       TBitmap.SaveToClipboardFormat
 0001:000202C4       TBitmap.SaveToStream
 0001:0001FC0C       TBitmap.SetHandle
 0001:0001FCD0       TBitmap.SetHandleType
 0001:0001FE08       TBitmap.SetHeight
 0001:0001FE5C       TBitmap.SetMonochrome
 0001:0001FEDC       TBitmap.SetPalette
 0001:0001FFB0       TBitmap.SetWidth
 0001:00020004       TBitmap.WriteData
 0001:0002000C       TBitmap.WriteStream
 0001:0001DE88       TBitmapCanvas.Create
 0001:0001DF90       TBitmapCanvas.CreateHandle
 0001:0001DEC4       TBitmapCanvas.Destroy
 0001:0001DEF0       TBitmapCanvas.FreeContext
 0001:0001E0A0       TBitmapImage.Destroy
 0001:0001E0FC       TBitmapImage.FreeHandle
 0001:00012EB8       TBits.Destroy
 0001:00012EE8       TBits.Error
 0001:00012FDC       TBits.OpenBit
 0001:00012FB0       TBits.SetBit
 0001:00012F0C       TBits.SetSize
 0001:0001BB6C       TBrush.Assign
 0001:0001BB04       TBrush.Create
 0001:0001BB44       TBrush.Destroy
 0001:0001BCA4       TBrush.GetColor
 0001:0001BC14       TBrush.GetData
 0001:0001BCE0       TBrush.GetHandle
 0001:0001BDC0       TBrush.GetStyle
 0001:0001BC80       TBrush.SetBitmap
 0001:0001BCAC       TBrush.SetColor
 0001:0001BC30       TBrush.SetData
 0001:0001BDC8       TBrush.SetStyle
 0001:00033790       TButton.Click
 0001:00033918       TButton.CMDialogChar
 0001:000338A8       TButton.CMDialogKey
 0001:0003399C       TButton.CMFocusChanged
 0001:00033894       TButton.CNCommand
 0001:00033A1C       TButton.CNCtlColorBtn
 0001:0003372C       TButton.Create
 0001:00033840       TButton.CreateParams
 0001:0003387C       TButton.CreateWnd
 0001:000337B8       TButton.SetButtonStyle
 0001:0003380C       TButton.SetDefault
 0001:000337B4       TButton.UseRightToLeftAlignment
 0001:000339F0       TButton.WMEraseBkgnd
 0001:00033498       TButtonActionLink.AssignClient
 0001:000334BC       TButtonActionLink.IsCheckedLinked
 0001:000334F4       TButtonActionLink.SetChecked
 0001:000335AC       TButtonControl.ActionChange
 0001:0003367C       TButtonControl.CNCtlColorStatic
 0001:00033558       TButtonControl.Create
 0001:000336F4       TButtonControl.CreateParams
 0001:000335F4       TButtonControl.GetActionLinkClass
 0001:000335FC       TButtonControl.GetChecked
 0001:00033600       TButtonControl.SetChecked
 0001:00033718       TButtonControl.SetWordWrap
 0001:000336C8       TButtonControl.WMEraseBkGnd
 0001:00033604       TButtonControl.WndProc
 0001:0001C6B4       TCanvas.BrushChanged
 0001:0001C588       TCanvas.Changed
 0001:0001C574       TCanvas.Changing
 0001:0001BF1C       TCanvas.CopyRect
 0001:0001BDFC       TCanvas.Create
 0001:0001C5F8       TCanvas.CreateBrush
 0001:0001C59C       TCanvas.CreateFont
 0001:0001C4A8       TCanvas.CreateHandle
 0001:0001C5C8       TCanvas.CreatePen
 0001:0001C44C       TCanvas.DeselectHandles
 0001:0001BEC0       TCanvas.Destroy
 0001:0001BFA4       TCanvas.Draw
 0001:0001C050       TCanvas.FillRect
 0001:0001C674       TCanvas.FontChanged
 0001:0001C08C       TCanvas.FrameRect
 0001:0001C190       TCanvas.GetCanvasOrientation
 0001:0001C42C       TCanvas.GetHandle
 0001:0001C374       TCanvas.GetPenPos
 0001:0001C3B8       TCanvas.GetPixel
 0001:0001C0C8       TCanvas.LineTo
 0001:0001C100       TCanvas.Lock
 0001:0001C128       TCanvas.MoveTo
 0001:0001C694       TCanvas.PenChanged
 0001:0001C500       TCanvas.RequiredState
 0001:0001C368       TCanvas.SetBrush
 0001:0001C34C       TCanvas.SetFont
 0001:0001C4AC       TCanvas.SetHandle
 0001:0001C35C       TCanvas.SetPen
 0001:0001C398       TCanvas.SetPenPos
 0001:0001C3E4       TCanvas.SetPixel
 0001:0001C154       TCanvas.StretchDraw
 0001:0001C248       TCanvas.TextExtent
 0001:0001C2A8       TCanvas.TextHeight
 0001:0001C1BC       TCanvas.TextOut
 0001:0001C28C       TCanvas.TextWidth
 0001:0001C2C8       TCanvas.TryLock
 0001:0001C324       TCanvas.Unlock
 0001:00047FC8       TChangeLink.Change
 0001:00047F94       TChangeLink.Destroy
 0001:00011F34       TClassFinder.Create
 0001:00012060       TClassFinder.Destroy
 0001:00012090       TClassFinder.GetClass
 0001:000132DC       TCollection.Add
 0001:000132FC       TCollection.Clear
 0001:00031744       TComboBoxStrings.Add
 0001:000317C8       TComboBoxStrings.Insert
 0001:00029940       TCommonCalendar.CheckEmptyDate
 0001:00029944       TCommonCalendar.CheckValidDate
 0001:00029874       TCommonCalendar.Create
 0001:00029A58       TCommonCalendar.CreateWnd
 0001:00029910       TCommonCalendar.Destroy
 0001:00029B38       TCommonCalendar.DoStoreMaxDate
 0001:00029B54       TCommonCalendar.DoStoreMinDate
 0001:00029AF4       TCommonCalendar.GetCalStyles
 0001:00029B70       TCommonCalendar.GetDate
 0001:00029B8C       TCommonCalendar.SetCalColors
 0001:00029BA0       TCommonCalendar.SetDate
 0001:00029C58       TCommonCalendar.SetDateTime
 0001:00029CE0       TCommonCalendar.SetEndDate
 0001:00029D68       TCommonCalendar.SetFirstDayOfWeek
 0001:00029DD0       TCommonCalendar.SetMaxDate
 0001:00029EBC       TCommonCalendar.SetMaxSelectRange
 0001:00029F0C       TCommonCalendar.SetMinDate
 0001:00029FF8       TCommonCalendar.SetMonthDelta
 0001:0002A034       TCommonCalendar.SetRange
 0001:0002A184       TCommonCalendar.SetSelectedRange
 0001:00023D74       TCommonDialog.Create
[...]
 0002:00000C9C       cMenuAutoFlagToItem
 0002:00000CA0       cItemAutoFlagToMenu
 0002:00000CA4       cBooleanToItemAutoFlag
 0002:00000CA8       cItemAutoFlagToBoolean
 0002:00000CAC       MenuKeyCaps
 0002:00000CF4       Checks
 0002:00000CFC       Enables
 0002:00000D04       Breaks
 0002:00000D10       Separators
 0002:00000D18       IBreaks
 0002:00000D24       IChecks
 0002:00000D2C       IDefaults
 0002:00000D34       IEnables
 0002:00000D3C       IRadios
 0002:00000D44       ISeparators
 0002:00000D4C       IRTL
 0002:00000D54       IOwnerDraw
 0002:00000D5C       Alignments
 0002:00000D64       EdgeStyle
 0002:00000D6C       Alignments
 0002:00000D74       Flags
 0002:00000D80       Buttons
 0002:00000D84       HintWindowClass
 0002:00000D88       SetLayeredWindowAttributes
 0002:00000D8C       FocusMessages
 0002:00000D90       FocusCount
 0002:00000D94       TaskActiveWindow
 0002:00000D98       TaskFirstWindow
 0002:00000D9C       TaskFirstTopMost
 0002:00000DA0       TaskWindowList
 0002:00000DA4       SysConsts
 0002:00000DAC       SysConsts
 0002:00000DB4       Props
 0002:00000DDC       Styles
 0002:00000DE8       ShowCommands
 0002:00000DF4       ShowCommands
 0002:00000E00       ShowCommands
 0002:00000E0C       cUseAlpha
 0002:00000E14       cUseColorKey
 0002:00000E1C       CursorMap
 0002:00000E70       WindowClass
 0002:00000E98       AppVisible
 0002:00000E9C       ShowFlags
 0002:00002000       DispCallByIDProc
 0002:00002004       ExceptProc
 0002:00002008       ErrorProc
 0002:0000200C       ExceptClsProc
 0002:00002010       ExceptObjProc
 0002:00002014       RaiseExceptionProc
 0002:00002018       RTLUnwindProc
 0002:0000201C       ExceptionClass
 0002:00002020       AssertErrorProc
 0002:00002024       ExitProcessProc
 0002:00002028       AbstractErrorProc
 0002:0000202C       MainInstance
 0002:00002030       MainThreadID
 0002:00002034       IsLibrary
 0002:00002038       CmdShow
 0002:0000203C       CmdLine
 0002:00002040       InitProc
 0002:00002044       ExitProc
 0002:00002048       IsConsole
 0002:00002049       IsMultiThread
 0002:0000204A       Test8086
 0002:0000204C       Input
 0002:00002218       Output
 0002:000023E4       ErrOutput
 0002:000025B0       AllocMemCount
 0002:000025B4       AllocMemSize
 0002:000025B8       .5
 0002:000025BC       DefaultUserCodePage
 0002:000025C0       initialized
 0002:000025C4       heapErrorCode
 0002:000025C8       heapLock
 0002:000025E0       blockDescBlockList
 0002:000025E4       blockDescFreeList
 0002:000025E8       spaceRoot
 0002:000025F8       decommittedRoot
 0002:00002608       avail
 0002:00002614       rover
 0002:00002618       remBytes
 0002:0000261C       curAlloc
 0002:00002620       smallTab
 0002:00002624       committedRoot
 0002:00002634       InitContext
 0002:00002660       ModuleIsLib
 0002:00002661       ModuleIsCpp
 0002:00002664       HInstance
 0002:00002668       .1
 0002:0000266C       tlsBuffer
 0002:00002670       .1
 0002:00002674       .3
 0002:00002678       .1
 0002:0000267C       .1
 0002:00002680       CurrencyString
 0002:00002684       CurrencyFormat
 0002:00002685       NegCurrFormat
 0002:00002686       ThousandSeparator
 0002:00002687       DecimalSeparator
 0002:00002688       CurrencyDecimals
 0002:00002689       DateSeparator
 0002:0000268C       ShortDateFormat
 0002:00002690       LongDateFormat
 0002:00002694       TimeSeparator
 0002:00002698       TimeAMString
 0002:0000269C       TimePMString
 0002:000026A0       ShortTimeFormat
 0002:000026A4       LongTimeFormat
 0002:000026A8       ShortMonthNames
 0002:000026D8       LongMonthNames
 0002:00002708       ShortDayNames
 0002:00002724       LongDayNames
 0002:00002740       SysLocale
 0002:0000274E       ListSeparator
 0002:00002750       EraNames
 0002:0000276C       EraYearOffsets
 0002:00002788       TrueBoolStrs
 0002:0000278C       FalseBoolStrs
 0002:00002790       .35
 0002:00002794       OutOfMemory
 0002:00002798       InvalidPointer
 0002:0000279C       FLanguages
 0002:000027A0       VariantChangeTypeEx
 0002:000027A4       VarNeg
 0002:000027A8       VarNot
 0002:000027AC       VarAdd
 0002:000027B0       VarSub
 0002:000027B4       VarMul
 0002:000027B8       VarDiv
 0002:000027BC       VarIDiv
 0002:000027C0       VarMod
 0002:000027C4       VarAnd
 0002:000027C8       VarOr
 0002:000027CC       VarXor
 0002:000027D0       VarCmp
 0002:000027D4       VarI4FromStr
 0002:000027D8       VarR4FromStr
 0002:000027DC       VarR8FromStr
 0002:000027E0       VarDateFromStr
 0002:000027E4       VarCyFromStr
 0002:000027E8       VarBoolFromStr
 0002:000027EC       VarBstrFromCy
 0002:000027F0       VarBstrFromDate
 0002:000027F4       VarBstrFromBool
 0002:000027F8       .5
 0002:000027FC       EmptyParam
 0002:0000280C       VarDispProc
 0002:00002810       ClearAnyProc
 0002:00002814       ChangeAnyProc
 0002:00002818       RefAnyProc
 0002:0000281C       .81
 0002:00002820       LVarTypes
 0002:00002824       LVarTypeSync
 0002:0000283C       .1
 0002:00002840       .6
 0002:00002844       .3
 0002:00002848       GlobalNameSpace
 0002:0000284C       IsUniqueGlobalComponentNameProc
 0002:00002850       SyncEvent
 0002:00002854       .45
 0002:00002858       IntConstList
 0002:0000285C       RegGroups
 0002:00002860       FindGlobalComponentProcs
 0002:00002864       GlobalFixupList
 0002:00002868       ThreadLock
 0002:00002880       InstBlockList
 0002:00002884       InstFreeList
 0002:00002888       .1
 0002:0000288C       SystemPalette16
 0002:00002890       .12
 0002:00002894       ScreenLogPixels
 0002:00002898       StockPen
 0002:0000289C       StockBrush
 0002:000028A0       StockFont
 0002:000028A4       StockIcon
 0002:000028A8       BitmapImageLock
 0002:000028C0       CounterLock
 0002:000028D8       FontManager
 0002:000028DC       PenManager
 0002:000028E0       BrushManager
 0002:000028E4       CanvasList
 0002:000028E8       PatternManager
 0002:000028EC       .2
 0002:000028F0       .21
 0002:000028F4       .1
 0002:000028F8       ComCtl32DLL
 0002:000028FC       _InitCommonControlsEx
 0002:00002900       GetSystemMetrics
 0002:00002904       MonitorFromWindow
 0002:00002908       MonitorFromRect
 0002:0000290C       MonitorFromPoint
 0002:00002910       GetMonitorInfo
 0002:00002914       GetMonitorInfoA
 0002:00002918       GetMonitorInfoW
 0002:0000291C       EnumDisplayMonitors
 0002:00002920       .1
 0002:00002924       User32Dll
 0002:00002928       InitApis
 0002:00002930       MMAvailable
 0002:00002934       .1
 0002:00002938       .2
 0002:0000293C       HelpManager
 0002:00002940       .3
 0002:00002944       .3
 0002:00002948       FlatSB_EnableScrollBar
 0002:0000294C       FlatSB_ShowScrollBar
 0002:00002950       FlatSB_GetScrollRange
 0002:00002954       FlatSB_GetScrollInfo
 0002:00002958       FlatSB_GetScrollPos
 0002:0000295C       FlatSB_SetScrollPos
 0002:00002960       FlatSB_SetScrollInfo
 0002:00002964       FlatSB_SetScrollRange
 0002:00002968       .1
 0002:0000296C       _FlatSB_GetScrollProp
 0002:00002970       _FlatSB_SetScrollProp
 0002:00002974       _InitializeFlatSB
 0002:00002978       _UninitializeFlatSB
 0002:0000297C       .6
 0002:00002980       OpenThemeData
 0002:00002984       CloseThemeData
 0002:00002988       DrawThemeBackground
 0002:0000298C       DrawThemeText
 0002:00002990       GetThemeBackgroundContentRect
 0002:00002994       GetThemeBackgroundExtent
 0002:00002998       GetThemePartSize
 0002:0000299C       GetThemeTextExtent
 0002:000029A0       GetThemeTextMetrics
 0002:000029A4       GetThemeBackgroundRegion
 0002:000029A8       HitTestThemeBackground
 0002:000029AC       DrawThemeEdge
 0002:000029B0       DrawThemeIcon
 0002:000029B4       IsThemePartDefined
 0002:000029B8       IsThemeBackgroundPartiallyTransparent
 0002:000029BC       GetThemeColor
 0002:000029C0       GetThemeMetric
 0002:000029C4       GetThemeString
 0002:000029C8       GetThemeBool
 0002:000029CC       GetThemeInt
 0002:000029D0       GetThemeEnumValue
 0002:000029D4       GetThemePosition
 0002:000029D8       GetThemeFont
 0002:000029DC       GetThemeRect
 0002:000029E0       GetThemeMargins
 0002:000029E4       GetThemeIntList
 0002:000029E8       GetThemePropertyOrigin
 0002:000029EC       SetWindowTheme
 0002:000029F0       GetThemeFilename
 0002:000029F4       GetThemeSysColor
 0002:000029F8       GetThemeSysColorBrush
 0002:000029FC       GetThemeSysBool
 0002:00002A00       GetThemeSysSize
 0002:00002A04       GetThemeSysFont
 0002:00002A08       GetThemeSysString
 0002:00002A0C       GetThemeSysInt
 0002:00002A10       IsThemeActive
 0002:00002A14       IsAppThemed
 0002:00002A18       GetWindowTheme
 0002:00002A1C       EnableThemeDialogTexture
 0002:00002A20       IsThemeDialogTextureEnabled
 0002:00002A24       GetThemeAppProperties
 0002:00002A28       SetThemeAppProperties
 0002:00002A2C       GetCurrentThemeName
 0002:00002A30       GetThemeDocumentationProperty
 0002:00002A34       DrawThemeParentBackground
 0002:00002A38       EnableTheming
 0002:00002A3C       .1
 0002:00002A40       ThemeLibrary
 0002:00002A44       ReferenceCount
 0002:00002A48       Lock
 0002:00002A4C       .1
 0002:00002A50       .4
 0002:00002A54       .1
 0002:00002A58       .1
 0002:00002A5C       .1
 0002:00002A60       .1
 0002:00002A64       .1
 0002:00002A68       .1
 0002:00002A6C       .1
 0002:00002A70       .11
 0002:00002A74       HelpMsg
 0002:00002A78       FindMsg
 0002:00002A7C       .12
 0002:00002A80       .1
 0002:00002A84       CF_PICTURE
 0002:00002A86       CF_COMPONENT
 0002:00002A88       .2
 0002:00002A8C       FClipboard
 0002:00002A90       .1
 0002:00002A94       .4
 0002:00002A98       BitBtnGlyphs
 0002:00002AC4       .3
 0002:00002AC8       .8
 0002:00002ACC       .5
 0002:00002AD0       .1
 0002:00002AD4       .72
 0002:00002AD8       UrlMonHandle
 0002:00002ADC       UrlMonInitialized
 0002:00002AE0       .8
 0002:00002AE4       .36
 0002:00002AE8       ShellModule
 0002:00002AEC       FRichEditModule
 0002:00002AF0       ComCtlVersion
 0002:00002AF4       .2
 0002:00002AF8       InternalServices
 0002:00002AFC       .42
 0002:00002B00       .73
 0002:00002B04       WinHelpTester
 0002:00002B08       ViewerName
 0002:00002B0C       .1
 0002:00002B10       HelpViewer
 0002:00002B14       HelpViewerIntf
 0002:00002B18       Mouse
 0002:00002B1C       NewStyleControls
 0002:00002B20       .72
 0002:00002B24       WindowAtom
 0002:00002B26       ControlAtom
 0002:00002B28       WindowAtomString
 0002:00002B2C       ControlAtomString
 0002:00002B30       RM_GetObjectInstance
 0002:00002B34       DragControl
 0002:00002B38       DragObject
 0002:00002B3C       DragInternalObject
 0002:00002B40       DragCapture
 0002:00002B44       DragStartPos
 0002:00002B4C       DragSaveCursor
 0002:00002B50       DragThreshold
 0002:00002B54       ActiveDrag
 0002:00002B58       DragImageList
 0002:00002B5C       DockSiteList
 0002:00002B60       QualifyingSites
 0002:00002B64       DragSave
 0002:00002B68       CanvasList
 0002:00002B6C       _WINNLSEnableIME
 0002:00002B70       _ImmGetContext
 0002:00002B74       _ImmReleaseContext
 0002:00002B78       _ImmGetConversionStatus
 0002:00002B7C       _ImmSetConversionStatus
 0002:00002B80       _ImmSetOpenStatus
 0002:00002B84       _ImmSetCompositionWindow
 0002:00002B88       _ImmSetCompositionFont
 0002:00002B8C       _ImmGetCompositionString
 0002:00002B90       _ImmIsIME
 0002:00002B94       _ImmNotifyIME
 0002:00002B98       .8
 0002:00002B9C       .3
 0002:00002BA0       CachedComCtrlVer
 0002:00002BA4       ImageListWriteExProc
 0002:00002BA8       PopupList
 0002:00002BAC       ShortCutItems
 0002:00002BB0       .9
 0002:00002BB4       CommandPool
 0002:00002BB8       Application
 0002:00002BBC       Screen
 0002:00002BC0       .41
 0002:00002BC4       RM_TaskbarCreated
 0002:00002BC8       HintThreadID
 0002:00002BCC       HintDoneEvent
 0002:00002BD0       HintHook
 0002:00002BD4       HintThread
 0002:00002BD8       .1
 0002:00002BDC       frmMain
 0002:00002BE0       .2


Line numbers for Main(Main.pas) segment .text

   289 0001:0005BCC4   290 0001:0005BCCC   292 0001:0005BCD4   293 0001:0005BCDC
   302 0001:0005BCE4   317 0001:0005BCEC   329 0001:0005BCF4   345 0001:0005BCFC
   357 0001:0005BD04   370 0001:0005BD0C   376 0001:0005BD14   391 0001:0005BD1C
   410 0001:0005BD24   412 0001:0005BD2C   421 0001:0005BD34   432 0001:0005BD3C
   444 0001:0005BD44   506 0001:0005BD4C   507 0001:0005BD78   508 0001:0005BD7E
   509 0001:0005BD84   510 0001:0005BD8A   511 0001:0005BD90   512 0001:0005BD96
   514 0001:0005BD9C   516 0001:0005BDA1   519 0001:0005BDA4   520 0001:0005BDA7
   521 0001:0005BDB5   526 0001:0005BDB8   529 0001:0005BDD4   531 0001:0005BDEA
   532 0001:0005BE36   534 0001:0005BE3A   539 0001:0005BE52   541 0001:0005BE80
   542 0001:0005BE96   551 0001:0005BED8   554 0001:0005BF48   557 0001:0005BF4B
   559 0001:0005BF61   560 0001:0005BF66   562 0001:0005BF7C   563 0001:0005BF92
   574 0001:0005BFA5   581 0001:0005BFE8   582 0001:0005C00A   583 0001:0005C022
   584 0001:0005C030   585 0001:0005C03E   586 0001:0005C04C   587 0001:0005C05A
   588 0001:0005C07E   589 0001:0005C08C   591 0001:0005C09A   601 0001:0005C0EA
   603 0001:0005C100   604 0001:0005C104   606 0001:0005C11C   609 0001:0005C14A
   610 0001:0005C160   611 0001:0005C1AF   620 0001:0005C230   621 0001:0005C252
   622 0001:0005C26A   623 0001:0005C278   624 0001:0005C286   625 0001:0005C294
   626 0001:0005C2A2   627 0001:0005C2C6   628 0001:0005C2D4   629 0001:0005C2E2
   630 0001:0005C2F0   631 0001:0005C2FE   632 0001:0005C316   634 0001:0005C32F
   648 0001:0005C398   650 0001:0005C3AE   651 0001:0005C3B2   653 0001:0005C3CA
   656 0001:0005C3F8   657 0001:0005C40E   658 0001:0005C45D   665 0001:0005C4E4
   666 0001:0005C506   667 0001:0005C51E   668 0001:0005C52C   669 0001:0005C53A
   670 0001:0005C548   671 0001:0005C56C   672 0001:0005C57A   673 0001:0005C588
   675 0001:0005C596   685 0001:0005C5E6   687 0001:0005C5FC   688 0001:0005C600
   690 0001:0005C618   693 0001:0005C646   694 0001:0005C65C   695 0001:0005C6AB
   704 0001:0005C73C   705 0001:0005C75D   706 0001:0005C775   707 0001:0005C783
   708 0001:0005C791   709 0001:0005C79F   710 0001:0005C7C3   711 0001:0005C7D1
   712 0001:0005C7DF   713 0001:0005C7ED   715 0001:0005C7FB   726 0001:0005C854
   728 0001:0005C86A   729 0001:0005C86E   731 0001:0005C886   734 0001:0005C8B4
   735 0001:0005C8CA   736 0001:0005C919   743 0001:0005C9A8   744 0001:0005C9CA
   745 0001:0005C9D8   746 0001:0005C9E7   747 0001:0005C9F6   748 0001:0005CA05
   749 0001:0005CA14   751 0001:0005CA1B   758 0001:0005CA53   760 0001:0005CA69
   762 0001:0005CA6D   763 0001:0005CA83   764 0001:0005CA91   765 0001:0005CA9F
   766 0001:0005CAAD   769 0001:0005CAD1   770 0001:0005CAD9   772 0001:0005CAF1
   774 0001:0005CB1F   775 0001:0005CB35   776 0001:0005CB77   785 0001:0005CC24
   786 0001:0005CC45   787 0001:0005CC53   788 0001:0005CC62   789 0001:0005CC71
   790 0001:0005CC80   791 0001:0005CC8F   792 0001:0005CC9E   793 0001:0005CCAD
   795 0001:0005CCB4   808 0001:0005CD0E   810 0001:0005CD24   812 0001:0005CD2C
   813 0001:0005CD42   814 0001:0005CD50   815 0001:0005CD5E   816 0001:0005CD6C
   817 0001:0005CD87   818 0001:0005CD95   819 0001:0005CDB0   820 0001:0005CDCB
   821 0001:0005CDE6   822 0001:0005CDF4   825 0001:0005CE18   826 0001:0005CE20
   828 0001:0005CE38   830 0001:0005CE66   831 0001:0005CE7C   832 0001:0005CEBE
   837 0001:0005CF68   838 0001:0005CF81   839 0001:0005CF8F   841 0001:0005CFA5
   842 0001:0005CFA9   844 0001:0005CFC1   846 0001:0005CFEF   847 0001:0005D005
   848 0001:0005D03A   854 0001:0005D0B0   855 0001:0005D0CB   856 0001:0005D0E5
   858 0001:0005D0FF   862 0001:0005D11F   863 0001:0005D135   864 0001:0005D139
   866 0001:0005D151   868 0001:0005D17F   869 0001:0005D195   870 0001:0005D1CA
   874 0001:0005D250   875 0001:0005D260   879 0001:0005D264   880 0001:0005D274
   888 0001:0005D278   889 0001:0005D29A   890 0001:0005D2A9   891 0001:0005D2B8
   892 0001:0005D2C7   893 0001:0005D2D6   894 0001:0005D2E5   895 0001:0005D2F4
   897 0001:0005D303   899 0001:0005D30A   912 0001:0005D367   913 0001:0005D37D
   915 0001:0005D385   916 0001:0005D39B   917 0001:0005D3A9   918 0001:0005D3B7
   919 0001:0005D3C5   920 0001:0005D3D3   921 0001:0005D3E1   922 0001:0005D3FC
   923 0001:0005D417   924 0001:0005D432   925 0001:0005D440   928 0001:0005D464
   929 0001:0005D46C   931 0001:0005D484   933 0001:0005D4B2   934 0001:0005D4C8
   935 0001:0005D50A   945 0001:0005D5D0   946 0001:0005D5F1   947 0001:0005D600
   948 0001:0005D60F   949 0001:0005D61E   950 0001:0005D62D   951 0001:0005D63C
   952 0001:0005D64B   953 0001:0005D65A   954 0001:0005D669   956 0001:0005D678
   958 0001:0005D67F   975 0001:0005D6F6   976 0001:0005D70C   978 0001:0005D714
   979 0001:0005D72A   980 0001:0005D738   981 0001:0005D746   982 0001:0005D754
   983 0001:0005D762   984 0001:0005D770   985 0001:0005D78B   986 0001:0005D7A6
   987 0001:0005D7C1   988 0001:0005D7CF   989 0001:0005D7DD   990 0001:0005D7F8
   991 0001:0005D806   992 0001:0005D821   995 0001:0005D845   996 0001:0005D84D
   998 0001:0005D865  1000 0001:0005D893  1001 0001:0005D8A9  1002 0001:0005D8F8
  1005 0001:0005D9C4  1006 0001:0005D9DE  1007 0001:0005D9ED  1008 0001:0005DA19
  1009 0001:0005DA27  1010 0001:0005DA50  1011 0001:0005DA60  1012 0001:0005DA89
  1013 0001:0005DA99  1014 0001:0005DAE2  1017 0001:0005DB04  1018 0001:0005DB1A
  1020 0001:0005DB41  1022 0001:0005DB4E  1023 0001:0005DB65  1024 0001:0005DB99
  1027 0001:0005DBBC  1031 0001:0005DBBF  1032 0001:0005DBCC  1033 0001:0005DBD9
  1036 0001:0005DBDC  1037 0001:0005DBF2  1039 0001:0005DC0F  1040 0001:0005DC27
  1041 0001:0005DC37  1045 0001:0005DC46  1046 0001:0005DC53  1048 0001:0005DC80
  1051 0001:0005DCA4  1052 0001:0005DCA5  1053 0001:0005DCB4  1056 0001:0005DCB8
  1057 0001:0005DCCE  1059 0001:0005DCEB  1060 0001:0005DD03  1061 0001:0005DD13
  1065 0001:0005DD22  1066 0001:0005DD2F  1068 0001:0005DD5C  1071 0001:0005DD80
  1072 0001:0005DD81  1073 0001:0005DD90  1078 0001:0005DD94  1081 0001:0005DDAF
  1083 0001:0005DDC5  1084 0001:0005DDFA  1086 0001:0005DDFE  1091 0001:0005DE16
  1093 0001:0005DE44  1094 0001:0005DE5A  1096 0001:0005DE9C  1101 0001:0005DF0C
  1104 0001:0005DF25  1106 0001:0005DF3B  1107 0001:0005DF42  1109 0001:0005DF46
  1112 0001:0005DF5E  1114 0001:0005DF8C  1115 0001:0005DFA2  1119 0001:0005DFD7
  1130 0001:0005E048  1131 0001:0005E069  1132 0001:0005E076  1133 0001:0005E086
  1134 0001:0005E096  1136 0001:0005E0A6  1137 0001:0005E0CE  1138 0001:0005E0E4
  1140 0001:0005E0EC  1141 0001:0005E121  1142 0001:0005E140  1143 0001:0005E178
  1144 0001:0005E1B0  1145 0001:0005E1E8  1147 0001:0005E207  1151 0001:0005E291
  1152 0001:0005E299  1154 0001:0005E2B1  1156 0001:0005E2EB  1157 0001:0005E301
  1158 0001:0005E349  1163 0001:0005E410  1164 0001:0005E432  1168 0001:0005E51B
  1169 0001:0005E531  1170 0001:0005E535  1172 0001:0005E54D  1174 0001:0005E57B
  1175 0001:0005E591  1176 0001:0005E5D3  1184 0001:0005E64C  1185 0001:0005E669
  1186 0001:0005E675  1187 0001:0005E67C  1188 0001:0005E688  1189 0001:0005E69E
  1191 0001:0005E6A2  1192 0001:0005E6B0  1194 0001:0005E6BF  1195 0001:0005E6E2
  1192 0001:0005E6E5  1196 0001:0005E6E8  1199 0001:0005E700  1201 0001:0005E72E
  1202 0001:0005E744  1203 0001:0005E779  1205 0001:0005E828  1205 0001:0005E82F

Line numbers for APIDemo(D:\Work\VSS\EIE\infoX-EIE API\V4.1D10\DLL\Demo\Delphi\APIDemo.dpr) segment .text

     9 0001:0005EA40    10 0001:0005EA50    11 0001:0005EA5C    12 0001:0005EA74
    13 0001:0005EA80

Bound resource files

c:\program files\borland\delphi7\Lib\Buttons.res
c:\program files\borland\delphi7\Lib\ExtDlgs.res
c:\program files\borland\delphi7\Lib\Controls.res
Main.dfm
APIDemo.res
APIDemo.drf


Program entry point at 0001:0005EA40
