
 Start         Length     Name                   Class
 0001:00000000 000617FCH .text                   CODE
 0002:00000000 000012C0H .data                   DATA
 0002:000012C0 00000BEDH .bss                    BSS


Detailed map of segments

 0001:00000000 00004BA7 C=CODE     S=.text    G=(none)   M=System   ACBP=A9
 0001:00004BA8 00000140 C=CODE     S=.text    G=(none)   M=SysInit  ACBP=A9
 0001:00004CE8 00000090 C=CODE     S=.text    G=(none)   M=Types    ACBP=A9
 0001:00004D78 00000CCC C=CODE     S=.text    G=(none)   M=Windows  ACBP=A9
 0001:00005A44 00000038 C=CODE     S=.text    G=(none)   M=Messages ACBP=A9
 0001:00005A7C 00000320 C=CODE     S=.text    G=(none)   M=SysConst ACBP=A9
 0001:00005D9C 00006748 C=CODE     S=.text    G=(none)   M=SysUtils ACBP=A9
 0001:0000C4E4 000007FB C=CODE     S=.text    G=(none)   M=VarUtils ACBP=A9
 0001:0000CCE0 00002A42 C=CODE     S=.text    G=(none)   M=Variants ACBP=A9
 0001:0000F724 00000120 C=CODE     S=.text    G=(none)   M=RTLConsts ACBP=A9
 0001:0000F844 000007E8 C=CODE     S=.text    G=(none)   M=TypInfo  ACBP=A9
 0001:0001002C 00000038 C=CODE     S=.text    G=(none)   M=ActiveX  ACBP=A9
 0001:00010064 000097E2 C=CODE     S=.text    G=(none)   M=Classes  ACBP=A9
 0001:00019848 000002E0 C=CODE     S=.text    G=(none)   M=Consts   ACBP=A9
 0001:00019B28 00008AA3 C=CODE     S=.text    G=(none)   M=Graphics ACBP=A9
 0001:000225CC 00000048 C=CODE     S=.text    G=(none)   M=Math     ACBP=A9
 0001:00022614 000002B8 C=CODE     S=.text    G=(none)   M=Contnrs  ACBP=A9
 0001:000228CC 00000190 C=CODE     S=.text    G=(none)   M=CommCtrl ACBP=A9
 0001:00022A5C 00000787 C=CODE     S=.text    G=(none)   M=MultiMon ACBP=A9
 0001:000231E4 00000038 C=CODE     S=.text    G=(none)   M=Imm      ACBP=A9
 0001:0002321C 00000FF8 C=CODE     S=.text    G=(none)   M=HelpIntfs ACBP=A9
 0001:00024214 00000038 C=CODE     S=.text    G=(none)   M=WinSpool ACBP=A9
 0001:0002424C 00000044 C=CODE     S=.text    G=(none)   M=Printers ACBP=A9
 0001:00024290 0000031F C=CODE     S=.text    G=(none)   M=FlatSB   ACBP=A9
 0001:000245B0 000001A4 C=CODE     S=.text    G=(none)   M=SyncObjs ACBP=A9
 0001:00024754 000009BB C=CODE     S=.text    G=(none)   M=UxTheme  ACBP=A9
 0001:00025110 00000038 C=CODE     S=.text    G=(none)   M=RichEdit ACBP=A9
 0001:00025148 00000038 C=CODE     S=.text    G=(none)   M=ToolWin  ACBP=A9
 0001:00025180 00000038 C=CODE     S=.text    G=(none)   M=ShellAPI ACBP=A9
 0001:000251B8 00000038 C=CODE     S=.text    G=(none)   M=RegStr   ACBP=A9
 0001:000251F0 00000038 C=CODE     S=.text    G=(none)   M=WinInet  ACBP=A9
 0001:00025228 00000038 C=CODE     S=.text    G=(none)   M=UrlMon   ACBP=A9
 0001:00025260 00000038 C=CODE     S=.text    G=(none)   M=ShlObj   ACBP=A9
 0001:00025298 00000038 C=CODE     S=.text    G=(none)   M=CommDlg  ACBP=A9
 0001:000252D0 00000038 C=CODE     S=.text    G=(none)   M=Dlgs     ACBP=A9
 0001:00025308 0000066D C=CODE     S=.text    G=(none)   M=Dialogs  ACBP=A9
 0001:00025978 00000652 C=CODE     S=.text    G=(none)   M=ExtCtrls ACBP=A9
 0001:00025FCC 00000078 C=CODE     S=.text    G=(none)   M=ComStrs  ACBP=A9
 0001:00026044 0000069C C=CODE     S=.text    G=(none)   M=Clipbrd  ACBP=A9
 0001:000266E0 00000038 C=CODE     S=.text    G=(none)   M=StrUtils ACBP=A9
 0001:00026718 000000F5 C=CODE     S=.text    G=(none)   M=Buttons  ACBP=A9
 0001:00026810 00000038 C=CODE     S=.text    G=(none)   M=ExtDlgs  ACBP=A9
 0001:00026848 00000068 C=CODE     S=.text    G=(none)   M=IniFiles ACBP=A9
 0001:000268B0 00000068 C=CODE     S=.text    G=(none)   M=Registry ACBP=A9
 0001:00026918 0000006C C=CODE     S=.text    G=(none)   M=Mapi     ACBP=A9
 0001:00026984 00000058 C=CODE     S=.text    G=(none)   M=ExtActns ACBP=A9
 0001:000269DC 00000038 C=CODE     S=.text    G=(none)   M=ListActns ACBP=A9
 0001:00026A14 00003AD0 C=CODE     S=.text    G=(none)   M=ComCtrls ACBP=A9
 0001:0002A4E4 00000C0C C=CODE     S=.text    G=(none)   M=Themes   ACBP=A9
 0001:0002B0F0 000083D4 C=CODE     S=.text    G=(none)   M=StdCtrls ACBP=A9
 0001:000334C4 00000168 C=CODE     S=.text    G=(none)   M=StdActns ACBP=A9
 0001:0003362C 00000D1F C=CODE     S=.text    G=(none)   M=WinHelpViewer ACBP=A9
 0001:0003434C 00010D5F C=CODE     S=.text    G=(none)   M=Controls ACBP=A9
 0001:000450AC 00001292 C=CODE     S=.text    G=(none)   M=ActnList ACBP=A9
 0001:00046340 000016E4 C=CODE     S=.text    G=(none)   M=ImgList  ACBP=A9
 0001:00047A24 00006639 C=CODE     S=.text    G=(none)   M=Menus    ACBP=A9
 0001:0004E060 0000C410 C=CODE     S=.text    G=(none)   M=Forms    ACBP=A9
 0001:0005A470 00000A2C C=CODE     S=.text    G=(none)   M=MaskUtils ACBP=A9
 0001:0005AE9C 00002998 C=CODE     S=.text    G=(none)   M=Mask     ACBP=A9
 0001:0005D834 0000004C C=CODE     S=.text    G=(none)   M=DateUtils ACBP=A9
 0001:0005D880 00003D14 C=CODE     S=.text    G=(none)   M=Main     ACBP=A9
 0001:00061594 00000265 C=CODE     S=.text    G=(none)   M=DllDemo  ACBP=A9
 0002:00000000 0000009C C=DATA     S=.data    G=DGROUP   M=System   ACBP=A9
 0002:0000009C 00000020 C=DATA     S=.data    G=DGROUP   M=SysInit  ACBP=A9
 0002:000000BC 00000254 C=DATA     S=.data    G=DGROUP   M=SysUtils ACBP=A9
 0002:00000310 00000008 C=DATA     S=.data    G=DGROUP   M=VarUtils ACBP=A9
 0002:00000318 0000008E C=DATA     S=.data    G=DGROUP   M=Variants ACBP=A9
 0002:000003A8 0000000C C=DATA     S=.data    G=DGROUP   M=TypInfo  ACBP=A9
 0002:000003B4 00000064 C=DATA     S=.data    G=DGROUP   M=Classes  ACBP=A9
 0002:00000418 00000304 C=DATA     S=.data    G=DGROUP   M=Graphics ACBP=A9
 0002:0000071C 00000004 C=DATA     S=.data    G=DGROUP   M=Printers ACBP=A9
 0002:00000720 00000074 C=DATA     S=.data    G=DGROUP   M=Dialogs  ACBP=A9
 0002:00000794 00000178 C=DATA     S=.data    G=DGROUP   M=ExtCtrls ACBP=A9
 0002:0000090C 0000002C C=DATA     S=.data    G=DGROUP   M=Buttons  ACBP=A9
 0002:00000938 00000008 C=DATA     S=.data    G=DGROUP   M=IniFiles ACBP=A9
 0002:00000940 00000008 C=DATA     S=.data    G=DGROUP   M=Registry ACBP=A9
 0002:00000948 00000008 C=DATA     S=.data    G=DGROUP   M=Mapi     ACBP=A9
 0002:00000950 00000064 C=DATA     S=.data    G=DGROUP   M=ComCtrls ACBP=A9
 0002:000009B4 00000068 C=DATA     S=.data    G=DGROUP   M=Themes   ACBP=A9
 0002:00000A1C 000000E0 C=DATA     S=.data    G=DGROUP   M=StdCtrls ACBP=A9
 0002:00000AFC 0000013C C=DATA     S=.data    G=DGROUP   M=Controls ACBP=A9
 0002:00000C38 00000020 C=DATA     S=.data    G=DGROUP   M=ImgList  ACBP=A9
 0002:00000C58 000000EC C=DATA     S=.data    G=DGROUP   M=Menus    ACBP=A9
 0002:00000D44 0000011C C=DATA     S=.data    G=DGROUP   M=Forms    ACBP=A9
 0002:00000E60 00000009 C=DATA     S=.data    G=DGROUP   M=MaskUtils ACBP=A9
 0002:00000E6C 00000004 C=DATA     S=.data    G=DGROUP   M=Mask     ACBP=A9
 0002:00002000 00000660 C=BSS      S=.bss     G=DGROUP   M=System   ACBP=A9
 0002:00002660 00000010 C=BSS      S=.bss     G=DGROUP   M=SysInit  ACBP=A9
 0002:00002670 00000004 C=BSS      S=.bss     G=DGROUP   M=Types    ACBP=A9
 0002:00002674 00000004 C=BSS      S=.bss     G=DGROUP   M=Windows  ACBP=A9
 0002:00002678 00000004 C=BSS      S=.bss     G=DGROUP   M=Messages ACBP=A9
 0002:0000267C 00000004 C=BSS      S=.bss     G=DGROUP   M=SysConst ACBP=A9
 0002:00002680 00000120 C=BSS      S=.bss     G=DGROUP   M=SysUtils ACBP=A9
 0002:000027A0 0000005C C=BSS      S=.bss     G=DGROUP   M=VarUtils ACBP=A9
 0002:000027FC 00000040 C=BSS      S=.bss     G=DGROUP   M=Variants ACBP=A9
 0002:0000283C 00000004 C=BSS      S=.bss     G=DGROUP   M=RTLConsts ACBP=A9
 0002:00002840 00000004 C=BSS      S=.bss     G=DGROUP   M=TypInfo  ACBP=A9
 0002:00002844 00000004 C=BSS      S=.bss     G=DGROUP   M=ActiveX  ACBP=A9
 0002:00002848 00000040 C=BSS      S=.bss     G=DGROUP   M=Classes  ACBP=A9
 0002:00002888 00000004 C=BSS      S=.bss     G=DGROUP   M=Consts   ACBP=A9
 0002:0000288C 00000060 C=BSS      S=.bss     G=DGROUP   M=Graphics ACBP=A9
 0002:000028EC 00000004 C=BSS      S=.bss     G=DGROUP   M=Math     ACBP=A9
 0002:000028F0 00000004 C=BSS      S=.bss     G=DGROUP   M=Contnrs  ACBP=A9
 0002:000028F4 0000000C C=BSS      S=.bss     G=DGROUP   M=CommCtrl ACBP=A9
 0002:00002900 00000031 C=BSS      S=.bss     G=DGROUP   M=MultiMon ACBP=A9
 0002:00002934 00000004 C=BSS      S=.bss     G=DGROUP   M=Imm      ACBP=A9
 0002:00002938 00000008 C=BSS      S=.bss     G=DGROUP   M=HelpIntfs ACBP=A9
 0002:00002940 00000004 C=BSS      S=.bss     G=DGROUP   M=WinSpool ACBP=A9
 0002:00002944 00000004 C=BSS      S=.bss     G=DGROUP   M=Printers ACBP=A9
 0002:00002948 00000034 C=BSS      S=.bss     G=DGROUP   M=FlatSB   ACBP=A9
 0002:0000297C 00000004 C=BSS      S=.bss     G=DGROUP   M=SyncObjs ACBP=A9
 0002:00002980 000000CC C=BSS      S=.bss     G=DGROUP   M=UxTheme  ACBP=A9
 0002:00002A4C 00000004 C=BSS      S=.bss     G=DGROUP   M=RichEdit ACBP=A9
 0002:00002A50 00000004 C=BSS      S=.bss     G=DGROUP   M=ToolWin  ACBP=A9
 0002:00002A54 00000004 C=BSS      S=.bss     G=DGROUP   M=ShellAPI ACBP=A9
 0002:00002A58 00000004 C=BSS      S=.bss     G=DGROUP   M=RegStr   ACBP=A9
 0002:00002A5C 00000004 C=BSS      S=.bss     G=DGROUP   M=WinInet  ACBP=A9
 0002:00002A60 00000004 C=BSS      S=.bss     G=DGROUP   M=UrlMon   ACBP=A9
 0002:00002A64 00000004 C=BSS      S=.bss     G=DGROUP   M=ShlObj   ACBP=A9
 0002:00002A68 00000004 C=BSS      S=.bss     G=DGROUP   M=CommDlg  ACBP=A9
 0002:00002A6C 00000004 C=BSS      S=.bss     G=DGROUP   M=Dlgs     ACBP=A9
 0002:00002A70 0000000C C=BSS      S=.bss     G=DGROUP   M=Dialogs  ACBP=A9
 0002:00002A7C 00000004 C=BSS      S=.bss     G=DGROUP   M=ExtCtrls ACBP=A9
 0002:00002A80 00000004 C=BSS      S=.bss     G=DGROUP   M=ComStrs  ACBP=A9
 0002:00002A84 0000000C C=BSS      S=.bss     G=DGROUP   M=Clipbrd  ACBP=A9
 0002:00002A90 00000004 C=BSS      S=.bss     G=DGROUP   M=StrUtils ACBP=A9
 0002:00002A94 00000030 C=BSS      S=.bss     G=DGROUP   M=Buttons  ACBP=A9
 0002:00002AC4 00000004 C=BSS      S=.bss     G=DGROUP   M=ExtDlgs  ACBP=A9
 0002:00002AC8 00000004 C=BSS      S=.bss     G=DGROUP   M=IniFiles ACBP=A9
 0002:00002ACC 00000004 C=BSS      S=.bss     G=DGROUP   M=Registry ACBP=A9
 0002:00002AD0 00000004 C=BSS      S=.bss     G=DGROUP   M=Mapi     ACBP=A9
 0002:00002AD4 00000009 C=BSS      S=.bss     G=DGROUP   M=ExtActns ACBP=A9
 0002:00002AE0 00000004 C=BSS      S=.bss     G=DGROUP   M=ListActns ACBP=A9
 0002:00002AE4 00000010 C=BSS      S=.bss     G=DGROUP   M=ComCtrls ACBP=A9
 0002:00002AF4 00000008 C=BSS      S=.bss     G=DGROUP   M=Themes   ACBP=A9
 0002:00002AFC 00000004 C=BSS      S=.bss     G=DGROUP   M=StdCtrls ACBP=A9
 0002:00002B00 00000004 C=BSS      S=.bss     G=DGROUP   M=StdActns ACBP=A9
 0002:00002B04 00000014 C=BSS      S=.bss     G=DGROUP   M=WinHelpViewer ACBP=A9
 0002:00002B18 00000080 C=BSS      S=.bss     G=DGROUP   M=Controls ACBP=A9
 0002:00002B98 00000004 C=BSS      S=.bss     G=DGROUP   M=ActnList ACBP=A9
 0002:00002B9C 0000000C C=BSS      S=.bss     G=DGROUP   M=ImgList  ACBP=A9
 0002:00002BA8 00000010 C=BSS      S=.bss     G=DGROUP   M=Menus    ACBP=A9
 0002:00002BB8 00000020 C=BSS      S=.bss     G=DGROUP   M=Forms    ACBP=A9
 0002:00002BD8 00000004 C=BSS      S=.bss     G=DGROUP   M=MaskUtils ACBP=A9
 0002:00002BDC 00000004 C=BSS      S=.bss     G=DGROUP   M=Mask     ACBP=A9
 0002:00002BE0 00000004 C=BSS      S=.bss     G=DGROUP   M=DateUtils ACBP=A9
 0002:00002BE4 00000008 C=BSS      S=.bss     G=DGROUP   M=Main     ACBP=A9


  Address         Publics by Name

 0002:00002B0C       .1
 0002:00002678       .1
 0002:00002AD0       .1
 0002:0000267C       .1
 0002:00002BE0       .1
 0002:00002A90       .1
 0002:00002888       .1
 0002:00002A80       .1
 0002:00002A6C       .1
 0002:0000283C       .1
 0002:00002A68       .1
 0002:00002A64       .1
 0002:00002A60       .1
 0002:00002670       .1
 0002:00002A5C       .1
 0002:000028F4       .1
 0002:00002920       .1
 0002:00002934       .1
 0002:00002A58       .1
 0002:00002A54       .1
 0002:00002A4C       .1
 0002:00002968       .1
 0002:00002A3C       .1
 0002:00002668       .1
 0002:00002A70       .11
 0002:00002890       .12
 0002:00002A7C       .12
 0002:00002938       .2
 0002:00002AF4       .2
 0002:00002A88       .2
 0002:000028EC       .2
 0002:00002BE8       .2
 0002:00002BD8       .2
 0002:000028F0       .21
 0002:00002844       .3
 0002:00002674       .3
 0002:00002940       .3
 0002:00002944       .3
 0002:00002B9C       .3
 0002:00002AC4       .3
 0002:00002790       .35
 0002:00002AE4       .36
 0002:00002A94       .4
 0002:00002A50       .4
 0002:00002BC0       .41
 0002:00002AFC       .42
 0002:00002854       .45
 0002:00002ACC       .5
 0002:000025B8       .5
 0002:00002BDC       .5
 0002:000027F8       .5
 0002:00002840       .6
 0002:0000297C       .6
 0002:00002AD4       .72
 0002:00002B20       .72
 0002:00002B00       .73
 0002:00002AE0       .8
 0002:00002AC8       .8
 0002:00002B98       .8
 0002:0000281C       .81
 0002:00002BB0       .9
 0001:00001940       @AbstractError
 0001:000024B4       @AfterConstruction
 0001:000022E8       @AsClass
 0001:00001AE4       @AStrCmp
 0001:000024C4       @BeforeDestruction
 0001:00002334       @CallDynaInst
 0001:0000245C       @ClassCreate
 0001:000024AC       @ClassDestroy
 0001:000019B0       @Close
 0001:0000186C       @Copy
 0001:00003B5C       @CopyArray
 0001:00003A40       @CopyRecord
 0001:00003C50       @DispCallByIDError
 0001:0000D780       @DispInvokeError
 0001:00002940       @DoneExcept
 0001:00003E80       @DynArrayAsg
 0001:00003E44       @DynArrayClear
 0001:00003C84       @DynArrayHigh
 0001:00003C7C       @DynArrayLength
 0001:00003E38       @DynArraySetLength
 0001:00002A28       @ExceptionHandler
 0001:00001B54       @FillChar
 0001:00003A1C       @Finalize
 0001:00003930       @FinalizeArray
 0001:000038E4       @FinalizeRecord
 0001:0000234C       @FindDynaInst
 0001:00002074       @FpuInit
 0001:00001FB0       @FpuMaskInit
 0001:000016F4       @FreeMem
 0001:000016D4       @GetMem
 0001:00004C20       @GetTls
 0001:00002E70       @Halt
 0001:00002D98       @Halt0
 0001:000025D8       @HandleAnyException
 0001:0000288C       @HandleFinally
 0001:00002704       @HandleOnException
 0001:00004C6C       @InitExe
 0001:00003850       @InitializeArray
 0001:00003820       @InitializeRecord
 0001:00002C5C       @InitImports
 0001:00002C34       @InitResStringImports
 0001:00002C10       @InitResStrings
 0001:00004564       @IntfAddRef
 0001:00004534       @IntfCast
 0001:000044F0       @IntfClear
 0001:00004508       @IntfCopy
 0001:000022C4       @IsClass
 0001:00001F80       @isNECWindows
 0001:00003338       @LStrAddRef
 0001:00002EAC       @LStrArrayClr
 0001:00002EDC       @LStrAsg
 0001:00003150       @LStrCat
 0001:00003194       @LStrCat3
 0001:00003208       @LStrCatN
 0001:00002E88       @LStrClr
 0001:00003294       @LStrCmp
 0001:000033A8       @LStrCopy
 0001:000033E8       @LStrDelete
 0001:000030F8       @LStrFromArray
 0001:00003070       @LStrFromChar
 0001:00003080       @LStrFromPChar
 0001:00002F78       @LStrFromPCharLen
 0001:000030B0       @LStrFromPWChar
 0001:00002FE4       @LStrFromPWCharLen
 0001:000030EC       @LStrFromString
 0001:00003110       @LStrFromWStr
 0001:00003430       @LStrInsert
 0001:00002F20       @LStrLAsg
 0001:00003148       @LStrLen
 0001:00003538       @LStrOfChar
 0001:0000348C       @LStrPos
 0001:000034D4       @LStrSetLength
 0001:00003348       @LStrToPChar
 0001:00003124       @LStrToString
 0001:00002F4C       @NewAnsiString
 0001:0000356C       @NewWideString
 0001:00001C94       @Pow10
 0001:00001A60       @PStrCmp
 0001:00001A38       @PStrCpy
 0001:00001A08       @PStrNCat
 0001:00001A44       @PStrNCpy
 0001:000028EC       @RaiseAgain
 0001:000028C4       @RaiseExcept
 0001:00001714       @ReallocMem
 0001:00001934       @ROUND
 0001:00002E7C       @RunError
 0001:00001C78       @SetEq
 0001:00002BD0       @StartExe
 0001:000002B4       @strlen
 0001:00002970       @TryFinallyExit
 0001:000033A0       @UniqueStringA
 0001:00001B74       @ValLong
 0001:0000EE78       @VarAddRef
 0001:0000DA6C       @VarClear
 0001:00003918       @VarClr
 0001:0000DA80       @VarClr
 0001:0000DD94       @VarCopy
 0001:00003A28       @VarCopy
 0001:0000EDB0       @VarFromBool
 0001:0000EE00       @VarFromCurr
 0001:0000ED48       @VarFromInt
 0001:0000ED84       @VarFromInt64
 0001:0000EE14       @VarFromLStr
 0001:0000EDD8       @VarFromReal
 0001:0000EDEC       @VarFromTDateTime
 0001:0000EE40       @VarFromWStr
 0001:0000D7D4       @VarNull
 0001:0000E0C0       @VarToLStr
 0001:0000E7E8       @VarToWStr
 0001:000035AC       @WStrArrayClr
 0001:000035D0       @WStrAsg
 0001:00003594       @WStrClr
 0001:0000370C       @WStrCmp
 0001:00003790       @WStrCopy
 0001:000036E0       @WStrFromLStr
 0001:000035F4       @WStrFromPCharLen
 0001:000036A4       @WStrFromPWChar
 0001:00003680       @WStrFromPWCharLen
 0001:00003700       @WStrLen
 0001:000037DC       @WStrSetLength
 0001:000036F0       @WStrToPWChar
 0001:00001C54       @_CLenToPasStr
 0001:00001C48       @_CToPasStr
 0001:0000183C       @_IOTest
 0001:00003C58       @_llmul
 0001:00037034       AbsMin
 0001:0000A8BC       AbstractErrorHandler
 0002:00002028       AbstractErrorProc
 0002:00000140       AccessMode
 0001:000017A4       AcquireExceptionObject
 0001:000123C0       ActivateClassGroup
 0001:0000526C       ActivateKeyboardLayout
 0002:00002B54       ActiveDrag
 0001:0001005C       ActiveX
 0001:00046314       ActnList
 0001:000003E0       AddBlockAfter
 0002:000003B4       AddDataModule
 0001:000069DC       AddExitProc
 0001:000154D8       AddFinished
 0001:00049658       AddIn
 0001:00004384       AddModuleUnloadProc
 0001:00004394       AddModuleUnloadProc
 0001:00015510       AddNotFinished
 0001:00015F34       AddSubComponentsToLoaded
 0001:0001D4A8       AdjustColor
 0001:00006CB4       AdjustLineBreaks
 0001:00050670       Adjustment
 0001:00005274       AdjustWindowRectEx
 0002:00000A24       Alignments
 0002:00000A64       Alignments
 0002:00000D2C       Alignments
 0002:00000D1C       Alignments
 0002:00000980       AlignStyles
 0001:00057568       AlignWork
 0001:0003C6A0       AlignWork
 0001:00019628       AllocateHWnd
 0001:00006990       AllocMem
 0002:000025B0       AllocMemCount
 0002:000025B4       AllocMemSize
 0001:000223C4       AllocPatternBitmap
 0001:00004BC8       AllocTlsBuffer
 0002:00000B08       AnchorAlign
 0002:00000AFC       AnimateWindowProc
 0002:00000C04       AnimationStyle
 0001:00006BBC       AnsiCompareStr
 0001:00006BF4       AnsiCompareText
 0001:0000734C       AnsiLastChar
 0001:0000527C       AnsiLower
 0001:00006B88       AnsiLowerCase
 0001:0000B1F4       AnsiLowerCaseFileName
 0001:0000B1BC       AnsiPos
 0001:0004DE6C       AnsiSameCaption
 0001:00006C2C       AnsiSameText
 0001:00006C44       AnsiStrLIComp
 0001:0000B280       AnsiStrPos
 0001:0000B320       AnsiStrRScan
 0001:0000B348       AnsiStrScan
 0001:00004964       AnsiToUtf8
 0001:00006B54       AnsiUpperCase
 0001:0000889C       AppendChars
 0001:00008C60       AppendFormat
 0001:00008900       AppendNumber
 0001:000088E0       AppendString
 0002:00002BB8       Application
 0002:000003C4       ApplicationHandleException
 0002:000003CC       ApplicationShowException
 0002:00000E58       AppVisible
 0002:00000E6C       ArrowKey
 0001:0000A8A0       AssertErrorHandler
 0002:00002020       AssertErrorProc
 0001:0000FAF4       AssignLongStr
 0001:0000FE98       AssignVariant
 0002:00002608       avail
 0001:00007488       BackfillGetDiskFreeSpaceEx
 0001:00039BC8       BackgroundClipped
 0001:0000C774       BackupVarBoolFromStr
 0001:0000C8D4       BackupVarBStrFromBool
 0001:0000C7F4       BackupVarBStrFromCy
 0001:0000C864       BackupVarBStrFromDate
 0001:0000C708       BackupVarCyFromStr
 0001:0000C69C       BackupVarDateFromStr
 0001:0000C558       BackupVarI4FromStr
 0001:0000C504       BackupVariantChangeTypeEx
 0001:0000C5C4       BackupVarR4FromStr
 0001:0000C630       BackupVarR8FromStr
 0001:00012718       BeginGlobalLoading
 0001:00005284       BeginPaint
 0001:0001D4B4       BetterSize
 0001:0004A4CC       BiDiDraw
 0001:00005064       BitBlt
 0002:0000090C       BitBtnCaptions
 0002:00002A98       BitBtnGlyphs
 0002:000006D0       BitmapCanvasList
 0002:000028A8       BitmapImageLock
 0001:0000C540       BiUnimplemented
 0002:000003EC       BlockCode
 0002:000025E0       blockDescBlockList
 0002:000025E4       blockDescFreeList
 0002:000003A8       BooleanIdents
 0002:00000324       BooleanToStringRule
 0001:000071E4       BoolToStr
 0001:0000DE48       BoolToWStrViaOS
 0002:00000A1C       BorderStyles
 0001:000116D8       Bounds
 0001:00004D24       Bounds
 0002:00000CC4       Breaks
 0002:000028E0       BrushManager
 0001:0004CC80       BuildImage
 0002:00000768       ButtonCaptions
 0002:0000073C       ButtonNames
 0002:00000D40       Buttons
 0001:000267E8       Buttons
 0002:00000AF4       ButtonStyles
 0001:0001CC94       BytesPerScanline
 0001:0001CFEC       ByteSwapColors
 0001:0000AF70       ByteToCharIndex
 0001:0000AF48       ByteToCharLen
 0001:0000AF0C       ByteType
 0001:0000AE94       ByteTypeTest
 0002:00002BA0       CachedComCtrlVer
 0001:00019564       CalcJmpOffset
 0001:00044380       CalcSplitterPos
 0001:0000528C       CallNextHookEx
 0001:0000BA14       CallTerminateProcs
 0001:00005294       CallWindowProc
 0001:0003806C       CancelDrag
 0002:000028E4       CanvasList
 0002:00002B68       CanvasList
 0002:00000728       Captions
 0002:00000BC0       CaptureControl
 0002:00000C64       cBooleanToItemAutoFlag
 0002:00002A86       CF_COMPONENT
 0002:00002A84       CF_PICTURE
 0002:00002814       ChangeAnyProc
 0001:000365EC       ChangeBiDiModeAlignment
 0002:00000A44       CharCases
 0002:00000AA8       CharCases
 0001:00002FA8       CharFromWChar
 0001:0000B144       CharLength
 0001:0000529C       CharLowerBuff
 0001:000052A4       CharNext
 0001:00000234       CharNext
 0001:0001B518       CharsetToIdent
 0001:0000B058       CharToByteIndex
 0001:0000B0BC       CharToByteLen
 0001:000052AC       CharToOemA
 0001:000052B4       CharUpperBuff
 0001:0001DA7C       CheckBool
 0001:00002554       CheckJmp
 0001:000052BC       CheckMenuItem
 0002:00000CB4       Checks
 0001:00015F70       CheckSubComponents
 0001:0001833C       CheckSynchronize
 0001:000500A4       CheckTaskWindow
 0001:00037D20       CheckUndock
 0001:0000AD88       CheckWin32Version
 0002:00000328       CInvalidCustomVariantType
 0002:00000C68       cItemAutoFlagToBoolean
 0002:00000C60       cItemAutoFlagToMenu
 0001:000197B4       Classes
 0001:00012184       ClassNotFound
 0002:00002810       ClearAnyProc
 0001:0001ADA8       ClearColor
 0001:0000F1B4       ClearVariantTypeList
 0001:000052C4       ClientToScreen
 0001:00041968       ClientToWindow
 0001:0002659C       Clipboard
 0002:000006C8       ClipboardFormats
 0001:00026688       Clipbrd
 0001:000052CC       CloseClipboard
 0001:00004E5C       CloseHandle
 0001:0005EAF4       CloseObject
 0002:00002984       CloseThemeData
 0002:0000203C       CmdLine
 0002:00002038       CmdShow
 0002:00000C5C       cMenuAutoFlagToItem
 0001:0000C54C       CmpUnimplemented
 0002:00000448       Colors
 0001:0001B310       ColorToIdent
 0002:00000794       ColorToPretyName
 0001:0001B300       ColorToRGB
 0002:00000A94       ComboBoxStyles
 0002:000028F8       ComCtl32DLL
 0002:00002AF0       ComCtlVersion
 0001:0002A4DC       ComCtrls
 0002:00002BB4       CommandPool
 0001:00022A54       CommCtrl
 0001:000252C8       CommDlg
 0001:000006C0       Commit
 0002:00002624       committedRoot
 0001:00048C3C       CompareFront
 0001:00006ABC       CompareMem
 0001:00006A8C       CompareStr
 0001:00004E64       CompareString
 0001:00006ADC       CompareText
 0001:0000710C       CompareWith
 0001:00016050       ComponentCreated
 0001:0001D84C       ComputeAldusChecksum
 0001:0002603C       ComStrs
 0001:00019B20       Consts
 0001:000228C4       Contnrs
 0002:00002B26       ControlAtom
 0002:00002B2C       ControlAtomString
 0001:00054E38       ControlHasHelp
 0001:0004501C       Controls
 0001:0000A2FC       ConvertAddr
 0001:000089F0       ConvertEraString
 0001:00006954       ConvertError
 0001:0000696C       ConvertErrorFmt
 0001:00008B58       ConvertYearString
 0001:00003C8C       CopyArray
 0001:0001FA04       CopyBitmap
 0001:000200CC       CopyBitmapAsMask
 0001:0000506C       CopyEnhMetaFile
 0001:00020068       CopyPalette
 0002:000009B8       Copyright
 0001:0004BD2C       CopyToBest
 0001:0000AFC8       CountChars
 0002:000028C0       CounterLock
 0002:0000032C       CRangeToType
 0001:0000A7E4       CreateAssertException
 0001:0000A96C       CreateAVObject
 0001:00005074       CreateBitmap
 0001:0000507C       CreateBrushIndirect
 0001:00005084       CreateCompatibleBitmap
 0001:0000508C       CreateCompatibleDC
 0001:000160D0       CreateComponent
 0001:0000509C       CreateDIBitmap
 0001:00005094       CreateDIBSection
 0001:00004E6C       CreateEvent
 0001:00004E74       CreateFile
 0001:000050A4       CreateFontIndirect
 0001:000050AC       CreateHalftonePalette
 0001:000052D4       CreateIcon
 0001:0000A710       CreateInOutError
 0001:000052DC       CreateMenu
 0001:000050B4       CreatePalette
 0001:000050BC       CreatePenIndirect
 0001:000052E4       CreatePopupMenu
 0001:000050C4       CreateSolidBrush
 0001:0001D044       CreateSystemPalette
 0001:00004E7C       CreateThread
 0001:000058BC       CreateWindow
 0001:00005864       CreateWindowEx
 0002:00000720       CreationControl
 0002:00000B00       CreationControl
 0002:00000394       CRelationshipToBoolean
 0002:00000310       CResult
 0002:00000138       cSimpleBoolStrs
 0002:00000340       CText
 0002:00000AEC       Ctl3DStyles
 0002:00000BFC       Ctl3DStyles
 0002:0000261C       curAlloc
 0002:00002688       CurrencyDecimals
 0002:00002684       CurrencyFormat
 0002:00002680       CurrencyString
 0001:00008888       CurrentYear
 0001:00008334       CurrToStr
 0001:0000DDD8       CurrToWStrViaOS
 0002:00000DDC       CursorMap
 0002:00000B10       Cursors
 0001:0003690C       CursorToIdent
 0002:00000DCC       cUseAlpha
 0002:00000DD4       cUseColorKey
 0001:00006E80       CvtInt
 0001:00006EEC       CvtInt64
 0002:00000178       CWNear
 0001:0000880C       Date
 0002:00002689       DateSeparator
 0001:00009470       DateTimeToStr
 0001:00009414       DateTimeToString
 0001:000083F4       DateTimeToTimeStamp
 0001:0000DE10       DateToWStrViaOS
 0001:0005D878       DateUtils
 0001:000087E4       DayOfWeek
 0002:00000174       DCon10
 0002:00000444       DDBsOnly
 0001:000196DC       DeallocateHWnd
 0002:00000028       DebugHook
 0002:00002687       DecimalSeparator
 0001:000087C4       DecodeDate
 0001:00008678       DecodeDateFully
 0001:000084E8       DecodeTime
 0001:00000754       Decommit
 0001:00000D70       DecommitFree
 0002:000025F8       decommittedRoot
 0001:00052AC0       Default
 0001:00058190       Default
 0002:00000020       Default8087CW
 0002:00000E60       DefaultBlank
 0002:00000B04       DefaultDockTreeClass
 0002:000025BC       DefaultUserCodePage
 0002:00000698       DefBrushData
 0002:00000418       DefFontData
 0001:000052EC       DefFrameProc
 0002:00000204       DefLongDayNames
 0002:000001B8       DefLongMonthNames
 0001:000052F4       DefMDIChildProc
 0002:00000678       DefPenData
 0002:000001E8       DefShortDayNames
 0002:00000188       DefShortMonthNames
 0001:000052FC       DefWindowProc
 0001:00003ED8       DelayLoadResourceModule
 0001:00000410       DeleteBlock
 0001:00004E84       DeleteCriticalSection
 0001:00000380       DeleteCriticalSection
 0001:000050CC       DeleteDC
 0001:000050D4       DeleteEnhMetaFile
 0001:00000BB8       DeleteFree
 0001:00005304       DeleteMenu
 0001:000050DC       DeleteObject
 0001:00032430       DeleteSelectedText
 0001:0001F5C0       DeselectBitmap
 0001:0000530C       DestroyCursor
 0001:00005314       DestroyIcon
 0001:00026718       DestroyLocals
 0001:0000531C       DestroyMenu
 0001:00005324       DestroyWindow
 0001:00034000       DialogEnumerationTester
 0001:00025938       Dialogs
 0002:000006D4       DIBPalSizes
 0002:0000008C       dig
 0001:0004FEF8       DisableTaskWindows
 0001:0000532C       DispatchMessage
 0001:00056118       DispatchShortCut
 0002:00002000       DispCallByIDProc
 0001:00006938       DivMod
 0001:00025300       Dlgs
 0001:000617B4       DllDemo
 0001:0005741C       DoAlign
 0001:0003C530       DoAlign
 0001:00040628       DoCalcConstraints
 0002:00002B5C       DockSiteList
 0001:0004C94C       DoClick
 0001:0003DC74       DoControlMsg
 0001:0004FEA8       DoDisableWindow
 0001:0003764C       DoDragOver
 0001:000069B0       DoExitProc
 0001:00042654       DoFindControlZone
 0001:0004FFE4       DoFindWindow
 0001:00042BE0       DoFindZone
 0001:000426D8       DoForEach
 0001:00043FE4       DoGetNextLimit
 0001:0004FE70       DoneApplication
 0001:00044D44       DoneControls
 0001:0000AC98       DoneExceptions
 0001:00054494       DoNestedActivation
 0001:000182FC       DoneThreadSynchronization
 0001:0003C0F0       DoPosition
 0001:0005726C       DoPosition
 0001:0004360C       DoPrune
 0001:00043AE4       DoSaveZone
 0001:00043CE8       DoSetNewBounds
 0002:000003B0       DotSep
 0001:0001DCD4       DoWrite
 0001:000135A4       DoWrite
 0001:0001E70C       DoWrite
 0001:0004729C       DoWrite
 0001:0003D25C       DoWriteDesignSize
 0001:0003ACC8       DoWriteIsControl
 0002:00002B40       DragCapture
 0002:00002B34       DragControl
 0001:00037D94       DragDone
 0001:000375FC       DragFindTarget
 0001:000375D0       DragFindWindow
 0002:00002B58       DragImageList
 0001:000379EC       DragInit
 0001:00037B5C       DragInitControl
 0002:00002B3C       DragInternalObject
 0001:00037518       DragMessage
 0002:00002B38       DragObject
 0002:00002B64       DragSave
 0002:00002B4C       DragSaveCursor
 0002:00002B44       DragStartPos
 0002:00002B50       DragThreshold
 0001:0003771C       DragTo
 0001:000581CC       DrawAppIcon
 0001:00043178       DrawCloseButton
 0001:00005334       DrawEdge
 0001:0000533C       DrawFocusRect
 0001:00005344       DrawFrameControl
 0001:000431D0       DrawGrabberLine
 0001:0000534C       DrawIcon
 0001:00005354       DrawIconEx
 0002:00000C38       DrawingStyles
 0001:0000535C       DrawMenuBar
 0001:0004DC8C       DrawMenuItem
 0001:00005364       DrawText
 0002:00002988       DrawThemeBackground
 0002:000029AC       DrawThemeEdge
 0002:000029B0       DrawThemeIcon
 0002:00002A34       DrawThemeParentBackground
 0002:0000298C       DrawThemeText
 0001:0001CB14       DupBits
 0001:00003CA4       DynArrayClear
 0001:00003CAC       DynArraySetLength
 0002:00000D24       EdgeStyle
 0002:00000BEC       EdgeStyles
 0002:00000ADC       EdgeStyles
 0001:0000A6E4       EHeapException.FreeInstance
 0002:00000A60       Empty
 0001:0000536C       EmptyClipboard
 0002:000027FC       EmptyParam
 0002:000000BC       EmptyStr
 0002:000000C0       EmptyWideStr
 0001:00005374       EnableMenuItem
 0002:00000CBC       Enables
 0001:0000537C       EnableScrollBar
 0001:0004FFAC       EnableTaskWindows
 0002:00002A1C       EnableThemeDialogTexture
 0002:00002A38       EnableTheming
 0001:00005384       EnableWindow
 0001:00008648       EncodeDate
 0001:000084A8       EncodeTime
 0001:000127A0       EndGlobalLoading
 0001:0000538C       EndPaint
 0001:00004E8C       EnterCriticalSection
 0001:00000370       EnterCriticalSection
 0001:00004E94       EnumCalendarInfoA
 0001:00005394       EnumClipboardFormats
 0002:0000291C       EnumDisplayMonitors
 0001:00009F70       EnumEraNames
 0001:00009FAC       EnumEraYearOffsets
 0001:00053084       EnumMonitorsProc
 0001:0000539C       EnumThreadWindows
 0001:00015880       EnumValue
 0001:000053A4       EnumWindows
 0001:000053AC       EqualRect
 0002:00002750       EraNames
 0001:000096FC       EraToYear
 0002:0000276C       EraYearOffsets
 0002:00000064       errCaption
 0001:00001830       Error
 0001:00015064       Error
 0001:0004898C       Error
 0001:00011D28       Error
 0002:00000004       ErrorAddr
 0001:000017E4       ErrorAt
 0001:0000A790       ErrorHandler
 0002:00000220       ErrorMap
 0002:00002008       ErrorProc
 0002:000023E4       ErrOutput
 0001:00001784       ExceptAddr
 0002:0000200C       ExceptClsProc
 0001:0000AC04       ExceptHandler
 0001:0000A558       Exception.Create
 0001:0000A594       Exception.CreateFmt
 0001:0000A614       Exception.CreateRes
 0001:0000A650       Exception.CreateResFmt
 0002:0000201C       ExceptionClass
 0001:0000A308       ExceptionErrorMessage
 0002:00000258       ExceptMap
 0001:00001764       ExceptObject
 0002:00002010       ExceptObjProc
 0002:00002004       ExceptProc
 0001:000050E4       ExcludeClipRect
 0002:00000000       ExitCode
 0001:00002CDC       ExitDll
 0002:00002044       ExitProc
 0001:0000023C       ExitProcess
 0002:00002024       ExitProcessProc
 0002:00000134       ExitProcList
 0001:0000744C       ExpandFileName
 0001:000269D4       ExtActns
 0001:00025F9C       ExtCtrls
 0001:00026840       ExtDlgs
 0001:00007404       ExtractFileExt
 0001:000073CC       ExtractFileName
 0001:000050EC       ExtTextOut
 0002:0000278C       FalseBoolStrs
 0002:00002A8C       FClipboard
 0002:00000168       FCon1E18
 0001:00007344       FileClose
 0001:00007288       FileCreate
 0001:000072AC       FileCreate
 0002:000006CC       FileFormats
 0002:00000008       FileMode
 0001:00007230       FileOpen
 0001:000072B4       FileRead
 0002:000003DC       FilerSignature
 0001:0000730C       FileSeek
 0001:000072E0       FileWrite
 0001:00000CA0       FillAfterGap
 0001:00000C4C       FillBeforeGap
 0001:00000D38       FillerSizeAfterGap
 0001:00000CC8       FillerSizeBeforeGap
 0001:000053B4       FillRect
 0001:0004DF68       Finalization
 0001:00061594       Finalization
 0001:00004D40       Finalization
 0001:0006155C       Finalization
 0001:0000CCA0       Finalization
 0001:000231A4       Finalization
 0001:000231E4       Finalization
 0001:000250A0       Finalization
 0001:00025110       Finalization
 0001:00004CB0       Finalization
 0001:00044FB4       Finalization
 0001:000268C8       Finalization
 0001:00025148       Finalization
 0001:00026984       Finalization
 0001:00025180       Finalization
 0001:0002B0A4       Finalization
 0001:00034278       Finalization
 0001:000251B8       Finalization
 0001:00026810       Finalization
 0001:00024214       Finalization
 0001:000251F0       Finalization
 0001:000223FC       Finalization
 0001:00005A0C       Finalization
 0001:00025228       Finalization
 0001:000462E4       Finalization
 0001:00005A44       Finalization
 0001:000225DC       Finalization
 0001:00025260       Finalization
 0001:00005D64       Finalization
 0001:00004A80       Finalization
 0001:00025298       Finalization
 0001:000252D0       Finalization
 0001:000258DC       Finalization
 0001:00025F54       Finalization
 0001:000479EC       Finalization
 0001:0005A3D0       Finalization
 0001:00022894       Finalization
 0001:0002471C       Finalization
 0001:0002600C       Finalization
 0001:0000F600       Finalization
 0001:00024570       Finalization
 0001:0003348C       Finalization
 0001:0000F80C       Finalization
 0001:0002424C       Finalization
 0001:0002664C       Finalization
 0001:000266E0       Finalization
 0001:000269DC       Finalization
 0001:00026860       Finalization
 0001:000267B0       Finalization
 0001:0000FFD4       Finalization
 0001:0001002C       Finalization
 0001:0002A464       Finalization
 0001:0002692C       Finalization
 0001:0005D7FC       Finalization
 0001:0005D848       Finalization
 0001:0000C2E4       Finalization
 0001:0005AE64       Finalization
 0001:00019704       Finalization
 0001:00022A24       Finalization
 0001:000335F4       Finalization
 0001:00019AF0       Finalization
 0001:000241CC       Finalization
 0001:00003C9C       FinalizeArray
 0001:00002B10       FinalizeUnits
 0001:0004C70C       Find
 0001:00003F48       FindBS
 0001:00012244       FindClass
 0001:00003ED0       FindClassHInstance
 0001:0000024C       FindClose
 0001:00000C1C       FindCommitted
 0001:000366EC       FindControl
 0001:00042E0C       FindControlAtPos
 0001:0000F458       FindCustomVariantType
 0001:0000F510       FindCustomVariantType
 0001:000380B8       FindDragTarget
 0001:00016280       FindExistingComponent
 0001:00000254       FindFirstFile
 0001:000500F0       FindGlobalComponent
 0001:00012630       FindGlobalComponent
 0002:00002860       FindGlobalComponentProcs
 0001:00003EA8       FindHInstance
 0001:000124D8       FindIdentToInt
 0002:00002A78       FindMsg
 0001:00015410       FindNestedComponent
 0001:00048954       FindPopupControl
 0001:0000C968       FindProc
 0001:00004E9C       FindResource
 0001:00003F20       FindResourceHInstance
 0001:00059C24       FindScanline
 0001:00050048       FindTopMostWindow
 0001:00017164       FindUniqueName
 0001:00038084       FindVCLWindow
 0001:000053BC       FindWindow
 0001:00034058       FindWinHelp
 0001:0001F9B8       FixupBitFields
 0002:00000D34       Flags
 0002:0000279C       FLanguages
 0001:000245A0       FlatSB
 0002:00002948       FlatSB_EnableScrollBar
 0002:00002954       FlatSB_GetScrollInfo
 0002:00002958       FlatSB_GetScrollPos
 0002:00002950       FlatSB_GetScrollRange
 0002:00002960       FlatSB_SetScrollInfo
 0002:0000295C       FlatSB_SetScrollPos
 0001:00024290       FlatSB_SetScrollProp
 0002:00002964       FlatSB_SetScrollRange
 0002:0000294C       FlatSB_ShowScrollBar
 0001:00007FC4       FloatToDecimal
 0001:00008304       FloatToStr
 0001:00007CF0       FloatToText
 0001:000019A4       Flush
 0002:0000017C       FMSecsPerDay
 0001:00007BEC       FmtStr
 0002:00000D50       FocusCount
 0002:00000D4C       FocusMessages
 0002:000005E8       FontCharsets
 0002:000028D8       FontManager
 0001:000500C4       ForegroundTask
 0002:00000184       Format
 0001:00007BD8       Format
 0001:000077E0       FormatBuf
 0001:000077D4       FormatClearStr
 0001:00009484       FormatDateTime
 0001:00007758       FormatError
 0002:00000160       FormatErrorStrs
 0001:00004EA4       FormatMessage
 0001:000077B0       FormatVarToStr
 0001:0005A42C       Forms
 0001:00001C8C       FPower10
 0002:0000071C       FPrinter
 0001:000053C4       FrameRect
 0001:0000BEC4       FreeAndNil
 0001:00000988       FreeCommitted
 0001:00000EA8       FreeCurAlloc
 0001:00038178       FreeDeviceContext
 0001:00038234       FreeDeviceContexts
 0001:000194D0       FreeIntConstList
 0001:0000025C       FreeLibrary
 0001:00004EAC       FreeLibrary
 0001:0001F514       FreeMemoryContexts
 0001:00050170       FreeObjectInstance
 0001:00019604       FreeObjectInstance
 0001:00004EBC       FreeResource
 0001:00000608       FreeSpace
 0001:0000BA30       FreeTerminateProcs
 0001:00024754       FreeThemeLibrary
 0002:00002AEC       FRichEditModule
 0002:00002BE4       frmMain
 0001:0001CB04       GDICheck
 0001:0001CA5C       GDIError
 0001:0000192C       Get8087CW
 0001:00004EC4       GetACP
 0001:000053CC       GetActiveWindow
 0001:000578F8       GetAnimation
 0001:000050F4       GetBitmapBits
 0001:00000388       GetBlockDesc
 0001:000050FC       GetBrushOrgEx
 0001:000053D4       GetCapture
 0001:000369B4       GetCaptureControl
 0001:000121F0       GetClass
 0001:000053DC       GetClassInfo
 0001:000053E4       GetClassName
 0001:000053EC       GetClientRect
 0001:000053F4       GetClipboardData
 0001:0001E208       GetClipboardFormats
 0001:00005104       GetClipBox
 0001:00000324       GetCmdShow
 0001:000464B4       GetColor
 0001:00027CF8       GetComCtlVersion
 0001:00000264       GetCommandLine
 0001:000007D4       GetCommitted
 0001:00000864       GetCommittedAt
 0001:0003D828       GetControlAtPos
 0001:0000894C       GetCount
 0001:00004ECC       GetCPInfo
 0001:0000510C       GetCurrentPositionEx
 0001:00004ED4       GetCurrentProcessId
 0002:00002A2C       GetCurrentThemeName
 0001:00000314       GetCurrentThreadId
 0001:00004EDC       GetCurrentThreadId
 0001:000057C0       GetCurrentTime
 0001:000053FC       GetCursor
 0001:00059C34       GetCursorHeightMargin
 0001:00005404       GetCursorPos
 0001:00008978       GetDate
 0001:00004EE4       GetDateFormat
 0001:00009614       GetDateOrder
 0001:0000540C       GetDC
 0001:00005414       GetDCEx
 0001:00005114       GetDCOrgEx
 0001:0002200C       GetDefFontCharSet
 0001:0000541C       GetDesktopWindow
 0001:0000512C       GetDeviceCaps
 0001:0001DA64       GetDIB
 0001:0000511C       GetDIBColorTable
 0001:00005124       GetDIBits
 0001:0001D9AC       GetDIBSizes
 0001:0001CC74       GetDInColors
 0001:00004EEC       GetDiskFreeSpaceA
 0002:00000130       GetDiskFreeSpaceEx
 0001:000440C4       GetDockAlign
 0001:0003735C       GetDockSiteAtPos
 0001:00037688       GetDropCtl
 0001:00002304       GetDynaMethod
 0001:00005134       GetEnhMetaFileBits
 0001:0000513C       GetEnhMetaFileHeader
 0001:00005144       GetEnhMetaFilePaletteEntries
 0001:0000F87C       GetEnumNameValue
 0001:0000F8C8       GetEnumValue
 0001:0000A024       GetEraNamesAndYearOffsets
 0001:000096A8       GetEraYearOffset
 0001:0000A954       GetExceptionClass
 0001:0000AB38       GetExceptionObject
 0001:00012178       GetFieldClassTable
 0001:0000ADA8       GetFileVersion
 0001:0000504C       GetFileVersionInfo
 0001:00005054       GetFileVersionInfoSize
 0001:00005424       GetFocus
 0001:0001B538       GetFontData
 0001:0000542C       GetForegroundWindow
 0001:0000B5E8       GetFormatSettings
 0001:00004EF4       GetFullPathName
 0001:0001AAA4       GetHashCode
 0001:00054E70       GetHelpInfo
 0001:00023664       GetHelpSystem
 0001:000576DC       GetHint
 0001:00057714       GetHintControl
 0001:0004DE08       GetHotkey
 0001:00005434       GetIconInfo
 0001:0005EB14       GetInterval
 0001:0000544C       GetKeyboardLayout
 0001:00005454       GetKeyboardLayoutList
 0001:0000545C       GetKeyboardState
 0001:00001F78       GetKeyboardType
 0001:0000543C       GetKeyNameText
 0001:00005444       GetKeyState
 0001:00005464       GetLastActivePopup
 0001:0004238C       GetLastChildZone
 0001:00004EFC       GetLastError
 0001:00009DE8       GetLocaleChar
 0001:00004F0C       GetLocaleInfo
 0001:0000026C       GetLocaleInfo
 0001:00009D9C       GetLocaleStr
 0001:00004F04       GetLocalTime
 0001:00036970       GetLongHint
 0001:0000546C       GetMenu
 0001:00054DF8       GetMenuHelpContext
 0001:00005474       GetMenuItemCount
 0001:0000547C       GetMenuItemID
 0001:00005484       GetMenuItemInfo
 0001:0004AF58       GetMenuSize
 0001:0000548C       GetMenuState
 0001:00005494       GetMenuString
 0001:00004F14       GetModuleFileName
 0001:00000274       GetModuleFileName
 0001:0000027C       GetModuleHandle
 0001:00004F1C       GetModuleHandle
 0001:00004BA8       GetModuleHandle
 0002:00002910       GetMonitorInfo
 0002:00002914       GetMonitorInfoA
 0002:00002918       GetMonitorInfoW
 0001:00009E4C       GetMonthDayNames
 0001:0005EAE4       GetNextSentShortMessage
 0001:0005EAEC       GetNextSentShortMessageEX
 0001:0000549C       GetNextWindow
 0001:0000514C       GetObject
 0001:0000F99C       GetOrdProp
 0001:00005154       GetPaletteEntries
 0001:000054A4       GetParent
 0001:000502C4       GetParentForm
 0001:0000515C       GetPixel
 0001:00004F24       GetProcAddress
 0001:00000284       GetProcAddress
 0001:000054AC       GetProp
 0001:0000F92C       GetPropInfo
 0001:00050784       GetRealScrollPosition
 0001:00046494       GetRGBColor
 0001:000054B4       GetScrollInfo
 0001:000054BC       GetScrollPos
 0001:000054C4       GetScrollRange
 0001:0003692C       GetShortHint
 0001:0005EAAC       GetShortMessage
 0001:0005EAB4       GetShortMessageEX
 0001:0000052C       GetSpace
 0001:00000590       GetSpaceAt
 0001:000489E4       GetSpecialName
 0001:0000028C       GetStartupInfo
 0001:00004F2C       GetStdHandle
 0001:0000020C       GetStdHandle
 0001:00005164       GetStockObject
 0001:00004F34       GetStringTypeEx
 0001:000054CC       GetSubMenu
 0001:000054D4       GetSysColor
 0001:000054DC       GetSysColorBrush
 0001:00004F3C       GetSystemInfo
 0001:000054E4       GetSystemMenu
 0001:000054EC       GetSystemMetrics
 0002:00002900       GetSystemMetrics
 0001:0000516C       GetSystemPaletteEntries
 0001:00005174       GetTextExtentPoint32
 0001:0000517C       GetTextMetrics
 0002:00002A24       GetThemeAppProperties
 0002:00002990       GetThemeBackgroundContentRect
 0002:00002994       GetThemeBackgroundExtent
 0002:000029A4       GetThemeBackgroundRegion
 0002:000029C8       GetThemeBool
 0002:000029BC       GetThemeColor
 0002:00002A30       GetThemeDocumentationProperty
 0002:000029D0       GetThemeEnumValue
 0002:000029F0       GetThemeFilename
 0002:000029D8       GetThemeFont
 0002:000029CC       GetThemeInt
 0002:000029E4       GetThemeIntList
 0002:000029E0       GetThemeMargins
 0002:000029C0       GetThemeMetric
 0002:00002998       GetThemePartSize
 0002:000029D4       GetThemePosition
 0002:000029E8       GetThemePropertyOrigin
 0002:000029DC       GetThemeRect
 0002:000029C4       GetThemeString
 0002:000029FC       GetThemeSysBool
 0002:000029F4       GetThemeSysColor
 0002:000029F8       GetThemeSysColorBrush
 0002:00002A04       GetThemeSysFont
 0002:00002A0C       GetThemeSysInt
 0002:00002A00       GetThemeSysSize
 0002:00002A08       GetThemeSysString
 0002:0000299C       GetThemeTextExtent
 0002:000029A0       GetThemeTextMetrics
 0001:00004F44       GetThreadLocale
 0001:00000294       GetThreadLocale
 0001:00004F4C       GetTickCount
 0001:000089B0       GetTime
 0001:00004BD4       GetTlsSize
 0001:00057EA8       GetTopMostWindows
 0001:00036ABC       GetTopParent
 0001:000054F4       GetTopWindow
 0001:0000F870       GetTypeData
 0001:0005EAFC       GetUSSDData
 0001:0005EB0C       GetUssdSessions
 0001:00004F54       GetVersion
 0001:0000031C       GetVersion
 0001:00004F5C       GetVersionEx
 0001:000054FC       GetWindow
 0001:00005504       GetWindowDC
 0001:0000550C       GetWindowLong
 0001:0000518C       GetWindowOrgEx
 0001:00005514       GetWindowPlacement
 0001:0000551C       GetWindowRect
 0001:00005524       GetWindowText
 0002:00002A18       GetWindowTheme
 0001:00005534       GetWindowThreadProcessId
 0001:0000552C       GetWindowThreadProcessId
 0001:00005184       GetWinMetaFileBits
 0001:00004F64       GlobalAddAtom
 0001:00004F6C       GlobalAlloc
 0001:000057D4       GlobalAllocPtr
 0001:00004F74       GlobalDeleteAtom
 0001:00004F7C       GlobalFindAtom
 0002:00002864       GlobalFixupList
 0001:00015558       GlobalFixupReferences
 0001:00004F84       GlobalFree
 0001:00005800       GlobalFreePtr
 0001:00004F94       GlobalHandle
 0001:00004F8C       GlobalLock
 0002:00002848       GlobalNameSpace
 0001:00004F9C       GlobalReAlloc
 0001:000057E4       GlobalReAllocPtr
 0001:00004FA4       GlobalUnlock
 0001:000224D0       Graphics
 0001:0001236C       GroupDescendentsWith
 0001:00055078       HandleEdge
 0001:000169BC       HandleException
 0001:0002F0D0       HasPopup
 0001:00032404       HasSelectedText
 0002:00000024       HeapAllocFlags
 0002:000025C4       heapErrorCode
 0002:000025C8       heapLock
 0001:0002420C       HelpIntfs
 0002:0000293C       HelpManager
 0002:00002A74       HelpMsg
 0002:00002B10       HelpViewer
 0002:00002B14       HelpViewerIntf
 0002:0000012C       HexDisplayPrefix
 0002:00000A50       HideSelections
 0001:00044140       HideZone
 0002:00002664       HInstance
 0002:00002BCC       HintDoneEvent
 0001:000577E4       HintGetMsgHook
 0002:00002BD0       HintHook
 0001:00057788       HintMouseThread
 0002:00002BD4       HintThread
 0002:00002BC8       HintThreadID
 0001:00057734       HintTimerProc
 0002:00000D44       HintWindowClass
 0002:000029A8       HitTestThemeBackground
 0001:00057828       HookHintHooks
 0001:00005914       HwndMSWheel
 0002:00000CD8       IBreaks
 0002:00000CE4       IChecks
 0002:00000CEC       IDefaults
 0001:0001B528       IdentToCharset
 0001:0001B320       IdentToColor
 0001:0003691C       IdentToCursor
 0001:00012554       IdentToInt
 0002:00000CF4       IEnables
 0001:0004BCFC       IfHotkeyAvailable
 0002:00002BA4       ImageListWriteExProc
 0001:00022980       ImageList_Add
 0001:000229A0       ImageList_AddIcon
 0001:000229C4       ImageList_BeginDrag
 0001:00022968       ImageList_Create
 0001:00022970       ImageList_Destroy
 0001:000229D4       ImageList_DragEnter
 0001:000229DC       ImageList_DragLeave
 0001:000229E4       ImageList_DragMove
 0001:000229F4       ImageList_DragShowNolock
 0001:000229AC       ImageList_Draw
 0001:000229B4       ImageList_DrawEx
 0001:000229CC       ImageList_EndDrag
 0001:00022998       ImageList_GetBkColor
 0001:000229FC       ImageList_GetDragImage
 0001:00022A14       ImageList_GetIconSize
 0001:00022978       ImageList_GetImageCount
 0001:00022A04       ImageList_Read
 0001:000229BC       ImageList_Remove
 0001:00022988       ImageList_ReplaceIcon
 0001:00022990       ImageList_SetBkColor
 0001:000229EC       ImageList_SetDragCursorImage
 0001:00022A1C       ImageList_SetIconSize
 0001:00022A0C       ImageList_Write
 0002:00000C48       Images
 0001:00047A1C       ImgList
 0001:00023214       Imm
 0002:00000C2C       IMM32DLL
 0001:00044D30       Imm32IsIME
 0002:00000180       IMSecsPerDay
 0001:0000D7E8       InBounds
 0001:0000DA88       InBounds
 0001:0000D818       Increment
 0001:0000DAB8       Increment
 0001:0000553C       InflateRect
 0001:000268A8       IniFiles
 0001:00000A14       InitAllocator
 0001:00022A5C       InitAnApi
 0002:00002928       InitApis
 0001:000228D4       InitComCtl
 0001:00027CCC       InitCommonControl
 0001:000228CC       InitCommonControls
 0001:00022934       InitCommonControlsEx
 0001:000127FC       InitComponent
 0002:00002634       InitContext
 0001:00044DCC       InitControls
 0001:00022050       InitDefFontData
 0001:0000BA50       InitDriveSpacePtr
 0001:0000AC14       InitExceptions
 0001:000242EC       InitFlatSB
 0001:00025788       InitGlobals
 0001:0001D864       InitializeBitmapInfoHeader
 0001:00000368       InitializeCriticalSection
 0001:00004FAC       InitializeCriticalSection
 0002:000025C0       initialized
 0001:000242C4       InitializeFlatSB
 0001:00004C60       InitializeModule
 0001:0000C994       InitializeVarUtils
 0001:000449D0       InitIMM32
 0001:000128A4       InitInheritedComponent
 0001:0000B3FC       InitLeadBytes
 0001:00023138       InitMultiMonStubs
 0001:0000AD18       InitPlatformId
 0002:00002040       InitProc
 0001:0005A344       InitProcs
 0001:00021FD4       InitScreenLogPixels
 0001:0000B474       InitSysLocale
 0001:00024914       InitThemeLibrary
 0001:000182C8       InitThreadSynchronization
 0001:00004BDC       InitThreadTLS
 0001:00002B70       InitUnits
 0001:00036600       InitWndProc
 0002:00000ABC       InnerStyles
 0002:00000BCC       InnerStyles
 0002:0000204C       Input
 0001:0003C064       InsertBefore
 0001:0005720C       InsertBefore
 0001:00000E20       InsertFree
 0001:0004BDB0       InsertHotkeyFarEastFormat
 0001:00005544       InsertMenu
 0001:0000554C       InsertMenuItem
 0002:00002880       InstBlockList
 0002:00002884       InstFreeList
 0002:00002858       IntConstList
 0001:0000BAB8       InterlockedDecrement
 0001:0000030C       InterlockedDecrement
 0001:00004EB4       InterlockedExchange
 0001:0000BAC4       InterlockedExchange
 0001:0000BACC       InterlockedExchangeAdd
 0001:0000BAAC       InterlockedIncrement
 0001:00000304       InterlockedIncrement
 0001:0001AA30       InternalDeletePalette
 0001:0000195C       InternalFlush
 0001:00000C7C       InternalFreeMem
 0001:0001D9B4       InternalGetDIB
 0001:0001D948       InternalGetDIBSizes
 0001:00012694       InternalReadComponentRes
 0002:00002AF8       InternalServices
 0001:00003354       InternalUniqueString
 0001:00005194       IntersectClipRect
 0001:00005554       IntersectRect
 0001:00006FE0       IntToHex
 0001:00012594       IntToIdent
 0001:00006ECC       IntToStr
 0001:00006FB8       IntToStr
 0001:0000555C       InvalidateRect
 0001:0001C9E4       InvalidBitmap
 0001:0001C9CC       InvalidGraphic
 0001:0001C9F0       InvalidIcon
 0001:0001C9FC       InvalidMetafile
 0001:0001C9B4       InvalidOperation
 0001:00011700       InvalidPoint
 0002:00002798       InvalidPointer
 0001:000021BC       InvokeImplGetter
 0001:000018B0       IOResult
 0002:00000D14       IOwnerDraw
 0002:00000CFC       IRadios
 0002:00000D0C       IRTL
 0001:00050254       IsAccel
 0001:0004CF60       IsAccelChar
 0002:00002A14       IsAppThemed
 0001:00037114       IsBeforeTargetWindow
 0001:00005564       IsCharAlpha
 0001:0000556C       IsCharAlphaNumeric
 0001:00005574       IsChild
 0002:00002048       IsConsole
 0001:00037570       IsDelphiHandle
 0001:0000557C       IsDialogMessage
 0002:00000D04       ISeparators
 0001:00005584       IsIconic
 0001:0004CFBC       IsInitialChar
 0001:0005CFC8       IsKatakana
 0001:00008544       IsLeapYear
 0002:00002034       IsLibrary
 0001:0005AACC       IsLiteralChar
 0002:00002049       IsMultiThread
 0001:00041DF0       IsOrientationSet
 0001:0000558C       IsRectEmpty
 0001:00037318       IsSiteChildOfClient
 0002:00002A10       IsThemeActive
 0002:000029B8       IsThemeBackgroundPartiallyTransparent
 0002:00002A20       IsThemeDialogTextureEnabled
 0002:000029B4       IsThemePartDefined
 0001:00012670       IsUniqueGlobalComponentName
 0002:0000284C       IsUniqueGlobalComponentNameProc
 0001:00006E1C       IsValidIdent
 0001:0000B45C       IsWesternGroup
 0001:00005594       IsWindow
 0001:0000559C       IsWindowEnabled
 0001:000055A4       IsWindowVisible
 0001:000055AC       IsZoomed
 0001:00048DB0       Iterate
 0001:00048E10       IterateMenus
 0002:0000002C       JITEnable
 0001:00050208       KeyboardStateToShiftState
 0001:000501CC       KeyDataToShiftState
 0001:00050178       KeysToShiftState
 0001:000055B4       KillTimer
 0001:0000737C       LastDelimiter
 0001:00004A0C       LCIDToCodePage
 0001:0000B388       LCIDToCodePage
 0002:0000010C       LeadBytes
 0001:00004FB4       LeaveCriticalSection
 0001:00000378       LeaveCriticalSection
 0002:00000034       LibModuleList
 0001:0000519C       LineTo
 0001:00026A0C       ListActns
 0001:00038100       ListAdd
 0001:00038128       ListRemove
 0002:0000274E       ListSeparator
 0001:000055BC       LoadBitmap
 0001:000055C4       LoadCursor
 0001:000055CC       LoadIcon
 0001:000055D4       LoadKeyboardLayout
 0001:00004FBC       LoadLibrary
 0001:0000029C       LoadLibraryEx
 0001:00004FC4       LoadResource
 0001:00004114       LoadResourceModule
 0001:000049B4       LoadResString
 0001:000055DC       LoadString
 0001:000002A4       LoadString
 0001:00004BB0       LocalAlloc
 0001:00000348       LocalAlloc
 0001:00000350       LocalFree
 0001:00009E10       LocalGetLocaleStr
 0002:00002A48       Lock
 0001:00004FCC       LockResource
 0002:00002690       LongDateFormat
 0002:00002724       LongDayNames
 0002:000026D8       LongMonthNames
 0002:000026A4       LongTimeFormat
 0001:00006A50       LowerCase
 0001:00005044       lstrcpy
 0001:000002AC       lstrcpyn
 0002:00002820       LVarTypes
 0002:00002824       LVarTypeSync
 0001:0006158C       Main
 0002:0000202C       MainInstance
 0002:00002030       MainThreadID
 0001:000003D8       MakeEmpty
 0001:00002C80       MakeErrorMessage
 0002:00000C18       MakeLast
 0001:000057B4       MakeLong
 0001:00005854       MakeLParam
 0001:0001956C       MakeObjectInstance
 0001:00005814       MakeROP4
 0001:0000584C       MakeWParam
 0001:0000A8D4       MapException
 0001:0002697C       Mapi
 0002:00000948       MAPIDLL
 0002:0000094C       MAPIModule
 0001:00002988       MapToRunError
 0001:000055E4       MapVirtualKey
 0001:000055EC       MapWindowPoints
 0001:0005D82C       Mask
 0002:00000C50       Mask
 0001:000051A4       MaskBlt
 0001:0005A684       MaskDoFormatText
 0002:00000E64       MaskFieldSeparator
 0001:0005A494       MaskGetCharType
 0001:0005A5E8       MaskGetCurrentDirectives
 0001:0005A924       MaskGetMaskBlank
 0001:0005A8A0       MaskGetMaskSave
 0001:0005A664       MaskIntlLiteralToChar
 0002:00000E68       MaskNoSave
 0001:0005AA1C       MaskOffsetToOffset
 0001:0005A990       MaskOffsetToString
 0001:0005AE94       MaskUtils
 0001:0002260C       Math
 0001:000225D4       Max
 0001:00052B0C       MaximizedChildren
 0002:0000003C       MemoryManager
 0002:00000C6C       MenuKeyCaps
 0001:0004DFD8       Menus
 0001:00000428       MergeBlockAfter
 0001:00000EF4       MergeCommit
 0001:000055F4       MessageBeep
 0001:000055FC       MessageBox
 0001:00000244       MessageBox
 0001:00005A74       Messages
 0001:000225CC       Min
 0001:00012F60       Min
 0001:0003B9AC       MinVar
 0002:00002930       MMAvailable
 0002:00000C30       ModeMap
 0001:00054804       ModifySystemMenu
 0002:000000A4       Module
 0002:00002661       ModuleIsCpp
 0002:00002660       ModuleIsLib
 0001:0001953C       ModuleUnload
 0002:00000038       ModuleUnloadList
 0002:0000290C       MonitorFromPoint
 0002:00002908       MonitorFromRect
 0002:00002904       MonitorFromWindow
 0002:000000DC       MonthDays
 0002:00002B18       Mouse
 0001:000018D0       Move
 0001:000051AC       MoveToEx
 0001:00038148       MoveWindowOrg
 0001:00004FD4       MulDiv
 0001:000002BC       MultiByteToWideChar
 0001:00059DE8       MultiLineWidth
 0001:000231D4       MultiMon
 0002:00002685       NegCurrFormat
 0001:00000F80       NewCommit
 0001:00000FAC       NewCommitAt
 0002:00002B1C       NewStyleControls
 0001:0000B180       NextCharIndex
 0001:00041DD4       NextVisibleZone
 0002:000003E0       NilMethod
 0002:00000030       NoErrMsg
 0001:00049BC4       NormalDraw
 0001:00002540       NotifyAnyExcept
 0001:00002514       NotifyExcept
 0001:00002574       NotifyExceptFinally
 0001:00012770       NotifyGlobalLoading
 0001:00004414       NotifyModuleUnload
 0001:000024F0       NotifyNonDelphiException
 0001:0000252C       NotifyOnExcept
 0001:000024D4       NotifyReRaise
 0001:0000259C       NotifyTerminate
 0001:000025B8       NotifyUnhandled
 0001:00008838       Now
 0001:0004C93C       NthParentOf
 0001:0000F5F8       Null
 0002:0000031C       NullAsStringValue
 0002:00000318       NullStrictConvert
 0001:000366B8       ObjectFromHWnd
 0002:00000A58       OEMConverts
 0001:00005604       OemToAnsi
 0001:00004D0C       OffsetRect
 0001:0000560C       OffsetRect
 0001:0005AA70       OffsetToMaskOffset
 0001:00005614       OpenClipboard
 0002:00002980       OpenThemeData
 0002:00000C10       OrientArray
 0002:00000ACC       OuterStyles
 0002:00000BDC       OuterStyles
 0002:00002794       OutOfMemory
 0001:0001CA08       OutOfResources
 0002:00002218       Output
 0002:00000320       PackVarCreation
 0001:0005AC8C       PadInputLiterals
 0001:0005AAF4       PadSubField
 0002:000006DC       Pal16
 0001:0001AE14       PaletteChanged
 0001:0001D1F4       PaletteFromDIBColorTable
 0001:0001D298       PaletteToDIBColorTable
 0002:000006D8       PalSize
 0001:000421B8       ParentNotLast
 0002:00000A34       Passwords
 0001:000051B4       PatBlt
 0002:000028E8       PatternManager
 0001:0000561C       PeekMessage
 0002:000028DC       PenManager
 0002:000006A8       PenModes
 0002:00000688       PenStyles
 0001:000051BC       PlayEnhMetaFile
 0001:00004D04       Point
 0001:00011688       Point
 0001:00011AC0       PointerInModule
 0001:0003D248       PointsEqual
 0001:00005834       PointToSmallPoint
 0002:00002BA8       PopupList
 0001:00005624       PostMessage
 0001:0000562C       PostQuitMessage
 0001:00024288       Printers
 0001:00055F18       ProcessExecute
 0001:00050484       ProcessHorz
 0001:00056018       ProcessUpdate
 0001:000504F0       ProcessVert
 0001:00015854       PropertyNotFound
 0001:00016ABC       PropPathError
 0002:00000D74       Props
 0001:00015848       PropValueError
 0001:00005634       PtInRect
 0002:000000A0       PtrToNil
 0001:00007CAC       PutExponent
 0002:00002B60       QualifyingSites
 0001:0005EADC       QuerySentShortMessages
 0001:0000A890       RaiseAssertException
 0001:00014868       RaiseException
 0001:00000214       RaiseException
 0002:00002014       RaiseExceptionProc
 0001:0000B968       RaiseLastOSError
 0001:00042F28       ReadControlName
 0001:00017CFC       ReadCustomVariant
 0001:00015830       ReadError
 0001:00004FDC       ReadFile
 0001:0001D544       ReadIcon
 0002:00000A3C       ReadOnlys
 0001:000051C4       RealizePalette
 0001:00016070       Recover
 0001:000116B0       Rect
 0001:00004CE8       Rect
 0001:000051CC       RectVisible
 0001:0000563C       RedrawWindow
 0002:00002818       RefAnyProc
 0002:00002A44       ReferenceCount
 0001:000002C4       RegCloseKey
 0001:00004E44       RegCloseKey
 0002:0000285C       RegGroups
 0001:00012264       RegisterClass
 0001:00005644       RegisterClass
 0001:0000564C       RegisterClipboardFormat
 0001:000374B8       RegisterDockSite
 0001:000125D8       RegisterFindGlobalComponentProc
 0001:000124AC       RegisterIntegerConsts
 0001:00004470       RegisterModule
 0001:000235E0       RegisterViewer
 0001:00005654       RegisterWindowMessage
 0001:00026910       Registry
 0001:000002CC       RegOpenKeyEx
 0001:00004E4C       RegOpenKeyEx
 0001:000002D4       RegQueryValueEx
 0001:00004E54       RegQueryValueEx
 0001:000251E8       RegStr
 0001:0000565C       ReleaseCapture
 0001:00005664       ReleaseDC
 0002:00000048       reMap
 0002:00002618       remBytes
 0001:00000498       RemoveBlock
 0002:000003BC       RemoveDataModule
 0001:00015700       RemoveFixupReferences
 0001:000157AC       RemoveFixups
 0001:00015AA4       RemoveGlobalFixup
 0001:0000566C       RemoveMenu
 0001:000043B4       RemoveModuleUnloadProc
 0001:0000438C       RemoveModuleUnloadProc
 0001:00005674       RemoveProp
 0001:00004FE4       ResetEvent
 0001:00018314       ResetSyncEvent
 0001:00001434       ResizeInPlace
 0001:000051D4       RestoreDC
 0001:0004FE1C       RestoreFocusState
 0001:00048984       ReturnAddr
 0001:00013704       ReturnAddr
 0001:00012A34       ReturnAddr
 0001:0001CF74       RGBQuadToTriple
 0001:0001CF3C       RGBTripleToQuad
 0001:00025140       RichEdit
 0002:00002B30       RM_GetObjectInstance
 0002:00002BC4       RM_TaskbarCreated
 0002:00002614       rover
 0002:000009AC       RRStyles
 0002:00000950       RTFConversionFormat
 0002:00000978       RTL
 0002:00000968       RTL
 0002:00000970       RTL
 0001:0000F83C       RTLConsts
 0001:0000021C       RtlUnwind
 0002:00002018       RTLUnwindProc
 0002:0000006C       runErrMsg
 0001:000017D8       RunErrorAt
 0001:0000C948       SafeArrayCreate
 0001:0000C950       SafeArrayGetLBound
 0001:0000C958       SafeArrayGetUBound
 0001:0000C960       SafeArrayPtrOfIndex
 0001:0000BF90       SafeLoadLibrary
 0001:00006B30       SameText
 0001:000051DC       SaveDC
 0001:0004FE14       SaveFocusState
 0001:00009498       ScanBlanks
 0001:000095DC       ScanChar
 0001:00009758       ScanDate
 0001:000094BC       ScanNumber
 0001:00009550       ScanString
 0001:00009A9C       ScanTime
 0001:00009660       ScanToNumber
 0002:00002BBC       Screen
 0002:00002894       ScreenLogPixels
 0001:0000567C       ScreenToClient
 0002:00000A7C       ScrollBar
 0001:0005063C       ScrollBarVisible
 0001:00005684       ScrollWindow
 0001:00000FE0       SearchSmallBlocks
 0001:000051E4       SelectClipRgn
 0001:000051EC       SelectObject
 0001:000051F4       SelectPalette
 0001:00036748       SendAppMessage
 0001:00050084       SendFocusMessage
 0001:0000568C       SendMessage
 0002:00000CD0       Separators
 0001:0000191C       Set8087CW
 0001:00005694       SetActiveWindow
 0001:00057928       SetAnimation
 0001:000051FC       SetBkColor
 0001:00005204       SetBkMode
 0001:0000520C       SetBrushOrgEx
 0001:0000569C       SetCapture
 0001:000369DC       SetCaptureControl
 0001:000056A4       SetClassLong
 0001:0000F184       SetClearVarToEmptyParam
 0001:000056AC       SetClipboardData
 0001:00027D30       SetComCtlStyle
 0001:000161E0       SetCompName
 0001:000056B4       SetCursor
 0001:00005214       SetDIBColorTable
 0001:00004FEC       SetEndOfFile
 0001:0000521C       SetEnhMetaFileBits
 0001:00004FF4       SetErrorMode
 0001:00004FFC       SetEvent
 0001:00002AC8       SetExceptionHandler
 0001:00005004       SetFilePointer
 0001:0000FCA0       SetFloatProp
 0001:000056BC       SetFocus
 0001:000056C4       SetForegroundWindow
 0001:00044C54       SetImeMode
 0001:0000185C       SetInOutRes
 0001:0000FF24       SetInt64Prop
 0001:0000FF60       SetInterfaceProp
 0001:00016D9C       SetInterfaceReference
 0001:00016CB8       SetIntIdent
 0001:000056CC       SetKeyboardState
 0002:00000D48       SetLayeredWindowAttributes
 0001:0000FB08       SetLongStrProp
 0001:000056D4       SetMenu
 0001:000056DC       SetMenuItemInfo
 0001:0000FEEC       SetMethodProp
 0001:00016D00       SetObjectIdent
 0001:0000FA10       SetOrdProp
 0001:000056E4       SetParent
 0001:00005224       SetPixel
 0001:000056EC       SetProp
 0001:000056F4       SetRect
 0001:0000522C       SetROP2
 0001:000056FC       SetScrollInfo
 0001:00005704       SetScrollPos
 0001:0000570C       SetScrollRange
 0001:0000FA6C       SetShortStrProp
 0001:0000FAC0       SetShortStrPropAsLongStr
 0001:00005234       SetStretchBltMode
 0001:0000FBA0       SetStrProp
 0001:00015FE8       SetSubComponentState
 0001:0000523C       SetTextColor
 0002:00002A28       SetThemeAppProperties
 0001:0000500C       SetThreadLocale
 0001:00005714       SetTimer
 0001:0000F16C       SetVarAsError
 0001:0000FEAC       SetVariantProp
 0001:00016D40       SetVariantReference
 0001:00005244       SetViewportOrgEx
 0001:000598F8       SetVisible
 0001:0000FBCC       SetWideStrProp
 0001:0000FB48       SetWideStrPropAsLongStr
 0001:0000571C       SetWindowLong
 0001:00005254       SetWindowOrgEx
 0001:00005724       SetWindowPlacement
 0001:0000572C       SetWindowPos
 0001:0000573C       SetWindowsHookEx
 0001:00005734       SetWindowText
 0002:000029EC       SetWindowTheme
 0001:0000524C       SetWinMetaFileBits
 0002:0000014C       ShareMode
 0001:000251B0       ShellAPI
 0002:00002AE8       ShellModule
 0001:00025290       ShlObj
 0001:000489AC       ShortCut
 0002:00002BAC       ShortCutItems
 0001:00048A38       ShortCutToText
 0002:0000268C       ShortDateFormat
 0002:00002708       ShortDayNames
 0002:000026A8       ShortMonthNames
 0002:000026A0       ShortTimeFormat
 0002:00000DB4       ShowCommands
 0002:00000DC0       ShowCommands
 0002:00000DA8       ShowCommands
 0001:00005744       ShowCursor
 0001:0000A490       ShowException
 0002:00000BC4       ShowFlags
 0002:00000E5C       ShowFlags
 0001:0004FE24       ShowMDIClientEdge
 0001:0000574C       ShowOwnedPopups
 0001:00005754       ShowScrollBar
 0001:0000575C       ShowWindow
 0001:00057950       ShowWinNoAnimate
 0001:000441C0       ShowZone
 0002:00000C24       SizeCursors
 0001:00005014       SizeofResource
 0001:00017830       SkipBinary
 0001:00017860       SkipCollection
 0001:00017808       SkipList
 0001:0000B960       Sleep
 0001:0000501C       Sleep
 0001:000116A0       SmallPoint
 0001:00005820       SmallPointToPoint
 0002:00002620       smallTab
 0002:00000AB4       Sorts
 0002:000025E8       spaceRoot
 0001:0005EA94       SP_Cleanup
 0001:0005EA9C       SP_Login
 0001:0005EAA4       SP_Logout
 0001:0005EA8C       SP_Startup
 0001:00012320       StartClassGroup
 0001:00033624       StdActns
 0001:000334BC       StdCtrls
 0001:00019544       StdWndProc
 0002:0000289C       StockBrush
 0002:000028A0       StockFont
 0002:000028A4       StockIcon
 0002:00002898       StockPen
 0001:000076FC       StrAlloc
 0001:00007710       StrBufSize
 0001:0000AF30       StrByteType
 0001:0000B11C       StrCharLength
 0001:000075D8       StrComp
 0001:00007538       StrCopy
 0001:00007748       StrDispose
 0001:00047168       StreamsEqual
 0001:00007514       StrEnd
 0001:0000525C       StretchBlt
 0001:00007B58       StrFmt
 0001:000075FC       StrIComp
 0001:00014704       StringListCompareStrings
 0001:0004DD74       StripHotkey
 0001:00007560       StrLCopy
 0001:000074FC       StrLen
 0001:00007B98       StrLFmt
 0001:0000763C       StrLIComp
 0001:00007528       StrMove
 0001:0000771C       StrNew
 0001:0000B13C       StrNextChar
 0001:000076E8       StrPas
 0001:00007594       StrPCopy
 0001:000075B8       StrPLCopy
 0001:00007694       StrPos
 0001:00007680       StrScan
 0001:00007008       StrToInt
 0001:00007044       StrToIntDef
 0001:00026710       StrUtils
 0002:00000D9C       Styles
 0001:0005EABC       SubmitShortMessage
 0001:0005EAC4       SubmitShortMessageEX
 0001:0005EACC       SubmitShortMessageMulti
 0001:0005EAD4       SubmitShortMessageMultiEX
 0001:0005EB04       SubmitUSSDData
 0001:0000BED4       Supports
 0001:0000BEF8       Supports
 0002:00002850       SyncEvent
 0002:000003E8       SyncList
 0001:0002474C       SyncObjs
 0001:000002EC       SysAllocStringLen
 0001:00005D94       SysConst
 0002:00000D64       SysConsts
 0002:00000D6C       SysConsts
 0001:00009D50       SysErrorMessage
 0001:00001290       SysFreeMem
 0001:000002FC       SysFreeString
 0001:00001100       SysGetMem
 0001:00004CE0       SysInit
 0002:00002740       SysLocale
 0001:00001610       SysReallocMem
 0001:000002F4       SysReAllocStringLen
 0001:00004AD4       System
 0002:0000288C       SystemPalette16
 0001:0001D15C       SystemPaletteOverride
 0001:00005764       SystemParametersInfo
 0001:0000C464       SysUtils
 0001:00027E78       TabControlError
 0002:000009A0       TabStyles
 0001:00045B04       TActionLink.IsCaptionLinked
 0001:00045B18       TActionLink.IsCheckedLinked
 0001:00045B2C       TActionLink.IsEnabledLinked
 0001:00045B40       TActionLink.IsGroupIndexLinked
 0001:00045B54       TActionLink.IsHelpContextLinked
 0001:00045B68       TActionLink.IsHelpLinked
 0001:00045B7C       TActionLink.IsHintLinked
 0001:00045B90       TActionLink.IsImageIndexLinked
 0001:00045BA4       TActionLink.IsShortCutLinked
 0001:00045BB8       TActionLink.IsVisibleLinked
 0001:00045BCC       TActionLink.SetAutoCheck
 0001:00045BD0       TActionLink.SetCaption
 0001:00045BD4       TActionLink.SetChecked
 0001:00045BD8       TActionLink.SetEnabled
 0001:00045BDC       TActionLink.SetGroupIndex
 0001:00045BE0       TActionLink.SetHelpContext
 0001:00045BE4       TActionLink.SetHelpKeyword
 0001:00045BE8       TActionLink.SetHelpType
 0001:00045BEC       TActionLink.SetHint
 0001:00045BF0       TActionLink.SetImageIndex
 0001:00045BF4       TActionLink.SetShortCut
 0001:00045BF8       TActionLink.SetVisible
 0001:00059E94       TApplication.ActivateHint
 0001:00058AE8       TApplication.BringToFront
 0001:00059BFC       TApplication.CancelHint
 0001:000580CC       TApplication.CheckIniChange
 0001:00057E48       TApplication.ControlDestroyed
 0001:00057990       TApplication.Create
 0001:00058EE8       TApplication.CreateForm
 0001:00057C98       TApplication.CreateHandle
 0001:00057B7C       TApplication.Destroy
 0001:0005A264       TApplication.DispatchAction
 0001:000595C8       TApplication.DoActionIdle
 0001:0005962C       TApplication.DoMouseIdle
 0001:00057F18       TApplication.DoNormalizeTopMosts
 0001:0005A2F4       TApplication.ExecuteAction
 0001:0005A228       TApplication.GetCurrentHelpFile
 0001:0005891C       TApplication.GetIconHandle
 0001:00058B24       TApplication.GetTitle
 0001:00059068       TApplication.HandleException
 0001:00058DD4       TApplication.HandleMessage
 0001:00059570       TApplication.HelpCommand
 0001:00059508       TApplication.HelpContext
 0001:000594A0       TApplication.HelpKeyword
 0001:00059BB8       TApplication.HideHint
 0001:00059A70       TApplication.HintMouseMessage
 0001:00059B80       TApplication.HintTimerExpired
 0001:00058DF8       TApplication.HookMainWindow
 0001:0005A3A0       TApplication.HookSynchronizeWakeup
 0001:00059800       TApplication.IconChanged
 0001:000596A4       TApplication.Idle
 0001:00058ED0       TApplication.Initialize
 0001:00059338       TApplication.InvokeHelp
 0001:00058B70       TApplication.IsDlgMsg
 0001:00058C9C       TApplication.IsHintMsg
 0001:00058BE4       TApplication.IsKeyMsg
 0001:00058B94       TApplication.IsMDIMsg
 0001:00058CD0       TApplication.IsShortCut
 0001:000590F8       TApplication.MessageBox
 0001:00058938       TApplication.Minimize
 0001:00057FF4       TApplication.ModalFinished
 0001:00057FC8       TApplication.ModalStarted
 0001:00058028       TApplication.NormalizeAllTopMosts
 0001:00058020       TApplication.NormalizeTopMosts
 0001:000597C4       TApplication.NotifyForms
 0001:00058D3C       TApplication.ProcessMessage
 0001:000589E8       TApplication.Restore
 0001:00058030       TApplication.RestoreTopMosts
 0001:00058F68       TApplication.Run
 0001:00059864       TApplication.SetHint
 0001:00059578       TApplication.SetShowHint
 0001:00058124       TApplication.SettingChange
 0001:00059260       TApplication.ShowException
 0001:00059A04       TApplication.StartHintTimer
 0001:00059A48       TApplication.StopHintTimer
 0001:00059054       TApplication.Terminate
 0001:00058E54       TApplication.UnhookMainWindow
 0001:0005A3B0       TApplication.UnhookSynchronizeWakeup
 0001:0005A31C       TApplication.UpdateAction
 0001:00059954       TApplication.UpdateVisible
 0001:000580B4       TApplication.UseRightToLeftAlignment
 0001:0005809C       TApplication.UseRightToLeftReading
 0001:000599DC       TApplication.ValidateHelpSystem
 0001:0005A390       TApplication.WakeMainThread
 0001:00058218       TApplication.WndProc
 0002:00000D54       TaskActiveWindow
 0002:00000D5C       TaskFirstTopMost
 0002:00000D58       TaskFirstWindow
 0002:00000D60       TaskWindowList
 0001:00036E2C       TBaseDragControlObject.Assign
 0001:00036E08       TBaseDragControlObject.Create
 0001:00036E58       TBaseDragControlObject.EndDrag
 0001:00036E84       TBaseDragControlObject.Finished
 0001:00018F48       TBasicAction.Change
 0001:00018DE4       TBasicAction.Create
 0001:00018E28       TBasicAction.Destroy
 0001:00018EB4       TBasicAction.Execute
 0001:00018E84       TBasicAction.ExecuteTarget
 0001:00018E80       TBasicAction.HandlesTarget
 0001:00018E88       TBasicAction.Notification
 0001:00018F5C       TBasicAction.RegisterChanges
 0001:00018FA8       TBasicAction.SetActionComponent
 0001:00018EEC       TBasicAction.SetOnExecute
 0001:00018F68       TBasicAction.UnRegisterChanges
 0001:00018ED0       TBasicAction.Update
 0001:00018EB0       TBasicAction.UpdateTarget
 0001:00018D34       TBasicActionLink.AssignClient
 0001:00018D6C       TBasicActionLink.Change
 0001:00018CF0       TBasicActionLink.Create
 0001:00018D38       TBasicActionLink.Destroy
 0001:00018D84       TBasicActionLink.Execute
 0001:00018DCC       TBasicActionLink.IsOnExecuteLinked
 0001:00018DA0       TBasicActionLink.SetAction
 0001:00018DD0       TBasicActionLink.SetOnExecute
 0001:00018DD8       TBasicActionLink.Update
 0001:0002037C       TBitmap.Assign
 0001:00020550       TBitmap.Changed
 0001:0002052C       TBitmap.Changing
 0001:0002046C       TBitmap.CopyImage
 0001:000202D8       TBitmap.Create
 0001:00020340       TBitmap.Destroy
 0001:000209DC       TBitmap.DIBNeeded
 0001:0002055C       TBitmap.Dormant
 0001:000205D0       TBitmap.Draw
 0001:00020A50       TBitmap.FreeContext
 0001:00020820       TBitmap.FreeImage
 0001:000208A0       TBitmap.GetCanvas
 0001:00020884       TBitmap.GetEmpty
 0001:000208E8       TBitmap.GetHandle
 0001:0002090C       TBitmap.GetHandleType
 0001:00020938       TBitmap.GetHeight
 0001:00020948       TBitmap.GetMaskHandle
 0001:0002095C       TBitmap.GetMonochrome
 0001:00020978       TBitmap.GetPalette
 0001:0002098C       TBitmap.GetTransparentColor
 0001:000209D4       TBitmap.GetWidth
 0001:00020A60       TBitmap.HandleNeeded
 0001:00020C18       TBitmap.LoadFromClipboardFormat
 0001:00020C9C       TBitmap.LoadFromStream
 0001:00020B00       TBitmap.MaskHandleNeeded
 0001:00020CC0       TBitmap.NewImage
 0001:00020B60       TBitmap.PaletteNeeded
 0001:00020DC0       TBitmap.ReadData
 0001:00020DE8       TBitmap.ReadDIB
 0001:00021350       TBitmap.ReadStream
 0001:00021A80       TBitmap.SaveToClipboardFormat
 0001:00021A78       TBitmap.SaveToStream
 0001:000213C0       TBitmap.SetHandle
 0001:00021484       TBitmap.SetHandleType
 0001:000215BC       TBitmap.SetHeight
 0001:00021610       TBitmap.SetMonochrome
 0001:00021690       TBitmap.SetPalette
 0001:00021764       TBitmap.SetWidth
 0001:000217B8       TBitmap.WriteData
 0001:000217C0       TBitmap.WriteStream
 0001:0001F63C       TBitmapCanvas.Create
 0001:0001F744       TBitmapCanvas.CreateHandle
 0001:0001F678       TBitmapCanvas.Destroy
 0001:0001F6A4       TBitmapCanvas.FreeContext
 0001:0001F854       TBitmapImage.Destroy
 0001:0001F8B0       TBitmapImage.FreeHandle
 0001:00012F18       TBits.Destroy
 0001:00012F48       TBits.Error
 0001:0001303C       TBits.OpenBit
 0001:00013010       TBits.SetBit
 0001:00012F6C       TBits.SetSize
 0001:0001BE4C       TBrush.Assign
 0001:0001BDE4       TBrush.Create
 0001:0001BE24       TBrush.Destroy
 0001:0001BF84       TBrush.GetColor
 0001:0001BEF4       TBrush.GetData
 0001:0001BFC0       TBrush.GetHandle
 0001:0001C0A0       TBrush.GetStyle
 0001:0001BF60       TBrush.SetBitmap
 0001:0001BF8C       TBrush.SetColor
 0001:0001BF10       TBrush.SetData
 0001:0001C0A8       TBrush.SetStyle
 0001:000331B4       TButton.Click
 0001:0003333C       TButton.CMDialogChar
 0001:000332CC       TButton.CMDialogKey
 0001:000333C0       TButton.CMFocusChanged
 0001:000332B8       TButton.CNCommand
 0001:00033440       TButton.CNCtlColorBtn
 0001:00033150       TButton.Create
 0001:00033264       TButton.CreateParams
 0001:000332A0       TButton.CreateWnd
 0001:000331DC       TButton.SetButtonStyle
 0001:00033230       TButton.SetDefault
 0001:000331D8       TButton.UseRightToLeftAlignment
 0001:00033414       TButton.WMEraseBkgnd
 0001:00032EBC       TButtonActionLink.AssignClient
 0001:00032EE0       TButtonActionLink.IsCheckedLinked
 0001:00032F18       TButtonActionLink.SetChecked
 0001:00032FD0       TButtonControl.ActionChange
 0001:000330A0       TButtonControl.CNCtlColorStatic
 0001:00032F7C       TButtonControl.Create
 0001:00033118       TButtonControl.CreateParams
 0001:00033018       TButtonControl.GetActionLinkClass
 0001:00033020       TButtonControl.GetChecked
 0001:00033024       TButtonControl.SetChecked
 0001:0003313C       TButtonControl.SetWordWrap
 0001:000330EC       TButtonControl.WMEraseBkGnd
 0001:00033028       TButtonControl.WndProc
 0001:0001C994       TCanvas.BrushChanged
 0001:0001C868       TCanvas.Changed
 0001:0001C854       TCanvas.Changing
 0001:0001C1FC       TCanvas.CopyRect
 0001:0001C0DC       TCanvas.Create
 0001:0001C8D8       TCanvas.CreateBrush
 0001:0001C87C       TCanvas.CreateFont
 0001:0001C788       TCanvas.CreateHandle
 0001:0001C8A8       TCanvas.CreatePen
 0001:0001C72C       TCanvas.DeselectHandles
 0001:0001C1A0       TCanvas.Destroy
 0001:0001C284       TCanvas.Draw
 0001:0001C330       TCanvas.FillRect
 0001:0001C954       TCanvas.FontChanged
 0001:0001C36C       TCanvas.FrameRect
 0001:0001C470       TCanvas.GetCanvasOrientation
 0001:0001C70C       TCanvas.GetHandle
 0001:0001C654       TCanvas.GetPenPos
 0001:0001C698       TCanvas.GetPixel
 0001:0001C3A8       TCanvas.LineTo
 0001:0001C3E0       TCanvas.Lock
 0001:0001C408       TCanvas.MoveTo
 0001:0001C974       TCanvas.PenChanged
 0001:0001C7E0       TCanvas.RequiredState
 0001:0001C648       TCanvas.SetBrush
 0001:0001C62C       TCanvas.SetFont
 0001:0001C78C       TCanvas.SetHandle
 0001:0001C63C       TCanvas.SetPen
 0001:0001C678       TCanvas.SetPenPos
 0001:0001C6C4       TCanvas.SetPixel
 0001:0001C434       TCanvas.StretchDraw
[...]
 0002:00000C68       cItemAutoFlagToBoolean
 0002:00000C6C       MenuKeyCaps
 0002:00000CB4       Checks
 0002:00000CBC       Enables
 0002:00000CC4       Breaks
 0002:00000CD0       Separators
 0002:00000CD8       IBreaks
 0002:00000CE4       IChecks
 0002:00000CEC       IDefaults
 0002:00000CF4       IEnables
 0002:00000CFC       IRadios
 0002:00000D04       ISeparators
 0002:00000D0C       IRTL
 0002:00000D14       IOwnerDraw
 0002:00000D1C       Alignments
 0002:00000D24       EdgeStyle
 0002:00000D2C       Alignments
 0002:00000D34       Flags
 0002:00000D40       Buttons
 0002:00000D44       HintWindowClass
 0002:00000D48       SetLayeredWindowAttributes
 0002:00000D4C       FocusMessages
 0002:00000D50       FocusCount
 0002:00000D54       TaskActiveWindow
 0002:00000D58       TaskFirstWindow
 0002:00000D5C       TaskFirstTopMost
 0002:00000D60       TaskWindowList
 0002:00000D64       SysConsts
 0002:00000D6C       SysConsts
 0002:00000D74       Props
 0002:00000D9C       Styles
 0002:00000DA8       ShowCommands
 0002:00000DB4       ShowCommands
 0002:00000DC0       ShowCommands
 0002:00000DCC       cUseAlpha
 0002:00000DD4       cUseColorKey
 0002:00000DDC       CursorMap
 0002:00000E30       WindowClass
 0002:00000E58       AppVisible
 0002:00000E5C       ShowFlags
 0002:00000E60       DefaultBlank
 0002:00000E64       MaskFieldSeparator
 0002:00000E68       MaskNoSave
 0002:00000E6C       ArrowKey
 0002:00002000       DispCallByIDProc
 0002:00002004       ExceptProc
 0002:00002008       ErrorProc
 0002:0000200C       ExceptClsProc
 0002:00002010       ExceptObjProc
 0002:00002014       RaiseExceptionProc
 0002:00002018       RTLUnwindProc
 0002:0000201C       ExceptionClass
 0002:00002020       AssertErrorProc
 0002:00002024       ExitProcessProc
 0002:00002028       AbstractErrorProc
 0002:0000202C       MainInstance
 0002:00002030       MainThreadID
 0002:00002034       IsLibrary
 0002:00002038       CmdShow
 0002:0000203C       CmdLine
 0002:00002040       InitProc
 0002:00002044       ExitProc
 0002:00002048       IsConsole
 0002:00002049       IsMultiThread
 0002:0000204A       Test8086
 0002:0000204C       Input
 0002:00002218       Output
 0002:000023E4       ErrOutput
 0002:000025B0       AllocMemCount
 0002:000025B4       AllocMemSize
 0002:000025B8       .5
 0002:000025BC       DefaultUserCodePage
 0002:000025C0       initialized
 0002:000025C4       heapErrorCode
 0002:000025C8       heapLock
 0002:000025E0       blockDescBlockList
 0002:000025E4       blockDescFreeList
 0002:000025E8       spaceRoot
 0002:000025F8       decommittedRoot
 0002:00002608       avail
 0002:00002614       rover
 0002:00002618       remBytes
 0002:0000261C       curAlloc
 0002:00002620       smallTab
 0002:00002624       committedRoot
 0002:00002634       InitContext
 0002:00002660       ModuleIsLib
 0002:00002661       ModuleIsCpp
 0002:00002664       HInstance
 0002:00002668       .1
 0002:0000266C       tlsBuffer
 0002:00002670       .1
 0002:00002674       .3
 0002:00002678       .1
 0002:0000267C       .1
 0002:00002680       CurrencyString
 0002:00002684       CurrencyFormat
 0002:00002685       NegCurrFormat
 0002:00002686       ThousandSeparator
 0002:00002687       DecimalSeparator
 0002:00002688       CurrencyDecimals
 0002:00002689       DateSeparator
 0002:0000268C       ShortDateFormat
 0002:00002690       LongDateFormat
 0002:00002694       TimeSeparator
 0002:00002698       TimeAMString
 0002:0000269C       TimePMString
 0002:000026A0       ShortTimeFormat
 0002:000026A4       LongTimeFormat
 0002:000026A8       ShortMonthNames
 0002:000026D8       LongMonthNames
 0002:00002708       ShortDayNames
 0002:00002724       LongDayNames
 0002:00002740       SysLocale
 0002:0000274E       ListSeparator
 0002:00002750       EraNames
 0002:0000276C       EraYearOffsets
 0002:00002788       TrueBoolStrs
 0002:0000278C       FalseBoolStrs
 0002:00002790       .35
 0002:00002794       OutOfMemory
 0002:00002798       InvalidPointer
 0002:0000279C       FLanguages
 0002:000027A0       VariantChangeTypeEx
 0002:000027A4       VarNeg
 0002:000027A8       VarNot
 0002:000027AC       VarAdd
 0002:000027B0       VarSub
 0002:000027B4       VarMul
 0002:000027B8       VarDiv
 0002:000027BC       VarIDiv
 0002:000027C0       VarMod
 0002:000027C4       VarAnd
 0002:000027C8       VarOr
 0002:000027CC       VarXor
 0002:000027D0       VarCmp
 0002:000027D4       VarI4FromStr
 0002:000027D8       VarR4FromStr
 0002:000027DC       VarR8FromStr
 0002:000027E0       VarDateFromStr
 0002:000027E4       VarCyFromStr
 0002:000027E8       VarBoolFromStr
 0002:000027EC       VarBstrFromCy
 0002:000027F0       VarBstrFromDate
 0002:000027F4       VarBstrFromBool
 0002:000027F8       .5
 0002:000027FC       EmptyParam
 0002:0000280C       VarDispProc
 0002:00002810       ClearAnyProc
 0002:00002814       ChangeAnyProc
 0002:00002818       RefAnyProc
 0002:0000281C       .81
 0002:00002820       LVarTypes
 0002:00002824       LVarTypeSync
 0002:0000283C       .1
 0002:00002840       .6
 0002:00002844       .3
 0002:00002848       GlobalNameSpace
 0002:0000284C       IsUniqueGlobalComponentNameProc
 0002:00002850       SyncEvent
 0002:00002854       .45
 0002:00002858       IntConstList
 0002:0000285C       RegGroups
 0002:00002860       FindGlobalComponentProcs
 0002:00002864       GlobalFixupList
 0002:00002868       ThreadLock
 0002:00002880       InstBlockList
 0002:00002884       InstFreeList
 0002:00002888       .1
 0002:0000288C       SystemPalette16
 0002:00002890       .12
 0002:00002894       ScreenLogPixels
 0002:00002898       StockPen
 0002:0000289C       StockBrush
 0002:000028A0       StockFont
 0002:000028A4       StockIcon
 0002:000028A8       BitmapImageLock
 0002:000028C0       CounterLock
 0002:000028D8       FontManager
 0002:000028DC       PenManager
 0002:000028E0       BrushManager
 0002:000028E4       CanvasList
 0002:000028E8       PatternManager
 0002:000028EC       .2
 0002:000028F0       .21
 0002:000028F4       .1
 0002:000028F8       ComCtl32DLL
 0002:000028FC       _InitCommonControlsEx
 0002:00002900       GetSystemMetrics
 0002:00002904       MonitorFromWindow
 0002:00002908       MonitorFromRect
 0002:0000290C       MonitorFromPoint
 0002:00002910       GetMonitorInfo
 0002:00002914       GetMonitorInfoA
 0002:00002918       GetMonitorInfoW
 0002:0000291C       EnumDisplayMonitors
 0002:00002920       .1
 0002:00002924       User32Dll
 0002:00002928       InitApis
 0002:00002930       MMAvailable
 0002:00002934       .1
 0002:00002938       .2
 0002:0000293C       HelpManager
 0002:00002940       .3
 0002:00002944       .3
 0002:00002948       FlatSB_EnableScrollBar
 0002:0000294C       FlatSB_ShowScrollBar
 0002:00002950       FlatSB_GetScrollRange
 0002:00002954       FlatSB_GetScrollInfo
 0002:00002958       FlatSB_GetScrollPos
 0002:0000295C       FlatSB_SetScrollPos
 0002:00002960       FlatSB_SetScrollInfo
 0002:00002964       FlatSB_SetScrollRange
 0002:00002968       .1
 0002:0000296C       _FlatSB_GetScrollProp
 0002:00002970       _FlatSB_SetScrollProp
 0002:00002974       _InitializeFlatSB
 0002:00002978       _UninitializeFlatSB
 0002:0000297C       .6
 0002:00002980       OpenThemeData
 0002:00002984       CloseThemeData
 0002:00002988       DrawThemeBackground
 0002:0000298C       DrawThemeText
 0002:00002990       GetThemeBackgroundContentRect
 0002:00002994       GetThemeBackgroundExtent
 0002:00002998       GetThemePartSize
 0002:0000299C       GetThemeTextExtent
 0002:000029A0       GetThemeTextMetrics
 0002:000029A4       GetThemeBackgroundRegion
 0002:000029A8       HitTestThemeBackground
 0002:000029AC       DrawThemeEdge
 0002:000029B0       DrawThemeIcon
 0002:000029B4       IsThemePartDefined
 0002:000029B8       IsThemeBackgroundPartiallyTransparent
 0002:000029BC       GetThemeColor
 0002:000029C0       GetThemeMetric
 0002:000029C4       GetThemeString
 0002:000029C8       GetThemeBool
 0002:000029CC       GetThemeInt
 0002:000029D0       GetThemeEnumValue
 0002:000029D4       GetThemePosition
 0002:000029D8       GetThemeFont
 0002:000029DC       GetThemeRect
 0002:000029E0       GetThemeMargins
 0002:000029E4       GetThemeIntList
 0002:000029E8       GetThemePropertyOrigin
 0002:000029EC       SetWindowTheme
 0002:000029F0       GetThemeFilename
 0002:000029F4       GetThemeSysColor
 0002:000029F8       GetThemeSysColorBrush
 0002:000029FC       GetThemeSysBool
 0002:00002A00       GetThemeSysSize
 0002:00002A04       GetThemeSysFont
 0002:00002A08       GetThemeSysString
 0002:00002A0C       GetThemeSysInt
 0002:00002A10       IsThemeActive
 0002:00002A14       IsAppThemed
 0002:00002A18       GetWindowTheme
 0002:00002A1C       EnableThemeDialogTexture
 0002:00002A20       IsThemeDialogTextureEnabled
 0002:00002A24       GetThemeAppProperties
 0002:00002A28       SetThemeAppProperties
 0002:00002A2C       GetCurrentThemeName
 0002:00002A30       GetThemeDocumentationProperty
 0002:00002A34       DrawThemeParentBackground
 0002:00002A38       EnableTheming
 0002:00002A3C       .1
 0002:00002A40       ThemeLibrary
 0002:00002A44       ReferenceCount
 0002:00002A48       Lock
 0002:00002A4C       .1
 0002:00002A50       .4
 0002:00002A54       .1
 0002:00002A58       .1
 0002:00002A5C       .1
 0002:00002A60       .1
 0002:00002A64       .1
 0002:00002A68       .1
 0002:00002A6C       .1
 0002:00002A70       .11
 0002:00002A74       HelpMsg
 0002:00002A78       FindMsg
 0002:00002A7C       .12
 0002:00002A80       .1
 0002:00002A84       CF_PICTURE
 0002:00002A86       CF_COMPONENT
 0002:00002A88       .2
 0002:00002A8C       FClipboard
 0002:00002A90       .1
 0002:00002A94       .4
 0002:00002A98       BitBtnGlyphs
 0002:00002AC4       .3
 0002:00002AC8       .8
 0002:00002ACC       .5
 0002:00002AD0       .1
 0002:00002AD4       .72
 0002:00002AD8       UrlMonHandle
 0002:00002ADC       UrlMonInitialized
 0002:00002AE0       .8
 0002:00002AE4       .36
 0002:00002AE8       ShellModule
 0002:00002AEC       FRichEditModule
 0002:00002AF0       ComCtlVersion
 0002:00002AF4       .2
 0002:00002AF8       InternalServices
 0002:00002AFC       .42
 0002:00002B00       .73
 0002:00002B04       WinHelpTester
 0002:00002B08       ViewerName
 0002:00002B0C       .1
 0002:00002B10       HelpViewer
 0002:00002B14       HelpViewerIntf
 0002:00002B18       Mouse
 0002:00002B1C       NewStyleControls
 0002:00002B20       .72
 0002:00002B24       WindowAtom
 0002:00002B26       ControlAtom
 0002:00002B28       WindowAtomString
 0002:00002B2C       ControlAtomString
 0002:00002B30       RM_GetObjectInstance
 0002:00002B34       DragControl
 0002:00002B38       DragObject
 0002:00002B3C       DragInternalObject
 0002:00002B40       DragCapture
 0002:00002B44       DragStartPos
 0002:00002B4C       DragSaveCursor
 0002:00002B50       DragThreshold
 0002:00002B54       ActiveDrag
 0002:00002B58       DragImageList
 0002:00002B5C       DockSiteList
 0002:00002B60       QualifyingSites
 0002:00002B64       DragSave
 0002:00002B68       CanvasList
 0002:00002B6C       _WINNLSEnableIME
 0002:00002B70       _ImmGetContext
 0002:00002B74       _ImmReleaseContext
 0002:00002B78       _ImmGetConversionStatus
 0002:00002B7C       _ImmSetConversionStatus
 0002:00002B80       _ImmSetOpenStatus
 0002:00002B84       _ImmSetCompositionWindow
 0002:00002B88       _ImmSetCompositionFont
 0002:00002B8C       _ImmGetCompositionString
 0002:00002B90       _ImmIsIME
 0002:00002B94       _ImmNotifyIME
 0002:00002B98       .8
 0002:00002B9C       .3
 0002:00002BA0       CachedComCtrlVer
 0002:00002BA4       ImageListWriteExProc
 0002:00002BA8       PopupList
 0002:00002BAC       ShortCutItems
 0002:00002BB0       .9
 0002:00002BB4       CommandPool
 0002:00002BB8       Application
 0002:00002BBC       Screen
 0002:00002BC0       .41
 0002:00002BC4       RM_TaskbarCreated
 0002:00002BC8       HintThreadID
 0002:00002BCC       HintDoneEvent
 0002:00002BD0       HintHook
 0002:00002BD4       HintThread
 0002:00002BD8       .2
 0002:00002BDC       .5
 0002:00002BE0       .1
 0002:00002BE4       frmMain
 0002:00002BE8       .2


Line numbers for Main(Main.pas) segment .text

   289 0001:0005EA8C   290 0001:0005EA94   292 0001:0005EA9C   293 0001:0005EAA4
   302 0001:0005EAAC   317 0001:0005EAB4   329 0001:0005EABC   345 0001:0005EAC4
   357 0001:0005EACC   370 0001:0005EAD4   376 0001:0005EADC   391 0001:0005EAE4
   410 0001:0005EAEC   412 0001:0005EAF4   421 0001:0005EAFC   432 0001:0005EB04
   444 0001:0005EB0C   506 0001:0005EB14   507 0001:0005EB40   508 0001:0005EB46
   509 0001:0005EB4C   510 0001:0005EB52   511 0001:0005EB58   512 0001:0005EB5E
   514 0001:0005EB64   516 0001:0005EB69   519 0001:0005EB6C   520 0001:0005EB6F
   521 0001:0005EB7D   526 0001:0005EB80   529 0001:0005EB9C   531 0001:0005EBB2
   532 0001:0005EBFE   534 0001:0005EC02   539 0001:0005EC1A   541 0001:0005EC48
   542 0001:0005EC5E   551 0001:0005ECA0   554 0001:0005ED10   557 0001:0005ED13
   559 0001:0005ED29   560 0001:0005ED2E   562 0001:0005ED44   563 0001:0005ED5A
   574 0001:0005ED6D   581 0001:0005EDB0   583 0001:0005EDD2   584 0001:0005EDEA
   585 0001:0005EDF8   586 0001:0005EE06   587 0001:0005EE14   588 0001:0005EE22
   589 0001:0005EE46   590 0001:0005EE54   592 0001:0005EE62   602 0001:0005EEB2
   604 0001:0005EEC8   605 0001:0005EECC   607 0001:0005EEE4   610 0001:0005EF12
   611 0001:0005EF28   612 0001:0005EF77   621 0001:0005EFF8   623 0001:0005F01A
   624 0001:0005F032   625 0001:0005F040   626 0001:0005F04E   627 0001:0005F05C
   628 0001:0005F06A   629 0001:0005F08E   630 0001:0005F09C   631 0001:0005F0AA
   632 0001:0005F0B8   633 0001:0005F0C6   634 0001:0005F0DE   636 0001:0005F0F7
   650 0001:0005F160   652 0001:0005F176   653 0001:0005F17A   655 0001:0005F192
   658 0001:0005F1C0   659 0001:0005F1D6   660 0001:0005F225   667 0001:0005F2AC
   668 0001:0005F2CE   669 0001:0005F2E6   670 0001:0005F2F4   671 0001:0005F302
   672 0001:0005F310   673 0001:0005F334   674 0001:0005F342   675 0001:0005F350
   677 0001:0005F35E   687 0001:0005F3AE   689 0001:0005F3C4   690 0001:0005F3C8
   692 0001:0005F3E0   695 0001:0005F40E   696 0001:0005F424   697 0001:0005F473
   706 0001:0005F504   707 0001:0005F525   708 0001:0005F53D   709 0001:0005F54B
   710 0001:0005F559   711 0001:0005F567   712 0001:0005F58B   713 0001:0005F599
   714 0001:0005F5A7   715 0001:0005F5B5   717 0001:0005F5C3   728 0001:0005F61C
   730 0001:0005F632   731 0001:0005F636   733 0001:0005F64E   736 0001:0005F67C
   737 0001:0005F692   738 0001:0005F6E1   745 0001:0005F770   746 0001:0005F792
   747 0001:0005F7A0   748 0001:0005F7AF   749 0001:0005F7BE   750 0001:0005F7CD
   751 0001:0005F7DC   753 0001:0005F7E3   760 0001:0005F81B   762 0001:0005F831
   764 0001:0005F835   765 0001:0005F84B   766 0001:0005F859   767 0001:0005F867
   768 0001:0005F875   771 0001:0005F899   772 0001:0005F8A1   774 0001:0005F8B9
   776 0001:0005F8E7   777 0001:0005F8FD   778 0001:0005F93F   787 0001:0005F9EC
   788 0001:0005FA0D   789 0001:0005FA1B   790 0001:0005FA2A   791 0001:0005FA39
   792 0001:0005FA48   793 0001:0005FA57   794 0001:0005FA66   795 0001:0005FA75
   797 0001:0005FA7C   810 0001:0005FAD6   812 0001:0005FAEC   814 0001:0005FAF4
   815 0001:0005FB0A   816 0001:0005FB18   817 0001:0005FB26   818 0001:0005FB34
   819 0001:0005FB4F   820 0001:0005FB5D   821 0001:0005FB78   822 0001:0005FB93
   823 0001:0005FBAE   824 0001:0005FBBC   827 0001:0005FBE0   828 0001:0005FBE8
   830 0001:0005FC00   832 0001:0005FC2E   833 0001:0005FC44   834 0001:0005FC86
   839 0001:0005FD30   840 0001:0005FD49   841 0001:0005FD57   843 0001:0005FD6D
   844 0001:0005FD71   846 0001:0005FD89   848 0001:0005FDB7   849 0001:0005FDCD
   850 0001:0005FE02   856 0001:0005FE78   857 0001:0005FE93   858 0001:0005FEA1
   860 0001:0005FEAF   864 0001:0005FECF   865 0001:0005FEE5   866 0001:0005FEE9
   868 0001:0005FF01   870 0001:0005FF2F   871 0001:0005FF45   872 0001:0005FF7A
   876 0001:00060000   877 0001:00060010   881 0001:00060014   882 0001:00060024
   890 0001:00060028   891 0001:0006004A   892 0001:00060059   893 0001:00060068
   894 0001:00060077   895 0001:00060086   896 0001:00060095   897 0001:000600A4
   899 0001:000600B3   901 0001:000600BA   914 0001:00060117   915 0001:0006012D
   917 0001:00060135   918 0001:0006014B   919 0001:00060159   920 0001:00060167
   921 0001:00060175   922 0001:00060183   923 0001:00060191   924 0001:000601AC
   925 0001:000601C7   926 0001:000601E2   927 0001:000601F0   930 0001:00060214
   931 0001:0006021C   933 0001:00060234   935 0001:00060262   936 0001:00060278
   937 0001:000602BA   947 0001:00060380   948 0001:000603A1   949 0001:000603B0
   950 0001:000603BF   951 0001:000603CE   952 0001:000603DD   953 0001:000603EC
   954 0001:000603FB   955 0001:0006040A   956 0001:00060419   958 0001:00060428
   960 0001:0006042F   977 0001:000604A6   978 0001:000604BC   980 0001:000604C4
   981 0001:000604DA   982 0001:000604E8   983 0001:000604F6   984 0001:00060504
   985 0001:00060512   986 0001:00060520   987 0001:0006053B   988 0001:00060556
   989 0001:00060571   990 0001:0006057F   991 0001:0006058D   992 0001:000605A8
   993 0001:000605B6   994 0001:000605D1   997 0001:000605F5   998 0001:000605FD
  1000 0001:00060615  1002 0001:00060643  1003 0001:00060659  1004 0001:000606A8
  1007 0001:00060774  1013 0001:0006078C  1014 0001:0006079C  1015 0001:000607C5
  1016 0001:000607D5  1017 0001:0006081E  1020 0001:00060840  1021 0001:0006085A
  1023 0001:00060881  1025 0001:0006088E  1026 0001:000608B5  1027 0001:000608FE
  1030 0001:00060920  1034 0001:00060923  1035 0001:00060930  1036 0001:0006093D
  1039 0001:00060940  1040 0001:00060956  1042 0001:00060973  1043 0001:0006098B
  1044 0001:0006099B  1048 0001:000609AA  1049 0001:000609B7  1051 0001:000609E4
  1054 0001:00060A08  1055 0001:00060A09  1056 0001:00060A18  1059 0001:00060A1C
  1060 0001:00060A32  1062 0001:00060A4F  1063 0001:00060A67  1064 0001:00060A77
  1068 0001:00060A86  1069 0001:00060A93  1071 0001:00060AC0  1074 0001:00060AE4
  1075 0001:00060AE5  1076 0001:00060AF4  1081 0001:00060AF8  1084 0001:00060B13
  1086 0001:00060B29  1087 0001:00060B5E  1089 0001:00060B62  1094 0001:00060B7A
  1096 0001:00060BA8  1097 0001:00060BBE  1099 0001:00060C00  1104 0001:00060C70
  1107 0001:00060C89  1109 0001:00060C9F  1110 0001:00060CA6  1112 0001:00060CAA
  1115 0001:00060CC2  1117 0001:00060CF0  1118 0001:00060D06  1122 0001:00060D3B
  1133 0001:00060DAC  1134 0001:00060DCD  1135 0001:00060DDA  1136 0001:00060DEA
  1137 0001:00060DFA  1139 0001:00060E0A  1140 0001:00060E32  1141 0001:00060E48
  1143 0001:00060E50  1144 0001:00060E85  1145 0001:00060EA4  1146 0001:00060EDC
  1147 0001:00060F14  1148 0001:00060F4C  1150 0001:00060F6B  1154 0001:00060FF5
  1155 0001:00060FFD  1157 0001:00061015  1159 0001:0006104F  1160 0001:00061065
  1161 0001:000610AD  1166 0001:00061174  1167 0001:00061196  1171 0001:0006127F
  1172 0001:00061295  1173 0001:00061299  1175 0001:000612B1  1177 0001:000612DF
  1178 0001:000612F5  1179 0001:00061337  1187 0001:000613B0  1188 0001:000613CD
  1189 0001:000613D9  1190 0001:000613E0  1191 0001:000613EC  1192 0001:00061402
  1194 0001:00061406  1195 0001:00061414  1197 0001:00061423  1198 0001:00061446
  1195 0001:00061449  1199 0001:0006144C  1202 0001:00061464  1204 0001:00061492
  1205 0001:000614A8  1206 0001:000614DD  1208 0001:0006158C  1208 0001:00061593

Line numbers for DllDemo(D:\Work\VSS\infoX-EIE\infoX-EIE API\V4.1D10\DLL\Demo\Delphi\DllDemo.dpr) segment .text

     9 0001:000617B4    10 0001:000617C4    11 0001:000617D0    12 0001:000617E8
    13 0001:000617F4

Bound resource files

c:\program files\borland\delphi7\Lib\Buttons.res
c:\program files\borland\delphi7\Lib\ExtDlgs.res
c:\program files\borland\delphi7\Lib\Controls.res
Main.dfm
DllDemo.res
DllDemo.drf


Program entry point at 0001:000617B4
