 monitor

 Timestamp is 47ccf9e6 (Tue Mar 04 15:27:34 2008)

 Preferred load address is 10000000

 Start         Length     Name                   Class
 0001:00000000 00059372H .text                   CODE
 0001:00059380 00000000H .text$AFX_COL1          CODE
 0001:00059380 00003ab5H .text$x                 CODE
 0001:0005ce40 00000662H .text$yc                CODE
 0001:0005d4b0 00000340H .text$yd                CODE
 0002:00000000 00000524H .idata$5                DATA
 0002:00000528 0000a1f0H .rdata                  DATA
 0002:0000a718 00000104H .rdata$r                DATA
 0002:0000a820 0000020cH .rdata$sxdata           DATA
 0002:0000aa2c 00000004H .rtc$IAA                DATA
 0002:0000aa30 00000004H .rtc$IZZ                DATA
 0002:0000aa34 00000004H .rtc$TAA                DATA
 0002:0000aa38 00000004H .rtc$TZZ                DATA
 0002:0000aa3c 00003870H .xdata$x                DATA
 0002:0000e2ac 00000000H ATL$__a                 DATA
 0002:0000e2ac 00000000H ATL$__z                 DATA
 0002:0000e2ac 000000f0H .idata$2                DATA
 0002:0000e39c 00000014H .idata$3                DATA
 0002:0000e3b0 00000524H .idata$4                DATA
 0002:0000e8d4 00000df0H .idata$6                DATA
 0002:0000f6d0 00000619H .edata                  DATA
 0003:00000000 00000004H .CRT$XCA                DATA
 0003:00000004 00000004H .CRT$XCAA               DATA
 0003:00000008 00000008H .CRT$XCL                DATA
 0003:00000010 000000c8H .CRT$XCU                DATA
 0003:000000d8 00000004H .CRT$XCZ                DATA
 0003:000000dc 00000004H .CRT$XIA                DATA
 0003:000000e0 00000004H .CRT$XIZ                DATA
 0003:000000f0 0006ee70H .data                   DATA
 0003:0006ef60 000fb8c0H .bss                    DATA
 0004:00000000 00000058H .rsrc$01                DATA
 0004:00000060 000002e8H .rsrc$02                DATA

  Address         Publics by Value              Rva+Base     Lib:Object

 0000:00000000       __except_list              00000000     <absolute>
 0000:00000083       ___safe_se_handler_count   00000083     <absolute>
 0000:00009876       __ldused                   00009876     <absolute>
 0000:00009876       __fltused                  00009876     <absolute>
 0000:00000000       ___ImageBase               10000000     <linker-defined>
 0001:00000000       ?_AtlGetThreadACPFake@ATL@@YGIXZ 10001000 f i AddrTable.obj
 0001:00000080       ?_AtlGetThreadACPReal@ATL@@YGIXZ 10001080 f i AddrTable.obj
 0001:00000090       ?_AtlGetThreadACPThunk@ATL@@YGIXZ 10001090 f i AddrTable.obj
 0001:00000100       ??3CObject@@SGXPAX@Z       10001100 f i AddrTable.obj
 0001:00000110       ?Serialize@CObject@@UAEXAAVCArchive@@@Z 10001110 f i AddrTable.obj
 0001:00000110       ?Dump@CObject@@UBEXAAVCDumpContext@@@Z 10001110 f i AddrTable.obj
 0001:00000120       ?Format@COleDateTime@ATL@@QBE?AV?$CStringT@DV?$StrTraitMFC_DLL@DV?$ChTraitsCRT@D@ATL@@@@@2@PBD@Z 10001120 f i ado.obj
 0001:000002c0       ??HATL@@YA?AV?$CStringT@DV?$StrTraitMFC_DLL@DV?$ChTraitsCRT@D@ATL@@@@@0@ABV10@0@Z 100012c0 f i ado.obj
 0001:00000350       ?GetAsSystemTime@CTime@ATL@@QBE_NAAU_SYSTEMTIME@@@Z 10001350 f i AIXErrpt.obj
 0001:000003b0       ??4COleDateTime@ATL@@QAEAAV01@AB_J@Z 100013b0 f i AIXErrpt.obj
 0001:00000410       ?convert_date@@YAHPADHHHH0@Z 10001410 f   AIXErrpt.obj
 0001:00000590       ?GetConfirms@@YAHV?$CStringT@DV?$StrTraitMFC_DLL@DV?$ChTraitsCRT@D@ATL@@@@@ATL@@@Z 10001590 f   AIXErrpt.obj
 0001:000006c0       ?AIXERRPT_TEL_VALUE@@YA_NPADH000H000000H000@Z 100016c0 f   AIXErrpt.obj
 0001:00000f50       ?AIXERRPT_SSH_VALUE@@YAHPADH000H0000@Z 10001f50 f   AIXErrpt.obj
 0001:00001620       ?APACHE_MONITOR@@YAHPADH000H0000@Z 10002620 f   Apache.obj
 0001:00001920       ?APACHE_2_0_34_MONITOR@@YAHPADH000H0000@Z 10002920 f   Apache.obj
 0001:00001b50       ?BANDWIDTH_MONITOR@@YAHPADH0HHH00@Z 10002b50 f   Bandwidth.obj
 0001:00001f20       ??0CBase64@@QAE@XZ         10002f20 f   Base64.obj
 0001:00001f40       ??1CBase64@@UAE@XZ         10002f40 f   Base64.obj
 0001:00001f50       ?read_bits@CBase64@@IAEIHPAHAAH@Z 10002f50 f   Base64.obj
 0001:00001fe0       ?write_bits@CBase64@@IAEXIHPADAAH@Z 10002fe0 f   Base64.obj
 0001:00002040       ??_GCBase64@@UAEPAXI@Z     10003040 f i Base64.obj
 0001:00002040       ??_ECBase64@@UAEPAXI@Z     10003040 f i Base64.obj
 0001:00002060       ?Encode@CBase64@@UAE?AV?$CStringT@DV?$StrTraitMFC_DLL@DV?$ChTraitsCRT@D@ATL@@@@@ATL@@PBDH@Z 10003060 f   Base64.obj
 0001:00002190       ?Decode@CBase64@@UAEHPBDPAD@Z 10003190 f   Base64.obj
 0001:00002310       ?CHECKPOINT_MONITOR@@YAHPADH0V?$CStringT@DV?$StrTraitMFC_DLL@DV?$ChTraitsCRT@D@ATL@@@@@ATL@@HH00@Z 10003310 f   CheckPoint.obj
 0001:00002810       ?CISCOCPU_MONITOR@@YAHPADHV?$CStringT@DV?$StrTraitMFC_DLL@DV?$ChTraitsCRT@D@ATL@@@@@ATL@@0HH00@Z 10003810 f   CiscoCPU.obj
 0001:00002d60       ?HUAWEISWITCH_CPU@@YAHPADHV?$CStringT@DV?$StrTraitMFC_DLL@DV?$ChTraitsCRT@D@ATL@@@@@ATL@@0HH010@Z 10003d60 f   CiscoCPU.obj
 0001:000031a0       ?HUAWEICPU_MONITOR@@YAHPADHV?$CStringT@DV?$StrTraitMFC_DLL@DV?$ChTraitsCRT@D@ATL@@@@@ATL@@0HH00@Z 100041a0 f   CiscoCPU.obj
 0001:00003620       ?cisco_connect@@YAHIPAD00PAUst_gd@@@Z 10004620 f   CiscoLog.obj
 0001:000038e0       ?cisco_command@@YAHIPAD0PAUst_gd@@@Z 100048e0 f   CiscoLog.obj
 0001:00003b80       ?CISCOCONFIG_MONITOR62@@YAHPADH000000000H0000@Z 10004b80 f   CiscoLog.obj
 0001:00004250       ?GetStringFromLineNo@@YA?AV?$CStringT@DV?$StrTraitMFC_DLL@DV?$ChTraitsCRT@D@ATL@@@@@ATL@@V12@H@Z 10005250 f   Cluster.obj
 0001:00004380       ?GetColumnFromLine@@YA?AV?$CStringT@DV?$StrTraitMFC_DLL@DV?$ChTraitsCRT@D@ATL@@@@@ATL@@V12@H@Z 10005380 f   Cluster.obj
 0001:00004520       ?TELCLUSTER_MONITOR@@YAHPADH000H000000000@Z 10005520 f   Cluster.obj
 0001:00004cd0       ?SSHCLUSTER_MONITOR@@YAHPADH000000@Z 10005cd0 f   Cluster.obj
 0001:00005390       ?HTTPCLUSTER_MONITOR@@YAHPAD000H000000@Z 10006390 f   Cluster.obj
 0001:00005940       ?RLOGINCLUSTER_MONITOR@@YAHPADH000H00000000@Z 10006940 f   Cluster.obj
 0001:000060a0       ?CTRONSSRCPU_MONITOR@@YAHPADH0HH00@Z 100070a0 f   Ctron.obj
 0001:00006380       ?CtronEtherIndexs@@YAHPADH0HH0AAV?$CStringT@DV?$StrTraitMFC_DLL@DV?$ChTraitsCRT@D@ATL@@@@@ATL@@@Z 10007380 f   Ctron.obj
 0001:00006920       ?GetTickCount@CTime@ATL@@SG?AV12@XZ 10007920 f i Ctron.obj
 0001:00006940       ?CTRONETHERSTATUS_MONITOR@@YAHPADH0V?$CStringT@DV?$StrTraitMFC_DLL@DV?$ChTraitsCRT@D@ATL@@@@@ATL@@HHHH00@Z 10007940 f   Ctron.obj
 0001:00006f70       ?DB_MONITOR@@YAHPAD0HH0000000@Z 10007f70 f   DB.obj
 0001:000072c0       ?topacket@@YAHPAUDHCP_MESSAGE@@PAE@Z 100082c0 f   DHCP.obj
 0001:000073d0       ?tostruct@@YAHPAUDHCP_MESSAGE@@PAEH@Z 100083d0 f   DHCP.obj
 0001:00007510       ?GetMacAddress@@YAHPAE@Z   10008510 f   DHCP.obj
 0001:000075c0       ?DHCP_MONITOR@@YAHHPAD00@Z 100085c0 f   DHCP.obj
 0001:00007dc0       ?VerifyDNS@@YAHPAEHAAVCStringList@@@Z 10008dc0 f   DNS.obj
 0001:00007f50       ?DNS_MONITOR@@YAHPADH0AAVCStringList@@00@Z 10008f50 f   DNS.obj
 0001:00008380       ?DYNAMO_MONITOR@@YAHPADH0V?$CStringT@DV?$StrTraitMFC_DLL@DV?$ChTraitsCRT@D@ATL@@@@@ATL@@HH00@Z 10009380 f   Dynamo.obj
 0001:00008870       ?F5_MONITOR@@YAHPADH0V?$CStringT@DV?$StrTraitMFC_DLL@DV?$ChTraitsCRT@D@ATL@@@@@ATL@@HH00@Z 10009870 f   F5.obj
 0001:00008cb0       ?FOUNDRYCPUS_MONITOR@@YAHPADH000@Z 10009cb0 f   Foundry.obj
 0001:00008ee0       ?FOUNDRYCPU_MONITOR@@YAHPADH0V?$CStringT@DV?$StrTraitMFC_DLL@DV?$ChTraitsCRT@D@ATL@@@@@ATL@@HH00@Z 10009ee0 f   Foundry.obj
 0001:00009300       ?OpenDataChannel@@YAHPADHH0H000@Z 1000a300 f   FTP.obj
 0001:000095a0       ?QuitFromServer@@YAXXZ     1000a5a0 f   FTP.obj
 0001:000095e0       ?WaitVersionInfo@@YAHIH@Z  1000a5e0 f   FTP.obj
 0001:00009710       ?FTP_COMMAND@@YAHIV?$CStringT@DV?$StrTraitMFC_DLL@DV?$ChTraitsCRT@D@ATL@@@@@ATL@@AAV12@@Z 1000a710 f   FTP.obj
 0001:000098d0       ?EnterPassiveMode@@YAHXZ   1000a8d0 f   FTP.obj
 0001:00009a50       ?WriteString@@YAHIV?$CStringT@DV?$StrTraitMFC_DLL@DV?$ChTraitsCRT@D@ATL@@@@@ATL@@@Z 1000aa50 f   FTP.obj
 0001:00009a80       ?ReadString2@@YAHIPAD@Z    1000aa80 f   FTP.obj
 0001:00009b90       ?TFTP_MONITOR@@YAHPADH0H00@Z 1000ab90 f   FTP.obj
 0001:00009f90       ?OpenControlChannel@@YAHPADH00H0H0H000@Z 1000af90 f   FTP.obj
 0001:0000a6e0       ?FTP_MONITOR@@YAHPADH000HH0H00000@Z 1000b6e0 f   FTP.obj
 0001:0000a850       ?FuncGetInstallPath@@YA?AV?$CStringT@DV?$StrTraitMFC_DLL@DV?$ChTraitsCRT@D@ATL@@@@@ATL@@XZ 1000b850 f   funcGeneral.obj
 0001:0000a8f0       ?FuncGetInstallRootSCPath@@YA?AV?$CStringT@DV?$StrTraitMFC_DLL@DV?$ChTraitsCRT@D@ATL@@@@@ATL@@XZ 1000b8f0 f   funcGeneral.obj
 0001:0000a910       ?FuncGetInstallRootPath@@YA?AV?$CStringT@DV?$StrTraitMFC_DLL@DV?$ChTraitsCRT@D@ATL@@@@@ATL@@XZ 1000b910 f   funcGeneral.obj
 0001:0000ab00       ?WSA_Init@@YAHXZ           1000bb00 f   funcGeneral.obj
 0001:0000ab80       ?WSA_Free@@YAXXZ           1000bb80 f   funcGeneral.obj
 0001:0000ab90       ?DFN_GetPrivateProfileString@@YAKPBD00PADK0@Z 1000bb90 f   funcGeneral.obj
 0001:0000ada0       ?DFN_GetPrivateProfileInt@@YAHPBD0H0@Z 1000bda0 f   funcGeneral.obj
 0001:0000ae50       ?DFN_WritePrivateProfileString@@YAHPBD000@Z 1000be50 f   funcGeneral.obj
 0001:0000b080       ?MakeStringListByChar@@YA_NAAVCStringList@@PBD@Z 1000c080 f   funcGeneral.obj
 0001:0000b0c0       ?MakeCharByString@@YA_NPADAAHV?$CStringT@DV?$StrTraitMFC_DLL@DV?$ChTraitsCRT@D@ATL@@@@@ATL@@@Z 1000c0c0 f   funcGeneral.obj
 0001:0000b160       ?GetSEIP@@YA?AV?$basic_string@DU?$char_traits@D@std@@V?$allocator@D@2@@std@@XZ 1000c160 f   funcGeneral.obj
 0001:0000b2c0       ?GetResourceValue@@YA?AV?$basic_string@DU?$char_traits@D@std@@V?$allocator@D@2@@std@@V12@@Z 1000c2c0 f   funcGeneral.obj
 0001:0000b400       ?FuncGetStringFromIDS@@YA?AV?$CStringT@DV?$StrTraitMFC_DLL@DV?$ChTraitsCRT@D@ATL@@@@@ATL@@PBD@Z 1000c400 f   funcGeneral.obj
 0001:0000b500       ?FuncGetStringFromIDS@@YA?AV?$CStringT@DV?$StrTraitMFC_DLL@DV?$ChTraitsCRT@D@ATL@@@@@ATL@@PBD0@Z 1000c500 f   funcGeneral.obj
 0001:0000b600       ?DFNParser_GetPrivateProfileString@@YAKPBD00PADK0@Z 1000c600 f   funcGeneral.obj
 0001:0000b690       ?DFNParser_GetPrivateProfileInt@@YAHPBD0H0@Z 1000c690 f   funcGeneral.obj
 0001:0000b710       ?http_command@@YAHPAD0H000H000@Z 1000c710 f   HttpMonitor.obj
 0001:0000bda0       ?HttpMonitorValue@@YAHPAD000H000H000@Z 1000cda0 f   HttpMonitor.obj
 0001:0000bfb0       ?HttpUnixPerfMonitorValue@@YAHPAD000H00000@Z 1000cfb0 f   HttpMonitor.obj
 0001:0000c180       ??0CFileException@@QAE@HJPBD@Z 1000d180 f i IEEvents.obj
 0001:0000c1f0       ??1CFileException@@UAE@XZ  1000d1f0 f i IEEvents.obj
 0001:0000c200       ??_ECFileException@@UAEPAXI@Z 1000d200 f i IEEvents.obj
 0001:0000c200       ??_GCFileException@@UAEPAXI@Z 1000d200 f i IEEvents.obj
 0001:0000c220       ?cisco_GetInterfaces@@YAHPADH00AAV?$CStringT@DV?$StrTraitMFC_DLL@DV?$ChTraitsCRT@D@ATL@@@@@ATL@@@Z 1000d220 f   Interfaces.obj
 0001:0000c4c0       ?MallocInterfaceList@@YAHHPAPAUtagInterfaceInfo@@@Z 1000d4c0 f   Interfaces.obj
 0001:0000c540       ?GetInterfaces@@YAHPADH00AAV?$CStringT@DV?$StrTraitMFC_DLL@DV?$ChTraitsCRT@D@ATL@@@@@ATL@@@Z 1000d540 f   Interfaces.obj
 0001:0000cd10       ?IPLANET_MONITOR@@YAHPADH000H0000@Z 1000dd10 f   iPlanet.obj
 0001:0000d5c0       ?LDAP_MONITOR@@YAHPADH0000000@Z 1000e5c0 f   LDAP.obj
 0001:0000da00       ?GetCurrentTimeEx@TTime@svutil@@SA?AV12@XZ 1000ea00 f i LogFile.obj
 0001:0000da30       ?Format@TTime@svutil@@QBE?AV?$basic_string@DU?$char_traits@D@std@@V?$allocator@D@2@@std@@XZ 1000ea30 f i LogFile.obj
 0001:0000dac0       ??1sv_dyn@@QAE@XZ          1000eac0 f i LogFile.obj
 0001:0000dad0       ?GetDyn@@YAHV?$basic_string@DU?$char_traits@D@std@@V?$allocator@D@2@@std@@AAHAAV12@@Z 1000ead0 f   LogFile.obj
 0001:0000dc20       ?GetColumnFromLine@@YAHV?$CStringT@DV?$StrTraitMFC_DLL@DV?$ChTraitsCRT@D@ATL@@@@@ATL@@HAAJ@Z 1000ec20 f   LogFile.obj
 0001:0000de30       ?WriteLogData@@YAXPADPBD@Z 1000ee30 f   LogFile.obj
 0001:0000df20       ?WriteLogTime@@YAXPBD@Z    1000ef20 f   LogFile.obj
 0001:0000e060       ?ParserContent@@YAHPADAAJ1000@Z 1000f060 f   LogFile.obj
 0001:0000e2c0       ?TelLogFileSize@@YAHHPAD0AAJ@Z 1000f2c0 f   LogFile.obj
 0001:0000e440       ?SshLogFileSize@@YAHPADH00000AAJ@Z 1000f440 f   LogFile.obj
 0001:0000e5c0       ?TelLogFileExist@@YAHHPAD0@Z 1000f5c0 f   LogFile.obj
 0001:0000e730       ?SshLogFileExist@@YAHPADH00000@Z 1000f730 f   LogFile.obj
 0001:0000e8a0       ?LOGFILE_TEL_VALUE@@YAHPADH000H000000000HH00H0@Z 1000f8a0 f   LogFile.obj
 0001:0000efd0       ?LOGFILE_SSH_VALUE@@YAHPADH000000HH00H00@Z 1000ffd0 f   LogFile.obj
 0001:0000f510       ??0CMAPIProto@@QAE@XZ      10010510 f   MAPIProto.obj
 0001:0000f540       ?InitMAPI@CMAPIProto@@QAEHXZ 10010540 f   MAPIProto.obj
 0001:0000f600       ?MAPISendMail@CMAPIProto@@QAEHKKPAUMapiMessage@@KKPAD@Z 10010600 f   MAPIProto.obj
 0001:0000f800       ?MAPIResolveName@CMAPIProto@@QAEHKKPADKKPAPAUMapiRecipDesc@@0@Z 10010800 f   MAPIProto.obj
 0001:0000f960       ?MAPILogon@CMAPIProto@@QAEHKPAD0KKPAK0@Z 10010960 f   MAPIProto.obj
 0001:0000fa80       ?MAPIFreeBuffer@CMAPIProto@@QAEHPAXPAD@Z 10010a80 f   MAPIProto.obj
 0001:0000fac0       ?MAPIFindNext@CMAPIProto@@QAEHKKPAD0KK00@Z 10010ac0 f   MAPIProto.obj
 0001:0000fbf0       ?MAPIReadMail@CMAPIProto@@QAEHKKPADKKPAPAUMapiMessage@@0@Z 10010bf0 f   MAPIProto.obj
 0001:0000fd70       ??_ECMAPIProto@@UAEPAXI@Z  10010d70 f i MAPIProto.obj
 0001:0000fd70       ??_GCMAPIProto@@UAEPAXI@Z  10010d70 f i MAPIProto.obj
 0001:0000fda0       ?MD5_Block@@YAXPAUMD5_Core_State@@PAI@Z 10010da0 f   MD5.obj
 0001:00010790       ?MD5Update@@YAXPAUMD5Context@@PBEI@Z 10011790 f   MD5.obj
 0001:00010900       ?MD5Final@@YAXQAEPAUMD5Context@@@Z 10011900 f   MD5.obj
 0001:00010a30       ?MD5@@YAXQAEPBEH@Z         10011a30 f   MD5.obj
 0001:00010aa0       ??0CMIMECode@@QAE@XZ       10011aa0 f   MIMECode.obj
 0001:00010ab0       ??1CMIMECode@@UAE@XZ       10011ab0 f   MIMECode.obj
 0001:00010ac0       ??_GCMIMECode@@UAEPAXI@Z   10011ac0 f i MIMECode.obj
 0001:00010ac0       ??_ECMIMECode@@UAEPAXI@Z   10011ac0 f i MIMECode.obj
 0001:00010ae0       ?Init@CCriticalSection@@AAEHXZ 10011ae0 f i MIMEMessage.obj
 0001:00010b60       ??0CCriticalSection@@QAE@XZ 10011b60 f i MIMEMessage.obj
 0001:00010bc0       ?Unlock@CSyncObject@@UAEHJPAJ@Z 10011bc0 f i MIMEMessage.obj
 0001:00010bd0       ??1CCriticalSection@@UAE@XZ 10011bd0 f i MIMEMessage.obj
 0001:00010bf0       ?Lock@CCriticalSection@@QAEHXZ 10011bf0 f i MIMEMessage.obj
 0001:00010c60       ?Lock@CCriticalSection@@UAEHK@Z 10011c60 f i MIMEMessage.obj
 0001:00010c70       ?Unlock@CCriticalSection@@UAEHXZ 10011c70 f i MIMEMessage.obj
 0001:00010c80       ??_GCCriticalSection@@UAEPAXI@Z 10011c80 f i MIMEMessage.obj
 0001:00010c80       ??_ECCriticalSection@@UAEPAXI@Z 10011c80 f i MIMEMessage.obj
 0001:00010ca0       ??1?$CList@PAVCMIMEContentAgent@@PAV1@@@UAE@XZ 10011ca0 f i MIMEMessage.obj
 0001:00010ce0       ?Serialize@?$CList@PAVCMIMEContentAgent@@PAV1@@@UAEXAAVCArchive@@@Z 10011ce0 f i MIMEMessage.obj
 0001:00010dc0       ??$SerializeElements@PAVCMIMEContentAgent@@@@YGXAAVCArchive@@PAPAVCMIMEContentAgent@@H@Z 10011dc0 f i MIMEMessage.obj
 0001:00010e50       ??_G?$CList@PAVCMIMEContentAgent@@PAV1@@@UAEPAXI@Z 10011e50 f i MIMEMessage.obj
 0001:00010e50       ??_E?$CList@PAVCMIMEContentAgent@@PAV1@@@UAEPAXI@Z 10011e50 f i MIMEMessage.obj
 0001:00010e70       ??0CMIMETypeManager@CMIMEMessage@@QAE@XZ 10011e70 f   MIMEMessage.obj
 0001:00010eb0       ??1CMIMETypeManager@CMIMEMessage@@UAE@XZ 10011eb0 f   MIMEMessage.obj
 0001:00010f70       ??_GCMIMETypeManager@CMIMEMessage@@UAEPAXI@Z 10011f70 f i MIMEMessage.obj
 0001:00010f70       ??_ECMIMETypeManager@CMIMEMessage@@UAEPAXI@Z 10011f70 f i MIMEMessage.obj
 0001:00010f90       ??1AFX_MAINTAIN_STATE2@@QAE@XZ 10011f90 f i monitor.obj
 0001:00010fa0       ??1logic_error@std@@UAE@XZ 10011fa0 f i monitor.obj
 0001:00011000       ?what@logic_error@std@@UBEPBDXZ 10012000 f i monitor.obj
 0001:00011010       ??_Glogic_error@std@@UAEPAXI@Z 10012010 f i monitor.obj
 0001:00011010       ??_Elogic_error@std@@UAEPAXI@Z 10012010 f i monitor.obj
 0001:00011030       ??_Elength_error@std@@UAEPAXI@Z 10012030 f i monitor.obj
 0001:00011030       ??_Glength_error@std@@UAEPAXI@Z 10012030 f i monitor.obj
 0001:00011050       ??1length_error@std@@UAE@XZ 10012050 f i monitor.obj
 0001:00011060       ?GetMessageMap@CMonitorApp@@MBEPBUAFX_MSGMAP@@XZ 10012060 f   monitor.obj
 0001:00011070       ??0CMonitorApp@@QAE@XZ     10012070 f   monitor.obj
 0001:00011090       ??1CMonitorApp@@UAE@XZ     10012090 f i monitor.obj
 0001:000110a0       ?SSHAIXERRPT@@YAHAAVCStringList@@PAD@Z 100120a0 f   monitor.obj
 0001:00011700       _APACHE                    10012700 f   monitor.obj
 0001:00011d80       _APACHE_2_0_34             10012d80 f   monitor.obj
 0001:00012380       _BANDWIDTH                 10013380 f   monitor.obj
 0001:00012920       _CTRONSSRCPU               10013920 f   monitor.obj
 0001:00012e00       _CTRONETHERSTATUS          10013e00 f   monitor.obj
 0001:000134c0       _CTRONETHERINDEX           100144c0 f   monitor.obj
 0001:000139f0       _CHECKPOINT                100149f0 f   monitor.obj
 0001:00014020       ?TELCLUSTER@@YAHAAVCStringList@@PAD@Z 10015020 f   monitor.obj
 0001:00014a10       ?SSHCLUSTER@@YAHAAVCStringList@@PAD@Z 10015a10 f   monitor.obj
 0001:00014fe0       ?HTTPCLUSTER@@YAHAAVCStringList@@PAD@Z 10015fe0 f   monitor.obj
 0001:00015680       ?RLOGINCLUSTER@@YAHAAVCStringList@@PAD@Z 10016680 f   monitor.obj
 0001:00015fe0       _CLUSTER                   10016fe0 f   monitor.obj
 0001:00016180       _DB                        10017180 f   monitor.obj
 0001:00016950       _DNS                       10017950 f   monitor.obj
 0001:00016eb0       _DYNAMO                    10017eb0 f   monitor.obj
 0001:00017550       _F5                        10018550 f   monitor.obj
 0001:00017bf0       _FOUNDRYCPUS               10018bf0 f   monitor.obj
 0001:00018030       _FOUNDRYMEM                10019030 f   monitor.obj
 0001:00018030       _FOUNDRYCPU                10019030 f   monitor.obj
 0001:000186d0       _FTP                       100196d0 f   monitor.obj
 0001:00019340       _TFTP                      1001a340 f   monitor.obj
 0001:00019840       _IPLANET                   1001a840 f   monitor.obj
 0001:00019ec0       _LDAP                      1001aec0 f   monitor.obj
 0001:0001a550       ?TELLOGFILE@@YAHAAVCStringList@@PAD@Z 1001b550 f   monitor.obj
 0001:0001b210       ?SSHLOGFILE@@YAHAAVCStringList@@PAD@Z 1001c210 f   monitor.obj
 0001:0001bba0       _LOGFILE                   1001cba0 f   monitor.obj
 0001:0001bd40       _NETSCREENRES              1001cd40 f   monitor.obj
 0001:0001c4a0       _NETSCREENSERVICE          1001d4a0 f   monitor.obj
 0001:0001cb40       _NETSCREENSERVICEGROUP     1001db40 f   monitor.obj
 0001:0001d1e0       _NETSCREENSERVICEGROUPMEMBER 1001e1e0 f   monitor.obj
 0001:0001d880       _NETSCREENVPN              1001e880 f   monitor.obj
 0001:0001df20       _NETSCREENATTACK           1001ef20 f   monitor.obj
 0001:0001e680       _NETSCREENPACKDROP         1001f680 f   monitor.obj
 0001:0001ede0       ?TELMQSTATUS@@YA_NAAVCStringList@@PAD@Z 1001fde0 f   monitor.obj
 0001:0001f840       ?TELMQ@@YA_NAAVCStringList@@PAD@Z 10020840 f   monitor.obj
 0001:00020240       ?SSHMQ@@YA_NAAVCStringList@@PAD@Z 10021240 f   monitor.obj
 0001:000207a0       ?HTTPMQ@@YA_NAAVCStringList@@PAD@Z 100217a0 f   monitor.obj
 0001:00020e40       ?RLOGINMQ@@YA_NAAVCStringList@@PAD@Z 10021e40 f   monitor.obj
 0001:00021780       _MQSTATUS                  10022780 f   monitor.obj
 0001:00021950       _MQ                        10022950 f   monitor.obj
 0001:00021b20       _NEWS                      10022b20 f   monitor.obj
 0001:00022360       _PING                      10023360 f   monitor.obj
 0001:00022710       _VIPPING                   10023710 f   monitor.obj
 0001:00022ac0       _PORT                      10023ac0 f   monitor.obj
 0001:00023290       _RADIUS                    10024290 f   monitor.obj
 0001:00023a70       _SILVERSTREAM              10024a70 f   monitor.obj
 0001:000240f0       _SYBASE                    100250f0 f   monitor.obj
 0001:000243f0       _NETTRAFFIC                100253f0 f   monitor.obj
 0001:000244d0       _TRAFFIC                   100254d0 f   monitor.obj
 0001:00024b10       _HUAWEICPU                 10025b10 f   monitor.obj
 0001:00025020       _HUAWEISWITCHCPU           10026020 f   monitor.obj
 0001:00025600       _TRAP                      10026600 f   monitor.obj
 0001:00025800       ?SSHCPU@@YAHAAVCStringList@@PAD@Z 10026800 f   monitor.obj
 0001:00025d90       ?HTTPCPU@@YAHAAVCStringList@@PAD@Z 10026d90 f   monitor.obj
 0001:00026380       ?RLOGINCPU@@YAHAAVCStringList@@PAD@Z 10027380 f   monitor.obj
 0001:00026bd0       ?HP_SSHCPU@@YAHAAVCStringList@@PAD@Z 10027bd0 f   monitor.obj
 0001:00027160       ?HP_HTTPCPU@@YAHAAVCStringList@@PAD@Z 10028160 f   monitor.obj
 0001:00027750       ?HP_RLOGINCPU@@YAHAAVCStringList@@PAD@Z 10028750 f   monitor.obj
 0001:00027fa0       ?TELUNIXPERF@@YAHAAVCStringList@@PAD@Z 10028fa0 f   monitor.obj
 0001:000288e0       ?SSHUNIXPERF@@YAHAAVCStringList@@PAD@Z 100298e0 f   monitor.obj
 0001:00028e80       ?HTTPUNIXPERF@@YAHAAVCStringList@@PAD@Z 10029e80 f   monitor.obj
 0001:00029470       ?RLOGINUNIXPERF@@YAHAAVCStringList@@PAD@Z 1002a470 f   monitor.obj
 0001:00029ce0       _UNIXPERF                  1002ace0 f   monitor.obj
 0001:00029e80       _TELMEMORY_zw              1002ae80 f   monitor.obj
 0001:0002a720       ?SSHMEMORY@@YAHAAVCStringList@@PADH@Z 1002b720 f   monitor.obj
 0001:0002acb0       ?HTTPMEMORY@@YAHAAVCStringList@@PADH@Z 1002bcb0 f   monitor.obj
 0001:0002b2b0       ?RLOGINMEMORY@@YAHAAVCStringList@@PADH@Z 1002c2b0 f   monitor.obj
 0001:0002bb70       ?SSHDISK@@YA_NAAVCStringList@@PAD@Z 1002cb70 f   monitor.obj
 0001:0002c190       ?SSHSERVICE@@YA_NAAVCStringList@@PAD@Z 1002d190 f   monitor.obj
 0001:0002c7e0       ?TELSCRIPT@@YAHAAVCStringList@@PAD@Z 1002d7e0 f   monitor.obj
 0001:0002d2e0       ?SSHSCRIPT@@YAHAAVCStringList@@PAD@Z 1002e2e0 f   monitor.obj
 0001:0002d9d0       ?HTTPSCRIPT@@YAHAAVCStringList@@PAD@Z 1002e9d0 f   monitor.obj
 0001:0002e1f0       ?RLOGINSCRIPT@@YAHAAVCStringList@@PAD@Z 1002f1f0 f   monitor.obj
 0001:0002ec70       _SCRIPT                    1002fc70 f   monitor.obj
 0001:0002ee80       ?TELSCRIPTS@@YAHAAVCStringList@@PAD@Z 1002fe80 f   monitor.obj
 0001:0002f8a0       ?SSHSCRIPTS@@YAHAAVCStringList@@PAD@Z 100308a0 f   monitor.obj
 0001:0002fdc0       ?HTTPSCRIPTS@@YAHAAVCStringList@@00@Z 10030dc0 f   monitor.obj
 0001:00030590       ?RLOGINSCRIPTS@@YAHAAVCStringList@@00@Z 10031590 f   monitor.obj
 0001:00030f20       _SCRIPTS                   10031f20 f   monitor.obj
 0001:000312d0       ?SSHSERVICES@@YAHAAVCStringList@@PADH@Z 100322d0 f   monitor.obj
 0001:00031770       ?HTTPSERVICES@@YAHAAVCStringList@@00@Z 10032770 f   monitor.obj
 0001:00031e50       ?RLOGINSERVICES@@YAHAAVCStringList@@00@Z 10032e50 f   monitor.obj
 0001:00032730       _VPN                       10033730 f   monitor.obj
 0001:00033050       _INTERFACES                10034050 f   monitor.obj
 0001:000334c0       _REMOTEPING                100344c0 f   monitor.obj
 0001:00033c30       _CISCOINTERFACES           10034c30 f   monitor.obj
 0001:00034050       _CURL                      10035050 f   monitor.obj
 0001:00034720       _CISCOCONFIG               10035720 f   monitor.obj
 0001:00035230       _CISCOCPU                  10036230 f   monitor.obj
 0001:00035740       _DHCP                      10036740 f   monitor.obj
 0001:00035a00       _WEBLOGIC5X                10036a00 f   monitor.obj
 0001:000360a0       _WEBLOGIC7X                100370a0 f   monitor.obj
 0001:00036740       _WEBSPHERES                10037740 f   monitor.obj
 0001:00036df0       _WEBSPHERE                 10037df0 f   monitor.obj
 0001:000377b0       _VPNS                      100387b0 f   monitor.obj
 0001:00037900       _SYSTEMDSN                 10038900 f   monitor.obj
 0001:00037a40       _DisplayAgentList          10038a40 f   monitor.obj
 0001:00037a50       ?TELSCRIPT2@@YAHAAVCStringList@@PAD@Z 10038a50 f   monitor.obj
 0001:00038550       _SCRIPT2                   10039550 f   monitor.obj
 0001:000386f0       _AixDiskAct                100396f0 f   monitor.obj
 0001:00039140       ??HATL@@YA?AV?$CStringT@DV?$StrTraitMFC_DLL@DV?$ChTraitsCRT@D@ATL@@@@@0@ABV10@PBD@Z 1003a140 f i monitor.obj
 0001:000391e0       ??1_Node@?$_List_nod@V?$basic_string@DU?$char_traits@D@std@@V?$allocator@D@2@@std@@V?$allocator@V?$basic_string@DU?$char_traits@D@std@@V?$allocator@D@2@@std@@@2@@std@@QAE@XZ 1003a1e0 f i monitor.obj
 0001:000391f0       ??_GCMonitorApp@@UAEPAXI@Z 1003a1f0 f i monitor.obj
 0001:000391f0       ??_ECMonitorApp@@UAEPAXI@Z 1003a1f0 f i monitor.obj
 0001:00039210       ?WriteLogFile@@YAXPBD@Z    1003a210 f   monitor.obj
 0001:00039320       ?TELAIXERRPT@@YA_NAAVCStringList@@PAD@Z 1003a320 f   monitor.obj
 0001:00039d70       _AIXERRPT                  1003ad70 f   monitor.obj
 0001:00039ec0       _MAPI                      1003aec0 f   monitor.obj
 0001:0003ab80       _SNMP                      1003bb80 f   monitor.obj
 0001:0003b370       ?TELCPU@@YAHAAVCStringList@@PAD@Z 1003c370 f   monitor.obj
 0001:0003be30       _CPU                       1003ce30 f   monitor.obj
 0001:0003c010       ?HP_TELCPU@@YAHAAVCStringList@@PAD@Z 1003d010 f   monitor.obj
 0001:0003cad0       _HP_CPU                    1003dad0 f   monitor.obj
 0001:0003cc70       ?TELMEMORY@@YAHAAVCStringList@@PADH@Z 1003dc70 f   monitor.obj
 0001:0003d710       _MEMORY                    1003e710 f   monitor.obj
 0001:0003d930       _PMEMORY                   1003e930 f   monitor.obj
 0001:0003db50       ?TELDISK@@YA_NAAVCStringList@@PAD@Z 1003eb50 f   monitor.obj
 0001:0003e6f0       _DISK                      1003f6f0 f   monitor.obj
 0001:0003e880       ?TELSERVICE@@YA_NAAVCStringList@@PAD@Z 1003f880 f   monitor.obj
 0001:0003f470       _SERVICE                   10040470 f   monitor.obj
 0001:0003f600       ?TELSERVICES@@YAHAAVCStringList@@PADH@Z 10040600 f   monitor.obj
 0001:00040050       _SERVICES                  10041050 f   monitor.obj
 0001:00040370       _INTER_DESCR               10041370 f   monitor.obj
 0001:00040910       _GTJA                      10041910 f   monitor.obj
 0001:000411f0       ?_Buynode@?$list@V?$basic_string@DU?$char_traits@D@std@@V?$allocator@D@2@@std@@V?$allocator@V?$basic_string@DU?$char_traits@D@std@@V?$allocator@D@2@@std@@@2@@std@@IAEPAU_Node@?$_List_nod@V?$basic_string@DU?$char_traits@D@std@@V?$allocator@D@2@@std@@V?$allocator@V?$basic_string@DU?$char_traits@D@std@@V?$allocator@D@2@@std@@@2@@2@XZ 100421f0 f i monitor.obj
 0001:00041210       ?_Buynode@?$list@V?$basic_string@DU?$char_traits@D@std@@V?$allocator@D@2@@std@@V?$allocator@V?$basic_string@DU?$char_traits@D@std@@V?$allocator@D@2@@std@@@2@@std@@IAEPAU_Node@?$_List_nod@V?$basic_string@DU?$char_traits@D@std@@V?$allocator@D@2@@std@@V?$allocator@V?$basic_string@DU?$char_traits@D@std@@V?$allocator@D@2@@std@@@2@@2@PAU342@0ABV?$basic_string@DU?$char_traits@D@std@@V?$allocator@D@2@@2@@Z 10042210 f i monitor.obj
 0001:000412a0       ?_Incsize@?$list@V?$basic_string@DU?$char_traits@D@std@@V?$allocator@D@2@@std@@V?$allocator@V?$basic_string@DU?$char_traits@D@std@@V?$allocator@D@2@@std@@@2@@std@@IAEXI@Z 100422a0 f i monitor.obj
 0001:00041340       ??0logic_error@std@@QAE@ABV01@@Z 10042340 f i monitor.obj
 0001:000413a0       ??0length_error@std@@QAE@ABV01@@Z 100423a0 f i monitor.obj
 0001:000413c0       ?clear@?$list@V?$basic_string@DU?$char_traits@D@std@@V?$allocator@D@2@@std@@V?$allocator@V?$basic_string@DU?$char_traits@D@std@@V?$allocator@D@2@@std@@@2@@std@@QAEXXZ 100423c0 f i monitor.obj
 0001:00041400       ??1?$list@V?$basic_string@DU?$char_traits@D@std@@V?$allocator@D@2@@std@@V?$allocator@V?$basic_string@DU?$char_traits@D@std@@V?$allocator@D@2@@std@@@2@@std@@QAE@XZ 10042400 f i monitor.obj
 0001:00041420       ?MakeDisksReturn@@YAXPADAAH@Z 10042420 f   monitor.obj
 0001:00041850       ?TELDISKS@@YA_NAAVCStringList@@PADH@Z 10042850 f   monitor.obj
 0001:000422d0       ?SSHDISKS@@YA_NAAVCStringList@@PADH@Z 100432d0 f   monitor.obj
 0001:00042820       _DISKS                     10043820 f   monitor.obj
 0001:00042990       ?MQ_SSH_VALUE@@YA_NPADH000000@Z 10043990 f   MQ.obj
 0001:000429d0       ?HTTP_MQ_VALUE@@YA_NPAD000H000000@Z 100439d0 f   MQ.obj
 0001:00042a10       ?RLOGIN_MQ_VALUE@@YA_NPADH000H00000000@Z 10043a10 f   MQ.obj
 0001:00042a50       ?MQ_GETDATA@@YAHHPAD0AAV?$CStringT@DV?$StrTraitMFC_DLL@DV?$ChTraitsCRT@D@ATL@@@@@ATL@@@Z 10043a50 f   MQ.obj
 0001:00042d60       ?MQ_PARSE@@YAHV?$CStringT@DV?$StrTraitMFC_DLL@DV?$ChTraitsCRT@D@ATL@@@@@ATL@@PAD@Z 10043d60 f   MQ.obj
 0001:00042f40       ?MQ_STATUS_GETDATA@@YAHHPAD00AAV?$CStringT@DV?$StrTraitMFC_DLL@DV?$ChTraitsCRT@D@ATL@@@@@ATL@@@Z 10043f40 f   MQ.obj
 0001:000432d0       ?MQ_TEL_VALUE@@YA_NPADH000H000000000@Z 100442d0 f   MQ.obj
 0001:000435d0       ?MQ_TEL_STATUS_VALUE@@YA_NPADH000H0000000000@Z 100445d0 f   MQ.obj
 0001:00043960       ?NETSCREENRES_MONITOR@@YAHPADH0V?$CStringT@DV?$StrTraitMFC_DLL@DV?$ChTraitsCRT@D@ATL@@@@@ATL@@HH00@Z 10044960 f   NetScreen.obj
 0001:00043e50       ?NETSCREENSERVICE_MONITOR@@YAHPADH0V?$CStringT@DV?$StrTraitMFC_DLL@DV?$ChTraitsCRT@D@ATL@@@@@ATL@@HH00@Z 10044e50 f   NetScreen.obj
 0001:00044380       ?NETSCREENSERVICEGROUP_MONITOR@@YAHPADH0V?$CStringT@DV?$StrTraitMFC_DLL@DV?$ChTraitsCRT@D@ATL@@@@@ATL@@HH00@Z 10045380 f   NetScreen.obj
 0001:00044840       ?NETSCREENSERVICEGROUPMEMBER_MONITOR@@YAHPADH0V?$CStringT@DV?$StrTraitMFC_DLL@DV?$ChTraitsCRT@D@ATL@@@@@ATL@@HH00@Z 10045840 f   NetScreen.obj
 0001:00044cf0       ?NETSCREENVPN_MONITOR@@YAHPADH0V?$CStringT@DV?$StrTraitMFC_DLL@DV?$ChTraitsCRT@D@ATL@@@@@ATL@@HH00@Z 10045cf0 f   NetScreen.obj
 0001:000451c0       ?NETSCREENATTACK_MONITOR@@YAHPADH0V?$CStringT@DV?$StrTraitMFC_DLL@DV?$ChTraitsCRT@D@ATL@@@@@ATL@@HH00@Z 100461c0 f   NetScreen.obj
 0001:00045700       ?NETSCREENPACKDROP_MONITOR@@YAHPADH0V?$CStringT@DV?$StrTraitMFC_DLL@DV?$ChTraitsCRT@D@ATL@@@@@ATL@@HH00@Z 10046700 f   NetScreen.obj
 0001:00045c30       ??1CNNTPSocket@@UAE@XZ     10046c30 f   News.obj
 0001:00045c40       ??0CNNTPConnection@@QAE@H@Z 10046c40 f   News.obj
 0001:00045cc0       ??1CNNTPConnection@@UAE@XZ 10046cc0 f   News.obj
 0001:00045ce0       ?CommandResponse@CNNTPConnection@@QAEHAAV?$CStringT@DV?$StrTraitMFC_DLL@DV?$ChTraitsCRT@D@ATL@@@@@ATL@@@Z 10046ce0 f   News.obj
 0001:00045ec0       ?Disconnect@CNNTPConnection@@QAEHXZ 10046ec0 f   News.obj
 0001:00045f90       ??_GCNNTPSocket@@UAEPAXI@Z 10046f90 f i News.obj
 0001:00045f90       ??_ECNNTPSocket@@UAEPAXI@Z 10046f90 f i News.obj
 0001:00045fb0       ?Connect@CNNTPSocket@@QAEHPBDH@Z 10046fb0 f   News.obj
 0001:00046070       ??_GCNNTPConnection@@UAEPAXI@Z 10047070 f i News.obj
 0001:00046070       ??_ECNNTPConnection@@UAEPAXI@Z 10047070 f i News.obj
 0001:00046090       ?LoginUser@CNNTPConnection@@QAEHPBD@Z 10047090 f   News.obj
 0001:000461d0       ?Group@CNNTPConnection@@QAEHPBDAAH@Z 100471d0 f   News.obj
 0001:00046320       ?Connect@CNNTPConnection@@QAEHPBD00H@Z 10047320 f   News.obj
 0001:000464d0       ?NEWS_MONITOR@@YAHPADHAAVCStringList@@00H000@Z 100474d0 f   News.obj
 0001:00046670       ?RecvEchoReply@@YAJIPAUsockaddr_in@@PAEPAH211@Z 10047670 f   Ping.obj
 0001:00046740       ?SendEchoRequest@@YAHIPAUsockaddr_in@@HH@Z 10047740 f   Ping.obj
 0001:000467f0       ?PING_MONITOR@@YAHPADJHH00@Z 100477f0 f   Ping.obj
 0001:00046be0       ?PORT_MONITOR@@YAHPADH00H0H0000@Z 10047be0 f   Port.obj
 0001:00047040       ?RADIUS_MONITOR@@YAHPADH000H000@Z 10048040 f   Radius.obj
 0001:000475d0       ?REMOTEPING_MONITOR@@YAHPADH00HHHH00@Z 100485d0 f   RemotePing.obj
 0001:00049b90       ?rlogin_init@@YAIPADH0H00@Z 1004ab90 f   RloginMonitor.obj
 0001:0004a000       ?rlogin_command@@YAHIPAD@Z 1004b000 f   RloginMonitor.obj
 0001:0004a200       ?rlogin_connect@@YAHIPAD00QAY0BAA@D@Z 1004b200 f   RloginMonitor.obj
 0001:0004a6b0       ?RloginMonitorValue@@YAHPADH000H00000H000@Z 1004b6b0 f   RloginMonitor.obj
 0001:0004aa20       ?RloginUnixPerfMonitorValue@@YAHPADH000H0000000@Z 1004ba20 f   RloginMonitor.obj
 0001:0004ad10       ?TELEXESCRIPT@@YAHPADH000H00000000000@Z 1004bd10 f   Script.obj
 0001:0004b2e0       ?TELGETSCRIPT@@YA?AV?$CStringT@DV?$StrTraitMFC_DLL@DV?$ChTraitsCRT@D@ATL@@@@@ATL@@PADH000H0000000@Z 1004c2e0 f   Script.obj
 0001:0004b6c0       ?SSHEXESCRIPT@@YAHPADH00000000@Z 1004c6c0 f   Script.obj
 0001:0004bba0       ?SSHGETSCRIPT@@YA?AV?$CStringT@DV?$StrTraitMFC_DLL@DV?$ChTraitsCRT@D@ATL@@@@@ATL@@PADH0000@Z 1004cba0 f   Script.obj
 0001:0004bd30       ?HTTPEXESCRIPT@@YAHPAD000H00000000@Z 1004cd30 f   Script.obj
 0001:0004c0f0       ?HTTPGETSCRIPT@@YA?AV?$CStringT@DV?$StrTraitMFC_DLL@DV?$ChTraitsCRT@D@ATL@@@@@ATL@@PAD000H0000@Z 1004d0f0 f   Script.obj
 0001:0004c220       ?RLOGINEXESCRIPT@@YAHPADH000H0000000000@Z 1004d220 f   Script.obj
 0001:0004c750       ?RLOGINGETSCRIPT@@YA?AV?$CStringT@DV?$StrTraitMFC_DLL@DV?$ChTraitsCRT@D@ATL@@@@@ATL@@PADH000H000000@Z 1004d750 f   Script.obj
 0001:0004c910       ?PaseString2@@YAHV?$CStringT@DV?$StrTraitMFC_DLL@DV?$ChTraitsCRT@D@ATL@@@@@ATL@@AAVCStringList@@@Z 1004d910 f   Script.obj
 0001:0004ca10       ?TELEXESCRIPT2@@YAHPADH000H00000000000@Z 1004da10 f   Script.obj
 0001:0004ce10       ?SILVERSTREAM_MONITOR@@YAHPADH000H0000@Z 1004de10 f   SilverStream.obj
 0001:0004d2e0       ?SNMP_MONITOR@@YAHPADH00HH000@Z 1004e2e0 f   SNMP.obj
 0001:0004d8a0       ?a1writeoid@@YAHPAEPAUoid@@@Z 1004e8a0 f   SnmpUtils.obj
 0001:0004d930       ?a1writelen@@YAHPAEH@Z     1004e930 f   SnmpUtils.obj
 0001:0004d970       ?a1writeint@@YAHHPAEH@Z    1004e970 f   SnmpUtils.obj
 0001:0004d9f0       ?a1readlen@@YAHPAEPAH@Z    1004e9f0 f   SnmpUtils.obj
 0001:0004da40       ?a1readoid@@YAHPAEHPAUoid@@@Z 1004ea40 f   SnmpUtils.obj
 0001:0004dab0       ?AddToResult@@YAXPAPAUsnval@@PAU1@@Z 1004eab0 f   SnmpUtils.obj
 0001:0004daf0       ?MakeSocket@@YAHPADHAAHAAUsockaddr_in@@@Z 1004eaf0 f   SnmpUtils.obj
 0001:0004db60       ?compare_oid@@YAHUoid@@0@Z 1004eb60 f   SnmpUtils.obj
 0001:0004db90       ?a1readint@@YAHPAEH@Z      1004eb90 f   SnmpUtils.obj
 0001:0004dc10       ?SN_PARSE_VALUES@@YAXPAEHPAH11PAUoid@@PAPAUsnval@@@Z 1004ec10 f   SnmpUtils.obj
 0001:0004e290       ?SN_PARSE@@YAXPAEHPAH11PAUoid@@PAUsnval@@@Z 1004f290 f   SnmpUtils.obj
 0001:0004e760       ?findout_oid@@YAPAUoid@@PAU1@@Z 1004f760 f   SnmpUtils.obj
 0001:0004e7f0       ?SN_VALUE@@YAHHUsockaddr_in@@PADHPAUoid@@PAUsnval@@@Z 1004f7f0 f   SnmpUtils.obj
 0001:0004ed60       ?SN_NEXT_VALUE@@YAHHUsockaddr_in@@PADHPAUoid@@2PAUsnval@@@Z 1004fd60 f   SnmpUtils.obj
 0001:0004f2d0       ?SN_VALUES@@YAHHUsockaddr_in@@PADHPAUoid@@PAPAUsnval@@@Z 100502d0 f   SnmpUtils.obj
 0001:0004f880       ?SN_SET_VALUES@@YAHHUsockaddr_in@@PADHPAUoid@@PAUsnval@@@Z 10050880 f   SnmpUtils.obj
 0001:0004ffa0       ?VerifyObject@@YAPAUoid@@PAD@Z 10050fa0 f   SnmpUtils.obj
 0001:000502b0       ?executeExeFile@@YAHV?$CStringT@DV?$StrTraitMFC_DLL@DV?$ChTraitsCRT@D@ATL@@@@@ATL@@AAV12@@Z 100512b0 f   SSHMonitor.obj
 0001:00050710       ?SSHMonitorValue@@YA_NPADH00H00000@Z 10051710 f   SSHMonitor.obj
 0001:00050ab0       ?SSHUnixPerfMonitorValue@@YAHPADH000000@Z 10051ab0 f   SSHMonitor.obj
 0001:00050df0       ?ssh_command@@YAHPADH0000AAV?$CStringT@DV?$StrTraitMFC_DLL@DV?$ChTraitsCRT@D@ATL@@@@@ATL@@@Z 10051df0 f   SSHMonitor.obj
 0001:00050f00       ?SYBASE_MONITOR@@YAHPAD0000@Z 10051f00 f   Sybase.obj
 0001:00051320       ?telnet_init@@YAIPADH0H00@Z 10052320 f   TelMonitor.obj
 0001:00051730       ?telnet_setlinewidth@@YAHIEE@Z 10052730 f   TelMonitor.obj
 0001:000517c0       ?telnet_protocol@@YAXIEPAUst_gd@@PAUTel_Param@@@Z 100527c0 f   TelMonitor.obj
 0001:00051930       ?telnet_protocol@@YAXIEPAUst_gd@@@Z 10052930 f   TelMonitor.obj
 0001:00051b10       ?telnet_command@@YAHIPADPAUst_gd@@@Z 10052b10 f   TelMonitor.obj
 0001:00051d90       ?noreply@@YAXIW4_verb@@W4_option@@@Z 10052d90 f   TelMonitor.obj
 0001:00051df0       ?yesreply@@YAXIW4_verb@@W4_option@@@Z 10052df0 f   TelMonitor.obj
 0001:00051e50       ?ddww_echo@@YAXIW4_verb@@W4_option@@@Z 10052e50 f   TelMonitor.obj
 0001:00051e80       ?ddww_term@@YAXIW4_verb@@W4_option@@@Z 10052e80 f   TelMonitor.obj
 0001:00051eb0       ?sbproc_term@@YAXIEPAUst_gd@@@Z 10052eb0 f   TelMonitor.obj
 0001:00051f50       ?ddww_error@@YAXIW4_verb@@W4_option@@@Z 10052f50 f   TelMonitor.obj
 0001:00051f80       ?nvt@@YAXIEPAUst_gd@@@Z    10052f80 f   TelMonitor.obj
 0001:00051fa0       ?ansi@@YAXIEPAUst_gd@@@Z   10052fa0 f   TelMonitor.obj
 0001:00052080       ??3@YAXPAX0@Z              10053080 f   monitor.obj
 0001:00052080       ?ansi_erase_screen@@YAXPAD@Z 10053080 f   TelMonitor.obj
 0001:00052080       ?ansi_erase_line@@YAXPAD@Z 10053080 f   TelMonitor.obj
 0001:00052080       ?ansi_set_position@@YAXPAD@Z 10053080 f   TelMonitor.obj
 0001:00052080       ?ansi_move_up@@YAXPAD@Z    10053080 f   TelMonitor.obj
 0001:00052080       ?AssertValid@CObject@@UBEXXZ 10053080 f   AddrTable.obj
 0001:00052080       ?ddww_supp@@YAXIW4_verb@@W4_option@@@Z 10053080 f   TelMonitor.obj
 0001:00052080       ?ansi_set_screen_attribute@@YAXPAD@Z 10053080 f   TelMonitor.obj
 0001:00052090       ?telnet_connect@@YAHIPAD000QAY0BAA@DPAUst_gd@@@Z 10053090 f   TelMonitor.obj
 0001:00052560       _telnet_connect            10053560 f   TelMonitor.obj
 0001:00052b40       ?telnet_command@@YAHIPADPAUst_gd@@PAUTel_Param@@@Z 10053b40 f   TelMonitor.obj
 0001:00052dc0       ?MonitorValue@@YA_NPADH000H000000H000@Z 10053dc0 f   TelMonitor.obj
 0001:00053380       ?MonitorValue_zw@@YAHPADH000H0000000H000@Z 10054380 f   TelMonitor.obj
 0001:00053840       ?UnixPerfMonitorValue@@YAHPADH000H00000000@Z 10054840 f   TelMonitor.obj
 0001:00053c70       ?WriteLogFile@@YAXV?$CStringT@DV?$StrTraitMFC_DLL@DV?$ChTraitsCRT@D@ATL@@@@@ATL@@0@Z 10054c70 f   Traffic.obj
 0001:00053e00       ?TRAFFIC_MONITOR@@YAHPADH0HHHV?$CStringT@DV?$StrTraitMFC_DLL@DV?$ChTraitsCRT@D@ATL@@@@@ATL@@00@Z 10054e00 f   Traffic.obj
 0001:00054680       ?TRAP_MONITOR@@YAHPADH00@Z 10055680 f   TRAP.obj
 0001:000548a0       ?ExecuteFile@@YAXV?$CStringT@DV?$StrTraitMFC_DLL@DV?$ChTraitsCRT@D@ATL@@@@@ATL@@AAV12@HH@Z 100558a0 f   URL.obj
 0001:00054b40       ?CODE_VALUE@@YAHV?$CStringT@DV?$StrTraitMFC_DLL@DV?$ChTraitsCRT@D@ATL@@@@@ATL@@AAV12@@Z 10055b40 f   URL.obj
 0001:00055560       ?URL_MONITOR@@YAHPAD00H000H00HH00@Z 10056560 f   URL.obj
 0001:00055b10       ?connect_timeo@@YAHHPBUsockaddr@@HH@Z 10056b10 f   Utils.obj
 0001:00055ca0       ?RESPONSE_WAIT@@YAHIH@Z    10056ca0 f   Utils.obj
 0001:00055cf0       ?GetUrlData@@YAHPADH000H00H0@Z 10056cf0 f   Utils.obj
 0001:000562b0       ?GetIniFileName@@YAHPBDPAD@Z 100572b0 f   Utils.obj
 0001:000562d0       ?ReturnParser@@YAP6AHPBDHPAD0@ZH@Z 100572d0 f   Utils.obj
 0001:000564b0       ?MONITOR_PARSE@@YAHHPAD000@Z 100574b0 f   Utils.obj
 0001:000569d0       ?MONITOR_PARSE_zw@@YAHHPAD0000@Z 100579d0 f   Utils.obj
 0001:00056ee0       _RETURN_COMMAND            10057ee0 f   Utils.obj
 0001:00057280       ?socks5_protocol@@YAHIPADH0H00H@Z 10058280 f   Utils.obj
 0001:000575d0       ?WriteLogFile1@@YAXPBD@Z   100585d0 f   Utils.obj
 0001:000576e0       ?RasDialFunc@@YGXIW4tagRASCONNSTATE@@K@Z 100586e0 f   VPN.obj
 0001:00057700       ?DialCourse@@YAHPAD00000@Z 10058700 f   VPN.obj
 0001:00057970       ?VpnCourse@@YAHPAD00000@Z  10058970 f   VPN.obj
 0001:00057be0       ?VPN_MONITOR@@YAHPAD000H000000@Z 10058be0 f   VPN.obj
 0001:00057d30       ?WEBLOGIC5X_MONITOR@@YAHPADH0V?$CStringT@DV?$StrTraitMFC_DLL@DV?$ChTraitsCRT@D@ATL@@@@@ATL@@HH00@Z 10058d30 f   WebLogic5x.obj
 0001:00058230       ?WEBLOGIC7X_MONITOR@@YAHPADH0V?$CStringT@DV?$StrTraitMFC_DLL@DV?$ChTraitsCRT@D@ATL@@@@@ATL@@HH00@Z 10059230 f   WebLogic7x.obj
 0001:000586d0       ?WEBSPHERE_MONITOR@@YAHPAD0H0000H00HH00@Z 100596d0 f   Websphere.obj
 0001:000586d0       ?WEBSPHERES_MONITOR@@YAHPAD0H000H00HH0AAVCStringList@@1@Z 100596d0 f   Websphere.obj
 0001:000586d4       _RasGetErrorStringA@12     100596d4 f   Rasapi32:RASAPI32.dll
 0001:000586da       _RasEnumEntriesA@20        100596da f   Rasapi32:RASAPI32.dll
 0001:000586e0       _RasHangUpA@4              100596e0 f   Rasapi32:RASAPI32.dll
 0001:000586e6       _RasDialA@24               100596e6 f   Rasapi32:RASAPI32.dll
 0001:000586ec       ?AfxThrowMemoryException@@YGXXZ 100596ec f   mfc71:MFC71.DLL
 0001:000586f2       ?AfxThrowInvalidArgException@@YGXXZ 100596f2 f   mfc71:MFC71.DLL
 0001:000586f8       ??3@YAXPAX@Z               100596f8 f   mfc71:MFC71.DLL
 0001:000586fe       ??2@YAPAXI@Z               100596fe f   mfc71:MFC71.DLL
 0001:00058704       ?GetRuntimeClass@CObject@@UBEPAUCRuntimeClass@@XZ 10059704 f   mfc71:MFC71.DLL
 0001:0005870a       ?ReportError@CException@@UAEHII@Z 1005970a f   mfc71:MFC71.DLL
 0001:00058710       ?Close@CDatabase@@UAEXXZ   10059710 f   mfc71:MFC71.DLL
 0001:00058716       ?Delete@CException@@QAEXXZ 10059716 f   mfc71:MFC71.DLL
 0001:0005871c       ?GetFieldValue@CRecordset@@QAEXFAAV?$CStringT@DV?$StrTraitMFC_DLL@DV?$ChTraitsCRT@D@ATL@@@@@ATL@@@Z 1005971c f   mfc71:MFC71.DLL
 0001:00058722       ??0CRecordset@@QAE@PAVCDatabase@@@Z 10059722 f   mfc71:MFC71.DLL
 0001:00058728       ??1CDatabase@@UAE@XZ       10059728 f   mfc71:MFC71.DLL
 0001:0005872e       ?OpenEx@CDatabase@@UAEHPBDK@Z 1005972e f   mfc71:MFC71.DLL
 0001:00058734       ??0CDatabase@@QAE@XZ       10059734 f   mfc71:MFC71.DLL
 0001:0005873a       ?FindIndex@CStringList@@QBEPAU__POSITION@@H@Z 1005973a f   mfc71:MFC71.DLL
 0001:00058740       ?AddTail@CStringList@@QAEPAU__POSITION@@ABV?$CStringT@DV?$StrTraitMFC_DLL@DV?$ChTraitsCRT@D@ATL@@@@@ATL@@@Z 10059740 f   mfc71:MFC71.DLL
 0001:00058746       ?AddHead@CStringList@@QAEPAU__POSITION@@PBD@Z 10059746 f   mfc71:MFC71.DLL
 0001:0005874c       ?RemoveAll@CStringList@@QAEXXZ 1005974c f   mfc71:MFC71.DLL
 0001:00058752       ?QueryInfoStatusCode@CHttpFile@@QBEHAAK@Z 10059752 f   mfc71:MFC71.DLL
 0001:00058758       ?SendRequest@CHttpFile@@QAEHPBDKPAXK@Z 10059758 f   mfc71:MFC71.DLL
 0001:0005875e       ?AddRequestHeaders@CHttpFile@@QAEHAAV?$CStringT@DV?$StrTraitMFC_DLL@DV?$ChTraitsCRT@D@ATL@@@@@ATL@@K@Z 1005975e f   mfc71:MFC71.DLL
 0001:00058764       ?OpenRequest@CHttpConnection@@QAEPAVCHttpFile@@HPBD0KPAPBD0K@Z 10059764 f   mfc71:MFC71.DLL
 0001:0005876a       ?GetHttpConnection@CInternetSession@@QAEPAVCHttpConnection@@PBDG00@Z 1005976a f   mfc71:MFC71.DLL
 0001:00058770       ?AfxParseURL@@YGHPBDAAKAAV?$CStringT@DV?$StrTraitMFC_DLL@DV?$ChTraitsCRT@D@ATL@@@@@ATL@@2AAG@Z 10059770 f   mfc71:MFC71.DLL
 0001:00058776       ??0CInternetSession@@QAE@PBDKK00K@Z 10059776 f   mfc71:MFC71.DLL
 0001:0005877c       ?GetErrorMessage@CFileException@@UAEHPADIPAI@Z 1005977c f   mfc71:MFC71.DLL
 0001:00058782       ?GetRuntimeClass@CFileException@@UBEPAUCRuntimeClass@@XZ 10059782 f   mfc71:MFC71.DLL
 0001:00058788       ??0CException@@QAE@XZ      10059788 f   mfc71:MFC71.DLL
 0001:0005878e       ?GetConnectionHook@CCmdTarget@@MAEPAUIConnectionPoint@@ABU_GUID@@@Z 1005978e f   mfc71:MFC71.DLL
 0001:00058794       ?GetExtraConnectionPoints@CCmdTarget@@MAEHPAVCPtrArray@@@Z 10059794 f   mfc71:MFC71.DLL
 0001:0005879a       ?GetInterfaceHook@CCmdTarget@@UAEPAUIUnknown@@PBX@Z 1005979a f   mfc71:MFC71.DLL
 0001:000587a0       ?OnCreateAggregates@CCmdTarget@@UAEHXZ 100597a0 f   mfc71:MFC71.DLL
 0001:000587a6       ?GetEventSinkMap@CCmdTarget@@MBEPBUAFX_EVENTSINKMAP@@XZ 100597a6 f   mfc71:MFC71.DLL
 0001:000587ac       ?GetConnectionMap@CCmdTarget@@MBEPBUAFX_CONNECTIONMAP@@XZ 100597ac f   mfc71:MFC71.DLL
 0001:000587b2       ?GetCommandMap@CCmdTarget@@MBEPBUAFX_OLECMDMAP@@XZ 100597b2 f   mfc71:MFC71.DLL
 0001:000587b8       ?GetTypeLib@CCmdTarget@@UAEJKPAPAUITypeLib@@@Z 100597b8 f   mfc71:MFC71.DLL
 0001:000587be       ?GetTypeLibCache@CCmdTarget@@UAEPAVCTypeLibCache@@XZ 100597be f   mfc71:MFC71.DLL
 0001:000587c4       ?GetTypeInfoCount@CCmdTarget@@UAEIXZ 100597c4 f   mfc71:MFC71.DLL
 0001:000587ca       ?GetDispatchIID@CCmdTarget@@UAEHPAU_GUID@@@Z 100597ca f   mfc71:MFC71.DLL
 0001:000587d0       ?IsInvokeAllowed@CCmdTarget@@UAEHJ@Z 100597d0 f   mfc71:MFC71.DLL
 0001:000587d6       ?OnCmdMsg@CCmdTarget@@UAEHIHPAXPAUAFX_CMDHANDLERINFO@@@Z 100597d6 f   mfc71:MFC71.DLL
 0001:000587dc       ?OnFinalRelease@CCmdTarget@@UAEXXZ 100597dc f   mfc71:MFC71.DLL
 0001:000587e2       ??1CStringList@@UAE@XZ     100597e2 f   mfc71:MFC71.DLL
 0001:000587e8       ??0CStringList@@QAE@H@Z    100597e8 f   mfc71:MFC71.DLL
 0001:000587ee       ?ReadCount@CArchive@@QAEKXZ 100597ee f   mfc71:MFC71.DLL
 0001:000587f4       ?WriteCount@CArchive@@QAEXK@Z 100597f4 f   mfc71:MFC71.DLL
 0001:000587fa       ?Read@CArchive@@QAEIPAXI@Z 100597fa f   mfc71:MFC71.DLL
 0001:00058800       ?Write@CArchive@@QAEXPBXI@Z 10059800 f   mfc71:MFC71.DLL
 0001:00058806       ?GetRuntimeClass@CCriticalSection@@UBEPAUCRuntimeClass@@XZ 10059806 f   mfc71:MFC71.DLL
 0001:0005880c       ??1CSyncObject@@UAE@XZ     1005980c f   mfc71:MFC71.DLL
 0001:00058812       ??0CSyncObject@@QAE@PBD@Z  10059812 f   mfc71:MFC71.DLL
 0001:00058818       ?Create@CPlex@@SGPAU1@AAPAU1@II@Z 10059818 f   mfc71:MFC71.DLL
 0001:0005881e       ?FreeDataChain@CPlex@@QAEXXZ 1005981e f   mfc71:MFC71.DLL
 0001:00058824       ?GetThisMessageMap@CWinApp@@KGPBUAFX_MSGMAP@@XZ 10059824 f   mfc71:MFC71.DLL
 0001:0005882a       ?LoadSysPolicies@CWinApp@@UAEHXZ 1005982a f   mfc71:MFC71.DLL
 0001:00058830       ?LoadAppLangResourceDLL@CWinApp@@UAEPAUHINSTANCE__@@XZ 10059830 f   mfc71:MFC71.DLL
 0001:00058836       ?WinHelpInternal@CWinApp@@UAEXKI@Z 10059836 f   mfc71:MFC71.DLL
 0001:0005883c       ?HtmlHelpA@CWinApp@@UAEXKI@Z 1005983c f   mfc71:MFC71.DLL
 0001:00058842       ?WinHelpA@CWinApp@@UAEXKI@Z 10059842 f   mfc71:MFC71.DLL
 0001:00058848       ?OnDDECommand@CWinApp@@UAEHPAD@Z 10059848 f   mfc71:MFC71.DLL
 0001:0005884e       ?DoWaitCursor@CWinApp@@UAEXH@Z 1005984e f   mfc71:MFC71.DLL
 0001:00058854       ?DoMessageBox@CWinApp@@UAEHPBDII@Z 10059854 f   mfc71:MFC71.DLL
 0001:0005885a       ?SaveAllModified@CWinApp@@UAEHXZ 1005985a f   mfc71:MFC71.DLL
 0001:00058860       ?InitApplication@CWinApp@@UAEHXZ 10059860 f   mfc71:MFC71.DLL
 0001:00058866       ?AddToRecentFileList@CWinApp@@UAEXPBD@Z 10059866 f   mfc71:MFC71.DLL
 0001:0005886c       ?OpenDocumentFile@CWinApp@@UAEPAVCDocument@@PBD@Z 1005986c f   mfc71:MFC71.DLL
 0001:00058872       ?Unregister@CWinApp@@UAEHXZ 10059872 f   mfc71:MFC71.DLL
 0001:00058878       ?Register@CWinApp@@UAEHXZ  10059878 f   mfc71:MFC71.DLL
 0001:0005887e       ?InitLibId@CWinApp@@UAEXXZ 1005987e f   mfc71:MFC71.DLL
 0001:00058884       ?Delete@CWinThread@@UAEXXZ 10059884 f   mfc71:MFC71.DLL
 0001:0005888a       ?GetMainWnd@CWinThread@@UAEPAVCWnd@@XZ 1005988a f   mfc71:MFC71.DLL
 0001:00058890       ?ProcessMessageFilter@CWinThread@@UAEHHPAUtagMSG@@@Z 10059890 f   mfc71:MFC71.DLL
 0001:00058896       ?ProcessWndProcException@CWinApp@@UAEJPAVCException@@PBUtagMSG@@@Z 10059896 f   mfc71:MFC71.DLL
 0001:0005889c       ?ExitInstance@CWinApp@@UAEHXZ 1005989c f   mfc71:MFC71.DLL
 0001:000588a2       ?IsIdleMessage@CWinThread@@UAEHPAUtagMSG@@@Z 100598a2 f   mfc71:MFC71.DLL
 0001:000588a8       ?OnIdle@CWinApp@@UAEHJ@Z   100598a8 f   mfc71:MFC71.DLL
 0001:000588ae       ?PumpMessage@CWinThread@@UAEHXZ 100598ae f   mfc71:MFC71.DLL
 0001:000588b4       ?PreTranslateMessage@CWinThread@@UAEHPAUtagMSG@@@Z 100598b4 f   mfc71:MFC71.DLL
 0001:000588ba       ?Run@CWinApp@@UAEHXZ       100598ba f   mfc71:MFC71.DLL
 0001:000588c0       ?InitInstance@CWinApp@@UAEHXZ 100598c0 f   mfc71:MFC71.DLL
 0001:000588c6       ?GetInterfaceMap@CCmdTarget@@MBEPBUAFX_INTERFACEMAP@@XZ 100598c6 f   mfc71:MFC71.DLL
 0001:000588cc       ?GetDispatchMap@CCmdTarget@@MBEPBUAFX_DISPMAP@@XZ 100598cc f   mfc71:MFC71.DLL
 0001:000588d2       ?GetRuntimeClass@CWinApp@@UBEPAUCRuntimeClass@@XZ 100598d2 f   mfc71:MFC71.DLL
 0001:000588d8       ??0CWinApp@@QAE@PBD@Z      100598d8 f   mfc71:MFC71.DLL
 0001:000588de       ??1CWinApp@@UAE@XZ         100598de f   mfc71:MFC71.DLL
 0001:000588e4       ??0AFX_MAINTAIN_STATE2@@QAE@PAVAFX_MODULE_STATE@@@Z 100598e4 f   mfc71:MFC71.DLL
 0001:000588ea       ?AddTail@CStringList@@QAEPAU__POSITION@@PBD@Z 100598ea f   mfc71:MFC71.DLL
 0001:000588f0       ?Close@CFile@@UAEXXZ       100598f0 f   mfc71:MFC71.DLL
 0001:000588f6       ?GetLength@CFile@@UBE_KXZ  100598f6 f   mfc71:MFC71.DLL
 0001:000588fc       ??1CFile@@UAE@XZ           100598fc f   mfc71:MFC71.DLL
 0001:00058902       ?Open@CFile@@UAEHPBDIPAVCFileException@@@Z 10059902 f   mfc71:MFC71.DLL
 0001:00058908       ??0CFile@@QAE@XZ           10059908 f   mfc71:MFC71.DLL
 0001:0005890e       ?GetFieldValue@CRecordset@@QAEXPBDAAV?$CStringT@DV?$StrTraitMFC_DLL@DV?$ChTraitsCRT@D@ATL@@@@@ATL@@@Z 1005990e f   mfc71:MFC71.DLL
 0001:00058914       ??1_AFX_DLL_MODULE_STATE@@UAE@XZ 10059914 f i mfcs71:dllmodul.obj
 0001:00058919       ?AfxGetStaticModuleState@@YGPAVAFX_MODULE_STATE@@XZ 10059919 f   mfcs71:dllmodul.obj
 0001:0005891f       _RawDllMain@12             1005991f f   mfcs71:dllmodul.obj
 0001:00058970       ?AfxWndProcDllStatic@@YGJPAUHWND__@@IIJ@Z 10059970 f   mfcs71:dllmodul.obj
 0001:000589b5       _DllMain@12                100599b5 f   mfcs71:dllmodul.obj
 0001:00058adc       ??0_AFX_DLL_MODULE_STATE@@QAE@XZ 10059adc f i mfcs71:dllmodul.obj
 0001:00058afc       ??_E_AFX_DLL_MODULE_STATE@@UAEPAXI@Z 10059afc f i mfcs71:dllmodul.obj
 0001:00058afc       ??_G_AFX_DLL_MODULE_STATE@@UAEPAXI@Z 10059afc f i mfcs71:dllmodul.obj
 0001:00058b17       ??0CComCriticalSection@ATL@@QAE@XZ 10059b17 f i mfcs71:stdafx.obj
 0001:00058b2b       ?Init@CComCriticalSection@ATL@@QAEJXZ 10059b2b f i mfcs71:stdafx.obj
 0001:00058b7c       _free                      10059b7c f   msvcrt:MSVCR71.dll
 0001:00058b90       __except_handler3          10059b90 f   msvcrt:MSVCR71.dll
 0001:00058ba0       __alloca_probe             10059ba0     msvcrt:chkstk.obj
 0001:00058ba0       __chkstk                   10059ba0 f   msvcrt:chkstk.obj
 0001:00058c0e       @__security_check_cookie@4 10059c0e f   msvcrt:secchk.obj
 0001:00058c1c       ___CxxFrameHandler         10059c1c f   msvcrt:MSVCR71.dll
 0001:00058c22       ??_Etype_info@@UAEPAXI@Z   10059c22 f i msvcrt:ti_inst.obj
 0001:00058c6e       __CxxThrowException@8      10059c6e f   msvcrt:MSVCR71.dll
 0001:00058c74       ??0exception@@QAE@ABV0@@Z  10059c74 f   msvcrt:MSVCR71.dll
 0001:00058c7a       __onexit                   10059c7a f   msvcrt:atonexit.obj
 0001:00058ca0       _atexit                    10059ca0 f   msvcrt:atonexit.obj
 0001:00058cb2       ?__ArrayUnwind@@YGXPAXIHP6EX0@Z@Z 10059cb2 f   msvcrt:ehvecdtr.obj
 0001:00058d10       ??_M@YGXPAXIHP6EX0@Z@Z     10059d10 f   msvcrt:ehvecdtr.obj
 0001:00058d70       __purecall                 10059d70 f   msvcrt:MSVCR71.dll
 0001:00058d78       __ftol2                    10059d78 f   msvcrt:ftol2.obj
 0001:00058ded       __CRT_INIT@12              10059ded f   msvcrt:crtdll.obj
 0001:00058eab       __DllMainCRTStartup@12     10059eab f   msvcrt:crtdll.obj
 0001:00058f90       __EH_prolog                10059f90 f   msvcrt:ehprolog.obj
 0001:00058fb0       __SEH_prolog               10059fb0 f   msvcrt:sehprolg.obj
 0001:00058feb       __SEH_epilog               10059feb f   msvcrt:sehprolg.obj
 0001:00058ffc       _memset                    10059ffc f   msvcrt:MSVCR71.dll
 0001:00059002       ___security_init_cookie    1005a002 f   msvcrt:seccinit.obj
 0001:00059068       ___security_error_handler  1005a068 f   msvcrt:MSVCR71.dll
 0001:0005906e       ??1type_info@@UAE@XZ       1005a06e f   msvcrt:MSVCR71.dll
 0001:00059074       ___dllonexit               1005a074 f   msvcrt:MSVCR71.dll
 0001:0005907a       ?terminate@@YAXXZ          1005a07a f   msvcrt:MSVCR71.dll
 0001:00059080       __initterm                 1005a080 f   msvcrt:MSVCR71.dll
 0001:00059086       __RTC_Initialize           1005a086 f   msvcrt:initsect.obj
 0001:000590ca       __RTC_Terminate            1005a0ca f   msvcrt:initsect.obj
 0001:0005910e       ___CppXcptFilter           1005a10e f   msvcrt:MSVCR71.dll
 0001:00059114       ___WSAFDIsSet@8            1005a114 f   ws2_32:WS2_32.dll
 0001:00059120       ?_com_issue_error@@YGXJ@Z  1005a120 f   comsuppw:comsupp.obj
 0001:00059130       ?_com_raise_error@@YGXJPAUIErrorInfo@@@Z 1005a130 f   comsuppw:comraise.obj
 0001:00059170       ??0_com_error@@QAE@ABV0@@Z 1005a170 f i comsuppw:comraise.obj
 0001:000591b0       ??1_com_error@@UAE@XZ      1005a1b0 f i comsuppw:comraise.obj
 0001:000591e0       ??_E_com_error@@UAEPAXI@Z  1005a1e0 f i comsuppw:comraise.obj
 0001:000591e0       ??_G_com_error@@UAEPAXI@Z  1005a1e0 f i comsuppw:comraise.obj
 0001:0005921a       ?RemoveAll@?$CSimpleArray@PAUHINSTANCE__@@V?$CSimpleArrayEqualHelper@PAUHINSTANCE__@@@ATL@@@ATL@@QAEXXZ 1005a21a f i atls:atlbase.obj
 0001:00059237       ??0_ATL_BASE_MODULE70@ATL@@QAE@XZ 1005a237 f i atls:atlbase.obj
 0001:00059251       ??1CAtlBaseModule@ATL@@QAE@XZ 1005a251 f   atls:atlbase.obj
 0001:00059267       ??0CAtlBaseModule@ATL@@QAE@XZ 1005a267 f   atls:atlbase.obj
 0001:00059312       ??1AFX_MODULE_STATE@@UAE@XZ 1005a312 f   mfc71:MFC71.DLL
 0001:00059318       ?AfxSetModuleState@@YGPAVAFX_MODULE_STATE@@PAV1@@Z 1005a318 f   mfc71:MFC71.DLL
 0001:0005931e       ?AfxGetThreadState@@YGPAV_AFX_THREAD_STATE@@XZ 1005a31e f   mfc71:MFC71.DLL
 0001:00059324       ?AfxGetModuleState@@YGPAVAFX_MODULE_STATE@@XZ 1005a324 f   mfc71:MFC71.DLL
 0001:0005932a       ?AfxWndProc@@YGJPAUHWND__@@IIJ@Z 1005a32a f   mfc71:MFC71.DLL
 0001:00059330       ?AfxTermThread@@YGXPAUHINSTANCE__@@@Z 1005a330 f   mfc71:MFC71.DLL
 0001:00059336       ?AfxTermExtensionModule@@YGXAAUAFX_EXTENSION_MODULE@@H@Z 1005a336 f   mfc71:MFC71.DLL
 0001:0005933c       ?AfxUnlockTempMaps@@YGHH@Z 1005a33c f   mfc71:MFC71.DLL
 0001:00059342       ?AfxLockTempMaps@@YGXXZ    1005a342 f   mfc71:MFC71.DLL
 0001:00059348       ??0CDynLinkLibrary@@QAE@AAUAFX_EXTENSION_MODULE@@H@Z 1005a348 f   mfc71:MFC71.DLL
 0001:0005934e       ?AfxInitExtensionModule@@YGHAAUAFX_EXTENSION_MODULE@@PAUHINSTANCE__@@@Z 1005a34e f   mfc71:MFC71.DLL
 0001:00059354       ?AfxWinTerm@@YGXXZ         1005a354 f   mfc71:MFC71.DLL
 0001:0005935a       ?AfxWinInit@@YGHPAUHINSTANCE__@@0PADH@Z 1005a35a f   mfc71:MFC71.DLL
 0001:00059360       ?AfxCoreInitModule@@YGXXZ  1005a360 f   mfc71:MFC71.DLL
 0001:00059366       ??0AFX_MODULE_STATE@@QAE@HP6GJPAUHWND__@@IIJ@ZKH@Z 1005a366 f   mfc71:MFC71.DLL
 0001:0005936c       ??3CNoTrackObject@@SGXPAX@Z 1005a36c f   mfc71:MFC71.DLL
 0002:00000000       __imp__RegCloseKey@4       1005f000     advapi32:ADVAPI32.dll
 0002:00000004       __imp__RegOpenKeyExA@20    1005f004     advapi32:ADVAPI32.dll
 0002:00000008       __imp__RegEnumValueA@32    1005f008     advapi32:ADVAPI32.dll
 0002:0000000c       \177ADVAPI32_NULL_THUNK_DATA 1005f00c     advapi32:ADVAPI32.dll
 0002:00000010       __imp__InterlockedExchange@8 1005f010     kernel32:KERNEL32.dll
 0002:00000014       __imp__GetACP@0            1005f014     kernel32:KERNEL32.dll
 0002:00000018       __imp__GetLocaleInfoA@16   1005f018     kernel32:KERNEL32.dll
 0002:0000001c       __imp__GetThreadLocale@0   1005f01c     kernel32:KERNEL32.dll
 0002:00000020       __imp__GetVersionExA@4     1005f020     kernel32:KERNEL32.dll
 0002:00000024       __imp__QueryPerformanceCounter@4 1005f024     kernel32:KERNEL32.dll
 0002:00000028       __imp__GetSystemTimeAsFileTime@4 1005f028     kernel32:KERNEL32.dll
 0002:0000002c       __imp__CreateProcessA@40   1005f02c     kernel32:KERNEL32.dll
 0002:00000030       __imp__CreatePipe@16       1005f030     kernel32:KERNEL32.dll
 0002:00000034       __imp__TerminateProcess@8  1005f034     kernel32:KERNEL32.dll
 0002:00000038       __imp__ReadFile@20         1005f038     kernel32:KERNEL32.dll
 0002:0000003c       __imp__lstrcpyA@8          1005f03c     kernel32:KERNEL32.dll
 0002:00000040       __imp__OpenProcess@12      1005f040     kernel32:KERNEL32.dll
 0002:00000044       __imp__GetStdHandle@4      1005f044     kernel32:KERNEL32.dll
 0002:00000048       __imp__LocalFree@4         1005f048     kernel32:KERNEL32.dll
 0002:0000004c       __imp__lstrlenA@4          1005f04c     kernel32:KERNEL32.dll
 0002:00000050       __imp__LocalAlloc@8        1005f050     kernel32:KERNEL32.dll
 0002:00000054       __imp__WritePrivateProfileStringA@16 1005f054     kernel32:KERNEL32.dll
 0002:00000058       __imp__GetPrivateProfileIntA@16 1005f058     kernel32:KERNEL32.dll
 0002:0000005c       __imp__GetTickCount@0      1005f05c     kernel32:KERNEL32.dll
 0002:00000060       __imp__FreeLibrary@4       1005f060     kernel32:KERNEL32.dll
 0002:00000064       __imp__GetProcAddress@8    1005f064     kernel32:KERNEL32.dll
 0002:00000068       __imp__LoadLibraryA@4      1005f068     kernel32:KERNEL32.dll
 0002:0000006c       __imp__GetPrivateProfileStringA@24 1005f06c     kernel32:KERNEL32.dll
 0002:00000070       __imp__GetLocalTime@4      1005f070     kernel32:KERNEL32.dll
 0002:00000074       __imp__ExitProcess@4       1005f074     kernel32:KERNEL32.dll
 0002:00000078       __imp__Sleep@4             1005f078     kernel32:KERNEL32.dll
 0002:0000007c       __imp__GetCurrentThreadId@0 1005f07c     kernel32:KERNEL32.dll
 0002:00000080       __imp__InitializeCriticalSection@4 1005f080     kernel32:KERNEL32.dll
 0002:00000084       __imp__DeleteCriticalSection@4 1005f084     kernel32:KERNEL32.dll
 0002:00000088       __imp__EnterCriticalSection@4 1005f088     kernel32:KERNEL32.dll
 0002:0000008c       __imp__LeaveCriticalSection@4 1005f08c     kernel32:KERNEL32.dll
 0002:00000090       __imp__OutputDebugStringA@4 1005f090     kernel32:KERNEL32.dll
 0002:00000094       __imp__GetCurrentProcessId@0 1005f094     kernel32:KERNEL32.dll
 0002:00000098       __imp__CloseHandle@4       1005f098     kernel32:KERNEL32.dll
 0002:0000009c       __imp__CreateFileA@28      1005f09c     kernel32:KERNEL32.dll
 0002:000000a0       __imp__WaitForSingleObject@8 1005f0a0     kernel32:KERNEL32.dll
 0002:000000a4       \177KERNEL32_NULL_THUNK_DATA 1005f0a4     kernel32:KERNEL32.dll
 0002:000000a8       __imp_?Find@?$CStringT@DV?$StrTraitMFC_DLL@DV?$ChTraitsCRT@D@ATL@@@@@ATL@@QBEHPBDH@Z 1005f0a8     mfc71:MFC71.DLL
 0002:000000ac       __imp_?GetAt@?$CSimpleStringT@D$00@ATL@@QBEDH@Z 1005f0ac     mfc71:MFC71.DLL
 0002:000000b0       __imp_?SpanExcluding@?$CStringT@DV?$StrTraitMFC_DLL@DV?$ChTraitsCRT@D@ATL@@@@@ATL@@QBE?AV12@PBD@Z 1005f0b0     mfc71:MFC71.DLL
 0002:000000b4       __imp_?Close@CDatabase@@UAEXXZ 1005f0b4     mfc71:MFC71.DLL
 0002:000000b8       __imp_?Delete@CException@@QAEXXZ 1005f0b8     mfc71:MFC71.DLL
 0002:000000bc       __imp_?GetBuffer@?$CSimpleStringT@D$00@ATL@@QAEPADH@Z 1005f0bc     mfc71:MFC71.DLL
 0002:000000c0       __imp_?Replace@?$CStringT@DV?$StrTraitMFC_DLL@DV?$ChTraitsCRT@D@ATL@@@@@ATL@@QAEHPBD0@Z 1005f0c0     mfc71:MFC71.DLL
 0002:000000c4       __imp_?GetFieldValue@CRecordset@@QAEXFAAV?$CStringT@DV?$StrTraitMFC_DLL@DV?$ChTraitsCRT@D@ATL@@@@@ATL@@@Z 1005f0c4     mfc71:MFC71.DLL
 0002:000000c8       __imp_??0CRecordset@@QAE@PAVCDatabase@@@Z 1005f0c8     mfc71:MFC71.DLL
 0002:000000cc       __imp_??1CDatabase@@UAE@XZ 1005f0cc     mfc71:MFC71.DLL
 0002:000000d0       __imp_?OpenEx@CDatabase@@UAEHPBDK@Z 1005f0d0     mfc71:MFC71.DLL
 0002:000000d4       __imp_??0CDatabase@@QAE@XZ 1005f0d4     mfc71:MFC71.DLL
 0002:000000d8       __imp_?FindIndex@CStringList@@QBEPAU__POSITION@@H@Z 1005f0d8     mfc71:MFC71.DLL
 0002:000000dc       __imp_?Replace@?$CStringT@DV?$StrTraitMFC_DLL@DV?$ChTraitsCRT@D@ATL@@@@@ATL@@QAEHDD@Z 1005f0dc     mfc71:MFC71.DLL
 0002:000000e0       __imp_?AddTail@CStringList@@QAEPAU__POSITION@@ABV?$CStringT@DV?$StrTraitMFC_DLL@DV?$ChTraitsCRT@D@ATL@@@@@ATL@@@Z 1005f0e0     mfc71:MFC71.DLL
 0002:000000e4       __imp_?AddHead@CStringList@@QAEPAU__POSITION@@PBD@Z 1005f0e4     mfc71:MFC71.DLL
 0002:000000e8       __imp_?RemoveAll@CStringList@@QAEXXZ 1005f0e8     mfc71:MFC71.DLL
 0002:000000ec       __imp_?Insert@?$CStringT@DV?$StrTraitMFC_DLL@DV?$ChTraitsCRT@D@ATL@@@@@ATL@@QAEHHD@Z 1005f0ec     mfc71:MFC71.DLL
 0002:000000f0       __imp_?QueryInfoStatusCode@CHttpFile@@QBEHAAK@Z 1005f0f0     mfc71:MFC71.DLL
 0002:000000f4       __imp_?SendRequest@CHttpFile@@QAEHPBDKPAXK@Z 1005f0f4     mfc71:MFC71.DLL
 0002:000000f8       __imp_?AddRequestHeaders@CHttpFile@@QAEHAAV?$CStringT@DV?$StrTraitMFC_DLL@DV?$ChTraitsCRT@D@ATL@@@@@ATL@@K@Z 1005f0f8     mfc71:MFC71.DLL
 0002:000000fc       __imp_?Insert@?$CStringT@DV?$StrTraitMFC_DLL@DV?$ChTraitsCRT@D@ATL@@@@@ATL@@QAEHHPBD@Z 1005f0fc     mfc71:MFC71.DLL
 0002:00000100       __imp_?OpenRequest@CHttpConnection@@QAEPAVCHttpFile@@HPBD0KPAPBD0K@Z 1005f100     mfc71:MFC71.DLL
 0002:00000104       __imp_?GetHttpConnection@CInternetSession@@QAEPAVCHttpConnection@@PBDG00@Z 1005f104     mfc71:MFC71.DLL
 0002:00000108       __imp_?AfxParseURL@@YGHPBDAAKAAV?$CStringT@DV?$StrTraitMFC_DLL@DV?$ChTraitsCRT@D@ATL@@@@@ATL@@2AAG@Z 1005f108     mfc71:MFC71.DLL
 0002:0000010c       __imp_??0CInternetSession@@QAE@PBDKK00K@Z 1005f10c     mfc71:MFC71.DLL
 0002:00000110       __imp_?GetErrorMessage@CFileException@@UAEHPADIPAI@Z 1005f110     mfc71:MFC71.DLL
 0002:00000114       __imp_?GetRuntimeClass@CFileException@@UBEPAUCRuntimeClass@@XZ 1005f114     mfc71:MFC71.DLL
 0002:00000118       __imp_??0CException@@QAE@XZ 1005f118     mfc71:MFC71.DLL
 0002:0000011c       __imp_?GetConnectionHook@CCmdTarget@@MAEPAUIConnectionPoint@@ABU_GUID@@@Z 1005f11c     mfc71:MFC71.DLL
 0002:00000120       __imp_?GetExtraConnectionPoints@CCmdTarget@@MAEHPAVCPtrArray@@@Z 1005f120     mfc71:MFC71.DLL
 0002:00000124       __imp_?GetInterfaceHook@CCmdTarget@@UAEPAUIUnknown@@PBX@Z 1005f124     mfc71:MFC71.DLL
 0002:00000128       __imp_?OnCreateAggregates@CCmdTarget@@UAEHXZ 1005f128     mfc71:MFC71.DLL
 0002:0000012c       __imp_?GetEventSinkMap@CCmdTarget@@MBEPBUAFX_EVENTSINKMAP@@XZ 1005f12c     mfc71:MFC71.DLL
 0002:00000130       __imp_?GetConnectionMap@CCmdTarget@@MBEPBUAFX_CONNECTIONMAP@@XZ 1005f130     mfc71:MFC71.DLL
 0002:00000134       __imp_?GetCommandMap@CCmdTarget@@MBEPBUAFX_OLECMDMAP@@XZ 1005f134     mfc71:MFC71.DLL
 0002:00000138       __imp_?GetTypeLib@CCmdTarget@@UAEJKPAPAUITypeLib@@@Z 1005f138     mfc71:MFC71.DLL
 0002:0000013c       __imp_?Right@?$CStringT@DV?$StrTraitMFC_DLL@DV?$ChTraitsCRT@D@ATL@@@@@ATL@@QBE?AV12@H@Z 1005f13c     mfc71:MFC71.DLL
 0002:00000140       __imp_?GetTypeInfoCount@CCmdTarget@@UAEIXZ 1005f140     mfc71:MFC71.DLL
 0002:00000144       __imp_?GetDispatchIID@CCmdTarget@@UAEHPAU_GUID@@@Z 1005f144     mfc71:MFC71.DLL
 0002:00000148       __imp_?IsInvokeAllowed@CCmdTarget@@UAEHJ@Z 1005f148     mfc71:MFC71.DLL
 0002:0000014c       __imp_?OnCmdMsg@CCmdTarget@@UAEHIHPAXPAUAFX_CMDHANDLERINFO@@@Z 1005f14c     mfc71:MFC71.DLL
 0002:00000150       __imp_?OnFinalRelease@CCmdTarget@@UAEXXZ 1005f150     mfc71:MFC71.DLL
 0002:00000154       __imp_?MakeLower@?$CStringT@DV?$StrTraitMFC_DLL@DV?$ChTraitsCRT@D@ATL@@@@@ATL@@QAEAAV12@XZ 1005f154     mfc71:MFC71.DLL
 0002:00000158       __imp_??1CStringList@@UAE@XZ 1005f158     mfc71:MFC71.DLL
 0002:0000015c       __imp_??0CStringList@@QAE@H@Z 1005f15c     mfc71:MFC71.DLL
 0002:00000160       __imp_?ReadCount@CArchive@@QAEKXZ 1005f160     mfc71:MFC71.DLL
 0002:00000164       __imp_?WriteCount@CArchive@@QAEXK@Z 1005f164     mfc71:MFC71.DLL
 0002:00000168       __imp_?Read@CArchive@@QAEIPAXI@Z 1005f168     mfc71:MFC71.DLL
 0002:0000016c       __imp_?Write@CArchive@@QAEXPBXI@Z 1005f16c     mfc71:MFC71.DLL
 0002:00000170       __imp_?GetRuntimeClass@CCriticalSection@@UBEPAUCRuntimeClass@@XZ 1005f170     mfc71:MFC71.DLL
 0002:00000174       __imp_??1CSyncObject@@UAE@XZ 1005f174     mfc71:MFC71.DLL
 0002:00000178       __imp_??0CSyncObject@@QAE@PBD@Z 1005f178     mfc71:MFC71.DLL
 0002:0000017c       __imp_?Create@CPlex@@SGPAU1@AAPAU1@II@Z 1005f17c     mfc71:MFC71.DLL
 0002:00000180       __imp_?FreeDataChain@CPlex@@QAEXXZ 1005f180     mfc71:MFC71.DLL
 0002:00000184       __imp_?TrimRight@?$CStringT@DV?$StrTraitMFC_DLL@DV?$ChTraitsCRT@D@ATL@@@@@ATL@@QAEAAV12@XZ 1005f184     mfc71:MFC71.DLL
 0002:00000188       __imp_?GetThisMessageMap@CWinApp@@KGPBUAFX_MSGMAP@@XZ 1005f188     mfc71:MFC71.DLL
 0002:0000018c       __imp_?LoadSysPolicies@CWinApp@@UAEHXZ 1005f18c     mfc71:MFC71.DLL
 0002:00000190       __imp_?LoadAppLangResourceDLL@CWinApp@@UAEPAUHINSTANCE__@@XZ 1005f190     mfc71:MFC71.DLL
 0002:00000194       __imp_?WinHelpInternal@CWinApp@@UAEXKI@Z 1005f194     mfc71:MFC71.DLL
 0002:00000198       __imp_?HtmlHelpA@CWinApp@@UAEXKI@Z 1005f198     mfc71:MFC71.DLL
 0002:0000019c       __imp_?WinHelpA@CWinApp@@UAEXKI@Z 1005f19c     mfc71:MFC71.DLL
 0002:000001a0       __imp_?OnDDECommand@CWinApp@@UAEHPAD@Z 1005f1a0     mfc71:MFC71.DLL
 0002:000001a4       __imp_?DoWaitCursor@CWinApp@@UAEXH@Z 1005f1a4     mfc71:MFC71.DLL
 0002:000001a8       __imp_?DoMessageBox@CWinApp@@UAEHPBDII@Z 1005f1a8     mfc71:MFC71.DLL
 0002:000001ac       __imp_?SaveAllModified@CWinApp@@UAEHXZ 1005f1ac     mfc71:MFC71.DLL
 0002:000001b0       __imp_?InitApplication@CWinApp@@UAEHXZ 1005f1b0     mfc71:MFC71.DLL
 0002:000001b4       __imp_?AddToRecentFileList@CWinApp@@UAEXPBD@Z 1005f1b4     mfc71:MFC71.DLL
 0002:000001b8       __imp_?OpenDocumentFile@CWinApp@@UAEPAVCDocument@@PBD@Z 1005f1b8     mfc71:MFC71.DLL
 0002:000001bc       __imp_?Unregister@CWinApp@@UAEHXZ 1005f1bc     mfc71:MFC71.DLL
 0002:000001c0       __imp_?Register@CWinApp@@UAEHXZ 1005f1c0     mfc71:MFC71.DLL
 0002:000001c4       __imp_?InitLibId@CWinApp@@UAEXXZ 1005f1c4     mfc71:MFC71.DLL
 0002:000001c8       __imp_?Delete@CWinThread@@UAEXXZ 1005f1c8     mfc71:MFC71.DLL
 0002:000001cc       __imp_?GetMainWnd@CWinThread@@UAEPAVCWnd@@XZ 1005f1cc     mfc71:MFC71.DLL
 0002:000001d0       __imp_?ProcessMessageFilter@CWinThread@@UAEHHPAUtagMSG@@@Z 1005f1d0     mfc71:MFC71.DLL
 0002:000001d4       __imp_?ProcessWndProcException@CWinApp@@UAEJPAVCException@@PBUtagMSG@@@Z 1005f1d4     mfc71:MFC71.DLL
 0002:000001d8       __imp_?ExitInstance@CWinApp@@UAEHXZ 1005f1d8     mfc71:MFC71.DLL
 0002:000001dc       __imp_?IsIdleMessage@CWinThread@@UAEHPAUtagMSG@@@Z 1005f1dc     mfc71:MFC71.DLL
 0002:000001e0       __imp_?OnIdle@CWinApp@@UAEHJ@Z 1005f1e0     mfc71:MFC71.DLL
 0002:000001e4       __imp_?PumpMessage@CWinThread@@UAEHXZ 1005f1e4     mfc71:MFC71.DLL
 0002:000001e8       __imp_?PreTranslateMessage@CWinThread@@UAEHPAUtagMSG@@@Z 1005f1e8     mfc71:MFC71.DLL
 0002:000001ec       __imp_?Run@CWinApp@@UAEHXZ 1005f1ec     mfc71:MFC71.DLL
 0002:000001f0       __imp_?InitInstance@CWinApp@@UAEHXZ 1005f1f0     mfc71:MFC71.DLL
 0002:000001f4       __imp_?GetInterfaceMap@CCmdTarget@@MBEPBUAFX_INTERFACEMAP@@XZ 1005f1f4     mfc71:MFC71.DLL
 0002:000001f8       __imp_?GetDispatchMap@CCmdTarget@@MBEPBUAFX_DISPMAP@@XZ 1005f1f8     mfc71:MFC71.DLL
 0002:000001fc       __imp_?GetRuntimeClass@CWinApp@@UBEPAUCRuntimeClass@@XZ 1005f1fc     mfc71:MFC71.DLL
 0002:00000200       __imp_??0CWinApp@@QAE@PBD@Z 1005f200     mfc71:MFC71.DLL
 0002:00000204       __imp_??1CWinApp@@UAE@XZ   1005f204     mfc71:MFC71.DLL
 0002:00000208       __imp_??0AFX_MAINTAIN_STATE2@@QAE@PAVAFX_MODULE_STATE@@@Z 1005f208     mfc71:MFC71.DLL
 0002:0000020c       __imp_?AddTail@CStringList@@QAEPAU__POSITION@@PBD@Z 1005f20c     mfc71:MFC71.DLL
 0002:00000210       __imp_?Mid@?$CStringT@DV?$StrTraitMFC_DLL@DV?$ChTraitsCRT@D@ATL@@@@@ATL@@QBE?AV12@H@Z 1005f210     mfc71:MFC71.DLL
 0002:00000214       __imp_?MakeReverse@?$CStringT@DV?$StrTraitMFC_DLL@DV?$ChTraitsCRT@D@ATL@@@@@ATL@@QAEAAV12@XZ 1005f214     mfc71:MFC71.DLL
 0002:00000218       __imp_?Close@CFile@@UAEXXZ 1005f218     mfc71:MFC71.DLL
 0002:0000021c       __imp_?GetLength@CFile@@UBE_KXZ 1005f21c     mfc71:MFC71.DLL
 0002:00000220       __imp_??1CFile@@UAE@XZ     1005f220     mfc71:MFC71.DLL
 0002:00000224       __imp_?Open@CFile@@UAEHPBDIPAVCFileException@@@Z 1005f224     mfc71:MFC71.DLL
 0002:00000228       __imp_??0CFile@@QAE@XZ     1005f228     mfc71:MFC71.DLL
 0002:0000022c       __imp_?GetFieldValue@CRecordset@@QAEXPBDAAV?$CStringT@DV?$StrTraitMFC_DLL@DV?$ChTraitsCRT@D@ATL@@@@@ATL@@@Z 1005f22c     mfc71:MFC71.DLL
 0002:00000230       __imp_?Compare@?$CStringT@DV?$StrTraitMFC_DLL@DV?$ChTraitsCRT@D@ATL@@@@@ATL@@QBEHPBD@Z 1005f230     mfc71:MFC71.DLL
 0002:00000234       __imp_?ReverseFind@?$CStringT@DV?$StrTraitMFC_DLL@DV?$ChTraitsCRT@D@ATL@@@@@ATL@@QBEHD@Z 1005f234     mfc71:MFC71.DLL
 0002:00000238       __imp_?Left@?$CStringT@DV?$StrTraitMFC_DLL@DV?$ChTraitsCRT@D@ATL@@@@@ATL@@QBE?AV12@H@Z 1005f238     mfc71:MFC71.DLL
 0002:0000023c       __imp_?Find@?$CStringT@DV?$StrTraitMFC_DLL@DV?$ChTraitsCRT@D@ATL@@@@@ATL@@QBEHDH@Z 1005f23c     mfc71:MFC71.DLL
 0002:00000240       __imp_?Delete@?$CStringT@DV?$StrTraitMFC_DLL@DV?$ChTraitsCRT@D@ATL@@@@@ATL@@QAEHHH@Z 1005f240     mfc71:MFC71.DLL
 0002:00000244       __imp_??A?$CSimpleStringT@D$00@ATL@@QBEDH@Z 1005f244     mfc71:MFC71.DLL
 0002:00000248       __imp_??Y?$CStringT@DV?$StrTraitMFC_DLL@DV?$ChTraitsCRT@D@ATL@@@@@ATL@@QAEAAV01@D@Z 1005f248     mfc71:MFC71.DLL
 0002:0000024c       __imp_??Y?$CStringT@DV?$StrTraitMFC_DLL@DV?$ChTraitsCRT@D@ATL@@@@@ATL@@QAEAAV01@PBD@Z 1005f24c     mfc71:MFC71.DLL
 0002:00000250       __imp_??Y?$CStringT@DV?$StrTraitMFC_DLL@DV?$ChTraitsCRT@D@ATL@@@@@ATL@@QAEAAV01@ABV?$CSimpleStringT@D$00@1@@Z 1005f250     mfc71:MFC71.DLL
 0002:00000254       __imp_?TrimLeft@?$CStringT@DV?$StrTraitMFC_DLL@DV?$ChTraitsCRT@D@ATL@@@@@ATL@@QAEAAV12@XZ 1005f254     mfc71:MFC71.DLL
 0002:00000258       __imp_?Mid@?$CStringT@DV?$StrTraitMFC_DLL@DV?$ChTraitsCRT@D@ATL@@@@@ATL@@QBE?AV12@HH@Z 1005f258     mfc71:MFC71.DLL
 0002:0000025c       __imp_?CompareNoCase@?$CStringT@DV?$StrTraitMFC_DLL@DV?$ChTraitsCRT@D@ATL@@@@@ATL@@QBEHPBD@Z 1005f25c     mfc71:MFC71.DLL
 0002:00000260       __imp_?GetManager@?$CSimpleStringT@D$00@ATL@@QBEPAUIAtlStringMgr@2@XZ 1005f260     mfc71:MFC71.DLL
 0002:00000264       __imp_??0?$CStringT@DV?$StrTraitMFC_DLL@DV?$ChTraitsCRT@D@ATL@@@@@ATL@@QAE@PAUIAtlStringMgr@1@@Z 1005f264     mfc71:MFC71.DLL
 0002:00000268       __imp_?Concatenate@?$CSimpleStringT@D$00@ATL@@KAXAAV12@PBDH1H@Z 1005f268     mfc71:MFC71.DLL
 0002:0000026c       __imp_??4?$CStringT@DV?$StrTraitMFC_DLL@DV?$ChTraitsCRT@D@ATL@@@@@ATL@@QAEAAV01@ABV01@@Z 1005f26c     mfc71:MFC71.DLL
 0002:00000270       __imp_?ReportError@CException@@UAEHII@Z 1005f270     mfc71:MFC71.DLL
 0002:00000274       __imp_??0?$CStringT@DV?$StrTraitMFC_DLL@DV?$ChTraitsCRT@D@ATL@@@@@ATL@@QAE@PBD@Z 1005f274     mfc71:MFC71.DLL
 0002:00000278       __imp_?LoadStringA@?$CStringT@DV?$StrTraitMFC_DLL@DV?$ChTraitsCRT@D@ATL@@@@@ATL@@QAEHI@Z 1005f278     mfc71:MFC71.DLL
 0002:0000027c       __imp_??0?$CStringT@DV?$StrTraitMFC_DLL@DV?$ChTraitsCRT@D@ATL@@@@@ATL@@QAE@ABV01@@Z 1005f27c     mfc71:MFC71.DLL
 0002:00000280       __imp_?GetBufferSetLength@?$CSimpleStringT@D$00@ATL@@QAEPADH@Z 1005f280     mfc71:MFC71.DLL
 0002:00000284       __imp_?ReleaseBuffer@?$CSimpleStringT@D$00@ATL@@QAEXH@Z 1005f284     mfc71:MFC71.DLL
 0002:00000288       __imp_?Format@?$CStringT@DV?$StrTraitMFC_DLL@DV?$ChTraitsCRT@D@ATL@@@@@ATL@@QAAXPBDZZ 1005f288     mfc71:MFC71.DLL
 0002:0000028c       __imp_??0?$CStringT@DV?$StrTraitMFC_DLL@DV?$ChTraitsCRT@D@ATL@@@@@ATL@@QAE@XZ 1005f28c     mfc71:MFC71.DLL
 0002:00000290       __imp_??4?$CStringT@DV?$StrTraitMFC_DLL@DV?$ChTraitsCRT@D@ATL@@@@@ATL@@QAEAAV01@PBD@Z 1005f290     mfc71:MFC71.DLL
 0002:00000294       __imp_??1?$CStringT@DV?$StrTraitMFC_DLL@DV?$ChTraitsCRT@D@ATL@@@@@ATL@@QAE@XZ 1005f294     mfc71:MFC71.DLL
 0002:00000298       __imp_?GetRuntimeClass@CObject@@UBEPAUCRuntimeClass@@XZ 1005f298     mfc71:MFC71.DLL
 0002:0000029c       __imp_??2@YAPAXI@Z         1005f29c     mfc71:MFC71.DLL
 0002:000002a0       __imp_??3@YAXPAX@Z         1005f2a0     mfc71:MFC71.DLL
 0002:000002a4       __imp_?AfxThrowInvalidArgException@@YGXXZ 1005f2a4     mfc71:MFC71.DLL
 0002:000002a8       __imp_?AfxThrowMemoryException@@YGXXZ 1005f2a8     mfc71:MFC71.DLL
 0002:000002ac       __imp_??1AFX_MODULE_STATE@@UAE@XZ 1005f2ac     mfc71:MFC71.DLL
 0002:000002b0       __imp_?AfxSetModuleState@@YGPAVAFX_MODULE_STATE@@PAV1@@Z 1005f2b0     mfc71:MFC71.DLL
 0002:000002b4       __imp_?AfxGetThreadState@@YGPAV_AFX_THREAD_STATE@@XZ 1005f2b4     mfc71:MFC71.DLL
 0002:000002b8       __imp_?AfxGetModuleState@@YGPAVAFX_MODULE_STATE@@XZ 1005f2b8     mfc71:MFC71.DLL
 0002:000002bc       __imp_?AfxWndProc@@YGJPAUHWND__@@IIJ@Z 1005f2bc     mfc71:MFC71.DLL
 0002:000002c0       __imp_?AfxTermThread@@YGXPAUHINSTANCE__@@@Z 1005f2c0     mfc71:MFC71.DLL
 0002:000002c4       __imp_?AfxTermExtensionModule@@YGXAAUAFX_EXTENSION_MODULE@@H@Z 1005f2c4     mfc71:MFC71.DLL
 0002:000002c8       __imp_?AfxUnlockTempMaps@@YGHH@Z 1005f2c8     mfc71:MFC71.DLL
 0002:000002cc       __imp_?AfxLockTempMaps@@YGXXZ 1005f2cc     mfc71:MFC71.DLL
 0002:000002d0       __imp_??0CDynLinkLibrary@@QAE@AAUAFX_EXTENSION_MODULE@@H@Z 1005f2d0     mfc71:MFC71.DLL
 0002:000002d4       __imp_?AfxInitExtensionModule@@YGHAAUAFX_EXTENSION_MODULE@@PAUHINSTANCE__@@@Z 1005f2d4     mfc71:MFC71.DLL
 0002:000002d8       __imp_?AfxWinTerm@@YGXXZ   1005f2d8     mfc71:MFC71.DLL
 0002:000002dc       __imp_?AfxWinInit@@YGHPAUHINSTANCE__@@0PADH@Z 1005f2dc     mfc71:MFC71.DLL
 0002:000002e0       __imp_?AfxCoreInitModule@@YGXXZ 1005f2e0     mfc71:MFC71.DLL
 0002:000002e4       __imp_??0AFX_MODULE_STATE@@QAE@HP6GJPAUHWND__@@IIJ@ZKH@Z 1005f2e4     mfc71:MFC71.DLL
 0002:000002e8       __imp_??3CNoTrackObject@@SGXPAX@Z 1005f2e8     mfc71:MFC71.DLL
 0002:000002ec       __imp_?GetTypeLibCache@CCmdTarget@@UAEPAVCTypeLibCache@@XZ 1005f2ec     mfc71:MFC71.DLL
 0002:000002f0       \177MFC71_NULL_THUNK_DATA  1005f2f0     mfc71:MFC71.DLL
 0002:000002f4       __imp_?cout@std@@3V?$basic_ostream@DU?$char_traits@D@std@@@1@A 1005f2f4     msvcprt:MSVCP71.dll
 0002:000002f8       __imp_??$?6U?$char_traits@D@std@@@std@@YAAAV?$basic_ostream@DU?$char_traits@D@std@@@0@AAV10@PBD@Z 1005f2f8     msvcprt:MSVCP71.dll
 0002:000002fc       __imp_??6?$basic_ostream@DU?$char_traits@D@std@@@std@@QAEAAV01@P6AAAV01@AAV01@@Z@Z 1005f2fc     msvcprt:MSVCP71.dll
 0002:00000300       __imp_??0?$basic_string@DU?$char_traits@D@std@@V?$allocator@D@2@@std@@QAE@XZ 1005f300     msvcprt:MSVCP71.dll
 0002:00000304       __imp_??4?$basic_string@DU?$char_traits@D@std@@V?$allocator@D@2@@std@@QAEAAV01@PBD@Z 1005f304     msvcprt:MSVCP71.dll
 0002:00000308       __imp_??$?8DU?$char_traits@D@std@@V?$allocator@D@1@@std@@YA_NABV?$basic_string@DU?$char_traits@D@std@@V?$allocator@D@2@@0@PBD@Z 1005f308     msvcprt:MSVCP71.dll
 0002:0000030c       __imp_??1?$basic_string@DU?$char_traits@D@std@@V?$allocator@D@2@@std@@QAE@XZ 1005f30c     msvcprt:MSVCP71.dll
 0002:00000310       __imp_??Y?$basic_string@DU?$char_traits@D@std@@V?$allocator@D@2@@std@@QAEAAV01@PBD@Z 1005f310     msvcprt:MSVCP71.dll
 0002:00000314       __imp_?endl@std@@YAAAV?$basic_ostream@DU?$char_traits@D@std@@@1@AAV21@@Z 1005f314     msvcprt:MSVCP71.dll
 0002:00000318       __imp_??0?$basic_string@DU?$char_traits@D@std@@V?$allocator@D@2@@std@@QAE@ABV01@@Z 1005f318     msvcprt:MSVCP71.dll
 0002:0000031c       __imp_??0?$basic_string@DU?$char_traits@D@std@@V?$allocator@D@2@@std@@QAE@PBD@Z 1005f31c     msvcprt:MSVCP71.dll
 0002:00000320       \177MSVCP71_NULL_THUNK_DATA 1005f320     msvcprt:MSVCP71.dll
 0002:00000324       __imp____CppXcptFilter     1005f324     msvcrt:MSVCR71.dll
 0002:00000328       __imp___adjust_fdiv        1005f328     msvcrt:MSVCR71.dll
 0002:0000032c       __imp___initterm           1005f32c     msvcrt:MSVCR71.dll
 0002:00000330       __imp_?terminate@@YAXXZ    1005f330     msvcrt:MSVCR71.dll
 0002:00000334       __imp___onexit             1005f334     msvcrt:MSVCR71.dll
 0002:00000338       __imp____dllonexit         1005f338     msvcrt:MSVCR71.dll
 0002:0000033c       __imp_??1type_info@@UAE@XZ 1005f33c     msvcrt:MSVCR71.dll
 0002:00000340       __imp____security_error_handler 1005f340     msvcrt:MSVCR71.dll
 0002:00000344       __imp__memset              1005f344     msvcrt:MSVCR71.dll
 0002:00000348       __imp___dup                1005f348     msvcrt:MSVCR71.dll
 0002:0000034c       __imp___iob                1005f34c     msvcrt:MSVCR71.dll
 0002:00000350       __imp___dup2               1005f350     msvcrt:MSVCR71.dll
 0002:00000354       __imp__fgets               1005f354     msvcrt:MSVCR71.dll
 0002:00000358       __imp___itoa               1005f358     msvcrt:MSVCR71.dll
 0002:00000358       __imp__itoa                1005f358     msvcrt:MSVCR71.dll
 0002:0000035c       __imp___strdup             1005f35c     msvcrt:MSVCR71.dll
 0002:00000360       __imp__system              1005f360     msvcrt:MSVCR71.dll
 0002:00000364       __imp___errno              1005f364     msvcrt:MSVCR71.dll
 0002:00000368       __imp__fputs               1005f368     msvcrt:MSVCR71.dll
 0002:0000036c       __imp__realloc             1005f36c     msvcrt:MSVCR71.dll
 0002:00000370       __imp_??0exception@@QAE@XZ 1005f370     msvcrt:MSVCR71.dll
 0002:00000374       __imp_??1exception@@UAE@XZ 1005f374     msvcrt:MSVCR71.dll
 0002:00000378       __imp___purecall           1005f378     msvcrt:MSVCR71.dll
 0002:0000037c       __imp__localtime           1005f37c     msvcrt:MSVCR71.dll
 0002:00000380       __imp__puts                1005f380     msvcrt:MSVCR71.dll
 0002:00000384       __imp__strncat             1005f384     msvcrt:MSVCR71.dll
 0002:00000388       __imp__isdigit             1005f388     msvcrt:MSVCR71.dll
 0002:0000038c       __imp__time                1005f38c     msvcrt:MSVCR71.dll
 0002:00000390       __imp__srand               1005f390     msvcrt:MSVCR71.dll
 0002:00000394       __imp__rand                1005f394     msvcrt:MSVCR71.dll
 0002:00000398       __imp___access             1005f398     msvcrt:MSVCR71.dll
 0002:0000039c       __imp__fwrite              1005f39c     msvcrt:MSVCR71.dll
 0002:000003a0       __imp__fread               1005f3a0     msvcrt:MSVCR71.dll
 0002:000003a4       __imp__atol                1005f3a4     msvcrt:MSVCR71.dll
 0002:000003a8       __imp__atof                1005f3a8     msvcrt:MSVCR71.dll
 0002:000003ac       __imp__atoi                1005f3ac     msvcrt:MSVCR71.dll
 0002:000003b0       __imp__strchr              1005f3b0     msvcrt:MSVCR71.dll
 0002:000003b4       __imp__strncpy             1005f3b4     msvcrt:MSVCR71.dll
 0002:000003b8       __imp__printf              1005f3b8     msvcrt:MSVCR71.dll
 0002:000003bc       __imp__strstr              1005f3bc     msvcrt:MSVCR71.dll
 0002:000003c0       __imp__fopen               1005f3c0     msvcrt:MSVCR71.dll
 0002:000003c4       __imp__fprintf             1005f3c4     msvcrt:MSVCR71.dll
 0002:000003c8       __imp__fclose              1005f3c8     msvcrt:MSVCR71.dll
 0002:000003cc       __imp__ltoa                1005f3cc     msvcrt:MSVCR71.dll
 0002:000003cc       __imp___ltoa               1005f3cc     msvcrt:MSVCR71.dll
 0002:000003d0       __imp___time64             1005f3d0     msvcrt:MSVCR71.dll
 0002:000003d4       __imp_??0exception@@QAE@ABV0@@Z 1005f3d4     msvcrt:MSVCR71.dll
 0002:000003d8       __imp__strncmp             1005f3d8     msvcrt:MSVCR71.dll
 0002:000003dc       __imp__sprintf             1005f3dc     msvcrt:MSVCR71.dll
 0002:000003e0       __imp___localtime64        1005f3e0     msvcrt:MSVCR71.dll
 0002:000003e4       __imp___CxxThrowException@8 1005f3e4     msvcrt:MSVCR71.dll
 0002:000003e8       __imp__strftime            1005f3e8     msvcrt:MSVCR71.dll
 0002:000003ec       __imp__sscanf              1005f3ec     msvcrt:MSVCR71.dll
 0002:000003f0       __imp___except_handler3    1005f3f0     msvcrt:MSVCR71.dll
 0002:000003f4       __imp__free                1005f3f4     msvcrt:MSVCR71.dll
[...]
 0001:0005c74c       __ehhandler$?TELGETSCRIPT@@YA?AV?$CStringT@DV?$StrTraitMFC_DLL@DV?$ChTraitsCRT@D@ATL@@@@@ATL@@PADH000H0000000@Z 1005d74c f   Script.obj
 0001:0005c760       $L133712                   1005d760 f   Script.obj
 0001:0005c76c       $L133713                   1005d76c f   Script.obj
 0001:0005c778       __ehhandler$?SSHEXESCRIPT@@YAHPADH00000000@Z 1005d778 f   Script.obj
 0001:0005c790       $L133754                   1005d790 f   Script.obj
 0001:0005c79c       $L133755                   1005d79c f   Script.obj
 0001:0005c7a8       __ehhandler$?SSHGETSCRIPT@@YA?AV?$CStringT@DV?$StrTraitMFC_DLL@DV?$ChTraitsCRT@D@ATL@@@@@ATL@@PADH0000@Z 1005d7a8 f   Script.obj
 0001:0005c7c0       $L133878                   1005d7c0 f   Script.obj
 0001:0005c7c9       $L133879                   1005d7c9 f   Script.obj
 0001:0005c7d2       $L133880                   1005d7d2 f   Script.obj
 0001:0005c7db       __ehhandler$?PaseString2@@YAHV?$CStringT@DV?$StrTraitMFC_DLL@DV?$ChTraitsCRT@D@ATL@@@@@ATL@@AAVCStringList@@@Z 1005d7db f   Script.obj
 0001:0005c7f0       $L133929                   1005d7f0 f   Script.obj
 0001:0005c7fc       $L133930                   1005d7fc f   Script.obj
 0001:0005c808       $L133931                   1005d808 f   Script.obj
 0001:0005c813       __ehhandler$?TELEXESCRIPT2@@YAHPADH000H00000000000@Z 1005d813 f   Script.obj
 0001:0005c820       $L132799                   1005d820 f   SnmpUtils.obj
 0001:0005c829       $L132800                   1005d829 f   SnmpUtils.obj
 0001:0005c831       $L132801                   1005d831 f   SnmpUtils.obj
 0001:0005c83a       __ehhandler$?VerifyObject@@YAPAUoid@@PAD@Z 1005d83a f   SnmpUtils.obj
 0001:0005c850       $L132666                   1005d850 f   SSHMonitor.obj
 0001:0005c859       $L132667                   1005d859 f   SSHMonitor.obj
 0001:0005c865       __ehhandler$?executeExeFile@@YAHV?$CStringT@DV?$StrTraitMFC_DLL@DV?$ChTraitsCRT@D@ATL@@@@@ATL@@AAV12@@Z 1005d865 f   SSHMonitor.obj
 0001:0005c870       $L133093                   1005d870 f   SSHMonitor.obj
 0001:0005c87c       $L133094                   1005d87c f   SSHMonitor.obj
 0001:0005c888       __ehhandler$?SSHMonitorValue@@YA_NPADH00H00000@Z 1005d888 f   SSHMonitor.obj
 0001:0005c8a0       $L133139                   1005d8a0 f   SSHMonitor.obj
 0001:0005c8ac       $L133140                   1005d8ac f   SSHMonitor.obj
 0001:0005c8b8       __ehhandler$?SSHUnixPerfMonitorValue@@YAHPADH000000@Z 1005d8b8 f   SSHMonitor.obj
 0001:0005c8d0       $L133173                   1005d8d0 f   SSHMonitor.obj
 0001:0005c8d9       __ehhandler$?ssh_command@@YAHPADH0000AAV?$CStringT@DV?$StrTraitMFC_DLL@DV?$ChTraitsCRT@D@ATL@@@@@ATL@@@Z 1005d8d9 f   SSHMonitor.obj
 0001:0005c8f0       $L132322                   1005d8f0 f   Sybase.obj
 0001:0005c8fb       $L132323                   1005d8fb f   Sybase.obj
 0001:0005c904       $L132324                   1005d904 f   Sybase.obj
 0001:0005c90d       $L132326                   1005d90d f   Sybase.obj
 0001:0005c917       $L132328                   1005d917 f   Sybase.obj
 0001:0005c920       $L132329                   1005d920 f   Sybase.obj
 0001:0005c929       $L132330                   1005d929 f   Sybase.obj
 0001:0005c932       $L132331                   1005d932 f   Sybase.obj
 0001:0005c93b       $L132332                   1005d93b f   Sybase.obj
 0001:0005c944       $L132333                   1005d944 f   Sybase.obj
 0001:0005c94d       $L132334                   1005d94d f   Sybase.obj
 0001:0005c956       $L132335                   1005d956 f   Sybase.obj
 0001:0005c95f       $L132336                   1005d95f f   Sybase.obj
 0001:0005c968       $L132337                   1005d968 f   Sybase.obj
 0001:0005c971       __ehhandler$?SYBASE_MONITOR@@YAHPAD0000@Z 1005d971 f   Sybase.obj
 0001:0005c980       $L134032                   1005d980 f   TelMonitor.obj
 0001:0005c98c       __ehhandler$?telnet_connect@@YAHIPAD000QAY0BAA@DPAUst_gd@@@Z 1005d98c f   TelMonitor.obj
 0001:0005c9a0       $L134163                   1005d9a0 f   TelMonitor.obj
 0001:0005c9ac       $L134164                   1005d9ac f   TelMonitor.obj
 0001:0005c9b8       __ehhandler$?MonitorValue@@YA_NPADH000H000000H000@Z 1005d9b8 f   TelMonitor.obj
 0001:0005c9d0       $L135598                   1005d9d0 f   TelMonitor.obj
 0001:0005c9dc       $L135599                   1005d9dc f   TelMonitor.obj
 0001:0005c9e8       __ehhandler$?MonitorValue_zw@@YAHPADH000H0000000H000@Z 1005d9e8 f   TelMonitor.obj
 0001:0005ca00       $L133477                   1005da00 f   Traffic.obj
 0001:0005ca09       $L133478                   1005da09 f   Traffic.obj
 0001:0005ca12       $L133479                   1005da12 f   Traffic.obj
 0001:0005ca1b       $L133480                   1005da1b f   Traffic.obj
 0001:0005ca24       $L133481                   1005da24 f   Traffic.obj
 0001:0005ca2d       __ehhandler$?WriteLogFile@@YAXV?$CStringT@DV?$StrTraitMFC_DLL@DV?$ChTraitsCRT@D@ATL@@@@@ATL@@0@Z 1005da2d f   Traffic.obj
 0001:0005ca40       $L133530                   1005da40 f   Traffic.obj
 0001:0005ca49       $L133547                   1005da49 f   Traffic.obj
 0001:0005ca55       $L133543                   1005da55 f   Traffic.obj
 0001:0005ca61       $L133544                   1005da61 f   Traffic.obj
 0001:0005ca6d       $L133545                   1005da6d f   Traffic.obj
 0001:0005ca79       __ehhandler$?TRAFFIC_MONITOR@@YAHPADH0HHHV?$CStringT@DV?$StrTraitMFC_DLL@DV?$ChTraitsCRT@D@ATL@@@@@ATL@@00@Z 1005da79 f   Traffic.obj
 0001:0005ca90       $L132944                   1005da90 f   URL.obj
 0001:0005ca99       __ehhandler$?ExecuteFile@@YAXV?$CStringT@DV?$StrTraitMFC_DLL@DV?$ChTraitsCRT@D@ATL@@@@@ATL@@AAV12@HH@Z 1005da99 f   URL.obj
 0001:0005cab0       $L133100                   1005dab0 f   URL.obj
 0001:0005cab9       $L133101                   1005dab9 f   URL.obj
 0001:0005cac2       $L133102                   1005dac2 f   URL.obj
 0001:0005cacb       $L133103                   1005dacb f   URL.obj
 0001:0005cad4       $L133104                   1005dad4 f   URL.obj
 0001:0005cadd       $L133105                   1005dadd f   URL.obj
 0001:0005cae6       $L133106                   1005dae6 f   URL.obj
 0001:0005caef       $L133107                   1005daef f   URL.obj
 0001:0005caf8       $L133108                   1005daf8 f   URL.obj
 0001:0005cb01       $L133109                   1005db01 f   URL.obj
 0001:0005cb0a       $L133110                   1005db0a f   URL.obj
 0001:0005cb13       $L133111                   1005db13 f   URL.obj
 0001:0005cb1c       $L133112                   1005db1c f   URL.obj
 0001:0005cb25       $L133113                   1005db25 f   URL.obj
 0001:0005cb2e       $L133114                   1005db2e f   URL.obj
 0001:0005cb37       $L133115                   1005db37 f   URL.obj
 0001:0005cb40       $L133116                   1005db40 f   URL.obj
 0001:0005cb49       $L133117                   1005db49 f   URL.obj
 0001:0005cb52       $L133118                   1005db52 f   URL.obj
 0001:0005cb5b       $L133119                   1005db5b f   URL.obj
 0001:0005cb64       $L133120                   1005db64 f   URL.obj
 0001:0005cb6d       $L133121                   1005db6d f   URL.obj
 0001:0005cb76       $L133122                   1005db76 f   URL.obj
 0001:0005cb7f       $L133123                   1005db7f f   URL.obj
 0001:0005cb88       $L133124                   1005db88 f   URL.obj
 0001:0005cb91       $L133125                   1005db91 f   URL.obj
 0001:0005cb9a       $L133126                   1005db9a f   URL.obj
 0001:0005cba3       $L133127                   1005dba3 f   URL.obj
 0001:0005cbac       $L133128                   1005dbac f   URL.obj
 0001:0005cbb5       $L133129                   1005dbb5 f   URL.obj
 0001:0005cbbe       $L133130                   1005dbbe f   URL.obj
 0001:0005cbc7       $L133131                   1005dbc7 f   URL.obj
 0001:0005cbd0       $L133132                   1005dbd0 f   URL.obj
 0001:0005cbd9       $L133133                   1005dbd9 f   URL.obj
 0001:0005cbe2       $L133134                   1005dbe2 f   URL.obj
 0001:0005cbeb       $L133135                   1005dbeb f   URL.obj
 0001:0005cbf4       $L133136                   1005dbf4 f   URL.obj
 0001:0005cbfd       $L133137                   1005dbfd f   URL.obj
 0001:0005cc06       $L133138                   1005dc06 f   URL.obj
 0001:0005cc0f       $L133139                   1005dc0f f   URL.obj
 0001:0005cc18       $L133140                   1005dc18 f   URL.obj
 0001:0005cc21       $L133141                   1005dc21 f   URL.obj
 0001:0005cc2a       $L133142                   1005dc2a f   URL.obj
 0001:0005cc33       $L133143                   1005dc33 f   URL.obj
 0001:0005cc3c       $L133144                   1005dc3c f   URL.obj
 0001:0005cc45       $L133145                   1005dc45 f   URL.obj
 0001:0005cc4e       $L133146                   1005dc4e f   URL.obj
 0001:0005cc57       $L133147                   1005dc57 f   URL.obj
 0001:0005cc60       $L133148                   1005dc60 f   URL.obj
 0001:0005cc69       $L133149                   1005dc69 f   URL.obj
 0001:0005cc72       $L133150                   1005dc72 f   URL.obj
 0001:0005cc7b       $L133151                   1005dc7b f   URL.obj
 0001:0005cc84       $L133152                   1005dc84 f   URL.obj
 0001:0005cc8d       __ehhandler$?CODE_VALUE@@YAHV?$CStringT@DV?$StrTraitMFC_DLL@DV?$ChTraitsCRT@D@ATL@@@@@ATL@@AAV12@@Z 1005dc8d f   URL.obj
 0001:0005cca0       $L133547                   1005dca0 f   URL.obj
 0001:0005ccac       $L133548                   1005dcac f   URL.obj
 0001:0005ccb8       $L133549                   1005dcb8 f   URL.obj
 0001:0005ccc4       $L133551                   1005dcc4 f   URL.obj
 0001:0005ccd0       __ehhandler$?URL_MONITOR@@YAHPAD00H000H00HH00@Z 1005dcd0 f   URL.obj
 0001:0005cce0       $L133268                   1005dce0 f   Utils.obj
 0001:0005cced       $L133269                   1005dced f   Utils.obj
 0001:0005ccfa       $L133270                   1005dcfa f   Utils.obj
 0001:0005cd06       $L133271                   1005dd06 f   Utils.obj
 0001:0005cd12       $L133273                   1005dd12 f   Utils.obj
 0001:0005cd1e       $L133274                   1005dd1e f   Utils.obj
 0001:0005cd27       $L133275                   1005dd27 f   Utils.obj
 0001:0005cd35       $L133276                   1005dd35 f   Utils.obj
 0001:0005cd41       $L133277                   1005dd41 f   Utils.obj
 0001:0005cd4a       $L133278                   1005dd4a f   Utils.obj
 0001:0005cd56       $L133279                   1005dd56 f   Utils.obj
 0001:0005cd64       $L133280                   1005dd64 f   Utils.obj
 0001:0005cd70       __ehhandler$?GetUrlData@@YAHPADH000H00H0@Z 1005dd70 f   Utils.obj
 0001:0005cd80       $L133403                   1005dd80 f   Utils.obj
 0001:0005cd89       $L133404                   1005dd89 f   Utils.obj
 0001:0005cd92       __ehhandler$?ReturnParser@@YAP6AHPBDHPAD0@ZH@Z 1005dd92 f   Utils.obj
 0001:0005cda0       $L133499                   1005dda0 f   Utils.obj
 0001:0005cda0       $L133450                   1005dda0 f   Utils.obj
 0001:0005cdac       $L133500                   1005ddac f   Utils.obj
 0001:0005cdac       $L133451                   1005ddac f   Utils.obj
 0001:0005cdb8       __ehhandler$?MONITOR_PARSE_zw@@YAHHPAD0000@Z 1005ddb8 f   Utils.obj
 0001:0005cdb8       __ehhandler$?MONITOR_PARSE@@YAHHPAD000@Z 1005ddb8 f   Utils.obj
 0001:0005cdd0       $L134047                   1005ddd0 f   Utils.obj
 0001:0005cdd9       __ehhandler$?WriteLogFile1@@YAXPBD@Z 1005ddd9 f   Utils.obj
 0001:0005cdf0       $L132585                   1005ddf0 f   WebLogic5x.obj
 0001:0005cdf9       __ehhandler$?WEBLOGIC5X_MONITOR@@YAHPADH0V?$CStringT@DV?$StrTraitMFC_DLL@DV?$ChTraitsCRT@D@ATL@@@@@ATL@@HH00@Z 1005ddf9 f   WebLogic5x.obj
 0001:0005ce10       $L132585                   1005de10 f   WebLogic7x.obj
 0001:0005ce19       __ehhandler$?WEBLOGIC7X_MONITOR@@YAHPADH0V?$CStringT@DV?$StrTraitMFC_DLL@DV?$ChTraitsCRT@D@ATL@@@@@ATL@@HH00@Z 1005de19 f   WebLogic7x.obj
 0001:0005ce23       $L185173                   1005de23 f   mfcs71:dllmodul.obj
 0001:0005ce2b       __ehhandler$?AfxWndProcDllStatic@@YGJPAUHWND__@@IIJ@Z 1005de2b f   mfcs71:dllmodul.obj
 0001:0005ce40       _$E1                       1005de40 f   AIXErrpt.obj
 0001:0005ce60       _$E1                       1005de60 f   Apache.obj
 0001:0005ce80       _$E1                       1005de80 f   Bandwidth.obj
 0001:0005cea0       _$E1                       1005dea0 f   Base64.obj
 0001:0005cec0       _$E1                       1005dec0 f   CheckPoint.obj
 0001:0005cee0       _$E1                       1005dee0 f   CiscoCPU.obj
 0001:0005cf00       _$E1                       1005df00 f   CiscoLog.obj
 0001:0005cf20       _$E1                       1005df20 f   Cluster.obj
 0001:0005cf40       _$E1                       1005df40 f   Ctron.obj
 0001:0005cf60       _$E1                       1005df60 f   DB.obj
 0001:0005cf80       _$E1                       1005df80 f   DHCP.obj
 0001:0005cfa0       _$E1                       1005dfa0 f   DNS.obj
 0001:0005cfc0       _$E1                       1005dfc0 f   Dynamo.obj
 0001:0005cfe0       _$E1                       1005dfe0 f   F5.obj
 0001:0005d000       _$E1                       1005e000 f   Foundry.obj
 0001:0005d020       _$E1                       1005e020 f   FTP.obj
 0001:0005d040       _$E1                       1005e040 f   funcGeneral.obj
 0001:0005d060       _$E1                       1005e060 f   GTJA.obj
 0001:0005d080       _$E1                       1005e080 f   HttpMonitor.obj
 0001:0005d0a0       _$E1                       1005e0a0 f   IEEvents.obj
 0001:0005d0c0       _$E1                       1005e0c0 f   Interfaces.obj
 0001:0005d0e0       _$E1                       1005e0e0 f   iPlanet.obj
 0001:0005d100       _$E1                       1005e100 f   LDAP.obj
 0001:0005d120       _$E1                       1005e120 f   LogFile.obj
 0001:0005d140       _$E1                       1005e140 f   MIMEMessage.obj
 0001:0005d160       _$E1                       1005e160 f   monitor.obj
 0001:0005d180       _$E4                       1005e180 f   monitor.obj
 0001:0005d1a0       _$E1                       1005e1a0 f   MQ.obj
 0001:0005d1c0       _$E1                       1005e1c0 f   NetScreen.obj
 0001:0005d1e0       _$E1                       1005e1e0 f   News.obj
 0001:0005d200       _$E1                       1005e200 f   Ping.obj
 0001:0005d220       _$E1                       1005e220 f   Port.obj
 0001:0005d240       _$E1                       1005e240 f   Radius.obj
 0001:0005d260       _$E1                       1005e260 f   RemotePing.obj
 0001:0005d280       _$E1                       1005e280 f   RloginMonitor.obj
 0001:0005d2a0       _$E1                       1005e2a0 f   Script.obj
 0001:0005d2c0       _$E1                       1005e2c0 f   SilverStream.obj
 0001:0005d2e0       _$E1                       1005e2e0 f   SNMP.obj
 0001:0005d300       _$E1                       1005e300 f   SSHMonitor.obj
 0001:0005d320       _$E1                       1005e320 f   Sybase.obj
 0001:0005d340       _$E1                       1005e340 f   TelMonitor.obj
 0001:0005d360       _$E1                       1005e360 f   Traffic.obj
 0001:0005d380       _$E1                       1005e380 f   TRAP.obj
 0001:0005d3a0       _$E1                       1005e3a0 f   URL.obj
 0001:0005d3c0       _$E4                       1005e3c0 f   URL.obj
 0001:0005d3e0       _$E1                       1005e3e0 f   Utils.obj
 0001:0005d400       _$E1                       1005e400 f   VPN.obj
 0001:0005d420       _$E1                       1005e420 f   WebLogic5x.obj
 0001:0005d440       _$E1                       1005e440 f   WebLogic7x.obj
 0001:0005d45c       _$E5                       1005e45c f   mfcs71:dllmodul.obj
 0001:0005d480       _$E1                       1005e480 f   comsuppw:comutil.obj
 0001:0005d48c       _$E5                       1005e48c f   atls:atlbase.obj
 0001:0005d4b0       _$E2                       1005e4b0 f   AIXErrpt.obj
 0001:0005d4c0       _$E2                       1005e4c0 f   Apache.obj
 0001:0005d4d0       _$E2                       1005e4d0 f   Bandwidth.obj
 0001:0005d4e0       _$E2                       1005e4e0 f   Base64.obj
 0001:0005d4f0       _$E2                       1005e4f0 f   CheckPoint.obj
 0001:0005d500       _$E2                       1005e500 f   CiscoCPU.obj
 0001:0005d510       _$E2                       1005e510 f   CiscoLog.obj
 0001:0005d520       _$E2                       1005e520 f   Cluster.obj
 0001:0005d530       _$E2                       1005e530 f   Ctron.obj
 0001:0005d540       _$E2                       1005e540 f   DB.obj
 0001:0005d550       _$E2                       1005e550 f   DHCP.obj
 0001:0005d560       _$E2                       1005e560 f   DNS.obj
 0001:0005d570       _$E2                       1005e570 f   Dynamo.obj
 0001:0005d580       _$E2                       1005e580 f   F5.obj
 0001:0005d590       _$E2                       1005e590 f   Foundry.obj
 0001:0005d5a0       _$E2                       1005e5a0 f   FTP.obj
 0001:0005d5b0       _$E2                       1005e5b0 f   funcGeneral.obj
 0001:0005d5c0       _$E2                       1005e5c0 f   GTJA.obj
 0001:0005d5d0       _$E2                       1005e5d0 f   HttpMonitor.obj
 0001:0005d5e0       _$E2                       1005e5e0 f   IEEvents.obj
 0001:0005d5f0       _$E2                       1005e5f0 f   Interfaces.obj
 0001:0005d600       _$E2                       1005e600 f   iPlanet.obj
 0001:0005d610       _$E2                       1005e610 f   LDAP.obj
 0001:0005d620       _$E2                       1005e620 f   LogFile.obj
 0001:0005d630       _$E2                       1005e630 f   MIMEMessage.obj
 0001:0005d640       _$E2                       1005e640 f   monitor.obj
 0001:0005d650       _$E5                       1005e650 f   monitor.obj
 0001:0005d660       _$E2                       1005e660 f   MQ.obj
 0001:0005d670       _$E2                       1005e670 f   NetScreen.obj
 0001:0005d680       _$E2                       1005e680 f   News.obj
 0001:0005d690       _$E2                       1005e690 f   Ping.obj
 0001:0005d6a0       _$E2                       1005e6a0 f   Port.obj
 0001:0005d6b0       _$E2                       1005e6b0 f   Radius.obj
 0001:0005d6c0       _$E2                       1005e6c0 f   RemotePing.obj
 0001:0005d6d0       _$E2                       1005e6d0 f   RloginMonitor.obj
 0001:0005d6e0       _$E2                       1005e6e0 f   Script.obj
 0001:0005d6f0       _$E2                       1005e6f0 f   SilverStream.obj
 0001:0005d700       _$E2                       1005e700 f   SNMP.obj
 0001:0005d710       _$E2                       1005e710 f   SSHMonitor.obj
 0001:0005d720       _$E2                       1005e720 f   Sybase.obj
 0001:0005d730       _$E2                       1005e730 f   TelMonitor.obj
 0001:0005d740       _$E2                       1005e740 f   Traffic.obj
 0001:0005d750       _$E2                       1005e750 f   TRAP.obj
 0001:0005d760       _$E2                       1005e760 f   URL.obj
 0001:0005d770       _$E5                       1005e770 f   URL.obj
 0001:0005d780       _$E2                       1005e780 f   Utils.obj
 0001:0005d790       _$E2                       1005e790 f   VPN.obj
 0001:0005d7a0       _$E2                       1005e7a0 f   WebLogic5x.obj
 0001:0005d7b0       _$E2                       1005e7b0 f   WebLogic7x.obj
 0001:0005d7bb       _$E6                       1005e7bb f   mfcs71:dllmodul.obj
 0001:0005d7d0       _$E2                       1005e7d0 f   comsuppw:comutil.obj
 0001:0005d7e6       _$E6                       1005e7e6 f   atls:atlbase.obj
