 urlmonitor

 Timestamp is 50220f78 (Wed Aug 08 15:04:24 2012)

 Preferred load address is 10000000

 Start         Length     Name                   Class
 0001:00000000 000061f4H .text                   CODE
 0001:00006200 00000000H .text$AFX_COL1          CODE
 0001:00006200 000002deH .text$x                 CODE
 0001:000064e0 000000c2H .text$yc                CODE
 0001:000065b0 0000005eH .text$yd                CODE
 0002:00000000 000002ccH .idata$5                DATA
 0002:000002d0 00000940H .rdata                  DATA
 0002:00000c10 000000c0H .rdata$r                DATA
 0002:00000cd0 0000003cH .rdata$sxdata           DATA
 0002:00000d0c 00000004H .rtc$IAA                DATA
 0002:00000d10 00000004H .rtc$IZZ                DATA
 0002:00000d14 00000004H .rtc$TAA                DATA
 0002:00000d18 00000004H .rtc$TZZ                DATA
 0002:00000d1c 00000308H .xdata$x                DATA
 0002:00001024 00000000H ATL$__a                 DATA
 0002:00001024 00000000H ATL$__z                 DATA
 0002:00001024 000000a0H .idata$2                DATA
 0002:000010c4 00000014H .idata$3                DATA
 0002:000010d8 000002ccH .idata$4                DATA
 0002:000013a4 00000682H .idata$6                DATA
 0002:00001a30 00000085H .edata                  DATA
 0003:00000000 00000004H .CRT$XCA                DATA
 0003:00000004 00000004H .CRT$XCAA               DATA
 0003:00000008 00000008H .CRT$XCL                DATA
 0003:00000010 00000014H .CRT$XCU                DATA
 0003:00000024 00000004H .CRT$XCZ                DATA
 0003:00000028 00000004H .CRT$XIA                DATA
 0003:0000002c 00000004H .CRT$XIZ                DATA
 0003:00000030 000000acH .data                   DATA
 0003:000000e0 00001200H .bss                    DATA
 0004:00000000 00000058H .rsrc$01                DATA
 0004:00000060 00000300H .rsrc$02                DATA

  Address         Publics by Value              Rva+Base     Lib:Object

 0000:00000000       __except_list              00000000     <absolute>
 0000:0000000f       ___safe_se_handler_count   0000000f     <absolute>
 0000:00009876       __ldused                   00009876     <absolute>
 0000:00009876       __fltused                  00009876     <absolute>
 0000:00000000       ___ImageBase               10000000     <linker-defined>
 0001:00000000       ?_AtlGetThreadACPFake@ATL@@YGIXZ 10001000 f i Base64.obj
 0001:00000080       ?_AtlGetThreadACPReal@ATL@@YGIXZ 10001080 f i Base64.obj
 0001:00000090       ?_AtlGetThreadACPThunk@ATL@@YGIXZ 10001090 f i Base64.obj
 0001:00000100       ?AtlW2AHelper@@YGPADPADPB_WHI@Z 10001100 f i Base64.obj
 0001:00000140       ??0CBase64@@QAE@XZ         10001140 f   Base64.obj
 0001:00000150       ?read_bits@CBase64@@IAEIHPAHAAH@Z 10001150 f   Base64.obj
 0001:000001e0       ?write_bits@CBase64@@IAEXIHPADAAH@Z 100011e0 f   Base64.obj
 0001:00000240       ??_GCBase64@@UAEPAXI@Z     10001240 f i Base64.obj
 0001:00000240       ??_ECBase64@@UAEPAXI@Z     10001240 f i Base64.obj
 0001:00000260       ?Encode@CBase64@@UAE?AV?$CStringT@DV?$StrTraitMFC_DLL@DV?$ChTraitsCRT@D@ATL@@@@@ATL@@PBDH@Z 10001260 f   Base64.obj
 0001:00000390       ?Decode@CBase64@@UAEHPBDPAD@Z 10001390 f   Base64.obj
 0001:00000510       ?FuncGetInstallRootPath@@YA?AV?$CStringT@DV?$StrTraitMFC_DLL@DV?$ChTraitsCRT@D@ATL@@@@@ATL@@XZ 10001510 f   funcGeneral1.obj
 0001:00000700       ?MakeStringListByChar@@YA_NAAVCStringList@@PBD@Z 10001700 f   funcGeneral1.obj
 0001:00000740       ?MakeCharByString@@YA_NPADAAHV?$CStringT@DV?$StrTraitMFC_DLL@DV?$ChTraitsCRT@D@ATL@@@@@ATL@@@Z 10001740 f   funcGeneral1.obj
 0001:000007e0       ?GetResourceValue@@YA?AV?$basic_string@DU?$char_traits@D@std@@V?$allocator@D@2@@std@@V12@@Z 100017e0 f   funcGeneral1.obj
 0001:00000920       ?FuncGetStringFromIDS@@YA?AV?$CStringT@DV?$StrTraitMFC_DLL@DV?$ChTraitsCRT@D@ATL@@@@@ATL@@PBD0@Z 10001920 f   funcGeneral1.obj
 0001:00000a20       ?SetUrl@SVHttp@@QAEXV?$CStringT@DV?$StrTraitMFC_DLL@DV?$ChTraitsCRT@D@ATL@@@@@ATL@@@Z 10001a20 f i SVHttp.obj
 0001:00000a70       ??0SVHttp@@QAE@XZ          10001a70 f   SVHttp.obj
 0001:00000af0       ??1SVHttp@@UAE@XZ          10001af0 f   SVHttp.obj
 0001:00000b70       ?SendRequest@SVHttp@@QAEHXZ 10001b70 f   SVHttp.obj
 0001:00001290       ??_GSVHttp@@UAEPAXI@Z      10002290 f i SVHttp.obj
 0001:00001290       ??_ESVHttp@@UAEPAXI@Z      10002290 f i SVHttp.obj
 0001:000012b0       ??1AFX_MAINTAIN_STATE2@@QAE@XZ 100022b0 f i urlmonitor.obj
 0001:000012c0       ?Init@SVHttp@@QAEXXZ       100022c0 f i urlmonitor.obj
 0001:00001390       ?SetPostData@SVHttp@@QAEXV?$CStringT@DV?$StrTraitMFC_DLL@DV?$ChTraitsCRT@D@ATL@@@@@ATL@@@Z 10002390 f i urlmonitor.obj
 0001:000013e0       ?SetHttpUser@SVHttp@@QAEXV?$CStringT@DV?$StrTraitMFC_DLL@DV?$ChTraitsCRT@D@ATL@@@@@ATL@@@Z 100023e0 f i urlmonitor.obj
 0001:00001430       ?SetHttpPwd@SVHttp@@QAEXV?$CStringT@DV?$StrTraitMFC_DLL@DV?$ChTraitsCRT@D@ATL@@@@@ATL@@@Z 10002430 f i urlmonitor.obj
 0001:00001480       ?GetResponseText@SVHttp@@QAE?AV?$CStringT@DV?$StrTraitMFC_DLL@DV?$ChTraitsCRT@D@ATL@@@@@ATL@@XZ 10002480 f i urlmonitor.obj
 0001:000014b0       ?GetResponseHeader@SVHttp@@QAE?AV?$CStringT@DV?$StrTraitMFC_DLL@DV?$ChTraitsCRT@D@ATL@@@@@ATL@@XZ 100024b0 f i urlmonitor.obj
 0001:000014e0       ?GetErrorMessage@SVHttp@@QAE?AV?$CStringT@DV?$StrTraitMFC_DLL@DV?$ChTraitsCRT@D@ATL@@@@@ATL@@XZ 100024e0 f i urlmonitor.obj
 0001:00001510       ?SetProxyUser@SVHttp@@QAEXV?$CStringT@DV?$StrTraitMFC_DLL@DV?$ChTraitsCRT@D@ATL@@@@@ATL@@@Z 10002510 f i urlmonitor.obj
 0001:00001560       ?SetProxyPwd@SVHttp@@QAEXV?$CStringT@DV?$StrTraitMFC_DLL@DV?$ChTraitsCRT@D@ATL@@@@@ATL@@@Z 10002560 f i urlmonitor.obj
 0001:000015b0       ?SetProxyIp@SVHttp@@QAEXV?$CStringT@DV?$StrTraitMFC_DLL@DV?$ChTraitsCRT@D@ATL@@@@@ATL@@@Z 100025b0 f i urlmonitor.obj
 0001:00001600       ?SetProxyPort@SVHttp@@QAEXV?$CStringT@DV?$StrTraitMFC_DLL@DV?$ChTraitsCRT@D@ATL@@@@@ATL@@@Z 10002600 f i urlmonitor.obj
 0001:00001650       ?GetMessageMap@CUrlMonitorApp@@MBEPBUAFX_MSGMAP@@XZ 10002650 f   urlmonitor.obj
 0001:00001660       ??0CUrlMonitorApp@@QAE@XZ  10002660 f   urlmonitor.obj
 0001:00001680       ?Serialize@CObject@@UAEXAAVCArchive@@@Z 10002680 f i urlmonitor.obj
 0001:00001680       ?Dump@CObject@@UBEXAAVCDumpContext@@@Z 10002680 f i urlmonitor.obj
 0001:00001690       ?AssertValid@CObject@@UBEXXZ 10002690 f i urlmonitor.obj
 0001:000016a0       ??1CUrlMonitorApp@@UAE@XZ  100026a0 f i urlmonitor.obj
 0001:000016b0       ?ConvertUtf8ToGBK@@YAXAAV?$CStringT@DV?$StrTraitMFC_DLL@DV?$ChTraitsCRT@D@ATL@@@@@ATL@@@Z 100026b0 f   urlmonitor.obj
 0001:00001780       ?UTF2GB@@YAPA_WPBDH@Z      10002780 f   urlmonitor.obj
 0001:000017e0       ?OnConversionURL@@YA?AV?$CStringT@DV?$StrTraitMFC_DLL@DV?$ChTraitsCRT@D@ATL@@@@@ATL@@V12@0@Z 100027e0 f   urlmonitor.obj
 0001:00001ad0       ?ConverGBKToBIG5@@YAXAAV?$CStringT@DV?$StrTraitMFC_DLL@DV?$ChTraitsCRT@D@ATL@@@@@ATL@@@Z 10002ad0 f   urlmonitor.obj
 0001:00001bf0       ?ConverGB2312ToGBK@@YAXAAV?$CStringT@DV?$StrTraitMFC_DLL@DV?$ChTraitsCRT@D@ATL@@@@@ATL@@@Z 10002bf0 f   urlmonitor.obj
 0001:00001ce0       ?SplitMatchContent@@YAHV?$CStringT@DV?$StrTraitMFC_DLL@DV?$ChTraitsCRT@D@ATL@@@@@ATL@@AAVCStringList@@@Z 10002ce0 f   urlmonitor.obj
 0001:00002290       ??0?$CList@HABH@@QAE@H@Z   10003290 f i urlmonitor.obj
 0001:000022c0       ??1?$CList@HABH@@UAE@XZ    100032c0 f i urlmonitor.obj
 0001:00002300       ??_E?$CList@HABH@@UAEPAXI@Z 10003300 f i urlmonitor.obj
 0001:00002300       ??_G?$CList@HABH@@UAEPAXI@Z 10003300 f i urlmonitor.obj
 0001:00002320       ?NewNode@?$CList@HABH@@IAEPAUCNode@1@PAU21@0@Z 10003320 f i urlmonitor.obj
 0001:00002380       ?SetHttpHeader@SVHttp@@QAEXV?$CStringT@DV?$StrTraitMFC_DLL@DV?$ChTraitsCRT@D@ATL@@@@@ATL@@0@Z 10003380 f i urlmonitor.obj
 0001:00002440       ??_GCUrlMonitorApp@@UAEPAXI@Z 10003440 f i urlmonitor.obj
 0001:00002440       ??_ECUrlMonitorApp@@UAEPAXI@Z 10003440 f i urlmonitor.obj
 0001:00002460       _INET                      10003460 f   urlmonitor.obj
 0001:00003010       _APACHE                    10004010 f   urlmonitor.obj
 0001:00003c60       _APACHE_2_0_34             10004c60 f   urlmonitor.obj
 0001:000046c0       ?Serialize@?$CList@HABH@@UAEXAAVCArchive@@@Z 100056c0 f i urlmonitor.obj
 0001:00004790       ??$SerializeElements@H@@YGXAAVCArchive@@PAHH@Z 10005790 f i urlmonitor.obj
 0001:00004820       ?IsMatch@@YA_NV?$CStringT@DV?$StrTraitMFC_DLL@DV?$ChTraitsCRT@D@ATL@@@@@ATL@@ABVCStringList@@AAV?$CList@HABH@@@Z 10005820 f   urlmonitor.obj
 0001:00004a60       _INETComplex               10005a60 f   urlmonitor.obj
 0001:000057a4       ??3@YAXPAX@Z               100067a4 f   mfc71:MFC71.DLL
 0001:000057aa       ?AfxThrowInvalidArgException@@YGXXZ 100067aa f   mfc71:MFC71.DLL
 0001:000057b0       ?AddTail@CStringList@@QAEPAU__POSITION@@ABV?$CStringT@DV?$StrTraitMFC_DLL@DV?$ChTraitsCRT@D@ATL@@@@@ATL@@@Z 100067b0 f   mfc71:MFC71.DLL
 0001:000057b6       ?AddHead@CStringList@@QAEPAU__POSITION@@PBD@Z 100067b6 f   mfc71:MFC71.DLL
 0001:000057bc       ??_V@YAXPAX@Z              100067bc f   mfc71:MFC71.DLL
 0001:000057c2       ?FindIndex@CStringList@@QBEPAU__POSITION@@H@Z 100067c2 f   mfc71:MFC71.DLL
 0001:000057c8       ??_U@YAPAXI@Z              100067c8 f   mfc71:MFC71.DLL
 0001:000057ce       ??2@YAPAXI@Z               100067ce f   mfc71:MFC71.DLL
 0001:000057d4       ?AfxParseURL@@YGHPBDAAKAAV?$CStringT@DV?$StrTraitMFC_DLL@DV?$ChTraitsCRT@D@ATL@@@@@ATL@@2AAG@Z 100067d4 f   mfc71:MFC71.DLL
 0001:000057da       ?GetThisMessageMap@CWinApp@@KGPBUAFX_MSGMAP@@XZ 100067da f   mfc71:MFC71.DLL
 0001:000057e0       ?LoadSysPolicies@CWinApp@@UAEHXZ 100067e0 f   mfc71:MFC71.DLL
 0001:000057e6       ?LoadAppLangResourceDLL@CWinApp@@UAEPAUHINSTANCE__@@XZ 100067e6 f   mfc71:MFC71.DLL
 0001:000057ec       ?WinHelpInternal@CWinApp@@UAEXKI@Z 100067ec f   mfc71:MFC71.DLL
 0001:000057f2       ?HtmlHelpA@CWinApp@@UAEXKI@Z 100067f2 f   mfc71:MFC71.DLL
 0001:000057f8       ?WinHelpA@CWinApp@@UAEXKI@Z 100067f8 f   mfc71:MFC71.DLL
 0001:000057fe       ?OnDDECommand@CWinApp@@UAEHPAD@Z 100067fe f   mfc71:MFC71.DLL
 0001:00005804       ?DoWaitCursor@CWinApp@@UAEXH@Z 10006804 f   mfc71:MFC71.DLL
 0001:0000580a       ?DoMessageBox@CWinApp@@UAEHPBDII@Z 1000680a f   mfc71:MFC71.DLL
 0001:00005810       ?SaveAllModified@CWinApp@@UAEHXZ 10006810 f   mfc71:MFC71.DLL
 0001:00005816       ?InitApplication@CWinApp@@UAEHXZ 10006816 f   mfc71:MFC71.DLL
 0001:0000581c       ?AddToRecentFileList@CWinApp@@UAEXPBD@Z 1000681c f   mfc71:MFC71.DLL
 0001:00005822       ?OpenDocumentFile@CWinApp@@UAEPAVCDocument@@PBD@Z 10006822 f   mfc71:MFC71.DLL
 0001:00005828       ?Unregister@CWinApp@@UAEHXZ 10006828 f   mfc71:MFC71.DLL
 0001:0000582e       ?Register@CWinApp@@UAEHXZ  1000682e f   mfc71:MFC71.DLL
 0001:00005834       ?InitLibId@CWinApp@@UAEXXZ 10006834 f   mfc71:MFC71.DLL
 0001:0000583a       ?Delete@CWinThread@@UAEXXZ 1000683a f   mfc71:MFC71.DLL
 0001:00005840       ?GetMainWnd@CWinThread@@UAEPAVCWnd@@XZ 10006840 f   mfc71:MFC71.DLL
 0001:00005846       ?ProcessMessageFilter@CWinThread@@UAEHHPAUtagMSG@@@Z 10006846 f   mfc71:MFC71.DLL
 0001:0000584c       ?ProcessWndProcException@CWinApp@@UAEJPAVCException@@PBUtagMSG@@@Z 1000684c f   mfc71:MFC71.DLL
 0001:00005852       ?ExitInstance@CWinApp@@UAEHXZ 10006852 f   mfc71:MFC71.DLL
 0001:00005858       ?IsIdleMessage@CWinThread@@UAEHPAUtagMSG@@@Z 10006858 f   mfc71:MFC71.DLL
 0001:0000585e       ?OnIdle@CWinApp@@UAEHJ@Z   1000685e f   mfc71:MFC71.DLL
 0001:00005864       ?PumpMessage@CWinThread@@UAEHXZ 10006864 f   mfc71:MFC71.DLL
 0001:0000586a       ?PreTranslateMessage@CWinThread@@UAEHPAUtagMSG@@@Z 1000686a f   mfc71:MFC71.DLL
 0001:00005870       ?Run@CWinApp@@UAEHXZ       10006870 f   mfc71:MFC71.DLL
 0001:00005876       ?InitInstance@CWinApp@@UAEHXZ 10006876 f   mfc71:MFC71.DLL
 0001:0000587c       ?GetConnectionHook@CCmdTarget@@MAEPAUIConnectionPoint@@ABU_GUID@@@Z 1000687c f   mfc71:MFC71.DLL
 0001:00005882       ?GetExtraConnectionPoints@CCmdTarget@@MAEHPAVCPtrArray@@@Z 10006882 f   mfc71:MFC71.DLL
 0001:00005888       ?GetInterfaceHook@CCmdTarget@@UAEPAUIUnknown@@PBX@Z 10006888 f   mfc71:MFC71.DLL
 0001:0000588e       ?OnCreateAggregates@CCmdTarget@@UAEHXZ 1000688e f   mfc71:MFC71.DLL
 0001:00005894       ?GetEventSinkMap@CCmdTarget@@MBEPBUAFX_EVENTSINKMAP@@XZ 10006894 f   mfc71:MFC71.DLL
 0001:0000589a       ?GetInterfaceMap@CCmdTarget@@MBEPBUAFX_INTERFACEMAP@@XZ 1000689a f   mfc71:MFC71.DLL
 0001:000058a0       ?GetConnectionMap@CCmdTarget@@MBEPBUAFX_CONNECTIONMAP@@XZ 100068a0 f   mfc71:MFC71.DLL
 0001:000058a6       ?GetDispatchMap@CCmdTarget@@MBEPBUAFX_DISPMAP@@XZ 100068a6 f   mfc71:MFC71.DLL
 0001:000058ac       ?GetCommandMap@CCmdTarget@@MBEPBUAFX_OLECMDMAP@@XZ 100068ac f   mfc71:MFC71.DLL
 0001:000058b2       ?GetTypeLib@CCmdTarget@@UAEJKPAPAUITypeLib@@@Z 100068b2 f   mfc71:MFC71.DLL
 0001:000058b8       ?GetTypeLibCache@CCmdTarget@@UAEPAVCTypeLibCache@@XZ 100068b8 f   mfc71:MFC71.DLL
 0001:000058be       ?GetTypeInfoCount@CCmdTarget@@UAEIXZ 100068be f   mfc71:MFC71.DLL
 0001:000058c4       ?GetDispatchIID@CCmdTarget@@UAEHPAU_GUID@@@Z 100068c4 f   mfc71:MFC71.DLL
 0001:000058ca       ?IsInvokeAllowed@CCmdTarget@@UAEHJ@Z 100068ca f   mfc71:MFC71.DLL
 0001:000058d0       ?OnFinalRelease@CCmdTarget@@UAEXXZ 100068d0 f   mfc71:MFC71.DLL
 0001:000058d6       ?OnCmdMsg@CCmdTarget@@UAEHIHPAXPAUAFX_CMDHANDLERINFO@@@Z 100068d6 f   mfc71:MFC71.DLL
 0001:000058dc       ?GetRuntimeClass@CWinApp@@UBEPAUCRuntimeClass@@XZ 100068dc f   mfc71:MFC71.DLL
 0001:000058e2       ??0CWinApp@@QAE@PBD@Z      100068e2 f   mfc71:MFC71.DLL
 0001:000058e8       ??1CWinApp@@UAE@XZ         100068e8 f   mfc71:MFC71.DLL
 0001:000058ee       ?AddTail@CStringList@@QAEPAU__POSITION@@PBD@Z 100068ee f   mfc71:MFC71.DLL
 0001:000058f4       ?GetRuntimeClass@CObject@@UBEPAUCRuntimeClass@@XZ 100068f4 f   mfc71:MFC71.DLL
 0001:000058fa       ?FreeDataChain@CPlex@@QAEXXZ 100068fa f   mfc71:MFC71.DLL
 0001:00005900       ?Create@CPlex@@SGPAU1@AAPAU1@II@Z 10006900 f   mfc71:MFC71.DLL
 0001:00005906       ??1CStringList@@UAE@XZ     10006906 f   mfc71:MFC71.DLL
 0001:0000590c       ??0CStringList@@QAE@H@Z    1000690c f   mfc71:MFC71.DLL
 0001:00005912       ??0AFX_MAINTAIN_STATE2@@QAE@PAVAFX_MODULE_STATE@@@Z 10006912 f   mfc71:MFC71.DLL
 0001:00005918       ?ReadCount@CArchive@@QAEKXZ 10006918 f   mfc71:MFC71.DLL
 0001:0000591e       ?WriteCount@CArchive@@QAEXK@Z 1000691e f   mfc71:MFC71.DLL
 0001:00005924       ?Read@CArchive@@QAEIPAXI@Z 10006924 f   mfc71:MFC71.DLL
 0001:0000592a       ?Write@CArchive@@QAEXPBXI@Z 1000692a f   mfc71:MFC71.DLL
 0001:00005930       ??1_AFX_DLL_MODULE_STATE@@UAE@XZ 10006930 f i mfcs71:dllmodul.obj
 0001:00005935       ?AfxGetStaticModuleState@@YGPAVAFX_MODULE_STATE@@XZ 10006935 f   mfcs71:dllmodul.obj
 0001:0000593b       _RawDllMain@12             1000693b f   mfcs71:dllmodul.obj
 0001:0000598c       ?AfxWndProcDllStatic@@YGJPAUHWND__@@IIJ@Z 1000698c f   mfcs71:dllmodul.obj
 0001:000059d1       _DllMain@12                100069d1 f   mfcs71:dllmodul.obj
 0001:00005af8       ??0_AFX_DLL_MODULE_STATE@@QAE@XZ 10006af8 f i mfcs71:dllmodul.obj
 0001:00005b18       ??_G_AFX_DLL_MODULE_STATE@@UAEPAXI@Z 10006b18 f i mfcs71:dllmodul.obj
 0001:00005b18       ??_E_AFX_DLL_MODULE_STATE@@UAEPAXI@Z 10006b18 f i mfcs71:dllmodul.obj
 0001:00005b33       ??0CComCriticalSection@ATL@@QAE@XZ 10006b33 f i mfcs71:stdafx.obj
 0001:00005b47       ?Init@CComCriticalSection@ATL@@QAEJXZ 10006b47 f i mfcs71:stdafx.obj
 0001:00005b98       _free                      10006b98 f   msvcrt:MSVCR71.dll
 0001:00005ba0       __except_handler3          10006ba0 f   msvcrt:MSVCR71.dll
 0001:00005bb0       __chkstk                   10006bb0 f   msvcrt:chkstk.obj
 0001:00005bb0       __alloca_probe             10006bb0     msvcrt:chkstk.obj
 0001:00005c1e       @__security_check_cookie@4 10006c1e f   msvcrt:secchk.obj
 0001:00005c2c       ___CxxFrameHandler         10006c2c f   msvcrt:MSVCR71.dll
 0001:00005c32       __onexit                   10006c32 f   msvcrt:atonexit.obj
 0001:00005c58       _atexit                    10006c58 f   msvcrt:atonexit.obj
 0001:00005c6a       ??_Etype_info@@UAEPAXI@Z   10006c6a f i msvcrt:ti_inst.obj
 0001:00005cb5       ?__ArrayUnwind@@YGXPAXIHP6EX0@Z@Z 10006cb5 f   msvcrt:ehvecdtr.obj
 0001:00005d13       ??_M@YGXPAXIHP6EX0@Z@Z     10006d13 f   msvcrt:ehvecdtr.obj
 0001:00005d73       __CRT_INIT@12              10006d73 f   msvcrt:crtdll.obj
 0001:00005e31       __DllMainCRTStartup@12     10006e31 f   msvcrt:crtdll.obj
 0001:00005f18       __EH_prolog                10006f18 f   msvcrt:ehprolog.obj
 0001:00005f38       __SEH_prolog               10006f38 f   msvcrt:sehprolg.obj
 0001:00005f73       __SEH_epilog               10006f73 f   msvcrt:sehprolg.obj
 0001:00005f84       _memset                    10006f84 f   msvcrt:MSVCR71.dll
 0001:00005f8a       ___security_init_cookie    10006f8a f   msvcrt:seccinit.obj
 0001:00005ff0       ___security_error_handler  10006ff0 f   msvcrt:MSVCR71.dll
 0001:00005ff6       ___dllonexit               10006ff6 f   msvcrt:MSVCR71.dll
 0001:00005ffc       ??1type_info@@UAE@XZ       10006ffc f   msvcrt:MSVCR71.dll
 0001:00006002       ?terminate@@YAXXZ          10007002 f   msvcrt:MSVCR71.dll
 0001:00006008       __initterm                 10007008 f   msvcrt:MSVCR71.dll
 0001:0000600e       __RTC_Initialize           1000700e f   msvcrt:initsect.obj
 0001:00006052       __RTC_Terminate            10007052 f   msvcrt:initsect.obj
 0001:00006096       ___CppXcptFilter           10007096 f   msvcrt:MSVCR71.dll
 0001:0000609c       ?RemoveAll@?$CSimpleArray@PAUHINSTANCE__@@V?$CSimpleArrayEqualHelper@PAUHINSTANCE__@@@ATL@@@ATL@@QAEXXZ 1000709c f i atls:atlbase.obj
 0001:000060b9       ??0_ATL_BASE_MODULE70@ATL@@QAE@XZ 100070b9 f i atls:atlbase.obj
 0001:000060d3       ??1CAtlBaseModule@ATL@@QAE@XZ 100070d3 f   atls:atlbase.obj
 0001:000060e9       ??0CAtlBaseModule@ATL@@QAE@XZ 100070e9 f   atls:atlbase.obj
 0001:00006194       ??1AFX_MODULE_STATE@@UAE@XZ 10007194 f   mfc71:MFC71.DLL
 0001:0000619a       ?AfxSetModuleState@@YGPAVAFX_MODULE_STATE@@PAV1@@Z 1000719a f   mfc71:MFC71.DLL
 0001:000061a0       ?AfxGetThreadState@@YGPAV_AFX_THREAD_STATE@@XZ 100071a0 f   mfc71:MFC71.DLL
 0001:000061a6       ?AfxGetModuleState@@YGPAVAFX_MODULE_STATE@@XZ 100071a6 f   mfc71:MFC71.DLL
 0001:000061ac       ?AfxWndProc@@YGJPAUHWND__@@IIJ@Z 100071ac f   mfc71:MFC71.DLL
 0001:000061b2       ?AfxTermThread@@YGXPAUHINSTANCE__@@@Z 100071b2 f   mfc71:MFC71.DLL
 0001:000061b8       ?AfxTermExtensionModule@@YGXAAUAFX_EXTENSION_MODULE@@H@Z 100071b8 f   mfc71:MFC71.DLL
 0001:000061be       ?AfxUnlockTempMaps@@YGHH@Z 100071be f   mfc71:MFC71.DLL
 0001:000061c4       ?AfxLockTempMaps@@YGXXZ    100071c4 f   mfc71:MFC71.DLL
 0001:000061ca       ??0CDynLinkLibrary@@QAE@AAUAFX_EXTENSION_MODULE@@H@Z 100071ca f   mfc71:MFC71.DLL
 0001:000061d0       ?AfxInitExtensionModule@@YGHAAUAFX_EXTENSION_MODULE@@PAUHINSTANCE__@@@Z 100071d0 f   mfc71:MFC71.DLL
 0001:000061d6       ?AfxWinTerm@@YGXXZ         100071d6 f   mfc71:MFC71.DLL
 0001:000061dc       ?AfxWinInit@@YGHPAUHINSTANCE__@@0PADH@Z 100071dc f   mfc71:MFC71.DLL
 0001:000061e2       ?AfxCoreInitModule@@YGXXZ  100071e2 f   mfc71:MFC71.DLL
 0001:000061e8       ??0AFX_MODULE_STATE@@QAE@HP6GJPAUHWND__@@IIJ@ZKH@Z 100071e8 f   mfc71:MFC71.DLL
 0001:000061ee       ??3CNoTrackObject@@SGXPAX@Z 100071ee f   mfc71:MFC71.DLL
 0002:00000000       __imp__RegEnumValueA@32    10008000     advapi32:ADVAPI32.dll
 0002:00000004       __imp__RegOpenKeyExA@20    10008004     advapi32:ADVAPI32.dll
 0002:00000008       __imp__RegCloseKey@4       10008008     advapi32:ADVAPI32.dll
 0002:0000000c       \177ADVAPI32_NULL_THUNK_DATA 1000800c     advapi32:ADVAPI32.dll
 0002:00000010       __imp__GetSystemTimeAsFileTime@4 10008010     kernel32:KERNEL32.dll
 0002:00000014       __imp__GetCurrentProcessId@0 10008014     kernel32:KERNEL32.dll
 0002:00000018       __imp__GetCurrentThreadId@0 10008018     kernel32:KERNEL32.dll
 0002:0000001c       __imp__QueryPerformanceCounter@4 1000801c     kernel32:KERNEL32.dll
 0002:00000020       __imp__ExitProcess@4       10008020     kernel32:KERNEL32.dll
 0002:00000024       __imp__DeleteCriticalSection@4 10008024     kernel32:KERNEL32.dll
 0002:00000028       __imp__InitializeCriticalSection@4 10008028     kernel32:KERNEL32.dll
 0002:0000002c       __imp__LocalAlloc@8        1000802c     kernel32:KERNEL32.dll
 0002:00000030       __imp__LocalFree@4         10008030     kernel32:KERNEL32.dll
 0002:00000034       __imp__LCMapStringA@24     10008034     kernel32:KERNEL32.dll
 0002:00000038       __imp__GetTickCount@0      10008038     kernel32:KERNEL32.dll
 0002:0000003c       __imp__Sleep@4             1000803c     kernel32:KERNEL32.dll
 0002:00000040       __imp__lstrlenW@4          10008040     kernel32:KERNEL32.dll
 0002:00000044       __imp__GetLastError@0      10008044     kernel32:KERNEL32.dll
 0002:00000048       __imp__WideCharToMultiByte@32 10008048     kernel32:KERNEL32.dll
 0002:0000004c       __imp__MultiByteToWideChar@24 1000804c     kernel32:KERNEL32.dll
 0002:00000050       __imp__GetVersionExA@4     10008050     kernel32:KERNEL32.dll
 0002:00000054       __imp__GetThreadLocale@0   10008054     kernel32:KERNEL32.dll
 0002:00000058       __imp__GetLocaleInfoA@16   10008058     kernel32:KERNEL32.dll
 0002:0000005c       __imp__GetACP@0            1000805c     kernel32:KERNEL32.dll
 0002:00000060       __imp__InterlockedExchange@8 10008060     kernel32:KERNEL32.dll
 0002:00000064       \177KERNEL32_NULL_THUNK_DATA 10008064     kernel32:KERNEL32.dll
 0002:00000068       __imp_??2@YAPAXI@Z         10008068     mfc71:MFC71.DLL
 0002:0000006c       __imp_??Y?$CStringT@DV?$StrTraitMFC_DLL@DV?$ChTraitsCRT@D@ATL@@@@@ATL@@QAEAAV01@PBD@Z 1000806c     mfc71:MFC71.DLL
 0002:00000070       __imp_?Insert@?$CStringT@DV?$StrTraitMFC_DLL@DV?$ChTraitsCRT@D@ATL@@@@@ATL@@QAEHHPBD@Z 10008070     mfc71:MFC71.DLL
 0002:00000074       __imp_?AfxParseURL@@YGHPBDAAKAAV?$CStringT@DV?$StrTraitMFC_DLL@DV?$ChTraitsCRT@D@ATL@@@@@ATL@@2AAG@Z 10008074     mfc71:MFC71.DLL
 0002:00000078       __imp_?GetThisMessageMap@CWinApp@@KGPBUAFX_MSGMAP@@XZ 10008078     mfc71:MFC71.DLL
 0002:0000007c       __imp_?LoadSysPolicies@CWinApp@@UAEHXZ 1000807c     mfc71:MFC71.DLL
 0002:00000080       __imp_?LoadAppLangResourceDLL@CWinApp@@UAEPAUHINSTANCE__@@XZ 10008080     mfc71:MFC71.DLL
 0002:00000084       __imp_?WinHelpInternal@CWinApp@@UAEXKI@Z 10008084     mfc71:MFC71.DLL
 0002:00000088       __imp_?HtmlHelpA@CWinApp@@UAEXKI@Z 10008088     mfc71:MFC71.DLL
 0002:0000008c       __imp_?WinHelpA@CWinApp@@UAEXKI@Z 1000808c     mfc71:MFC71.DLL
 0002:00000090       __imp_?OnDDECommand@CWinApp@@UAEHPAD@Z 10008090     mfc71:MFC71.DLL
 0002:00000094       __imp_?DoWaitCursor@CWinApp@@UAEXH@Z 10008094     mfc71:MFC71.DLL
 0002:00000098       __imp_?DoMessageBox@CWinApp@@UAEHPBDII@Z 10008098     mfc71:MFC71.DLL
 0002:0000009c       __imp_?SaveAllModified@CWinApp@@UAEHXZ 1000809c     mfc71:MFC71.DLL
 0002:000000a0       __imp_?InitApplication@CWinApp@@UAEHXZ 100080a0     mfc71:MFC71.DLL
 0002:000000a4       __imp_?AddToRecentFileList@CWinApp@@UAEXPBD@Z 100080a4     mfc71:MFC71.DLL
 0002:000000a8       __imp_?OpenDocumentFile@CWinApp@@UAEPAVCDocument@@PBD@Z 100080a8     mfc71:MFC71.DLL
 0002:000000ac       __imp_?Unregister@CWinApp@@UAEHXZ 100080ac     mfc71:MFC71.DLL
 0002:000000b0       __imp_?Register@CWinApp@@UAEHXZ 100080b0     mfc71:MFC71.DLL
 0002:000000b4       __imp_?InitLibId@CWinApp@@UAEXXZ 100080b4     mfc71:MFC71.DLL
 0002:000000b8       __imp_?Delete@CWinThread@@UAEXXZ 100080b8     mfc71:MFC71.DLL
 0002:000000bc       __imp_?GetMainWnd@CWinThread@@UAEPAVCWnd@@XZ 100080bc     mfc71:MFC71.DLL
 0002:000000c0       __imp_?ProcessMessageFilter@CWinThread@@UAEHHPAUtagMSG@@@Z 100080c0     mfc71:MFC71.DLL
 0002:000000c4       __imp_?ProcessWndProcException@CWinApp@@UAEJPAVCException@@PBUtagMSG@@@Z 100080c4     mfc71:MFC71.DLL
 0002:000000c8       __imp_?ExitInstance@CWinApp@@UAEHXZ 100080c8     mfc71:MFC71.DLL
 0002:000000cc       __imp_?IsIdleMessage@CWinThread@@UAEHPAUtagMSG@@@Z 100080cc     mfc71:MFC71.DLL
 0002:000000d0       __imp_?OnIdle@CWinApp@@UAEHJ@Z 100080d0     mfc71:MFC71.DLL
 0002:000000d4       __imp_?PumpMessage@CWinThread@@UAEHXZ 100080d4     mfc71:MFC71.DLL
 0002:000000d8       __imp_?PreTranslateMessage@CWinThread@@UAEHPAUtagMSG@@@Z 100080d8     mfc71:MFC71.DLL
 0002:000000dc       __imp_?Run@CWinApp@@UAEHXZ 100080dc     mfc71:MFC71.DLL
 0002:000000e0       __imp_?InitInstance@CWinApp@@UAEHXZ 100080e0     mfc71:MFC71.DLL
 0002:000000e4       __imp_?GetConnectionHook@CCmdTarget@@MAEPAUIConnectionPoint@@ABU_GUID@@@Z 100080e4     mfc71:MFC71.DLL
 0002:000000e8       __imp_?GetExtraConnectionPoints@CCmdTarget@@MAEHPAVCPtrArray@@@Z 100080e8     mfc71:MFC71.DLL
 0002:000000ec       __imp_?GetInterfaceHook@CCmdTarget@@UAEPAUIUnknown@@PBX@Z 100080ec     mfc71:MFC71.DLL
 0002:000000f0       __imp_?OnCreateAggregates@CCmdTarget@@UAEHXZ 100080f0     mfc71:MFC71.DLL
 0002:000000f4       __imp_?GetEventSinkMap@CCmdTarget@@MBEPBUAFX_EVENTSINKMAP@@XZ 100080f4     mfc71:MFC71.DLL
 0002:000000f8       __imp_?GetInterfaceMap@CCmdTarget@@MBEPBUAFX_INTERFACEMAP@@XZ 100080f8     mfc71:MFC71.DLL
 0002:000000fc       __imp_?GetConnectionMap@CCmdTarget@@MBEPBUAFX_CONNECTIONMAP@@XZ 100080fc     mfc71:MFC71.DLL
 0002:00000100       __imp_?GetDispatchMap@CCmdTarget@@MBEPBUAFX_DISPMAP@@XZ 10008100     mfc71:MFC71.DLL
 0002:00000104       __imp_?GetCommandMap@CCmdTarget@@MBEPBUAFX_OLECMDMAP@@XZ 10008104     mfc71:MFC71.DLL
 0002:00000108       __imp_?GetTypeLib@CCmdTarget@@UAEJKPAPAUITypeLib@@@Z 10008108     mfc71:MFC71.DLL
 0002:0000010c       __imp_?GetTypeLibCache@CCmdTarget@@UAEPAVCTypeLibCache@@XZ 1000810c     mfc71:MFC71.DLL
 0002:00000110       __imp_?GetTypeInfoCount@CCmdTarget@@UAEIXZ 10008110     mfc71:MFC71.DLL
 0002:00000114       __imp_?GetDispatchIID@CCmdTarget@@UAEHPAU_GUID@@@Z 10008114     mfc71:MFC71.DLL
 0002:00000118       __imp_?IsInvokeAllowed@CCmdTarget@@UAEHJ@Z 10008118     mfc71:MFC71.DLL
 0002:0000011c       __imp_?OnFinalRelease@CCmdTarget@@UAEXXZ 1000811c     mfc71:MFC71.DLL
 0002:00000120       __imp_?OnCmdMsg@CCmdTarget@@UAEHIHPAXPAUAFX_CMDHANDLERINFO@@@Z 10008120     mfc71:MFC71.DLL
 0002:00000124       __imp_?GetRuntimeClass@CWinApp@@UBEPAUCRuntimeClass@@XZ 10008124     mfc71:MFC71.DLL
 0002:00000128       __imp_??0CWinApp@@QAE@PBD@Z 10008128     mfc71:MFC71.DLL
 0002:0000012c       __imp_??1CWinApp@@UAE@XZ   1000812c     mfc71:MFC71.DLL
 0002:00000130       __imp_??Y?$CStringT@DV?$StrTraitMFC_DLL@DV?$ChTraitsCRT@D@ATL@@@@@ATL@@QAEAAV01@ABV?$CSimpleStringT@D$00@1@@Z 10008130     mfc71:MFC71.DLL
 0002:00000134       __imp_?Replace@?$CStringT@DV?$StrTraitMFC_DLL@DV?$ChTraitsCRT@D@ATL@@@@@ATL@@QAEHPBD0@Z 10008134     mfc71:MFC71.DLL
 0002:00000138       __imp_?Delete@?$CStringT@DV?$StrTraitMFC_DLL@DV?$ChTraitsCRT@D@ATL@@@@@ATL@@QAEHHH@Z 10008138     mfc71:MFC71.DLL
 0002:0000013c       __imp_?AddTail@CStringList@@QAEPAU__POSITION@@PBD@Z 1000813c     mfc71:MFC71.DLL
 0002:00000140       __imp_?TrimLeft@?$CStringT@DV?$StrTraitMFC_DLL@DV?$ChTraitsCRT@D@ATL@@@@@ATL@@QAEAAV12@XZ 10008140     mfc71:MFC71.DLL
 0002:00000144       __imp_?TrimRight@?$CStringT@DV?$StrTraitMFC_DLL@DV?$ChTraitsCRT@D@ATL@@@@@ATL@@QAEAAV12@XZ 10008144     mfc71:MFC71.DLL
 0002:00000148       __imp_?GetRuntimeClass@CObject@@UBEPAUCRuntimeClass@@XZ 10008148     mfc71:MFC71.DLL
 0002:0000014c       __imp_?FreeDataChain@CPlex@@QAEXXZ 1000814c     mfc71:MFC71.DLL
 0002:00000150       __imp_?Create@CPlex@@SGPAU1@AAPAU1@II@Z 10008150     mfc71:MFC71.DLL
 0002:00000154       __imp_?Mid@?$CStringT@DV?$StrTraitMFC_DLL@DV?$ChTraitsCRT@D@ATL@@@@@ATL@@QBE?AV12@H@Z 10008154     mfc71:MFC71.DLL
 0002:00000158       __imp_??1CStringList@@UAE@XZ 10008158     mfc71:MFC71.DLL
 0002:0000015c       __imp_?Find@?$CStringT@DV?$StrTraitMFC_DLL@DV?$ChTraitsCRT@D@ATL@@@@@ATL@@QBEHDH@Z 1000815c     mfc71:MFC71.DLL
 0002:00000160       __imp_??0CStringList@@QAE@H@Z 10008160     mfc71:MFC71.DLL
 0002:00000164       __imp_??0AFX_MAINTAIN_STATE2@@QAE@PAVAFX_MODULE_STATE@@@Z 10008164     mfc71:MFC71.DLL
 0002:00000168       __imp_?ReadCount@CArchive@@QAEKXZ 10008168     mfc71:MFC71.DLL
 0002:0000016c       __imp_?WriteCount@CArchive@@QAEXK@Z 1000816c     mfc71:MFC71.DLL
 0002:00000170       __imp_?Read@CArchive@@QAEIPAXI@Z 10008170     mfc71:MFC71.DLL
 0002:00000174       __imp_?Write@CArchive@@QAEXPBXI@Z 10008174     mfc71:MFC71.DLL
 0002:00000178       __imp_?AfxInitExtensionModule@@YGHAAUAFX_EXTENSION_MODULE@@PAUHINSTANCE__@@@Z 10008178     mfc71:MFC71.DLL
 0002:0000017c       __imp_??0CDynLinkLibrary@@QAE@AAUAFX_EXTENSION_MODULE@@H@Z 1000817c     mfc71:MFC71.DLL
 0002:00000180       __imp_?AfxLockTempMaps@@YGXXZ 10008180     mfc71:MFC71.DLL
 0002:00000184       __imp_?AfxUnlockTempMaps@@YGHH@Z 10008184     mfc71:MFC71.DLL
 0002:00000188       __imp_?AfxTermExtensionModule@@YGXAAUAFX_EXTENSION_MODULE@@H@Z 10008188     mfc71:MFC71.DLL
 0002:0000018c       __imp_?AfxTermThread@@YGXPAUHINSTANCE__@@@Z 1000818c     mfc71:MFC71.DLL
 0002:00000190       __imp_?AfxWndProc@@YGJPAUHWND__@@IIJ@Z 10008190     mfc71:MFC71.DLL
 0002:00000194       __imp_?AfxGetModuleState@@YGPAVAFX_MODULE_STATE@@XZ 10008194     mfc71:MFC71.DLL
 0002:00000198       __imp_?AfxGetThreadState@@YGPAV_AFX_THREAD_STATE@@XZ 10008198     mfc71:MFC71.DLL
 0002:0000019c       __imp_?AfxSetModuleState@@YGPAVAFX_MODULE_STATE@@PAV1@@Z 1000819c     mfc71:MFC71.DLL
 0002:000001a0       __imp_??1AFX_MODULE_STATE@@UAE@XZ 100081a0     mfc71:MFC71.DLL
 0002:000001a4       __imp_?AfxWinInit@@YGHPAUHINSTANCE__@@0PADH@Z 100081a4     mfc71:MFC71.DLL
 0002:000001a8       __imp_?AfxCoreInitModule@@YGXXZ 100081a8     mfc71:MFC71.DLL
 0002:000001ac       __imp_??0AFX_MODULE_STATE@@QAE@HP6GJPAUHWND__@@IIJ@ZKH@Z 100081ac     mfc71:MFC71.DLL
 0002:000001b0       __imp_??3CNoTrackObject@@SGXPAX@Z 100081b0     mfc71:MFC71.DLL
 0002:000001b4       __imp_?AfxWinTerm@@YGXXZ   100081b4     mfc71:MFC71.DLL
 0002:000001b8       __imp_??3@YAXPAX@Z         100081b8     mfc71:MFC71.DLL
 0002:000001bc       __imp_??1?$CStringT@DV?$StrTraitMFC_DLL@DV?$ChTraitsCRT@D@ATL@@@@@ATL@@QAE@XZ 100081bc     mfc71:MFC71.DLL
 0002:000001c0       __imp_??0?$CStringT@DV?$StrTraitMFC_DLL@DV?$ChTraitsCRT@D@ATL@@@@@ATL@@QAE@ABV01@@Z 100081c0     mfc71:MFC71.DLL
 0002:000001c4       __imp_??Y?$CStringT@DV?$StrTraitMFC_DLL@DV?$ChTraitsCRT@D@ATL@@@@@ATL@@QAEAAV01@D@Z 100081c4     mfc71:MFC71.DLL
 0002:000001c8       __imp_??A?$CSimpleStringT@D$00@ATL@@QBEDH@Z 100081c8     mfc71:MFC71.DLL
 0002:000001cc       __imp_??0?$CStringT@DV?$StrTraitMFC_DLL@DV?$ChTraitsCRT@D@ATL@@@@@ATL@@QAE@PBD@Z 100081cc     mfc71:MFC71.DLL
 0002:000001d0       __imp_??4?$CStringT@DV?$StrTraitMFC_DLL@DV?$ChTraitsCRT@D@ATL@@@@@ATL@@QAEAAV01@PBD@Z 100081d0     mfc71:MFC71.DLL
 0002:000001d4       __imp_??0?$CStringT@DV?$StrTraitMFC_DLL@DV?$ChTraitsCRT@D@ATL@@@@@ATL@@QAE@XZ 100081d4     mfc71:MFC71.DLL
 0002:000001d8       __imp_?AfxThrowInvalidArgException@@YGXXZ 100081d8     mfc71:MFC71.DLL
 0002:000001dc       __imp_?Mid@?$CStringT@DV?$StrTraitMFC_DLL@DV?$ChTraitsCRT@D@ATL@@@@@ATL@@QBE?AV12@HH@Z 100081dc     mfc71:MFC71.DLL
 0002:000001e0       __imp_??4?$CStringT@DV?$StrTraitMFC_DLL@DV?$ChTraitsCRT@D@ATL@@@@@ATL@@QAEAAV01@ABV01@@Z 100081e0     mfc71:MFC71.DLL
 0002:000001e4       __imp_?Right@?$CStringT@DV?$StrTraitMFC_DLL@DV?$ChTraitsCRT@D@ATL@@@@@ATL@@QBE?AV12@H@Z 100081e4     mfc71:MFC71.DLL
 0002:000001e8       __imp_?Find@?$CStringT@DV?$StrTraitMFC_DLL@DV?$ChTraitsCRT@D@ATL@@@@@ATL@@QBEHPBDH@Z 100081e8     mfc71:MFC71.DLL
 0002:000001ec       __imp_?Format@?$CStringT@DV?$StrTraitMFC_DLL@DV?$ChTraitsCRT@D@ATL@@@@@ATL@@QAAXPBDZZ 100081ec     mfc71:MFC71.DLL
 0002:000001f0       __imp_?CompareNoCase@?$CStringT@DV?$StrTraitMFC_DLL@DV?$ChTraitsCRT@D@ATL@@@@@ATL@@QBEHPBD@Z 100081f0     mfc71:MFC71.DLL
 0002:000001f4       __imp_?GetBuffer@?$CSimpleStringT@D$00@ATL@@QAEPADH@Z 100081f4     mfc71:MFC71.DLL
 0002:000001f8       __imp_?Left@?$CStringT@DV?$StrTraitMFC_DLL@DV?$ChTraitsCRT@D@ATL@@@@@ATL@@QBE?AV12@H@Z 100081f8     mfc71:MFC71.DLL
 0002:000001fc       __imp_?AddTail@CStringList@@QAEPAU__POSITION@@ABV?$CStringT@DV?$StrTraitMFC_DLL@DV?$ChTraitsCRT@D@ATL@@@@@ATL@@@Z 100081fc     mfc71:MFC71.DLL
 0002:00000200       __imp_?AddHead@CStringList@@QAEPAU__POSITION@@PBD@Z 10008200     mfc71:MFC71.DLL
 0002:00000204       __imp_?Compare@?$CStringT@DV?$StrTraitMFC_DLL@DV?$ChTraitsCRT@D@ATL@@@@@ATL@@QBEHPBD@Z 10008204     mfc71:MFC71.DLL
 0002:00000208       __imp_??_U@YAPAXI@Z        10008208     mfc71:MFC71.DLL
 0002:0000020c       __imp_?FindIndex@CStringList@@QBEPAU__POSITION@@H@Z 1000820c     mfc71:MFC71.DLL
 0002:00000210       __imp_??_V@YAXPAX@Z        10008210     mfc71:MFC71.DLL
 0002:00000214       \177MFC71_NULL_THUNK_DATA  10008214     mfc71:MFC71.DLL
 0002:00000218       __imp_??1?$basic_string@DU?$char_traits@D@std@@V?$allocator@D@2@@std@@QAE@XZ 10008218     msvcprt:MSVCP71.dll
 0002:0000021c       __imp_??4?$basic_string@DU?$char_traits@D@std@@V?$allocator@D@2@@std@@QAEAAV01@PBD@Z 1000821c     msvcprt:MSVCP71.dll
 0002:00000220       __imp_??0?$basic_string@DU?$char_traits@D@std@@V?$allocator@D@2@@std@@QAE@XZ 10008220     msvcprt:MSVCP71.dll
 0002:00000224       __imp_??0?$basic_string@DU?$char_traits@D@std@@V?$allocator@D@2@@std@@QAE@ABV01@@Z 10008224     msvcprt:MSVCP71.dll
 0002:00000228       __imp_??0?$basic_string@DU?$char_traits@D@std@@V?$allocator@D@2@@std@@QAE@PBD@Z 10008228     msvcprt:MSVCP71.dll
 0002:0000022c       \177MSVCP71_NULL_THUNK_DATA 1000822c     msvcprt:MSVCP71.dll
 0002:00000230       __imp__atoi                10008230     msvcrt:MSVCR71.dll
 0002:00000234       __imp__sprintf             10008234     msvcrt:MSVCR71.dll
 0002:00000238       __imp____CxxFrameHandler   10008238     msvcrt:MSVCR71.dll
 0002:0000023c       __imp___except_handler3    1000823c     msvcrt:MSVCR71.dll
 0002:00000240       __imp__free                10008240     msvcrt:MSVCR71.dll
 0002:00000244       __imp__malloc              10008244     msvcrt:MSVCR71.dll
 0002:00000248       __imp__strstr              10008248     msvcrt:MSVCR71.dll
 0002:0000024c       __imp__printf              1000824c     msvcrt:MSVCR71.dll
 0002:00000250       __imp__sscanf              10008250     msvcrt:MSVCR71.dll
 0002:00000254       __imp__atof                10008254     msvcrt:MSVCR71.dll
 0002:00000258       __imp__atol                10008258     msvcrt:MSVCR71.dll
 0002:0000025c       __imp__memset              1000825c     msvcrt:MSVCR71.dll
 0002:00000260       __imp____security_error_handler 10008260     msvcrt:MSVCR71.dll
 0002:00000264       __imp____dllonexit         10008264     msvcrt:MSVCR71.dll
 0002:00000268       __imp___onexit             10008268     msvcrt:MSVCR71.dll
 0002:0000026c       __imp_??1type_info@@UAE@XZ 1000826c     msvcrt:MSVCR71.dll
 0002:00000270       __imp_?terminate@@YAXXZ    10008270     msvcrt:MSVCR71.dll
 0002:00000274       __imp___initterm           10008274     msvcrt:MSVCR71.dll
 0002:00000278       __imp___adjust_fdiv        10008278     msvcrt:MSVCR71.dll
 0002:0000027c       __imp____CppXcptFilter     1000827c     msvcrt:MSVCR71.dll
 0002:00000280       \177MSVCR71_NULL_THUNK_DATA 10008280     msvcrt:MSVCR71.dll
 0002:00000284       __imp__SysAllocStringLen@8 10008284     oleaut32:OLEAUT32.dll
 0002:00000288       \177OLEAUT32_NULL_THUNK_DATA 10008288     oleaut32:OLEAUT32.dll
 0002:0000028c       __imp__InternetQueryOptionA@16 1000828c     Wininet:WININET.dll
 0002:00000290       __imp__InternetSetOptionA@16 10008290     Wininet:WININET.dll
 0002:00000294       __imp__HttpAddRequestHeadersA@16 10008294     Wininet:WININET.dll
 0002:00000298       __imp__HttpSendRequestA@20 10008298     Wininet:WININET.dll
 0002:0000029c       __imp__HttpOpenRequestA@32 1000829c     Wininet:WININET.dll
 0002:000002a0       __imp__InternetCloseHandle@4 100082a0     Wininet:WININET.dll
 0002:000002a4       __imp__InternetConnectA@32 100082a4     Wininet:WININET.dll
 0002:000002a8       __imp__InternetOpenA@20    100082a8     Wininet:WININET.dll
 0002:000002ac       __imp__InternetReadFile@16 100082ac     Wininet:WININET.dll
 0002:000002b0       __imp__HttpQueryInfoA@20   100082b0     Wininet:WININET.dll
 0002:000002b4       \177WININET_NULL_THUNK_DATA 100082b4     Wininet:WININET.dll
 0002:000002b8       __imp_?FindNodeValue@@YA_NPAXV?$basic_string@DU?$char_traits@D@std@@V?$allocator@D@2@@std@@AAV12@@Z 100082b8     svapi:svapi.dll
 0002:000002bc       __imp_?CloseResource@@YA_NAAPAX@Z 100082bc     svapi:svapi.dll
 0002:000002c0       __imp_?GetResourceNode@@YAPAXPAX@Z 100082c0     svapi:svapi.dll
 0002:000002c4       __imp_?LoadResource@@YAPAXV?$basic_string@DU?$char_traits@D@std@@V?$allocator@D@2@@std@@0@Z 100082c4     svapi:svapi.dll
 0002:000002c8       \177svapi_NULL_THUNK_DATA  100082c8     svapi:svapi.dll
 0002:000002d0       ??_7CBase64@@6B@           100082d0     Base64.obj
 0002:000002dc       ??_C@_00CNPNBAHC@?$AA@     100082dc     Base64.obj
 0002:000002e0       ??_C@_0EB@NFPJKBDG@ABCDEFGHIJKLMNOPQRSTUVWXYZabcdef@ 100082e0     Base64.obj
 0002:00000324       ??_C@_02DKCKIIND@?$CFs?$AA@ 10008324     funcGeneral1.obj
 0002:00000328       ??_C@_0M@KEDFDEMF@root_path_7?$AA@ 10008328     funcGeneral1.obj
 0002:00000334       ??_C@_0BO@JOODGAEE@SOFTWARE?2siteview?2siteviewecc?$AA@ 10008334     funcGeneral1.obj
 0002:00000354       ??_C@_02DPKJAMEF@?$CFd?$AA@ 10008354     funcGeneral1.obj
 0002:00000358       ??_C@_07DLHCIBDH@default?$AA@ 10008358     funcGeneral1.obj
 0002:00000360       ??_C@_09IPAEKDAI@localhost?$AA@ 10008360     funcGeneral1.obj
 0002:0000036c       ??_C@_02PCIJFNDE@?$AN?6?$AA@ 1000836c     funcGeneral1.obj
 0002:00000370       ??_7SVHttp@@6B@            10008370     SVHttp.obj
 0002:00000374       ??_C@_0BM@HGNDAHDK@Parsered?5URL?5failed?0URL?$DN?$CFs?4?$AA@ 10008374     SVHttp.obj
 0002:00000390       ??_C@_0BE@FONDGMJA@errorcode?$DN?$CFd?0URL?$DN?$CFs?$AA@ 10008390     SVHttp.obj
 0002:000003a8       __real@3f50624dd2f1a9fc    100083a8     SVHttp.obj
 0002:000003b0       __real@41f0000000000000    100083b0     SVHttp.obj
 0002:000003b8       ??_C@_0CI@GDOBNKHG@Query?5info?5failed?0?5errorcode?$DN?$CFd?0@ 100083b8     SVHttp.obj
 0002:000003e0       ??_C@_0CN@JPINDEEG@InternetConnect?5failed?0?5errorcod@ 100083e0     SVHttp.obj
 0002:00000410       ??_C@_0BM@FIOMLIMJ@Proxy?9Authorization?3?5Basic?5?$AA@ 10008410     SVHttp.obj
 0002:0000042c       ??_C@_04HCJEIHPL@POST?$AA@ 1000842c     SVHttp.obj
 0002:00000434       ??_C@_03HAPOJHBM@GET?$AA@  10008434     SVHttp.obj
 0002:00000438       ??_C@_08JAFHAICJ@HTTP?11?40?$AA@ 10008438     SVHttp.obj
 0002:00000444       ??_C@_0DD@GJEBNKKE@Connect?5to?5Internet?5failed?0?5erro@ 10008444     SVHttp.obj
 0002:00000478       ??_C@_0BE@DFCNPNJO@Open?5Internet?5Faild?$AA@ 10008478     SVHttp.obj
 0002:0000048c       ??_C@_0N@BBBINAKE@http?5generic?$AA@ 1000848c     SVHttp.obj
 0002:0000049c       ??_C@_07KAALEJHI@?$DMlocal?$DO?$AA@ 1000849c     SVHttp.obj
 0002:000004a4       ??_C@_05CCMOGDN@?$CFs?3?$CFs?$AA@ 100084a4     SVHttp.obj
 0002:000004ac       ??_C@_0BB@EMGJJLNP@The?5URL?5is?5empty?$AA@ 100084ac     SVHttp.obj
 0002:000004c0       ?messageMap@CUrlMonitorApp@@1UAFX_MSGMAP@@B 100084c0     urlmonitor.obj
 0002:000004c8       ?_messageEntries@CUrlMonitorApp@@0QBUAFX_MSGMAP_ENTRY@@B 100084c8     urlmonitor.obj
 0002:000004e0       __real@0000000000000000    100084e0     urlmonitor.obj
 0002:000004e8       ??_7CUrlMonitorApp@@6B@    100084e8     urlmonitor.obj
 0002:000005a8       ??_C@_03LOJJKLGJ@?4?4?1?$AA@ 100085a8     urlmonitor.obj
 0002:000005ac       ??_C@_01KMDKNFGN@?1?$AA@   100085ac     urlmonitor.obj
 0002:000005b0       ??_C@_01OGPIMHDM@?$DP?$AA@ 100085b0     urlmonitor.obj
 0002:000005d4       ??_C@_02NONPIBCD@?$HM?$HM?$AA@ 100085d4     urlmonitor.obj
 0002:000005d8       ??_C@_02PPKAJPJL@?$CG?$CG?$AA@ 100085d8     urlmonitor.obj
 0002:000005dc       ??_7?$CList@HABH@@6B@      100085dc     urlmonitor.obj
 0002:000005f0       ??_C@_06DJHOIPC@?$CFs?3?5?$CFs?$AA@ 100085f0     urlmonitor.obj
 0002:000005f8       ??_C@_0O@GHPKOLOM@URL_NOT_MATCH?$AA@ 100085f8     urlmonitor.obj
 0002:00000608       ??_C@_0CI@MDGJDGAC@UTF?3?F?$KF?E?d?$LD?I?$LJ?$KG?6str?$DN?$CFs?6strMatchCont@ 10008608     urlmonitor.obj
 0002:00000630       ??_C@_0CI@JMNOHNKN@GBK?3?F?$KF?E?d?$LD?I?$LJ?$KG?6str?$DN?$CFs?6strMatchCont@ 10008630     urlmonitor.obj
 0002:00000658       ??_C@_0CK@FLBPFLEA@status?$DN?$CFd$totaltime?$DN?$CF?42f$downloa@ 10008658     urlmonitor.obj
 0002:00000684       ??_C@_0DB@FFNAAGKL@error?$DNError?3?5Site?5redirects?5with@ 10008684     urlmonitor.obj
 0002:000006b8       ??_C@_0CJ@MFKJMOAC@?9?9?9?9?9?9?9?9?9?9?5Location?5?5End?5?9?9?9?9?9?9?9@ 100086b8     urlmonitor.obj
 0002:000006e4       ??_C@_0BD@LJMMMMMA@strNewLocation?$DN?$CFs?6?$AA@ 100086e4     urlmonitor.obj
 0002:000006f8       ??_C@_07FGAOOBMN@http?3?1?1?$AA@ 100086f8     urlmonitor.obj
 0002:00000700       ??_C@_0BC@EKMNCAGI@strNewLocation?$DN?$CFs?$AA@ 10008700     urlmonitor.obj
 0002:00000714       ??_C@_0L@FKFGAJGA@Location?3?5?$AA@ 10008714     urlmonitor.obj
 0002:00000720       ??_C@_0BA@LCPKNHGO@nStatusCode?$DN?$CFd?6?$AA@ 10008720     urlmonitor.obj
 0002:00000730       ??_C@_0CL@JHEGHOEP@?9?9?9?9?9?9?9?9?9?9?5Location?5?5Start?5?9?9?9?9?9@ 10008730     urlmonitor.obj
 0002:0000075c       ??_C@_0L@GBFMGGMD@strURL?$DN?$CFs?6?$AA@ 1000875c     urlmonitor.obj
 0002:00000768       ??_C@_0N@LAFFMKKA@Content?9Type?$AA@ 10008768     urlmonitor.obj
 0002:00000778       ??_C@_0CC@FLKANKNI@application?1x?9www?9form?9urlencode@ 10008778     urlmonitor.obj
 0002:0000079c       ??_C@_08NIOFPIDH@error?$DN?$CFs?$AA@ 1000879c     urlmonitor.obj
 0002:000007a8       ??_C@_06NPBNGFBM@SV_URL?$AA@ 100087a8     urlmonitor.obj
 0002:000007b0       ??_C@_0BB@HAIGDMGK@URL_LOST_ADDRESS?$AA@ 100087b0     urlmonitor.obj
 0002:000007c4       ??_C@_0P@HLIAFBEL@_CustomerPath?$DN?$AA@ 100087c4     urlmonitor.obj
 0002:000007d4       ??_C@_0M@DFAAJGFD@_MonitorID?$DN?$AA@ 100087d4     urlmonitor.obj
 0002:000007e0       ??_C@_09CEEIIIML@_GroupID?$DN?$AA@ 100087e0     urlmonitor.obj
 0002:000007ec       ??_C@_0L@IPPCEMHD@_MatchStr?$DN?$AA@ 100087ec     urlmonitor.obj
 0002:000007f8       ??_C@_09LJHKEFGO@_TimeOut?$DN?$AA@ 100087f8     urlmonitor.obj
 0002:00000804       ??_C@_0M@CIFBOCAL@_ProxyPass?$DN?$AA@ 10008804     urlmonitor.obj
 0002:00000810       ??_C@_0M@BGAMNFCO@_ProxyUser?$DN?$AA@ 10008810     urlmonitor.obj
 0002:0000081c       ??_C@_0BC@NNALFNP@_ProxyServerPort?$DN?$AA@ 1000881c     urlmonitor.obj
 0002:00000830       ??_C@_0O@KENGOGGG@_URLPassWord?$DN?$AA@ 10008830     urlmonitor.obj
 0002:00000840       ??_C@_0BB@NGDCGDPM@_URLUserAccount?$DN?$AA@ 10008840     urlmonitor.obj
 0002:00000854       ??_C@_0L@IIDDAFGC@_PostData?$DN?$AA@ 10008854     urlmonitor.obj
 0002:00000860       ??_C@_05DBHKFPPG@_URL?$DN?$AA@ 10008860     urlmonitor.obj
 0002:00000868       ??_C@_0BO@PNFOLPGC@Siteview?3URL?3?$LE?m?N?s?$LF?D?J?$PN?$LO?$NN?$LI?q?J?$LN?$KD?$KB?$AA@ 10008868     urlmonitor.obj
 0002:00000888       ??_C@_0BB@NCMAAHC@URL_DATA_MISTAKE?$AA@ 10008888     urlmonitor.obj
 0002:000008a0       ??_C@_0EG@LMHJEDH@cpuLoad?$DN?$CFf$reqPerSec?$DN?$CFf$bytesPer@ 100088a0     urlmonitor.obj
 0002:000008e8       ??_C@_0N@GJABIGOL@IdleWorkers?3?$AA@ 100088e8     urlmonitor.obj
 0002:000008f8       ??_C@_0N@BKGFNKGK@IdleServers?3?$AA@ 100088f8     urlmonitor.obj
 0002:00000908       ??_C@_05DIALNFFA@?$CFs?5?$CFd?$AA@ 10008908     urlmonitor.obj
 0002:00000910       ??_C@_0N@BJOJMJLA@BusyWorkers?3?$AA@ 10008910     urlmonitor.obj
 0002:00000920       ??_C@_0N@GKINJFDB@BusyServers?3?$AA@ 10008920     urlmonitor.obj
 0002:00000930       ??_C@_0N@PCJDBCMJ@BytesPerSec?3?$AA@ 10008930     urlmonitor.obj
 0002:00000940       ??_C@_0L@LCINBHDA@ReqPerSec?3?$AA@ 10008940     urlmonitor.obj
 0002:0000094c       ??_C@_05KDNLHNC@?$CFs?5?$CFf?$AA@ 1000894c     urlmonitor.obj
 0002:00000954       ??_C@_08FADHOGCN@CPULoad?3?$AA@ 10008954     urlmonitor.obj
 0002:00000960       ??_C@_0BF@NDNBNGGA@URL_PROXY_PORT_ERROR?$AA@ 10008960     urlmonitor.obj
 0002:00000978       ??_C@_0BI@HOJDDBOM@URL_TIMEOUT_VALUE_ERROR?$AA@ 10008978     urlmonitor.obj
 0002:00000990       ??_C@_0L@JCGLOPMM@?$CFs?2?$CFs?2temp?$AA@ 10008990     urlmonitor.obj
 0002:0000099c       ??_C@_0P@DKLBFDBB@_ServerManUrl?$DN?$AA@ 1000899c     urlmonitor.obj
 0002:000009ac       ??_C@_07OCBNCOCF@?$CFs?2temp?$AA@ 100089ac     urlmonitor.obj
 0002:000009b8       ??_C@_0GM@BBFJLAMB@totalAccesses?$DN?$CFld$totalKBytes?$DN?$CFl@ 100089b8     urlmonitor.obj
 0002:00000a24       ??_C@_0O@KCDFBONE@IdleWorkers?3?5?$AA@ 10008a24     urlmonitor.obj
 0002:00000a34       ??_C@_0O@FOPMHOOH@BusyWorkers?3?5?$AA@ 10008a34     urlmonitor.obj
 0002:00000a44       ??_C@_0O@EGICIBBF@BytesPerReq?3?5?$AA@ 10008a44     urlmonitor.obj
 0002:00000a54       ??_C@_0O@HHMOMNKE@BytesPerSec?3?5?$AA@ 10008a54     urlmonitor.obj
 0002:00000a64       ??_C@_0M@LDOPJJBJ@ReqPerSec?3?5?$AA@ 10008a64     urlmonitor.obj
 0002:00000a70       ??_C@_0P@OCEEMEKB@Total?5kBytes?3?5?$AA@ 10008a70     urlmonitor.obj
 0002:00000a80       ??_C@_0BB@LNMLDKOE@Total?5Accesses?3?5?$AA@ 10008a80     urlmonitor.obj
 0002:00000a94       ??_C@_0BE@DKIJONCG@?$CFsIsMatch?$DN?F?$KF?E?d?J?$KH?$LA?$NM$?$AA@ 10008a94     urlmonitor.obj
 0002:00000aa8       ??_C@_0BE@BEMINKAP@?$CFsIsMatch?$DN?F?$KF?E?d?$LD?I?$LJ?$KG$?$AA@ 10008aa8     urlmonitor.obj
 0002:00000abc       ??_C@_09FAMKDAAH@_Charset?$DN?$AA@ 10008abc     urlmonitor.obj
 0002:00000ac8       ??_C@_04GDNGCBEB@_IP?$DN?$AA@ 10008ac8     urlmonitor.obj
 0002:00000ad4       ??_7_AFX_DLL_MODULE_STATE@@6B@ 10008ad4     mfcs71:dllmodul.obj
 0002:00000af8       ??_C@_06JBKGCNBB@Delete?$AA@ 10008af8     mfcs71:stdafx.obj
 0002:00000b00       ??_C@_08KAAPDIAN@NoRemove?$AA@ 10008b00     mfcs71:stdafx.obj
 0002:00000b0c       ??_C@_0M@DBGDLGLL@ForceRemove?$AA@ 10008b0c     mfcs71:stdafx.obj
 0002:00000b18       ??_C@_03LAIAPFCB@Val?$AA@  10008b18     mfcs71:stdafx.obj
 0002:00000b1c       ??_C@_01HMGJMAIH@B?$AA@    10008b1c     mfcs71:stdafx.obj
 0002:00000b20       ??_C@_01CKDDGHAB@D?$AA@    10008b20     mfcs71:stdafx.obj
 0002:00000b24       ??_C@_01PLPBNMEI@M?$AA@    10008b24     mfcs71:stdafx.obj
 0002:00000b28       ??_C@_01CPLAODJH@S?$AA@    10008b28     mfcs71:stdafx.obj
 0002:00000b50       ??_7type_info@@6B@         10008b50     msvcrt:ti_inst.obj
 0002:00000ba4       _GUID_ATLVer30             10008ba4     atls:atlbase.obj
 0002:00000bb4       _GUID_ATLVer70             10008bb4     atls:atlbase.obj
 0002:00000bc8       __load_config_used         10008bc8     msvcrt:loadcfg.obj
 0002:00000c10       ??_R1A@?0A@A@CNoTrackObject@@8 10008c10     mfcs71:dllmodul.obj
 0002:00000c28       ??_R1A@?0A@A@AFX_MODULE_STATE@@8 10008c28     mfcs71:dllmodul.obj
 0002:00000c40       ??_R1A@?0A@A@_AFX_DLL_MODULE_STATE@@8 10008c40     mfcs71:dllmodul.obj
 0002:00000c58       ??_R2_AFX_DLL_MODULE_STATE@@8 10008c58     mfcs71:dllmodul.obj
 0002:00000c68       ??_R3_AFX_DLL_MODULE_STATE@@8 10008c68     mfcs71:dllmodul.obj
 0002:00000c78       ??_R4_AFX_DLL_MODULE_STATE@@6B@ 10008c78     mfcs71:dllmodul.obj
 0002:00000c8c       ??_R1A@?0A@A@type_info@@8  10008c8c     msvcrt:ti_inst.obj
 0002:00000ca4       ??_R2type_info@@8          10008ca4     msvcrt:ti_inst.obj
 0002:00000cac       ??_R3type_info@@8          10008cac     msvcrt:ti_inst.obj
 0002:00000cbc       ??_R4type_info@@6B@        10008cbc     msvcrt:ti_inst.obj
 0002:00000cd0       ___safe_se_handler_table   10008cd0     <linker-defined>
 0002:00000d0c       ___rtc_iaa                 10008d0c     msvcrt:initsect.obj
 0002:00000d10       ___rtc_izz                 10008d10     msvcrt:initsect.obj
 0002:00000d14       ___rtc_taa                 10008d14     msvcrt:initsect.obj
 0002:00000d18       ___rtc_tzz                 10008d18     msvcrt:initsect.obj
 0002:00001024       __IMPORT_DESCRIPTOR_WININET 10009024     Wininet:WININET.dll
 0002:00001038       __IMPORT_DESCRIPTOR_svapi  10009038     svapi:svapi.dll
 0002:0000104c       __IMPORT_DESCRIPTOR_MFC71  1000904c     mfc71:MFC71.DLL
 0002:00001060       __IMPORT_DESCRIPTOR_MSVCR71 10009060     msvcrt:MSVCR71.dll
 0002:00001074       __IMPORT_DESCRIPTOR_KERNEL32 10009074     kernel32:KERNEL32.dll
 0002:00001088       __IMPORT_DESCRIPTOR_ADVAPI32 10009088     advapi32:ADVAPI32.dll
 0002:0000109c       __IMPORT_DESCRIPTOR_OLEAUT32 1000909c     oleaut32:OLEAUT32.dll
 0002:000010b0       __IMPORT_DESCRIPTOR_MSVCP71 100090b0     msvcprt:MSVCP71.dll
 0002:000010c4       __NULL_IMPORT_DESCRIPTOR   100090c4     Wininet:WININET.dll
 0003:00000000       ___xc_a                    1000a000     msvcrt:cinitexe.obj
 0003:00000024       ___xc_z                    1000a024     msvcrt:cinitexe.obj
 0003:00000028       ___xi_a                    1000a028     msvcrt:cinitexe.obj
 0003:0000002c       ___xi_z                    1000a02c     msvcrt:cinitexe.obj
 0003:00000030       ?m_nMask@CBase64@@1PAHA    1000a030     Base64.obj
 0003:00000054       ?g_pfnGetThreadACP@ATL@@3P6GIXZA 1000a054     Base64.obj
 0003:00000058       __pRawDllMain              1000a058     mfcs71:dllmodul.obj
 0003:0000005c       ??_R0?AVCNoTrackObject@@@8 1000a05c     mfcs71:dllmodul.obj
 0003:0000007c       ??_R0?AVAFX_MODULE_STATE@@@8 1000a07c     mfcs71:dllmodul.obj
 0003:0000009c       ??_R0?AV_AFX_DLL_MODULE_STATE@@@8 1000a09c     mfcs71:dllmodul.obj
 0003:000000c0       ___security_cookie         1000a0c0     msvcrt:seccook.obj
 0003:000000c4       ??_R0?AVtype_info@@@8      1000a0c4     msvcrt:ti_inst.obj
 0003:000000e0       ?m_bInitFailed@CAtlBaseModule@ATL@@2_NA 1000a0e0     Base64.obj
 0003:000000e4       ?m_sBase64Alphabet@CBase64@@1V?$CStringT@DV?$StrTraitMFC_DLL@DV?$ChTraitsCRT@D@ATL@@@@@ATL@@A 1000a0e4     Base64.obj
 0003:00000120       ?theApp@@3VCUrlMonitorApp@@A 1000a120     urlmonitor.obj
 0003:000001e0       __afxForceEXCLUDE          1000a1e0     mfcs71:nolib.obj
 0003:000001fc       __afxForceUSRDLL           1000a1fc     mfcs71:dllmodul.obj
 0003:00001290       __afxForceSTDAFX           1000b290     mfcs71:stdafx.obj
 0003:00001298       ?_AtlBaseModule@ATL@@3VCAtlBaseModule@1@A 1000b298     atls:atlbase.obj
 0003:000012d4       __adjust_fdiv              1000b2d4     <common>
 0003:000012d8       ___onexitend               1000b2d8     <common>
 0003:000012dc       ___onexitbegin             1000b2dc     <common>

 entry point at        0001:00005e31

 Static symbols

 0001:00005bed       _report_failure            10006bed f   msvcrt:secchk.obj
 0001:00006200       $L112824                   10007200 f   Base64.obj
 0001:00006209       __ehhandler$?Encode@CBase64@@UAE?AV?$CStringT@DV?$StrTraitMFC_DLL@DV?$ChTraitsCRT@D@ATL@@@@@ATL@@PBDH@Z 10007209 f   Base64.obj
 0001:00006220       $L112860                   10007220 f   Base64.obj
 0001:0000622c       __ehhandler$?Decode@CBase64@@UAEHPBDPAD@Z 1000722c f   Base64.obj
 0001:00006240       $L118749                   10007240 f   funcGeneral1.obj
 0001:0000624c       $L118753                   1000724c f   funcGeneral1.obj
 0001:00006258       $L118754                   10007258 f   funcGeneral1.obj
 0001:00006264       __ehhandler$?FuncGetInstallRootPath@@YA?AV?$CStringT@DV?$StrTraitMFC_DLL@DV?$ChTraitsCRT@D@ATL@@@@@ATL@@XZ 10007264 f   funcGeneral1.obj
 0001:00006270       $L119282                   10007270 f   funcGeneral1.obj
 0001:00006279       __ehhandler$?MakeCharByString@@YA_NPADAAHV?$CStringT@DV?$StrTraitMFC_DLL@DV?$ChTraitsCRT@D@ATL@@@@@ATL@@@Z 10007279 f   funcGeneral1.obj
 0001:00006290       $L119315                   10007290 f   funcGeneral1.obj
 0001:00006299       $L119316                   10007299 f   funcGeneral1.obj
 0001:000062a2       $L119317                   100072a2 f   funcGeneral1.obj
 0001:000062ab       $L119319                   100072ab f   funcGeneral1.obj
 0001:000062c5       __ehhandler$?GetResourceValue@@YA?AV?$basic_string@DU?$char_traits@D@std@@V?$allocator@D@2@@std@@V12@@Z 100072c5 f   funcGeneral1.obj
 0001:000062d0       $L119787                   100072d0 f   funcGeneral1.obj
 0001:000062d9       $L119788                   100072d9 f   funcGeneral1.obj
 0001:000062e2       $L119790                   100072e2 f   funcGeneral1.obj
 0001:000062eb       $L119791                   100072eb f   funcGeneral1.obj
 0001:00006305       __ehhandler$?FuncGetStringFromIDS@@YA?AV?$CStringT@DV?$StrTraitMFC_DLL@DV?$ChTraitsCRT@D@ATL@@@@@ATL@@PBD0@Z 10007305 f   funcGeneral1.obj
 0001:00006310       $L115370                   10007310 f   SVHttp.obj
 0001:00006319       __ehhandler$?SetUrl@SVHttp@@QAEXV?$CStringT@DV?$StrTraitMFC_DLL@DV?$ChTraitsCRT@D@ATL@@@@@ATL@@@Z 10007319 f   SVHttp.obj
 0001:00006330       $L115429                   10007330 f   SVHttp.obj
 0001:0000633c       $L115430                   1000733c f   SVHttp.obj
 0001:00006348       $L115431                   10007348 f   SVHttp.obj
 0001:00006354       $L115432                   10007354 f   SVHttp.obj
 0001:00006360       $L115433                   10007360 f   SVHttp.obj
 0001:0000636c       $L115434                   1000736c f   SVHttp.obj
 0001:00006378       $L115435                   10007378 f   SVHttp.obj
 0001:00006386       $L115436                   10007386 f   SVHttp.obj
 0001:00006392       __ehhandler$?SendRequest@SVHttp@@QAEHXZ 10007392 f   SVHttp.obj
 0001:000063a0       $L129293                   100073a0 f   urlmonitor.obj
 0001:000063a0       $L129284                   100073a0 f   urlmonitor.obj
 0001:000063a0       $L129275                   100073a0 f   urlmonitor.obj
 0001:000063a0       $L129236                   100073a0 f   urlmonitor.obj
 0001:000063a0       $L129302                   100073a0 f   urlmonitor.obj
 0001:000063a0       $L129227                   100073a0 f   urlmonitor.obj
 0001:000063a0       $L129215                   100073a0 f   urlmonitor.obj
 0001:000063a9       __ehhandler$?SetPostData@SVHttp@@QAEXV?$CStringT@DV?$StrTraitMFC_DLL@DV?$ChTraitsCRT@D@ATL@@@@@ATL@@@Z 100073a9 f   urlmonitor.obj
 0001:000063a9       __ehhandler$?SetHttpUser@SVHttp@@QAEXV?$CStringT@DV?$StrTraitMFC_DLL@DV?$ChTraitsCRT@D@ATL@@@@@ATL@@@Z 100073a9 f   urlmonitor.obj
 0001:000063a9       __ehhandler$?SetHttpPwd@SVHttp@@QAEXV?$CStringT@DV?$StrTraitMFC_DLL@DV?$ChTraitsCRT@D@ATL@@@@@ATL@@@Z 100073a9 f   urlmonitor.obj
 0001:000063a9       __ehhandler$?SetProxyUser@SVHttp@@QAEXV?$CStringT@DV?$StrTraitMFC_DLL@DV?$ChTraitsCRT@D@ATL@@@@@ATL@@@Z 100073a9 f   urlmonitor.obj
 0001:000063a9       __ehhandler$?SetProxyPwd@SVHttp@@QAEXV?$CStringT@DV?$StrTraitMFC_DLL@DV?$ChTraitsCRT@D@ATL@@@@@ATL@@@Z 100073a9 f   urlmonitor.obj
 0001:000063a9       __ehhandler$?SetProxyPort@SVHttp@@QAEXV?$CStringT@DV?$StrTraitMFC_DLL@DV?$ChTraitsCRT@D@ATL@@@@@ATL@@@Z 100073a9 f   urlmonitor.obj
 0001:000063a9       __ehhandler$?SetProxyIp@SVHttp@@QAEXV?$CStringT@DV?$StrTraitMFC_DLL@DV?$ChTraitsCRT@D@ATL@@@@@ATL@@@Z 100073a9 f   urlmonitor.obj
 0001:000063c0       $L129365                   100073c0 f   urlmonitor.obj
 0001:000063c9       $L129366                   100073c9 f   urlmonitor.obj
 0001:000063d2       $L129367                   100073d2 f   urlmonitor.obj
 0001:000063db       $L129368                   100073db f   urlmonitor.obj
 0001:000063e4       $L129372                   100073e4 f   urlmonitor.obj
 0001:000063ed       $L129373                   100073ed f   urlmonitor.obj
 0001:000063f6       __ehhandler$?OnConversionURL@@YA?AV?$CStringT@DV?$StrTraitMFC_DLL@DV?$ChTraitsCRT@D@ATL@@@@@ATL@@V12@0@Z 100073f6 f   urlmonitor.obj
 0001:00006400       $L129608                   10007400 f   urlmonitor.obj
 0001:00006409       $L129609                   10007409 f   urlmonitor.obj
 0001:00006412       $L129610                   10007412 f   urlmonitor.obj
 0001:0000641b       $L129611                   1000741b f   urlmonitor.obj
 0001:00006424       $L129612                   10007424 f   urlmonitor.obj
 0001:0000642d       $L129613                   1000742d f   urlmonitor.obj
 0001:00006436       $L129614                   10007436 f   urlmonitor.obj
 0001:0000643f       $L129615                   1000743f f   urlmonitor.obj
 0001:00006448       $L129618                   10007448 f   urlmonitor.obj
 0001:00006451       $L129619                   10007451 f   urlmonitor.obj
 0001:0000645a       $L129616                   1000745a f   urlmonitor.obj
 0001:00006463       $L129617                   10007463 f   urlmonitor.obj
 0001:0000646c       __ehhandler$?SplitMatchContent@@YAHV?$CStringT@DV?$StrTraitMFC_DLL@DV?$ChTraitsCRT@D@ATL@@@@@ATL@@AAVCStringList@@@Z 1000746c f   urlmonitor.obj
 0001:00006480       $L130163                   10007480 f   urlmonitor.obj
 0001:00006489       $L130164                   10007489 f   urlmonitor.obj
 0001:00006492       $L130165                   10007492 f   urlmonitor.obj
 0001:0000649b       __ehhandler$?SetHttpHeader@SVHttp@@QAEXV?$CStringT@DV?$StrTraitMFC_DLL@DV?$ChTraitsCRT@D@ATL@@@@@ATL@@0@Z 1000749b f   urlmonitor.obj
 0001:000064b0       $L132579                   100074b0 f   urlmonitor.obj
 0001:000064b9       $L132580                   100074b9 f   urlmonitor.obj
 0001:000064c2       __ehhandler$?IsMatch@@YA_NV?$CStringT@DV?$StrTraitMFC_DLL@DV?$ChTraitsCRT@D@ATL@@@@@ATL@@ABVCStringList@@AAV?$CList@HABH@@@Z 100074c2 f   urlmonitor.obj
 0001:000064cc       $L185173                   100074cc f   mfcs71:dllmodul.obj
 0001:000064d4       __ehhandler$?AfxWndProcDllStatic@@YGJPAUHWND__@@IIJ@Z 100074d4 f   mfcs71:dllmodul.obj
 0001:000064e0       _$E1                       100074e0 f   Base64.obj
 0001:00006500       _$E1                       10007500 f   funcGeneral1.obj
 0001:00006520       _$E1                       10007520 f   stdafx.obj
 0001:00006540       _$E1                       10007540 f   urlmonitor.obj
 0001:00006560       _$E4                       10007560 f   urlmonitor.obj
 0001:00006576       _$E5                       10007576 f   mfcs71:dllmodul.obj
 0001:0000658c       _$E5                       1000758c f   atls:atlbase.obj
 0001:000065b0       _$E2                       100075b0 f   Base64.obj
 0001:000065c0       _$E2                       100075c0 f   funcGeneral1.obj
 0001:000065d0       _$E2                       100075d0 f   stdafx.obj
 0001:000065e0       _$E2                       100075e0 f   urlmonitor.obj
 0001:000065f0       _$E5                       100075f0 f   urlmonitor.obj
 0001:000065fa       _$E6                       100075fa f   mfcs71:dllmodul.obj
 0001:00006604       _$E6                       10007604 f   atls:atlbase.obj
