 WeatherMonitor

 Timestamp is 50220f7a (Wed Aug 08 15:04:26 2012)

 Preferred load address is 10000000

 Start         Length     Name                   Class
 0001:00000000 000100ceH .text                   CODE
 0001:000100d0 00001036H .text$x                 CODE
 0001:00011110 000000a2H .text$yc                CODE
 0001:000111c0 0000004eH .text$yd                CODE
 0002:00000000 000002b0H .idata$5                DATA
 0002:000002b0 00001698H .rdata                  DATA
 0002:00001948 000000c0H .rdata$r                DATA
 0002:00001a10 00000084H .rdata$sxdata           DATA
 0002:00001a94 00000004H .rtc$IAA                DATA
 0002:00001a98 00000004H .rtc$IZZ                DATA
 0002:00001a9c 00000004H .rtc$TAA                DATA
 0002:00001aa0 00000004H .rtc$TZZ                DATA
 0002:00001aa4 00001144H .xdata$x                DATA
 0002:00002be8 00000000H ATL$__a                 DATA
 0002:00002be8 00000000H ATL$__z                 DATA
 0002:00002be8 00000078H .idata$2                DATA
 0002:00002c60 00000014H .idata$3                DATA
 0002:00002c74 000002b0H .idata$4                DATA
 0002:00002f24 000005aaH .idata$6                DATA
 0002:000034d0 0000018aH .edata                  DATA
 0003:00000000 00000004H .CRT$XCA                DATA
 0003:00000004 00000004H .CRT$XCAA               DATA
 0003:00000008 00000008H .CRT$XCL                DATA
 0003:00000010 00000010H .CRT$XCU                DATA
 0003:00000020 00000004H .CRT$XCZ                DATA
 0003:00000024 00000004H .CRT$XIA                DATA
 0003:00000028 00000004H .CRT$XIZ                DATA
 0003:00000030 000000ecH .data                   DATA
 0003:00000120 00001300H .bss                    DATA
 0004:00000000 00000058H .rsrc$01                DATA
 0004:00000060 000002d8H .rsrc$02                DATA

  Address         Publics by Value              Rva+Base     Lib:Object

 0000:00000000       __except_list              00000000     <absolute>
 0000:00000021       ___safe_se_handler_count   00000021     <absolute>
 0000:00009876       __ldused                   00009876     <absolute>
 0000:00009876       __fltused                  00009876     <absolute>
 0000:00000000       ___ImageBase               10000000     <linker-defined>
 0001:00000000       ?MakeStringListByChar@@YA_NAAVCStringList@@PBD@Z 10001000 f   funcGeneral.obj
 0001:00000040       ?MakeCharByString@@YA_NPADAAHV?$CStringT@DV?$StrTraitMFC_DLL@DV?$ChTraitsCRT@D@ATL@@@@@ATL@@@Z 10001040 f   funcGeneral.obj
 0001:000000e0       ??$?HDU?$char_traits@D@std@@V?$allocator@D@1@@std@@YA?AV?$basic_string@DU?$char_traits@D@std@@V?$allocator@D@2@@0@ABV10@0@Z 100010e0 f i funcGeneral.obj
 0001:00000160       ??$?HDU?$char_traits@D@std@@V?$allocator@D@1@@std@@YA?AV?$basic_string@DU?$char_traits@D@std@@V?$allocator@D@2@@0@PBDABV10@@Z 10001160 f i funcGeneral.obj
 0001:000001e0       ??$?HDU?$char_traits@D@std@@V?$allocator@D@1@@std@@YA?AV?$basic_string@DU?$char_traits@D@std@@V?$allocator@D@2@@0@ABV10@PBD@Z 100011e0 f i funcGeneral.obj
 0001:00000260       ??1AFX_MAINTAIN_STATE2@@QAE@XZ 10001260 f i WeatherMonitor.obj
 0001:00000270       ?add_override@otl_select_struct_override@@QAEXHHH@Z 10001270 f i WeatherMonitor.obj
 0001:000002c0       ??0otl_column_desc@@QAE@XZ 100012c0 f i WeatherMonitor.obj
 0001:000002e0       ??1otl_column_desc@@QAE@XZ 100012e0 f i WeatherMonitor.obj
 0001:000002f0       ??4otl_column_desc@@QAEAAV0@ABV0@@Z 100012f0 f i WeatherMonitor.obj
 0001:000003a0       ?set_name@otl_column_desc@@QAEXPBDH@Z 100013a0 f i WeatherMonitor.obj
 0001:00000410       ??0otl_var_desc@@QAE@XZ    10001410 f i WeatherMonitor.obj
 0001:00000430       ?otl_var_type_name@@YAPBDH@Z 10001430 f i WeatherMonitor.obj
 0001:00000510       ?otl_var_info_var@@YAXPBDHHPAD@Z 10001510 f i WeatherMonitor.obj
 0001:00000670       ?otl_strcpy@@YAXPAE0@Z     10001670 f i WeatherMonitor.obj
 0001:00000690       ?otl_itoa@@YAPADHPAD@Z     10001690 f i WeatherMonitor.obj
 0001:00000740       ?otl_var_info_col@@YAXHHHPAD@Z 10001740 f i WeatherMonitor.obj
 0001:000008a0       ??1otl_stream_shell_generic@@UAE@XZ 100018a0 f i WeatherMonitor.obj
 0001:000008b0       ??_Gotl_stream_shell_generic@@UAEPAXI@Z 100018b0 f i WeatherMonitor.obj
 0001:000008b0       ??_Eotl_stream_shell_generic@@UAEPAXI@Z 100018b0 f i WeatherMonitor.obj
 0001:000008d0       ??_Eotl_exc@@UAEPAXI@Z     100018d0 f i WeatherMonitor.obj
 0001:000008d0       ??_Gotl_exc@@UAEPAXI@Z     100018d0 f i WeatherMonitor.obj
 0001:000008f0       ??1otl_conn@@UAE@XZ        100018f0 f i WeatherMonitor.obj
 0001:00000950       ?rlogon@otl_conn@@QAEHPBDH@Z 10001950 f i WeatherMonitor.obj
 0001:00000df0       ?error@otl_conn@@QAEXAAVotl_exc@@@Z 10001df0 f i WeatherMonitor.obj
 0001:00000e50       ?commit@otl_conn@@QAEHXZ   10001e50 f i WeatherMonitor.obj
 0001:00000e80       ??_Gotl_conn@@UAEPAXI@Z    10001e80 f i WeatherMonitor.obj
 0001:00000e80       ??_Eotl_conn@@UAEPAXI@Z    10001e80 f i WeatherMonitor.obj
 0001:00000ea0       ??_Gotl_cur0@@UAEPAXI@Z    10001ea0 f i WeatherMonitor.obj
 0001:00000ea0       ??_Eotl_cur0@@UAEPAXI@Z    10001ea0 f i WeatherMonitor.obj
 0001:00000ec0       ?init@otl_var@@QAEXHAAHFPBXH@Z 10001ec0 f i WeatherMonitor.obj
 0001:00000f60       ?int2ext@otl_var@@SAHH@Z   10001f60 f i WeatherMonitor.obj
 0001:00001030       ?datatype_size@otl_var@@SAHHHHH@Z 10002030 f i WeatherMonitor.obj
 0001:00001150       ?map_ftype@otl_var@@SAXAAVotl_column_desc@@HAAH1AAVotl_select_struct_override@@H@Z 10002150 f i WeatherMonitor.obj
 0001:000013a0       ??_Gotl_var@@UAEPAXI@Z     100023a0 f i WeatherMonitor.obj
 0001:000013a0       ??_Eotl_var@@UAEPAXI@Z     100023a0 f i WeatherMonitor.obj
 0001:000013e0       ??1otl_cur@@UAE@XZ         100023e0 f i WeatherMonitor.obj
 0001:000013f0       ?open@otl_cur@@QAEHAAVotl_conn@@@Z 100023f0 f i WeatherMonitor.obj
 0001:00001480       ?close@otl_cur@@QAEHXZ     10002480 f i WeatherMonitor.obj
 0001:000014b0       ?parse@otl_cur@@QAEHPAD@Z  100024b0 f i WeatherMonitor.obj
 0001:00001b30       ?exec@otl_cur@@QAEHHH@Z    10002b30 f i WeatherMonitor.obj
 0001:00001c00       ?describe_column@otl_cur@@QAEHAAVotl_column_desc@@HAAH@Z 10002c00 f i WeatherMonitor.obj
 0001:00001d10       ?error@otl_cur@@QAEXAAVotl_exc@@@Z 10002d10 f i WeatherMonitor.obj
 0001:00001d70       ??_Gotl_cur@@UAEPAXI@Z     10002d70 f i WeatherMonitor.obj
 0001:00001d70       ??_Eotl_cur@@UAEPAXI@Z     10002d70 f i WeatherMonitor.obj
 0001:00001d90       ??1otl_sel@@UAE@XZ         10002d90 f i WeatherMonitor.obj
 0001:00001da0       ?first@otl_sel@@QAEHAAVotl_cur@@AAH111H@Z 10002da0 f i WeatherMonitor.obj
 0001:00001f10       ?next@otl_sel@@QAEHAAVotl_cur@@AAH111H@Z 10002f10 f i WeatherMonitor.obj
 0001:00002020       ??_Eotl_sel@@UAEPAXI@Z     10003020 f i WeatherMonitor.obj
 0001:00002020       ??_Gotl_sel@@UAEPAXI@Z     10003020 f i WeatherMonitor.obj
 0001:00002040       ?GetMessageMap@CWeatherMonitorApp@@MBEPBUAFX_MSGMAP@@XZ 10003040 f   WeatherMonitor.obj
 0001:00002050       ??0CWeatherMonitorApp@@QAE@XZ 10003050 f   WeatherMonitor.obj
 0001:00002070       ?Dump@CObject@@UBEXAAVCDumpContext@@@Z 10003070 f i WeatherMonitor.obj
 0001:00002070       ?Serialize@CObject@@UAEXAAVCArchive@@@Z 10003070 f i WeatherMonitor.obj
 0001:00002080       ?AssertValid@CObject@@UBEXXZ 10003080 f i WeatherMonitor.obj
 0001:00002080       ??1otl_var_desc@@QAE@XZ    10003080 f i WeatherMonitor.obj
 0001:00002090       ??1CWeatherMonitorApp@@UAE@XZ 10003090 f i WeatherMonitor.obj
 0001:000020a0       _SYSTEMDSN                 100030a0 f   WeatherMonitor.obj
 0001:00002270       ??HATL@@YA?AV?$CStringT@DV?$StrTraitMFC_DLL@DV?$ChTraitsCRT@D@ATL@@@@@0@ABV10@0@Z 10003270 f i WeatherMonitor.obj
 0001:00002300       ??HATL@@YA?AV?$CStringT@DV?$StrTraitMFC_DLL@DV?$ChTraitsCRT@D@ATL@@@@@0@ABV10@PBD@Z 10003300 f i WeatherMonitor.obj
 0001:000023a0       ??HATL@@YA?AV?$CStringT@DV?$StrTraitMFC_DLL@DV?$ChTraitsCRT@D@ATL@@@@@0@PBDABV10@@Z 100033a0 f i WeatherMonitor.obj
 0001:00002440       ??0?$otl_tmpl_exception@Votl_exc@@Votl_conn@@Votl_cur@@@@QAE@AAVotl_conn@@PBD@Z 10003440 f i WeatherMonitor.obj
 0001:000024a0       ??0?$otl_tmpl_exception@Votl_exc@@Votl_conn@@Votl_cur@@@@QAE@AAVotl_cur@@PBD@Z 100034a0 f i WeatherMonitor.obj
 0001:00002500       ??0?$otl_tmpl_exception@Votl_exc@@Votl_conn@@Votl_cur@@@@QAE@PBDH00@Z 10003500 f i WeatherMonitor.obj
 0001:000025a0       ?clean@?$otl_tmpl_select_stream@Votl_exc@@Votl_conn@@Votl_cur@@Votl_var@@Votl_sel@@UtagTIMESTAMP_STRUCT@@@@QAEXXZ 100035a0 f i WeatherMonitor.obj
 0001:00002640       ??0otl_exc@@QAE@ABV0@@Z    10003640 f i WeatherMonitor.obj
 0001:00002680       ??1?$otl_tmpl_exception@Votl_exc@@Votl_conn@@Votl_cur@@@@UAE@XZ 10003680 f i WeatherMonitor.obj
 0001:00002690       ?close@?$otl_tmpl_cursor@Votl_exc@@Votl_conn@@Votl_cur@@Votl_var@@@@UAEXXZ 10003690 f i WeatherMonitor.obj
 0001:00002720       ?bind@?$otl_tmpl_cursor@Votl_exc@@Votl_conn@@Votl_cur@@Votl_var@@@@UAEXAAV?$otl_tmpl_variable@Votl_var@@@@@Z 10003720 f i WeatherMonitor.obj
 0001:00002760       ?destroy@?$otl_ptr@Votl_stream_shell@@@@QAEXXZ 10003760 f i WeatherMonitor.obj
 0001:000027c0       ??1?$otl_ptr@Votl_stream_shell@@@@QAE@XZ 100037c0 f i WeatherMonitor.obj
 0001:000027d0       ?copy_var_desc@?$otl_tmpl_variable@Votl_var@@@@QAEXAAVotl_var_desc@@@Z 100037d0 f i WeatherMonitor.obj
 0001:00002840       ??1?$otl_tmpl_variable@Votl_var@@@@UAE@XZ 10003840 f i WeatherMonitor.obj
 0001:00002870       ?commit@?$otl_tmpl_connect@Votl_exc@@Votl_conn@@Votl_cur@@@@QAEXXZ 10003870 f i WeatherMonitor.obj
 0001:000028f0       ?bind_all@?$otl_tmpl_select_stream@Votl_exc@@Votl_conn@@Votl_cur@@Votl_var@@Votl_sel@@UtagTIMESTAMP_STRUCT@@@@QAEXXZ 100038f0 f i WeatherMonitor.obj
 0001:00002950       ?first@?$otl_tmpl_select_cursor@Votl_exc@@Votl_conn@@Votl_cur@@Votl_var@@Votl_sel@@@@QAEHXZ 10003950 f i WeatherMonitor.obj
 0001:000029f0       ?parse@?$otl_tmpl_cursor@Votl_exc@@Votl_conn@@Votl_cur@@Votl_var@@@@QAEXXZ 100039f0 f i WeatherMonitor.obj
 0001:00002ad0       ?exec@?$otl_tmpl_cursor@Votl_exc@@Votl_conn@@Votl_cur@@Votl_var@@@@QAEXHH@Z 10003ad0 f i WeatherMonitor.obj
 0001:00002b60       ?cleanup@?$otl_tmpl_inout_stream@Votl_exc@@Votl_conn@@Votl_cur@@Votl_var@@UtagTIMESTAMP_STRUCT@@@@QAEXXZ 10003b60 f i WeatherMonitor.obj
 0001:00002bb0       ?get_in_next@?$otl_tmpl_inout_stream@Votl_exc@@Votl_conn@@Votl_cur@@Votl_var@@UtagTIMESTAMP_STRUCT@@@@QAEXXZ 10003bb0 f i WeatherMonitor.obj
 0001:00002c10       ?cleanup@?$otl_tmpl_out_stream@Votl_exc@@Votl_conn@@Votl_cur@@Votl_var@@UtagTIMESTAMP_STRUCT@@@@QAEXXZ 10003c10 f i WeatherMonitor.obj
 0001:00002c50       ?copy_name@?$otl_tmpl_variable@Votl_var@@@@QAEXPBD@Z 10003c50 f i WeatherMonitor.obj
 0001:00002cb0       ??1?$otl_tmpl_ext_hv_decl@Votl_var@@UtagTIMESTAMP_STRUCT@@Votl_exc@@Votl_conn@@Votl_cur@@@@UAE@XZ 10003cb0 f i WeatherMonitor.obj
 0001:00002ce0       ??0?$otl_auto_array_ptr@E@@QAE@H@Z 10003ce0 f i WeatherMonitor.obj
 0001:00002d00       ??1?$otl_auto_array_ptr@E@@UAE@XZ 10003d00 f i WeatherMonitor.obj
 0001:00002d20       ??_E?$otl_tmpl_variable@Votl_var@@@@UAEPAXI@Z 10003d20 f i WeatherMonitor.obj
 0001:00002d80       ??_E?$otl_tmpl_ext_hv_decl@Votl_var@@UtagTIMESTAMP_STRUCT@@Votl_exc@@Votl_conn@@Votl_cur@@@@UAEPAXI@Z 10003d80 f i WeatherMonitor.obj
 0001:00002d80       ??_G?$otl_tmpl_ext_hv_decl@Votl_var@@UtagTIMESTAMP_STRUCT@@Votl_exc@@Votl_conn@@Votl_cur@@@@UAEPAXI@Z 10003d80 f i WeatherMonitor.obj
 0001:00002dc0       ??_E?$otl_auto_array_ptr@E@@UAEPAXI@Z 10003dc0 f i WeatherMonitor.obj
 0001:00002dc0       ??_G?$otl_auto_array_ptr@E@@UAEPAXI@Z 10003dc0 f i WeatherMonitor.obj
 0001:00002df0       ?check_if_executed_throw@?$otl_tmpl_select_stream@Votl_exc@@Votl_conn@@Votl_cur@@Votl_var@@Votl_sel@@UtagTIMESTAMP_STRUCT@@@@QAEXXZ 10003df0 f i WeatherMonitor.obj
 0001:00002e50       ?check_type_throw@?$otl_tmpl_select_stream@Votl_exc@@Votl_conn@@Votl_cur@@Votl_var@@Votl_sel@@UtagTIMESTAMP_STRUCT@@@@QAEHHH@Z 10003e50 f i WeatherMonitor.obj
 0001:00002ef0       ?describe_column@?$otl_tmpl_cursor@Votl_exc@@Votl_conn@@Votl_cur@@Votl_var@@@@QAEHAAVotl_column_desc@@H@Z 10003ef0 f i WeatherMonitor.obj
 0001:00002fa0       ?check_in_type_throw@?$otl_tmpl_inout_stream@Votl_exc@@Votl_conn@@Votl_cur@@Votl_var@@UtagTIMESTAMP_STRUCT@@@@QAEHH@Z 10003fa0 f i WeatherMonitor.obj
 0001:00003040       ??0?$otl_tmpl_variable@Votl_var@@@@QAE@XZ 10004040 f i WeatherMonitor.obj
 0001:00003090       ?init@?$otl_tmpl_variable@Votl_var@@@@QAEXHHFPBXH@Z 10004090 f i WeatherMonitor.obj
 0001:000030d0       ?parse_var@?$otl_tmpl_ext_hv_decl@Votl_var@@UtagTIMESTAMP_STRUCT@@Votl_exc@@Votl_conn@@Votl_cur@@@@QAEHPAV?$otl_tmpl_connect@Votl_exc@@Votl_conn@@Votl_cur@@@@PADAAH21@Z 100040d0 f i WeatherMonitor.obj
 0001:00003580       ??0?$otl_auto_array_ptr@Votl_column_desc@@@@QAE@H@Z 10004580 f i WeatherMonitor.obj
 0001:00003600       ??1?$otl_auto_array_ptr@Votl_column_desc@@@@UAE@XZ 10004600 f i WeatherMonitor.obj
 0001:00003630       ??_G?$otl_auto_array_ptr@Votl_column_desc@@@@UAEPAXI@Z 10004630 f i WeatherMonitor.obj
 0001:00003630       ??_E?$otl_auto_array_ptr@Votl_column_desc@@@@UAEPAXI@Z 10004630 f i WeatherMonitor.obj
 0001:00003680       ?next_throw@?$otl_tmpl_select_cursor@Votl_exc@@Votl_conn@@Votl_cur@@Votl_var@@Votl_sel@@@@QAEHXZ 10004680 f i WeatherMonitor.obj
 0001:000036e0       ?open@?$otl_tmpl_cursor@Votl_exc@@Votl_conn@@Votl_cur@@Votl_var@@@@QAEXAAV?$otl_tmpl_connect@Votl_exc@@Votl_conn@@Votl_cur@@@@PAVotl_var@@@Z 100046e0 f i WeatherMonitor.obj
 0001:00003780       ?name_comp@?$otl_tmpl_ext_hv_decl@Votl_var@@UtagTIMESTAMP_STRUCT@@Votl_exc@@Votl_conn@@Votl_cur@@@@QAEHPAD0@Z 10004780 f i WeatherMonitor.obj
 0001:00003800       ??$otl_numeric_convert_T@J@@YAHHPBXAAJ@Z 10004800 f i WeatherMonitor.obj
 0001:00003880       ?logoff@otl_conn@@QAEHXZ   10004880 f i WeatherMonitor.obj
 0001:000038e0       ??0?$otl_tmpl_exception@Votl_exc@@Votl_conn@@Votl_cur@@@@QAE@ABV0@@Z 100048e0 f i WeatherMonitor.obj
 0001:00003950       ??_E?$otl_tmpl_exception@Votl_exc@@Votl_conn@@Votl_cur@@@@UAEPAXI@Z 10004950 f i WeatherMonitor.obj
 0001:00003950       ??_G?$otl_tmpl_exception@Votl_exc@@Votl_conn@@Votl_cur@@@@UAEPAXI@Z 10004950 f i WeatherMonitor.obj
 0001:00003970       ??_Eotl_stream_shell@@UAEPAXI@Z 10004970 f i WeatherMonitor.obj
 0001:00003970       ??_Gotl_stream_shell@@UAEPAXI@Z 10004970 f i WeatherMonitor.obj
 0001:00003990       ??1otl_stream_shell@@UAE@XZ 10004990 f i WeatherMonitor.obj
 0001:00003a70       ?create_var_desc@otl_stream@@QAEXXZ 10004a70 f i WeatherMonitor.obj
 0001:00003dd0       ?init_stream@otl_stream@@QAEXXZ 10004dd0 f i WeatherMonitor.obj
 0001:00003ec0       ?clean@otl_stream@@QAEXH@Z 10004ec0 f i WeatherMonitor.obj
 0001:00003f00       ?intern_cleanup@otl_stream@@QAEXXZ 10004f00 f i WeatherMonitor.obj
 0001:000040b0       ??_ECWeatherMonitorApp@@UAEPAXI@Z 100050b0 f i WeatherMonitor.obj
 0001:000040b0       ??_GCWeatherMonitorApp@@UAEPAXI@Z 100050b0 f i WeatherMonitor.obj
 0001:000040d0       ?rlogon@?$otl_tmpl_connect@Votl_exc@@Votl_conn@@Votl_cur@@@@QAEXPBDH@Z 100050d0 f i WeatherMonitor.obj
 0001:00004150       ?logoff@?$otl_tmpl_connect@Votl_exc@@Votl_conn@@Votl_cur@@@@QAEXXZ 10005150 f i WeatherMonitor.obj
 0001:000041b0       ??1?$otl_tmpl_cursor@Votl_exc@@Votl_conn@@Votl_cur@@Votl_var@@@@UAE@XZ 100051b0 f i WeatherMonitor.obj
 0001:00004230       ?valid_binding@?$otl_tmpl_cursor@Votl_exc@@Votl_conn@@Votl_cur@@Votl_var@@@@UAE_NABV?$otl_tmpl_variable@Votl_var@@@@H@Z 10005230 f i WeatherMonitor.obj
 0001:00004280       ?bind@?$otl_tmpl_cursor@Votl_exc@@Votl_conn@@Votl_cur@@Votl_var@@@@UAEXPBDAAV?$otl_tmpl_variable@Votl_var@@@@@Z 10005280 f i WeatherMonitor.obj
 0001:000043c0       ?otl_var_info_var2@@YAXPBDHPAD@Z 100053c0 f i WeatherMonitor.obj
 0001:000044c0       ?bind@otl_cur@@QAEHPBDAAVotl_var@@HHHHH@Z 100054c0 f i WeatherMonitor.obj
 0001:00004710       ?bind@?$otl_tmpl_cursor@Votl_exc@@Votl_conn@@Votl_cur@@Votl_var@@@@UAEXHAAV?$otl_tmpl_variable@Votl_var@@@@@Z 10005710 f i WeatherMonitor.obj
 0001:00004850       ?otl_var_info_col2@@YAXHHPAD@Z 10005850 f i WeatherMonitor.obj
 0001:00004960       ?bind@otl_cur@@QAEHHAAVotl_var@@HHH@Z 10005960 f i WeatherMonitor.obj
 0001:00004a80       ?flush@?$otl_tmpl_out_stream@Votl_exc@@Votl_conn@@Votl_cur@@Votl_var@@UtagTIMESTAMP_STRUCT@@@@UAEXH_N@Z 10005a80 f i WeatherMonitor.obj
 0001:00004c90       ??1?$otl_tmpl_select_cursor@Votl_exc@@Votl_conn@@Votl_cur@@Votl_var@@Votl_sel@@@@UAE@XZ 10005c90 f i WeatherMonitor.obj
 0001:00004ca0       ??_G?$otl_tmpl_cursor@Votl_exc@@Votl_conn@@Votl_cur@@Votl_var@@@@UAEPAXI@Z 10005ca0 f i WeatherMonitor.obj
 0001:00004ca0       ??_E?$otl_tmpl_cursor@Votl_exc@@Votl_conn@@Votl_cur@@Votl_var@@@@UAEPAXI@Z 10005ca0 f i WeatherMonitor.obj
 0001:00004cc0       ?cleanup@?$otl_tmpl_select_stream@Votl_exc@@Votl_conn@@Votl_cur@@Votl_var@@Votl_sel@@UtagTIMESTAMP_STRUCT@@@@QAEXXZ 10005cc0 f i WeatherMonitor.obj
 0001:00004d40       ?get_select_list@?$otl_tmpl_select_stream@Votl_exc@@Votl_conn@@Votl_cur@@Votl_var@@Votl_sel@@UtagTIMESTAMP_STRUCT@@@@QAEXXZ 10005d40 f i WeatherMonitor.obj
 0001:00005020       ?is_null_intern@?$otl_tmpl_inout_stream@Votl_exc@@Votl_conn@@Votl_cur@@Votl_var@@UtagTIMESTAMP_STRUCT@@@@QAEHXZ 10006020 f i WeatherMonitor.obj
 0001:00005060       ?alloc_var@?$otl_tmpl_ext_hv_decl@Votl_var@@UtagTIMESTAMP_STRUCT@@Votl_exc@@Votl_conn@@Votl_cur@@@@QAEPAV?$otl_tmpl_variable@Votl_var@@@@PADHHAAV?$otl_tmpl_connect@Votl_exc@@Votl_conn@@Votl_cur@@@@H@Z 10006060 f i WeatherMonitor.obj
 0001:00005640       ?alloc_host_var_list@?$otl_tmpl_ext_hv_decl@Votl_var@@UtagTIMESTAMP_STRUCT@@Votl_exc@@Votl_conn@@Votl_cur@@@@QAEXAAPAPAV?$otl_tmpl_variable@Votl_var@@@@AAHAAV?$otl_tmpl_connect@Votl_exc@@Votl_conn@@Votl_cur@@@@H@Z 10006640 f i WeatherMonitor.obj
 0001:00005790       ?next@?$otl_tmpl_select_cursor@Votl_exc@@Votl_conn@@Votl_cur@@Votl_var@@Votl_sel@@@@QAEHXZ 10006790 f i WeatherMonitor.obj
 0001:000057f0       ??0?$otl_tmpl_cursor@Votl_exc@@Votl_conn@@Votl_cur@@Votl_var@@@@QAE@AAV?$otl_tmpl_connect@Votl_exc@@Votl_conn@@Votl_cur@@@@@Z 100067f0 f i WeatherMonitor.obj
 0001:00005880       ?add_var@?$otl_tmpl_ext_hv_decl@Votl_var@@UtagTIMESTAMP_STRUCT@@Votl_exc@@Votl_conn@@Votl_cur@@@@QAEXAAHPADFH@Z 10006880 f i WeatherMonitor.obj
 0001:00005930       ??1otl_stream@@UAE@XZ      10006930 f i WeatherMonitor.obj
 0001:00005a00       ??_Gotl_stream@@UAEPAXI@Z  10006a00 f i WeatherMonitor.obj
 0001:00005a00       ??_Eotl_stream@@UAEPAXI@Z  10006a00 f i WeatherMonitor.obj
 0001:00005a20       ??1otl_connect@@UAE@XZ     10006a20 f i WeatherMonitor.obj
 0001:00005a20       ??1?$otl_tmpl_connect@Votl_exc@@Votl_conn@@Votl_cur@@@@UAE@XZ 10006a20 f i WeatherMonitor.obj
 0001:00005a70       ?rewind@?$otl_tmpl_select_stream@Votl_exc@@Votl_conn@@Votl_cur@@Votl_var@@Votl_sel@@UtagTIMESTAMP_STRUCT@@@@QAEXXZ 10006a70 f i WeatherMonitor.obj
 0001:00005b80       ??5?$otl_tmpl_inout_stream@Votl_exc@@Votl_conn@@Votl_cur@@Votl_var@@UtagTIMESTAMP_STRUCT@@@@QAEAAV0@AAV?$basic_string@DU?$char_traits@D@std@@V?$allocator@D@2@@std@@@Z 10006b80 f i WeatherMonitor.obj
 0001:00005d20       ??5?$otl_tmpl_inout_stream@Votl_exc@@Votl_conn@@Votl_cur@@Votl_var@@UtagTIMESTAMP_STRUCT@@@@QAEAAV0@PAD@Z 10006d20 f i WeatherMonitor.obj
 0001:00005e10       ??5?$otl_tmpl_inout_stream@Votl_exc@@Votl_conn@@Votl_cur@@Votl_var@@UtagTIMESTAMP_STRUCT@@@@QAEAAV0@AAJ@Z 10006e10 f i WeatherMonitor.obj
 0001:00005ea0       ??5?$otl_tmpl_inout_stream@Votl_exc@@Votl_conn@@Votl_cur@@Votl_var@@UtagTIMESTAMP_STRUCT@@@@QAEAAV0@AAUtagTIMESTAMP_STRUCT@@@Z 10006ea0 f i WeatherMonitor.obj
 0001:00005f80       ??1?$otl_tmpl_out_stream@Votl_exc@@Votl_conn@@Votl_cur@@Votl_var@@UtagTIMESTAMP_STRUCT@@@@UAE@XZ 10006f80 f i WeatherMonitor.obj
 0001:00006010       ?clean@?$otl_tmpl_out_stream@Votl_exc@@Votl_conn@@Votl_cur@@Votl_var@@UtagTIMESTAMP_STRUCT@@@@UAEXH@Z 10007010 f i WeatherMonitor.obj
 0001:000060d0       ??_E?$otl_tmpl_out_stream@Votl_exc@@Votl_conn@@Votl_cur@@Votl_var@@UtagTIMESTAMP_STRUCT@@@@UAEPAXI@Z 100070d0 f i WeatherMonitor.obj
 0001:000060d0       ??_G?$otl_tmpl_out_stream@Votl_exc@@Votl_conn@@Votl_cur@@Votl_var@@UtagTIMESTAMP_STRUCT@@@@UAEPAXI@Z 100070d0 f i WeatherMonitor.obj
 0001:000060f0       ?get_next@?$otl_tmpl_select_stream@Votl_exc@@Votl_conn@@Votl_cur@@Votl_var@@Votl_sel@@UtagTIMESTAMP_STRUCT@@@@QAEXXZ 100070f0 f i WeatherMonitor.obj
 0001:00006150       ?look_ahead@?$otl_tmpl_select_stream@Votl_exc@@Votl_conn@@Votl_cur@@Votl_var@@Votl_sel@@UtagTIMESTAMP_STRUCT@@@@QAEXXZ 10007150 f i WeatherMonitor.obj
 0001:00006190       ??0?$otl_tmpl_select_cursor@Votl_exc@@Votl_conn@@Votl_cur@@Votl_var@@Votl_sel@@@@QAE@AAV?$otl_tmpl_connect@Votl_exc@@Votl_conn@@Votl_cur@@@@FPBD@Z 10007190 f i WeatherMonitor.obj
 0001:00006250       ?close@?$otl_tmpl_select_cursor@Votl_exc@@Votl_conn@@Votl_cur@@Votl_var@@Votl_sel@@@@UAEXXZ 10007250 f i WeatherMonitor.obj
 0001:00006280       ??_G?$otl_tmpl_select_cursor@Votl_exc@@Votl_conn@@Votl_cur@@Votl_var@@Votl_sel@@@@UAEPAXI@Z 10007280 f i WeatherMonitor.obj
 0001:00006280       ??_E?$otl_tmpl_select_cursor@Votl_exc@@Votl_conn@@Votl_cur@@Votl_var@@Votl_sel@@@@UAEPAXI@Z 10007280 f i WeatherMonitor.obj
 0001:000062a0       ??0?$otl_tmpl_out_stream@Votl_exc@@Votl_conn@@Votl_cur@@Votl_var@@UtagTIMESTAMP_STRUCT@@@@QAE@AAV?$otl_tmpl_connect@Votl_exc@@Votl_conn@@Votl_cur@@@@_NPBD@Z 100072a0 f i WeatherMonitor.obj
 0001:00006370       ??0?$otl_tmpl_ext_hv_decl@Votl_var@@UtagTIMESTAMP_STRUCT@@Votl_exc@@Votl_conn@@Votl_cur@@@@QAE@PADH0PAPAVotl_select_struct_override@@PAV?$otl_tmpl_connect@Votl_exc@@Votl_conn@@Votl_cur@@@@@Z 10007370 f i WeatherMonitor.obj
 0001:00006820       ??_E?$otl_tmpl_connect@Votl_exc@@Votl_conn@@Votl_cur@@@@UAEPAXI@Z 10007820 f i WeatherMonitor.obj
 0001:00006820       ??_Eotl_connect@@UAEPAXI@Z 10007820 f i WeatherMonitor.obj
 0001:00006820       ??_Gotl_connect@@UAEPAXI@Z 10007820 f i WeatherMonitor.obj
 0001:00006820       ??_G?$otl_tmpl_connect@Votl_exc@@Votl_conn@@Votl_cur@@@@UAEPAXI@Z 10007820 f i WeatherMonitor.obj
 0001:00006840       ??0?$otl_tmpl_select_stream@Votl_exc@@Votl_conn@@Votl_cur@@Votl_var@@Votl_sel@@UtagTIMESTAMP_STRUCT@@@@QAE@PAVotl_select_struct_override@@FPBDAAV?$otl_tmpl_connect@Votl_exc@@Votl_conn@@Votl_cur@@@@H1@Z 10007840 f i WeatherMonitor.obj
 0001:00006a30       ??_E?$otl_tmpl_select_stream@Votl_exc@@Votl_conn@@Votl_cur@@Votl_var@@Votl_sel@@UtagTIMESTAMP_STRUCT@@@@UAEPAXI@Z 10007a30 f i WeatherMonitor.obj
 0001:00006a30       ??_G?$otl_tmpl_select_stream@Votl_exc@@Votl_conn@@Votl_cur@@Votl_var@@Votl_sel@@UtagTIMESTAMP_STRUCT@@@@UAEPAXI@Z 10007a30 f i WeatherMonitor.obj
 0001:00006a50       ??1?$otl_tmpl_select_stream@Votl_exc@@Votl_conn@@Votl_cur@@Votl_var@@Votl_sel@@UtagTIMESTAMP_STRUCT@@@@UAE@XZ 10007a50 f i WeatherMonitor.obj
 0001:00006ab0       ?eof@?$otl_tmpl_select_stream@Votl_exc@@Votl_conn@@Votl_cur@@Votl_var@@Votl_sel@@UtagTIMESTAMP_STRUCT@@@@QAEHXZ 10007ab0 f i WeatherMonitor.obj
 0001:00006b10       ??5?$otl_tmpl_select_stream@Votl_exc@@Votl_conn@@Votl_cur@@Votl_var@@Votl_sel@@UtagTIMESTAMP_STRUCT@@@@QAEAAV0@AAV?$basic_string@DU?$char_traits@D@std@@V?$allocator@D@2@@std@@@Z 10007b10 f i WeatherMonitor.obj
 0001:00006cc0       ??5?$otl_tmpl_select_stream@Votl_exc@@Votl_conn@@Votl_cur@@Votl_var@@Votl_sel@@UtagTIMESTAMP_STRUCT@@@@QAEAAV0@PAD@Z 10007cc0 f i WeatherMonitor.obj
 0001:00006d50       ??5?$otl_tmpl_select_stream@Votl_exc@@Votl_conn@@Votl_cur@@Votl_var@@Votl_sel@@UtagTIMESTAMP_STRUCT@@@@QAEAAV0@AAJ@Z 10007d50 f i WeatherMonitor.obj
 0001:00006e20       ??5?$otl_tmpl_select_stream@Votl_exc@@Votl_conn@@Votl_cur@@Votl_var@@Votl_sel@@UtagTIMESTAMP_STRUCT@@@@QAEAAV0@AAUtagTIMESTAMP_STRUCT@@@Z 10007e20 f i WeatherMonitor.obj
 0001:00006ed0       ??0?$otl_tmpl_inout_stream@Votl_exc@@Votl_conn@@Votl_cur@@Votl_var@@UtagTIMESTAMP_STRUCT@@@@QAE@FPBDAAV?$otl_tmpl_connect@Votl_exc@@Votl_conn@@Votl_cur@@@@_N0@Z 10007ed0 f i WeatherMonitor.obj
 0001:000074a0       ?flush@?$otl_tmpl_inout_stream@Votl_exc@@Votl_conn@@Votl_cur@@Votl_var@@UtagTIMESTAMP_STRUCT@@@@UAEXH_N@Z 100084a0 f i WeatherMonitor.obj
 0001:000074d0       ?clean@?$otl_tmpl_inout_stream@Votl_exc@@Votl_conn@@Votl_cur@@Votl_var@@UtagTIMESTAMP_STRUCT@@@@UAEXH@Z 100084d0 f i WeatherMonitor.obj
 0001:00007500       ??_E?$otl_tmpl_inout_stream@Votl_exc@@Votl_conn@@Votl_cur@@Votl_var@@UtagTIMESTAMP_STRUCT@@@@UAEPAXI@Z 10008500 f i WeatherMonitor.obj
 0001:00007500       ??_G?$otl_tmpl_inout_stream@Votl_exc@@Votl_conn@@Votl_cur@@Votl_var@@UtagTIMESTAMP_STRUCT@@@@UAEPAXI@Z 10008500 f i WeatherMonitor.obj
 0001:00007520       ??1?$otl_tmpl_inout_stream@Votl_exc@@Votl_conn@@Votl_cur@@Votl_var@@UtagTIMESTAMP_STRUCT@@@@UAE@XZ 10008520 f i WeatherMonitor.obj
 0001:000075b0       ?eof@otl_stream@@QAEHXZ    100085b0 f i WeatherMonitor.obj
 0001:00007610       ?open@otl_stream@@QAEXFPBDAAVotl_connect@@H0@Z 10008610 f i WeatherMonitor.obj
 0001:00007950       ??5otl_stream@@QAEAAV0@AAUtagTIMESTAMP_STRUCT@@@Z 10008950 f i WeatherMonitor.obj
 0001:000079f0       ??5otl_stream@@QAEAAV0@AAVotl_datetime@@@Z 100089f0 f i WeatherMonitor.obj
 0001:00007aa0       ??5otl_stream@@QAEAAV0@AAV?$basic_string@DU?$char_traits@D@std@@V?$allocator@D@2@@std@@@Z 10008aa0 f i WeatherMonitor.obj
 0001:00007b50       ??5otl_stream@@QAEAAV0@PAD@Z 10008b50 f i WeatherMonitor.obj
 0001:00007c00       ??5otl_stream@@QAEAAV0@AAJ@Z 10008c00 f i WeatherMonitor.obj
 0001:00007cb0       ??0otl_stream@@QAE@FPBDAAVotl_connect@@H0@Z 10008cb0 f i WeatherMonitor.obj
 0001:00007d80       _GetProList                10008d80 f   WeatherMonitor.obj
 0001:00008720       _InstantDistriStateMonitor 10009720 f   WeatherMonitor.obj
 0001:000097d0       _InstantDistrTrendMonitor  1000a7d0 f   WeatherMonitor.obj
 0001:0000a470       _CityForecastMonitor       1000b470 f   WeatherMonitor.obj
 0001:0000b130       _DbProcessStateMonitor     1000c130 f   WeatherMonitor.obj
 0001:0000bd10       _DBProcessTrendMonitor     1000cd10 f   WeatherMonitor.obj
 0001:0000c660       _IndexForecastMonitor      1000d660 f   WeatherMonitor.obj
 0001:0000d2b0       _ServerFilesTrendMonitor   1000e2b0 f   WeatherMonitor.obj
 0001:0000de30       _ProductArriveInfoMonitor  1000ee30 f   WeatherMonitor.obj
 0001:0000ea60       _ProductInfoMonitor        1000fa60 f   WeatherMonitor.obj
 0001:0000f52a       ?AfxThrowInvalidArgException@@YGXXZ 1001052a f   mfc71:MFC71.DLL
 0001:0000f530       ?AddHead@CStringList@@QAEPAU__POSITION@@PBD@Z 10010530 f   mfc71:MFC71.DLL
 0001:0000f536       ??3@YAXPAX@Z               10010536 f   mfc71:MFC71.DLL
 0001:0000f53c       ??_V@YAXPAX@Z              1001053c f   mfc71:MFC71.DLL
 0001:0000f542       ?FindIndex@CStringList@@QBEPAU__POSITION@@H@Z 10010542 f   mfc71:MFC71.DLL
 0001:0000f548       ??_U@YAPAXI@Z              10010548 f   mfc71:MFC71.DLL
 0001:0000f54e       ??2@YAPAXI@Z               1001054e f   mfc71:MFC71.DLL
 0001:0000f554       ?GetThisMessageMap@CWinApp@@KGPBUAFX_MSGMAP@@XZ 10010554 f   mfc71:MFC71.DLL
 0001:0000f55a       ?LoadSysPolicies@CWinApp@@UAEHXZ 1001055a f   mfc71:MFC71.DLL
 0001:0000f560       ?LoadAppLangResourceDLL@CWinApp@@UAEPAUHINSTANCE__@@XZ 10010560 f   mfc71:MFC71.DLL
 0001:0000f566       ?WinHelpInternal@CWinApp@@UAEXKI@Z 10010566 f   mfc71:MFC71.DLL
 0001:0000f56c       ?HtmlHelpA@CWinApp@@UAEXKI@Z 1001056c f   mfc71:MFC71.DLL
 0001:0000f572       ?WinHelpA@CWinApp@@UAEXKI@Z 10010572 f   mfc71:MFC71.DLL
 0001:0000f578       ?OnDDECommand@CWinApp@@UAEHPAD@Z 10010578 f   mfc71:MFC71.DLL
 0001:0000f57e       ?DoWaitCursor@CWinApp@@UAEXH@Z 1001057e f   mfc71:MFC71.DLL
 0001:0000f584       ?DoMessageBox@CWinApp@@UAEHPBDII@Z 10010584 f   mfc71:MFC71.DLL
 0001:0000f58a       ?SaveAllModified@CWinApp@@UAEHXZ 1001058a f   mfc71:MFC71.DLL
 0001:0000f590       ?InitApplication@CWinApp@@UAEHXZ 10010590 f   mfc71:MFC71.DLL
 0001:0000f596       ?AddToRecentFileList@CWinApp@@UAEXPBD@Z 10010596 f   mfc71:MFC71.DLL
 0001:0000f59c       ?OpenDocumentFile@CWinApp@@UAEPAVCDocument@@PBD@Z 1001059c f   mfc71:MFC71.DLL
 0001:0000f5a2       ?Unregister@CWinApp@@UAEHXZ 100105a2 f   mfc71:MFC71.DLL
 0001:0000f5a8       ?Register@CWinApp@@UAEHXZ  100105a8 f   mfc71:MFC71.DLL
 0001:0000f5ae       ?InitLibId@CWinApp@@UAEXXZ 100105ae f   mfc71:MFC71.DLL
 0001:0000f5b4       ?Delete@CWinThread@@UAEXXZ 100105b4 f   mfc71:MFC71.DLL
 0001:0000f5ba       ?GetMainWnd@CWinThread@@UAEPAVCWnd@@XZ 100105ba f   mfc71:MFC71.DLL
 0001:0000f5c0       ?ProcessMessageFilter@CWinThread@@UAEHHPAUtagMSG@@@Z 100105c0 f   mfc71:MFC71.DLL
 0001:0000f5c6       ?ProcessWndProcException@CWinApp@@UAEJPAVCException@@PBUtagMSG@@@Z 100105c6 f   mfc71:MFC71.DLL
 0001:0000f5cc       ?ExitInstance@CWinApp@@UAEHXZ 100105cc f   mfc71:MFC71.DLL
 0001:0000f5d2       ?IsIdleMessage@CWinThread@@UAEHPAUtagMSG@@@Z 100105d2 f   mfc71:MFC71.DLL
 0001:0000f5d8       ?OnIdle@CWinApp@@UAEHJ@Z   100105d8 f   mfc71:MFC71.DLL
 0001:0000f5de       ?PumpMessage@CWinThread@@UAEHXZ 100105de f   mfc71:MFC71.DLL
 0001:0000f5e4       ?PreTranslateMessage@CWinThread@@UAEHPAUtagMSG@@@Z 100105e4 f   mfc71:MFC71.DLL
 0001:0000f5ea       ?Run@CWinApp@@UAEHXZ       100105ea f   mfc71:MFC71.DLL
 0001:0000f5f0       ?InitInstance@CWinApp@@UAEHXZ 100105f0 f   mfc71:MFC71.DLL
 0001:0000f5f6       ?GetConnectionHook@CCmdTarget@@MAEPAUIConnectionPoint@@ABU_GUID@@@Z 100105f6 f   mfc71:MFC71.DLL
 0001:0000f5fc       ?GetExtraConnectionPoints@CCmdTarget@@MAEHPAVCPtrArray@@@Z 100105fc f   mfc71:MFC71.DLL
 0001:0000f602       ?GetInterfaceHook@CCmdTarget@@UAEPAUIUnknown@@PBX@Z 10010602 f   mfc71:MFC71.DLL
 0001:0000f608       ?OnCreateAggregates@CCmdTarget@@UAEHXZ 10010608 f   mfc71:MFC71.DLL
 0001:0000f60e       ?GetEventSinkMap@CCmdTarget@@MBEPBUAFX_EVENTSINKMAP@@XZ 1001060e f   mfc71:MFC71.DLL
 0001:0000f614       ?GetInterfaceMap@CCmdTarget@@MBEPBUAFX_INTERFACEMAP@@XZ 10010614 f   mfc71:MFC71.DLL
 0001:0000f61a       ?GetConnectionMap@CCmdTarget@@MBEPBUAFX_CONNECTIONMAP@@XZ 1001061a f   mfc71:MFC71.DLL
 0001:0000f620       ?GetDispatchMap@CCmdTarget@@MBEPBUAFX_DISPMAP@@XZ 10010620 f   mfc71:MFC71.DLL
 0001:0000f626       ?GetCommandMap@CCmdTarget@@MBEPBUAFX_OLECMDMAP@@XZ 10010626 f   mfc71:MFC71.DLL
 0001:0000f62c       ?GetTypeLib@CCmdTarget@@UAEJKPAPAUITypeLib@@@Z 1001062c f   mfc71:MFC71.DLL
 0001:0000f632       ?GetTypeLibCache@CCmdTarget@@UAEPAVCTypeLibCache@@XZ 10010632 f   mfc71:MFC71.DLL
 0001:0000f638       ?GetTypeInfoCount@CCmdTarget@@UAEIXZ 10010638 f   mfc71:MFC71.DLL
 0001:0000f63e       ?GetDispatchIID@CCmdTarget@@UAEHPAU_GUID@@@Z 1001063e f   mfc71:MFC71.DLL
 0001:0000f644       ?IsInvokeAllowed@CCmdTarget@@UAEHJ@Z 10010644 f   mfc71:MFC71.DLL
 0001:0000f64a       ?OnFinalRelease@CCmdTarget@@UAEXXZ 1001064a f   mfc71:MFC71.DLL
 0001:0000f650       ?OnCmdMsg@CCmdTarget@@UAEHIHPAXPAUAFX_CMDHANDLERINFO@@@Z 10010650 f   mfc71:MFC71.DLL
 0001:0000f656       ?GetRuntimeClass@CWinApp@@UBEPAUCRuntimeClass@@XZ 10010656 f   mfc71:MFC71.DLL
 0001:0000f65c       ??0CWinApp@@QAE@PBD@Z      1001065c f   mfc71:MFC71.DLL
 0001:0000f662       ??1CWinApp@@UAE@XZ         10010662 f   mfc71:MFC71.DLL
 0001:0000f668       ??0AFX_MAINTAIN_STATE2@@QAE@PAVAFX_MODULE_STATE@@@Z 10010668 f   mfc71:MFC71.DLL
 0001:0000f66e       ??1CStringList@@UAE@XZ     1001066e f   mfc71:MFC71.DLL
 0001:0000f674       ??0CStringList@@QAE@H@Z    10010674 f   mfc71:MFC71.DLL
 0001:0000f67a       ??1_AFX_DLL_MODULE_STATE@@UAE@XZ 1001067a f i mfcs71:dllmodul.obj
 0001:0000f67f       ?AfxGetStaticModuleState@@YGPAVAFX_MODULE_STATE@@XZ 1001067f f   mfcs71:dllmodul.obj
 0001:0000f685       _RawDllMain@12             10010685 f   mfcs71:dllmodul.obj
 0001:0000f6d6       ?AfxWndProcDllStatic@@YGJPAUHWND__@@IIJ@Z 100106d6 f   mfcs71:dllmodul.obj
 0001:0000f71b       _DllMain@12                1001071b f   mfcs71:dllmodul.obj
 0001:0000f842       ??0_AFX_DLL_MODULE_STATE@@QAE@XZ 10010842 f i mfcs71:dllmodul.obj
 0001:0000f862       ??_E_AFX_DLL_MODULE_STATE@@UAEPAXI@Z 10010862 f i mfcs71:dllmodul.obj
 0001:0000f862       ??_G_AFX_DLL_MODULE_STATE@@UAEPAXI@Z 10010862 f i mfcs71:dllmodul.obj
 0001:0000f87d       ??0CComCriticalSection@ATL@@QAE@XZ 1001087d f i mfcs71:stdafx.obj
 0001:0000f891       ?Init@CComCriticalSection@ATL@@QAEJXZ 10010891 f i mfcs71:stdafx.obj
 0001:0000f8e2       _free                      100108e2 f   msvcrt:MSVCR71.dll
 0001:0000f8f0       __except_handler3          100108f0 f   msvcrt:MSVCR71.dll
 0001:0000f900       __alloca_probe             10010900     msvcrt:chkstk.obj
 0001:0000f900       __chkstk                   10010900 f   msvcrt:chkstk.obj
 0001:0000f96e       @__security_check_cookie@4 1001096e f   msvcrt:secchk.obj
 0001:0000f97c       ___CxxFrameHandler         1001097c f   msvcrt:MSVCR71.dll
 0001:0000f982       ??_Etype_info@@UAEPAXI@Z   10010982 f i msvcrt:ti_inst.obj
 0001:0000f9ce       __CxxThrowException@8      100109ce f   msvcrt:MSVCR71.dll
 0001:0000f9d4       ?__ArrayUnwind@@YGXPAXIHP6EX0@Z@Z 100109d4 f   msvcrt:ehvecdtr.obj
 0001:0000fa32       ??_M@YGXPAXIHP6EX0@Z@Z     10010a32 f   msvcrt:ehvecdtr.obj
 0001:0000fa92       ??_L@YGXPAXIHP6EX0@Z1@Z    10010a92 f   msvcrt:ehvecctr.obj
 0001:0000faf4       __onexit                   10010af4 f   msvcrt:atonexit.obj
 0001:0000fb1a       _atexit                    10010b1a f   msvcrt:atonexit.obj
 0001:0000fb2c       __ftol2                    10010b2c f   msvcrt:ftol2.obj
 0001:0000fba1       __CRT_INIT@12              10010ba1 f   msvcrt:crtdll.obj
 0001:0000fc5f       __DllMainCRTStartup@12     10010c5f f   msvcrt:crtdll.obj
 0001:0000fd44       __EH_prolog                10010d44 f   msvcrt:ehprolog.obj
 0001:0000fd64       __SEH_prolog               10010d64 f   msvcrt:sehprolg.obj
 0001:0000fd9f       __SEH_epilog               10010d9f f   msvcrt:sehprolg.obj
 0001:0000fdb0       _memset                    10010db0 f   msvcrt:MSVCR71.dll
 0001:0000fdb6       ___security_init_cookie    10010db6 f   msvcrt:seccinit.obj
 0001:0000fe1c       ___security_error_handler  10010e1c f   msvcrt:MSVCR71.dll
 0001:0000fe22       ??1type_info@@UAE@XZ       10010e22 f   msvcrt:MSVCR71.dll
 0001:0000fe28       ?terminate@@YAXXZ          10010e28 f   msvcrt:MSVCR71.dll
 0001:0000fe2e       ___dllonexit               10010e2e f   msvcrt:MSVCR71.dll
 0001:0000fe34       __initterm                 10010e34 f   msvcrt:MSVCR71.dll
 0001:0000fe3a       __RTC_Initialize           10010e3a f   msvcrt:initsect.obj
 0001:0000fe7e       __RTC_Terminate            10010e7e f   msvcrt:initsect.obj
 0001:0000fec2       ___CppXcptFilter           10010ec2 f   msvcrt:MSVCR71.dll
 0001:0000fec8       _SQLFreeHandle@8           10010ec8 f   odbc32:ODBC32.dll
 0001:0000fece       _SQLDriverConnect@32       10010ece f   odbc32:ODBC32.dll
 0001:0000fed4       _SQLConnect@28             10010ed4 f   odbc32:ODBC32.dll
 0001:0000feda       _SQLSetConnectOption@12    10010eda f   odbc32:ODBC32.dll
 0001:0000fee0       _SQLSetConnectAttr@16      10010ee0 f   odbc32:ODBC32.dll
 0001:0000fee6       _SQLSetEnvAttr@16          10010ee6 f   odbc32:ODBC32.dll
 0001:0000feec       _SQLAllocHandle@12         10010eec f   odbc32:ODBC32.dll
 0001:0000fef2       _SQLGetDiagRec@32          10010ef2 f   odbc32:ODBC32.dll
 0001:0000fef8       _SQLEndTran@12             10010ef8 f   odbc32:ODBC32.dll
 0001:0000fefe       _SQLSetStmtAttr@16         10010efe f   odbc32:ODBC32.dll
 0001:0000ff04       _SQLPrepare@12             10010f04 f   odbc32:ODBC32.dll
 0001:0000ff0a       _SQLRowCount@8             10010f0a f   odbc32:ODBC32.dll
 0001:0000ff10       _SQLExecDirect@12          10010f10 f   odbc32:ODBC32.dll
 0001:0000ff16       _SQLForeignKeys@52         10010f16 f   odbc32:ODBC32.dll
 0001:0000ff1c       _SQLProcedureColumns@36    10010f1c f   odbc32:ODBC32.dll
 0001:0000ff22       _SQLPrimaryKeys@28         10010f22 f   odbc32:ODBC32.dll
 0001:0000ff28       _SQLTablePrivileges@28     10010f28 f   odbc32:ODBC32.dll
 0001:0000ff2e       _SQLColumnPrivileges@36    10010f2e f   odbc32:ODBC32.dll
 0001:0000ff34       _SQLProcedures@28          10010f34 f   odbc32:ODBC32.dll
 0001:0000ff3a       _SQLColumns@36             10010f3a f   odbc32:ODBC32.dll
 0001:0000ff40       _SQLTables@36              10010f40 f   odbc32:ODBC32.dll
 0001:0000ff46       _SQLExecute@4              10010f46 f   odbc32:ODBC32.dll
 0001:0000ff4c       _SQLDescribeCol@36         10010f4c f   odbc32:ODBC32.dll
 0001:0000ff52       _SQLNumResultCols@8        10010f52 f   odbc32:ODBC32.dll
 0001:0000ff58       _SQLFreeStmt@8             10010f58 f   odbc32:ODBC32.dll
 0001:0000ff5e       _SQLFetchScroll@12         10010f5e f   odbc32:ODBC32.dll
 0001:0000ff64       _SQLDisconnect@4           10010f64 f   odbc32:ODBC32.dll
 0001:0000ff6a       _SQLBindParameter@40       10010f6a f   odbc32:ODBC32.dll
 0001:0000ff70       _SQLBindCol@24             10010f70 f   odbc32:ODBC32.dll
 0001:0000ff76       ?RemoveAll@?$CSimpleArray@PAUHINSTANCE__@@V?$CSimpleArrayEqualHelper@PAUHINSTANCE__@@@ATL@@@ATL@@QAEXXZ 10010f76 f i atls:atlbase.obj
 0001:0000ff93       ??0_ATL_BASE_MODULE70@ATL@@QAE@XZ 10010f93 f i atls:atlbase.obj
 0001:0000ffad       ??1CAtlBaseModule@ATL@@QAE@XZ 10010fad f   atls:atlbase.obj
 0001:0000ffc3       ??0CAtlBaseModule@ATL@@QAE@XZ 10010fc3 f   atls:atlbase.obj
 0001:0001006e       ??1AFX_MODULE_STATE@@UAE@XZ 1001106e f   mfc71:MFC71.DLL
 0001:00010074       ?AfxSetModuleState@@YGPAVAFX_MODULE_STATE@@PAV1@@Z 10011074 f   mfc71:MFC71.DLL
 0001:0001007a       ?AfxGetThreadState@@YGPAV_AFX_THREAD_STATE@@XZ 1001107a f   mfc71:MFC71.DLL
 0001:00010080       ?AfxGetModuleState@@YGPAVAFX_MODULE_STATE@@XZ 10011080 f   mfc71:MFC71.DLL
 0001:00010086       ?AfxWndProc@@YGJPAUHWND__@@IIJ@Z 10011086 f   mfc71:MFC71.DLL
 0001:0001008c       ?AfxTermThread@@YGXPAUHINSTANCE__@@@Z 1001108c f   mfc71:MFC71.DLL
 0001:00010092       ?AfxTermExtensionModule@@YGXAAUAFX_EXTENSION_MODULE@@H@Z 10011092 f   mfc71:MFC71.DLL
 0001:00010098       ?AfxUnlockTempMaps@@YGHH@Z 10011098 f   mfc71:MFC71.DLL
 0001:0001009e       ?AfxLockTempMaps@@YGXXZ    1001109e f   mfc71:MFC71.DLL
 0001:000100a4       ??0CDynLinkLibrary@@QAE@AAUAFX_EXTENSION_MODULE@@H@Z 100110a4 f   mfc71:MFC71.DLL
 0001:000100aa       ?AfxInitExtensionModule@@YGHAAUAFX_EXTENSION_MODULE@@PAUHINSTANCE__@@@Z 100110aa f   mfc71:MFC71.DLL
 0001:000100b0       ?AfxWinTerm@@YGXXZ         100110b0 f   mfc71:MFC71.DLL
 0001:000100b6       ?AfxWinInit@@YGHPAUHINSTANCE__@@0PADH@Z 100110b6 f   mfc71:MFC71.DLL
 0001:000100bc       ?AfxCoreInitModule@@YGXXZ  100110bc f   mfc71:MFC71.DLL
 0001:000100c2       ??0AFX_MODULE_STATE@@QAE@HP6GJPAUHWND__@@IIJ@ZKH@Z 100110c2 f   mfc71:MFC71.DLL
 0001:000100c8       ??3CNoTrackObject@@SGXPAX@Z 100110c8 f   mfc71:MFC71.DLL
 0002:00000000       __imp__RegEnumValueA@32    10013000     advapi32:ADVAPI32.dll
 0002:00000004       __imp__RegOpenKeyExA@20    10013004     advapi32:ADVAPI32.dll
 0002:00000008       __imp__RegCloseKey@4       10013008     advapi32:ADVAPI32.dll
 0002:0000000c       \177ADVAPI32_NULL_THUNK_DATA 1001300c     advapi32:ADVAPI32.dll
 0002:00000010       __imp__GetSystemTimeAsFileTime@4 10013010     kernel32:KERNEL32.dll
 0002:00000014       __imp__GetCurrentProcessId@0 10013014     kernel32:KERNEL32.dll
 0002:00000018       __imp__GetCurrentThreadId@0 10013018     kernel32:KERNEL32.dll
 0002:0000001c       __imp__GetTickCount@0      1001301c     kernel32:KERNEL32.dll
 0002:00000020       __imp__QueryPerformanceCounter@4 10013020     kernel32:KERNEL32.dll
 0002:00000024       __imp__ExitProcess@4       10013024     kernel32:KERNEL32.dll
 0002:00000028       __imp__DeleteCriticalSection@4 10013028     kernel32:KERNEL32.dll
 0002:0000002c       __imp__InitializeCriticalSection@4 1001302c     kernel32:KERNEL32.dll
 0002:00000030       __imp__LocalAlloc@8        10013030     kernel32:KERNEL32.dll
 0002:00000034       __imp__LocalFree@4         10013034     kernel32:KERNEL32.dll
 0002:00000038       __imp__GetVersionExA@4     10013038     kernel32:KERNEL32.dll
 0002:0000003c       \177KERNEL32_NULL_THUNK_DATA 1001303c     kernel32:KERNEL32.dll
 0002:00000040       __imp_?AddToRecentFileList@CWinApp@@UAEXPBD@Z 10013040     mfc71:MFC71.DLL
 0002:00000044       __imp_?OpenDocumentFile@CWinApp@@UAEPAVCDocument@@PBD@Z 10013044     mfc71:MFC71.DLL
 0002:00000048       __imp_?Unregister@CWinApp@@UAEHXZ 10013048     mfc71:MFC71.DLL
 0002:0000004c       __imp_?Register@CWinApp@@UAEHXZ 1001304c     mfc71:MFC71.DLL
 0002:00000050       __imp_?InitLibId@CWinApp@@UAEXXZ 10013050     mfc71:MFC71.DLL
 0002:00000054       __imp_?Delete@CWinThread@@UAEXXZ 10013054     mfc71:MFC71.DLL
 0002:00000058       __imp_?GetMainWnd@CWinThread@@UAEPAVCWnd@@XZ 10013058     mfc71:MFC71.DLL
 0002:0000005c       __imp_?ProcessMessageFilter@CWinThread@@UAEHHPAUtagMSG@@@Z 1001305c     mfc71:MFC71.DLL
 0002:00000060       __imp_?ProcessWndProcException@CWinApp@@UAEJPAVCException@@PBUtagMSG@@@Z 10013060     mfc71:MFC71.DLL
 0002:00000064       __imp_?ExitInstance@CWinApp@@UAEHXZ 10013064     mfc71:MFC71.DLL
 0002:00000068       __imp_?IsIdleMessage@CWinThread@@UAEHPAUtagMSG@@@Z 10013068     mfc71:MFC71.DLL
 0002:0000006c       __imp_?OnIdle@CWinApp@@UAEHJ@Z 1001306c     mfc71:MFC71.DLL
 0002:00000070       __imp_?PumpMessage@CWinThread@@UAEHXZ 10013070     mfc71:MFC71.DLL
 0002:00000074       __imp_?PreTranslateMessage@CWinThread@@UAEHPAUtagMSG@@@Z 10013074     mfc71:MFC71.DLL
 0002:00000078       __imp_?Run@CWinApp@@UAEHXZ 10013078     mfc71:MFC71.DLL
 0002:0000007c       __imp_?InitInstance@CWinApp@@UAEHXZ 1001307c     mfc71:MFC71.DLL
 0002:00000080       __imp_?GetConnectionHook@CCmdTarget@@MAEPAUIConnectionPoint@@ABU_GUID@@@Z 10013080     mfc71:MFC71.DLL
 0002:00000084       __imp_?GetExtraConnectionPoints@CCmdTarget@@MAEHPAVCPtrArray@@@Z 10013084     mfc71:MFC71.DLL
 0002:00000088       __imp_?GetInterfaceHook@CCmdTarget@@UAEPAUIUnknown@@PBX@Z 10013088     mfc71:MFC71.DLL
 0002:0000008c       __imp_?OnCreateAggregates@CCmdTarget@@UAEHXZ 1001308c     mfc71:MFC71.DLL
 0002:00000090       __imp_?GetEventSinkMap@CCmdTarget@@MBEPBUAFX_EVENTSINKMAP@@XZ 10013090     mfc71:MFC71.DLL
 0002:00000094       __imp_?GetInterfaceMap@CCmdTarget@@MBEPBUAFX_INTERFACEMAP@@XZ 10013094     mfc71:MFC71.DLL
 0002:00000098       __imp_?GetConnectionMap@CCmdTarget@@MBEPBUAFX_CONNECTIONMAP@@XZ 10013098     mfc71:MFC71.DLL
 0002:0000009c       __imp_?GetDispatchMap@CCmdTarget@@MBEPBUAFX_DISPMAP@@XZ 1001309c     mfc71:MFC71.DLL
 0002:000000a0       __imp_?GetCommandMap@CCmdTarget@@MBEPBUAFX_OLECMDMAP@@XZ 100130a0     mfc71:MFC71.DLL
 0002:000000a4       __imp_?GetTypeLib@CCmdTarget@@UAEJKPAPAUITypeLib@@@Z 100130a4     mfc71:MFC71.DLL
 0002:000000a8       __imp_?GetTypeLibCache@CCmdTarget@@UAEPAVCTypeLibCache@@XZ 100130a8     mfc71:MFC71.DLL
 0002:000000ac       __imp_?GetTypeInfoCount@CCmdTarget@@UAEIXZ 100130ac     mfc71:MFC71.DLL
 0002:000000b0       __imp_?GetDispatchIID@CCmdTarget@@UAEHPAU_GUID@@@Z 100130b0     mfc71:MFC71.DLL
 0002:000000b4       __imp_?IsInvokeAllowed@CCmdTarget@@UAEHJ@Z 100130b4     mfc71:MFC71.DLL
 0002:000000b8       __imp_?OnFinalRelease@CCmdTarget@@UAEXXZ 100130b8     mfc71:MFC71.DLL
 0002:000000bc       __imp_?OnCmdMsg@CCmdTarget@@UAEHIHPAXPAUAFX_CMDHANDLERINFO@@@Z 100130bc     mfc71:MFC71.DLL
 0002:000000c0       __imp_?GetRuntimeClass@CWinApp@@UBEPAUCRuntimeClass@@XZ 100130c0     mfc71:MFC71.DLL
 0002:000000c4       __imp_??0CWinApp@@QAE@PBD@Z 100130c4     mfc71:MFC71.DLL
 0002:000000c8       __imp_??1CWinApp@@UAE@XZ   100130c8     mfc71:MFC71.DLL
 0002:000000cc       __imp_??0AFX_MAINTAIN_STATE2@@QAE@PAVAFX_MODULE_STATE@@@Z 100130cc     mfc71:MFC71.DLL
 0002:000000d0       __imp_?Concatenate@?$CSimpleStringT@D$00@ATL@@KAXAAV12@PBDH1H@Z 100130d0     mfc71:MFC71.DLL
 0002:000000d4       __imp_??0?$CStringT@DV?$StrTraitMFC_DLL@DV?$ChTraitsCRT@D@ATL@@@@@ATL@@QAE@PAUIAtlStringMgr@1@@Z 100130d4     mfc71:MFC71.DLL
 0002:000000d8       __imp_?GetManager@?$CSimpleStringT@D$00@ATL@@QBEPAUIAtlStringMgr@2@XZ 100130d8     mfc71:MFC71.DLL
 0002:000000dc       __imp_??Y?$CStringT@DV?$StrTraitMFC_DLL@DV?$ChTraitsCRT@D@ATL@@@@@ATL@@QAEAAV01@PBD@Z 100130dc     mfc71:MFC71.DLL
 0002:000000e0       __imp_??1CStringList@@UAE@XZ 100130e0     mfc71:MFC71.DLL
 0002:000000e4       __imp_??0CStringList@@QAE@H@Z 100130e4     mfc71:MFC71.DLL
 0002:000000e8       __imp_?Delete@?$CStringT@DV?$StrTraitMFC_DLL@DV?$ChTraitsCRT@D@ATL@@@@@ATL@@QAEHHH@Z 100130e8     mfc71:MFC71.DLL
 0002:000000ec       __imp_?Find@?$CStringT@DV?$StrTraitMFC_DLL@DV?$ChTraitsCRT@D@ATL@@@@@ATL@@QBEHDH@Z 100130ec     mfc71:MFC71.DLL
 0002:000000f0       __imp_?FindOneOf@?$CStringT@DV?$StrTraitMFC_DLL@DV?$ChTraitsCRT@D@ATL@@@@@ATL@@QBEHPBD@Z 100130f0     mfc71:MFC71.DLL
 0002:000000f4       __imp_?AfxSetModuleState@@YGPAVAFX_MODULE_STATE@@PAV1@@Z 100130f4     mfc71:MFC71.DLL
 0002:000000f8       __imp_?AfxGetThreadState@@YGPAV_AFX_THREAD_STATE@@XZ 100130f8     mfc71:MFC71.DLL
 0002:000000fc       __imp_?AfxGetModuleState@@YGPAVAFX_MODULE_STATE@@XZ 100130fc     mfc71:MFC71.DLL
 0002:00000100       __imp_?AfxWndProc@@YGJPAUHWND__@@IIJ@Z 10013100     mfc71:MFC71.DLL
 0002:00000104       __imp_?AfxTermThread@@YGXPAUHINSTANCE__@@@Z 10013104     mfc71:MFC71.DLL
 0002:00000108       __imp_?AfxTermExtensionModule@@YGXAAUAFX_EXTENSION_MODULE@@H@Z 10013108     mfc71:MFC71.DLL
 0002:0000010c       __imp_?AfxUnlockTempMaps@@YGHH@Z 1001310c     mfc71:MFC71.DLL
 0002:00000110       __imp_?AfxLockTempMaps@@YGXXZ 10013110     mfc71:MFC71.DLL
 0002:00000114       __imp_??0CDynLinkLibrary@@QAE@AAUAFX_EXTENSION_MODULE@@H@Z 10013114     mfc71:MFC71.DLL
 0002:00000118       __imp_?AfxInitExtensionModule@@YGHAAUAFX_EXTENSION_MODULE@@PAUHINSTANCE__@@@Z 10013118     mfc71:MFC71.DLL
 0002:0000011c       __imp_?AfxWinTerm@@YGXXZ   1001311c     mfc71:MFC71.DLL
 0002:00000120       __imp_?AfxWinInit@@YGHPAUHINSTANCE__@@0PADH@Z 10013120     mfc71:MFC71.DLL
 0002:00000124       __imp_?AfxCoreInitModule@@YGXXZ 10013124     mfc71:MFC71.DLL
 0002:00000128       __imp_??0AFX_MODULE_STATE@@QAE@HP6GJPAUHWND__@@IIJ@ZKH@Z 10013128     mfc71:MFC71.DLL
 0002:0000012c       __imp_??3CNoTrackObject@@SGXPAX@Z 1001312c     mfc71:MFC71.DLL
 0002:00000130       __imp_?AfxThrowInvalidArgException@@YGXXZ 10013130     mfc71:MFC71.DLL
 0002:00000134       __imp_??1?$CStringT@DV?$StrTraitMFC_DLL@DV?$ChTraitsCRT@D@ATL@@@@@ATL@@QAE@XZ 10013134     mfc71:MFC71.DLL
 0002:00000138       __imp_??0?$CStringT@DV?$StrTraitMFC_DLL@DV?$ChTraitsCRT@D@ATL@@@@@ATL@@QAE@ABV01@@Z 10013138     mfc71:MFC71.DLL
 0002:0000013c       __imp_??0?$CStringT@DV?$StrTraitMFC_DLL@DV?$ChTraitsCRT@D@ATL@@@@@ATL@@QAE@PBD@Z 1001313c     mfc71:MFC71.DLL
 0002:00000140       __imp_??4?$CStringT@DV?$StrTraitMFC_DLL@DV?$ChTraitsCRT@D@ATL@@@@@ATL@@QAEAAV01@ABV01@@Z 10013140     mfc71:MFC71.DLL
 0002:00000144       __imp_?Right@?$CStringT@DV?$StrTraitMFC_DLL@DV?$ChTraitsCRT@D@ATL@@@@@ATL@@QBE?AV12@H@Z 10013144     mfc71:MFC71.DLL
 0002:00000148       __imp_?Find@?$CStringT@DV?$StrTraitMFC_DLL@DV?$ChTraitsCRT@D@ATL@@@@@ATL@@QBEHPBDH@Z 10013148     mfc71:MFC71.DLL
 0002:0000014c       __imp_?Format@?$CStringT@DV?$StrTraitMFC_DLL@DV?$ChTraitsCRT@D@ATL@@@@@ATL@@QAAXPBDZZ 1001314c     mfc71:MFC71.DLL
 0002:00000150       __imp_?GetBuffer@?$CSimpleStringT@D$00@ATL@@QAEPADH@Z 10013150     mfc71:MFC71.DLL
 0002:00000154       __imp_?Left@?$CStringT@DV?$StrTraitMFC_DLL@DV?$ChTraitsCRT@D@ATL@@@@@ATL@@QBE?AV12@H@Z 10013154     mfc71:MFC71.DLL
 0002:00000158       __imp_??0?$CStringT@DV?$StrTraitMFC_DLL@DV?$ChTraitsCRT@D@ATL@@@@@ATL@@QAE@XZ 10013158     mfc71:MFC71.DLL
 0002:0000015c       __imp_?AddHead@CStringList@@QAEPAU__POSITION@@PBD@Z 1001315c     mfc71:MFC71.DLL
 0002:00000160       __imp_??3@YAXPAX@Z         10013160     mfc71:MFC71.DLL
 0002:00000164       __imp_??_V@YAXPAX@Z        10013164     mfc71:MFC71.DLL
 0002:00000168       __imp_?FindIndex@CStringList@@QBEPAU__POSITION@@H@Z 10013168     mfc71:MFC71.DLL
 0002:0000016c       __imp_??_U@YAPAXI@Z        1001316c     mfc71:MFC71.DLL
 0002:00000170       __imp_??2@YAPAXI@Z         10013170     mfc71:MFC71.DLL
 0002:00000174       __imp_?GetThisMessageMap@CWinApp@@KGPBUAFX_MSGMAP@@XZ 10013174     mfc71:MFC71.DLL
 0002:00000178       __imp_?LoadSysPolicies@CWinApp@@UAEHXZ 10013178     mfc71:MFC71.DLL
 0002:0000017c       __imp_?InitApplication@CWinApp@@UAEHXZ 1001317c     mfc71:MFC71.DLL
 0002:00000180       __imp_?SaveAllModified@CWinApp@@UAEHXZ 10013180     mfc71:MFC71.DLL
 0002:00000184       __imp_?DoMessageBox@CWinApp@@UAEHPBDII@Z 10013184     mfc71:MFC71.DLL
 0002:00000188       __imp_?DoWaitCursor@CWinApp@@UAEXH@Z 10013188     mfc71:MFC71.DLL
 0002:0000018c       __imp_?OnDDECommand@CWinApp@@UAEHPAD@Z 1001318c     mfc71:MFC71.DLL
 0002:00000190       __imp_?WinHelpA@CWinApp@@UAEXKI@Z 10013190     mfc71:MFC71.DLL
 0002:00000194       __imp_?HtmlHelpA@CWinApp@@UAEXKI@Z 10013194     mfc71:MFC71.DLL
 0002:00000198       __imp_?WinHelpInternal@CWinApp@@UAEXKI@Z 10013198     mfc71:MFC71.DLL
 0002:0000019c       __imp_?LoadAppLangResourceDLL@CWinApp@@UAEPAUHINSTANCE__@@XZ 1001319c     mfc71:MFC71.DLL
 0002:000001a0       __imp_??1AFX_MODULE_STATE@@UAE@XZ 100131a0     mfc71:MFC71.DLL
 0002:000001a4       \177MFC71_NULL_THUNK_DATA  100131a4     mfc71:MFC71.DLL
 0002:000001a8       __imp_?find@?$basic_string@DU?$char_traits@D@std@@V?$allocator@D@2@@std@@QBEIPBDII@Z 100131a8     msvcprt:MSVCP71.dll
 0002:000001ac       __imp_?assign@?$basic_string@DU?$char_traits@D@std@@V?$allocator@D@2@@std@@QAEAAV12@PBDI@Z 100131ac     msvcprt:MSVCP71.dll
 0002:000001b0       __imp_??1?$basic_string@DU?$char_traits@D@std@@V?$allocator@D@2@@std@@QAE@XZ 100131b0     msvcprt:MSVCP71.dll
 0002:000001b4       __imp_??4?$basic_string@DU?$char_traits@D@std@@V?$allocator@D@2@@std@@QAEAAV01@PBD@Z 100131b4     msvcprt:MSVCP71.dll
 0002:000001b8       __imp_??0?$basic_string@DU?$char_traits@D@std@@V?$allocator@D@2@@std@@QAE@XZ 100131b8     msvcprt:MSVCP71.dll
 0002:000001bc       __imp_??0?$basic_string@DU?$char_traits@D@std@@V?$allocator@D@2@@std@@QAE@PBD@Z 100131bc     msvcprt:MSVCP71.dll
 0002:000001c0       __imp_??0?$basic_string@DU?$char_traits@D@std@@V?$allocator@D@2@@std@@QAE@ABV01@@Z 100131c0     msvcprt:MSVCP71.dll
 0002:000001c4       __imp_??Y?$basic_string@DU?$char_traits@D@std@@V?$allocator@D@2@@std@@QAEAAV01@ABV01@@Z 100131c4     msvcprt:MSVCP71.dll
 0002:000001c8       __imp_??Y?$basic_string@DU?$char_traits@D@std@@V?$allocator@D@2@@std@@QAEAAV01@PBD@Z 100131c8     msvcprt:MSVCP71.dll
 0002:000001cc       \177MSVCP71_NULL_THUNK_DATA 100131cc     msvcprt:MSVCP71.dll
 0002:000001d0       __imp____CxxFrameHandler   100131d0     msvcrt:MSVCR71.dll
 0002:000001d4       __imp__sprintf             100131d4     msvcrt:MSVCR71.dll
 0002:000001d8       __imp__atoi                100131d8     msvcrt:MSVCR71.dll
 0002:000001dc       __imp___CxxThrowException@8 100131dc     msvcrt:MSVCR71.dll
 0002:000001e0       __imp__toupper             100131e0     msvcrt:MSVCR71.dll
 0002:000001e4       __imp__isalpha             100131e4     msvcrt:MSVCR71.dll
 0002:000001e8       __imp__isdigit             100131e8     msvcrt:MSVCR71.dll
 0002:000001ec       __imp__strstr              100131ec     msvcrt:MSVCR71.dll
 0002:000001f0       __imp__strncpy             100131f0     msvcrt:MSVCR71.dll
 0002:000001f4       __imp__isalnum             100131f4     msvcrt:MSVCR71.dll
 0002:000001f8       __imp__isspace             100131f8     msvcrt:MSVCR71.dll
 0002:000001fc       __imp__strncmp             100131fc     msvcrt:MSVCR71.dll
 0002:00000200       __imp__printf              10013200     msvcrt:MSVCR71.dll
 0002:00000204       __imp__memset              10013204     msvcrt:MSVCR71.dll
 0002:00000208       __imp____security_error_handler 10013208     msvcrt:MSVCR71.dll
 0002:0000020c       __imp_??1type_info@@UAE@XZ 1001320c     msvcrt:MSVCR71.dll
 0002:00000210       __imp_?terminate@@YAXXZ    10013210     msvcrt:MSVCR71.dll
 0002:00000214       __imp____dllonexit         10013214     msvcrt:MSVCR71.dll
 0002:00000218       __imp___onexit             10013218     msvcrt:MSVCR71.dll
 0002:0000021c       __imp___initterm           1001321c     msvcrt:MSVCR71.dll
 0002:00000220       __imp___adjust_fdiv        10013220     msvcrt:MSVCR71.dll
 0002:00000224       __imp____CppXcptFilter     10013224     msvcrt:MSVCR71.dll
 0002:00000228       __imp___except_handler3    10013228     msvcrt:MSVCR71.dll
 0002:0000022c       __imp__free                1001322c     msvcrt:MSVCR71.dll
 0002:00000230       __imp__malloc              10013230     msvcrt:MSVCR71.dll
 0002:00000234       \177MSVCR71_NULL_THUNK_DATA 10013234     msvcrt:MSVCR71.dll
 0002:00000238       __imp__SQLSetConnectAttr@16 10013238     odbc32:ODBC32.dll
 0002:0000023c       __imp__SQLSetEnvAttr@16    1001323c     odbc32:ODBC32.dll
 0002:00000240       __imp__SQLAllocHandle@12   10013240     odbc32:ODBC32.dll
 0002:00000244       __imp__SQLGetDiagRec@32    10013244     odbc32:ODBC32.dll
 0002:00000248       __imp__SQLEndTran@12       10013248     odbc32:ODBC32.dll
 0002:0000024c       __imp__SQLSetStmtAttr@16   1001324c     odbc32:ODBC32.dll
 0002:00000250       __imp__SQLPrepare@12       10013250     odbc32:ODBC32.dll
 0002:00000254       __imp__SQLRowCount@8       10013254     odbc32:ODBC32.dll
 0002:00000258       __imp__SQLExecDirect@12    10013258     odbc32:ODBC32.dll
 0002:0000025c       __imp__SQLForeignKeys@52   1001325c     odbc32:ODBC32.dll
 0002:00000260       __imp__SQLProcedureColumns@36 10013260     odbc32:ODBC32.dll
 0002:00000264       __imp__SQLPrimaryKeys@28   10013264     odbc32:ODBC32.dll
 0002:00000268       __imp__SQLTablePrivileges@28 10013268     odbc32:ODBC32.dll
 0002:0000026c       __imp__SQLColumnPrivileges@36 1001326c     odbc32:ODBC32.dll
 0002:00000270       __imp__SQLProcedures@28    10013270     odbc32:ODBC32.dll
 0002:00000274       __imp__SQLColumns@36       10013274     odbc32:ODBC32.dll
 0002:00000278       __imp__SQLTables@36        10013278     odbc32:ODBC32.dll
 0002:0000027c       __imp__SQLExecute@4        1001327c     odbc32:ODBC32.dll
 0002:00000280       __imp__SQLDescribeCol@36   10013280     odbc32:ODBC32.dll
 0002:00000284       __imp__SQLNumResultCols@8  10013284     odbc32:ODBC32.dll
 0002:00000288       __imp__SQLFreeStmt@8       10013288     odbc32:ODBC32.dll
 0002:0000028c       __imp__SQLFetchScroll@12   1001328c     odbc32:ODBC32.dll
 0002:00000290       __imp__SQLDisconnect@4     10013290     odbc32:ODBC32.dll
 0002:00000294       __imp__SQLBindParameter@40 10013294     odbc32:ODBC32.dll
 0002:00000298       __imp__SQLBindCol@24       10013298     odbc32:ODBC32.dll
 0002:0000029c       __imp__SQLSetConnectOption@12 1001329c     odbc32:ODBC32.dll
 0002:000002a0       __imp__SQLConnect@28       100132a0     odbc32:ODBC32.dll
 0002:000002a4       __imp__SQLDriverConnect@32 100132a4     odbc32:ODBC32.dll
 0002:000002a8       __imp__SQLFreeHandle@8     100132a8     odbc32:ODBC32.dll
 0002:000002ac       \177ODBC32_NULL_THUNK_DATA 100132ac     odbc32:ODBC32.dll
 0002:000002b0       ??_C@_00CNPNBAHC@?$AA@     100132b0     funcGeneral.obj
 0002:000002b4       ??_C@_02DKCKIIND@?$CFs?$AA@ 100132b4     funcGeneral.obj
 0002:000002b8       ??_C@_0BC@MBOFKFHK@?$CFd?9?$CFd?9?$CFd?5?$CFd?3?$CFd?3?$CFd?$AA@ 100132b8     funcGeneral.obj
 0002:000002cc       ?messageMap@CWeatherMonitorApp@@1UAFX_MSGMAP@@B 100132cc     WeatherMonitor.obj
 0002:000002d4       ?_messageEntries@CWeatherMonitorApp@@0QBUAFX_MSGMAP_ENTRY@@B 100132d4     WeatherMonitor.obj
 0002:000002ec       ??_C@_0BC@OCHFENBO@otl_long_string?$CI?$CJ?$AA@ 100132ec     WeatherMonitor.obj
 0002:00000300       ??_C@_04HDKFADDE@BLOB?$AA@ 10013300     WeatherMonitor.obj
 0002:00000308       ??_C@_04EOMFCKIE@CLOB?$AA@ 10013308     WeatherMonitor.obj
 0002:00000310       ??_C@_08NKPDBGPG@RAW?5LONG?$AA@ 10013310     WeatherMonitor.obj
 0002:0000031c       ??_C@_0N@PKOGIOH@VARCHAR?5LONG?$AA@ 1001331c     WeatherMonitor.obj
 0002:0000032c       ??_C@_06DBEMLEAB@BIGINT?$AA@ 1001332c     WeatherMonitor.obj
 0002:00000334       ??_C@_0BP@KCBILDLN@TIMESTAMP?5WITH?5LOCAL?5TIME?5ZONE?$AA@ 10013334     WeatherMonitor.obj
 0002:00000354       ??_C@_0BJ@BBFEGHGL@TIMESTAMP?5WITH?5TIME?5ZONE?$AA@ 10013354     WeatherMonitor.obj
 0002:00000370       ??_C@_07HDOPPFBI@DB2TIME?$AA@ 10013370     WeatherMonitor.obj
 0002:00000378       ??_C@_07MFEMNCIK@DB2DATE?$AA@ 10013378     WeatherMonitor.obj
 0002:00000380       ??_C@_09NMMIOGMI@TIMESTAMP?$AA@ 10013380     WeatherMonitor.obj
 0002:0000038c       ??_C@_08FEIKPPNK@LONG?5INT?$AA@ 1001338c     WeatherMonitor.obj
 0002:00000398       ??_C@_09HLPKGJMK@SHORT?5INT?$AA@ 10013398     WeatherMonitor.obj
 0002:000003a4       ??_C@_0N@DJJPGCCC@UNSIGNED?5INT?$AA@ 100133a4     WeatherMonitor.obj
 0002:000003b4       ??_C@_03JMHEAPMO@INT?$AA@  100133b4     WeatherMonitor.obj
 0002:000003b8       ??_C@_05GGMHDFKJ@FLOAT?$AA@ 100133b8     WeatherMonitor.obj
 0002:000003c0       ??_C@_06BJLJNGLL@DOUBLE?$AA@ 100133c0     WeatherMonitor.obj
 0002:000003c8       ??_C@_04IBPLICII@CHAR?$AA@ 100133c8     WeatherMonitor.obj
 0002:000003d0       ??_C@_0CA@POIDEJGN@?$DO?0?5datatype?5in?5operator?5?$DM?$DM?1?$DO?$DO?3?5?$AA@ 100133d0     WeatherMonitor.obj
 0002:000003f0       ??_C@_01MNNFJEPP@?$DM?$AA@ 100133f0     WeatherMonitor.obj
 0002:000003f4       ??_C@_0L@KPBIFGGA@Variable?3?5?$AA@ 100133f4     WeatherMonitor.obj
 0002:00000400       ??_C@_0L@FPFMPDDA@0123456789?$AA@ 10013400     WeatherMonitor.obj
 0002:0000040c       ??_C@_08OGPIKLEP@Column?3?5?$AA@ 1001340c     WeatherMonitor.obj
 0002:00000418       ??_7otl_stream_shell_generic@@6B@ 10013418     WeatherMonitor.obj
 0002:0000041c       ??_7otl_exc@@6B@           1001341c     WeatherMonitor.obj
 0002:00000420       ??_7otl_conn@@6B@          10013420     WeatherMonitor.obj
 0002:00000424       ??_C@_03OIFAJNHF@PWD?$AA@  10013424     WeatherMonitor.obj
 0002:00000428       ??_C@_03MJDGODDN@UID?$AA@  10013428     WeatherMonitor.obj
 0002:0000042c       ??_C@_03MKMNBNOL@DSN?$AA@  1001342c     WeatherMonitor.obj
 0002:00000430       ??_7otl_cur0@@6B@          10013430     WeatherMonitor.obj
 0002:00000434       ??_7otl_var@@6B@           10013434     WeatherMonitor.obj
 0002:00000438       ??_7otl_cur@@6B@           10013438     WeatherMonitor.obj
 0002:0000043c       ??_C@_0P@BNGDCBBK@SQLForeignKeys?$AA@ 1001343c     WeatherMonitor.obj
 0002:0000044c       ??_C@_0BE@BJPANBHM@SQLProcedureColumns?$AA@ 1001344c     WeatherMonitor.obj
 0002:00000460       ??_C@_0P@HGCKCDC@SQLPrimaryKeys?$AA@ 10013460     WeatherMonitor.obj
 0002:00000470       ??_C@_0BD@JKHCMPB@SQLTablePrivileges?$AA@ 10013470     WeatherMonitor.obj
 0002:00000484       ??_C@_0BE@DBGFGJEI@SQLColumnPrivileges?$AA@ 10013484     WeatherMonitor.obj
 0002:00000498       ??_C@_0O@DDAGBHAP@SQLProcedures?$AA@ 10013498     WeatherMonitor.obj
 0002:000004a8       ??_C@_0L@KLFCAO@SQLColumns?$AA@ 100134a8     WeatherMonitor.obj
 0002:000004b4       ??_C@_09JJHDHGGG@SQLTables?$AA@ 100134b4     WeatherMonitor.obj
 0002:000004c0       ??_7otl_sel@@6B@           100134c0     WeatherMonitor.obj
 0002:000004c8       ??_7CWeatherMonitorApp@@6B@ 100134c8     WeatherMonitor.obj
 0002:00000588       ??_C@_05JPPLNOIE@?$CFs?$DN?$CFs?$AA@ 10013588     WeatherMonitor.obj
 0002:00000590       ??_C@_06ECLMCCGN@Oracle?$AA@ 10013590     WeatherMonitor.obj
 0002:00000598       ??_C@_0CJ@LHHHAKMI@SOFTWARE?2ODBC?2ODBC?4INI?2ODBC?5Data@ 10013598     WeatherMonitor.obj
 0002:000005c4       ??_7?$otl_tmpl_connect@Votl_exc@@Votl_conn@@Votl_cur@@@@6B@ 100135c4     WeatherMonitor.obj
 0002:000005c4       ??_7otl_connect@@6B@       100135c4     WeatherMonitor.obj
 0002:000005c8       ??_7?$otl_tmpl_exception@Votl_exc@@Votl_conn@@Votl_cur@@@@6B@ 100135c8     WeatherMonitor.obj
 0002:000005cc       ??_7?$otl_tmpl_variable@Votl_var@@@@6B@ 100135cc     WeatherMonitor.obj
 0002:000005d0       ??_C@_0NG@KMAEEMFP@ODBC?5?1?5DB2?5CLI?5function?5name?5is?5@ 100135d0     WeatherMonitor.obj
 0002:000006a8       ??_7?$otl_tmpl_ext_hv_decl@Votl_var@@UtagTIMESTAMP_STRUCT@@Votl_exc@@Votl_conn@@Votl_cur@@@@6B@ 100136a8     WeatherMonitor.obj
 0002:000006ac       ??_7?$otl_auto_array_ptr@E@@6B@ 100136ac     WeatherMonitor.obj
 0002:000006b0       ??_C@_0CO@PLDOCPAP@Not?5all?5input?5variables?5have?5bee@ 100136b0     WeatherMonitor.obj
 0002:000006e0       ??_C@_0CM@HENNCKHG@Incompatible?5data?5types?5in?5strea@ 100136e0     WeatherMonitor.obj
 0002:0000070c       ??_7?$otl_auto_array_ptr@Votl_column_desc@@@@6B@ 1001370c     WeatherMonitor.obj
 0002:00000710       ??_7otl_stream_shell@@6B@  10013710     WeatherMonitor.obj
 0002:00000714       ??_7?$otl_tmpl_cursor@Votl_exc@@Votl_conn@@Votl_cur@@Votl_var@@@@6B@ 10013714     WeatherMonitor.obj
 0002:0000072c       ??_C@_0CN@IJNPPIPE@Stream?5buffer?5size?5can?8t?5be?5?$DO?51?5@ 1001372c     WeatherMonitor.obj
 0002:0000075c       ??_C@_01PPODPGHN@?$DO?$AA@ 1001375c     WeatherMonitor.obj
 0002:00000760       ??_C@_0CM@KIFOGJAH@Row?5must?5be?5full?5for?5flushing?5ou@ 10013760     WeatherMonitor.obj
 0002:0000078c       ??_C@_0CC@HFOBOCLJ@Invalid?5bind?5variable?5declaratio@ 1001378c     WeatherMonitor.obj
 0002:000007b0       ??_7otl_stream@@6B@        100137b0     WeatherMonitor.obj
 0002:000007b4       ??_7?$otl_tmpl_out_stream@Votl_exc@@Votl_conn@@Votl_cur@@Votl_var@@UtagTIMESTAMP_STRUCT@@@@6B@ 100137b4     WeatherMonitor.obj
 0002:000007d4       ??_7?$otl_tmpl_select_cursor@Votl_exc@@Votl_conn@@Votl_cur@@Votl_var@@Votl_sel@@@@6B@ 100137d4     WeatherMonitor.obj
 0002:000007ec       ??_7?$otl_tmpl_select_stream@Votl_exc@@Votl_conn@@Votl_cur@@Votl_var@@Votl_sel@@UtagTIMESTAMP_STRUCT@@@@6B@ 100137ec     WeatherMonitor.obj
 0002:00000804       ??_C@_0CI@JHOMNAOE@PL?1SQL?5table?5size?5is?5too?5large?5?$CI@ 10013804     WeatherMonitor.obj
 0002:0000082c       ??_7?$otl_tmpl_inout_stream@Votl_exc@@Votl_conn@@Votl_cur@@Votl_var@@UtagTIMESTAMP_STRUCT@@@@6B@ 1001382c     WeatherMonitor.obj
 0002:0000084c       ??_C@_04GOHEPOP@WITH?$AA@  1001384c     WeatherMonitor.obj
 0002:00000854       ??_C@_06LCPJPOPK@SELECT?$AA@ 10013854     WeatherMonitor.obj
 0002:0000085c       ??_C@_0M@IICDDIHE@error?$DN?$CFs?3?$CFs?$AA@ 1001385c     WeatherMonitor.obj
 0002:00000868       ??_C@_0DA@BGJABNJL@DB_PROCESSNAME?5ExceptionMsg?$DN?$CFs?5E@ 10013868     WeatherMonitor.obj
 0002:00000898       ??_C@_0N@NAJDDFNE@error?$DN?$CFs?$AN?6?$CFs?$AA@ 10013898     WeatherMonitor.obj
 0002:000008a8       ??_C@_06BLKCFNEB@?$CFs?$DN?$CFs$?$AA@ 100138a8     WeatherMonitor.obj
 0002:000008b0       ??_C@_0GN@PFOFLBMF@select?5SERVER_IP?$HM?$HMDIRECTORY?5from@ 100138b0     WeatherMonitor.obj
 0002:00000920       ??_C@_0DD@CDNCOALD@select?5code?$HM?$HMfname?5from?5MONITOR_@ 10013920     WeatherMonitor.obj
 0002:00000954       ??_C@_0DO@MMIFCDGB@select?5process_name?$HM?$HMtargetip?5fr@ 10013954     WeatherMonitor.obj
 0002:00000994       ??_C@_0DM@JFLCJCCD@SELECT?5DISTINCT?5DBPROCESS_NAME?5F@ 10013994     WeatherMonitor.obj
 0002:000009d0       ??_C@_0DM@PCOCBLLI@SELECT?5distinct?5DBPROCESS_NAME?5F@ 100139d0     WeatherMonitor.obj
 0002:00000a0c       ??_C@_0DN@HKJFKPIE@SELECT?5distinct?5PROCESS_NAME?5FRO@ 10013a0c     WeatherMonitor.obj
 0002:00000a4c       ??_C@_0CC@GCIAONAB@UID?$DN?$CFs?$DLPWD?$DN?$CFs?$DLDSN?$DN?$CFs?$DLQTO?$DNF?$DLAPA?$DNT@ 10013a4c     WeatherMonitor.obj
 0002:00000a70       ??_C@_0CN@BNLDKPGC@_ServiceName?$DN?$CFs?5_UserAccount?$DN?$CFs?5@ 10013a70     WeatherMonitor.obj
 0002:00000aa0       ??_C@_0L@MFHCCEOK@_TimeArea?$DN?$AA@ 10013aa0     WeatherMonitor.obj
 0002:00000aac       ??_C@_0N@IELGHDHP@_TemplateID?$DN?$AA@ 10013aac     WeatherMonitor.obj
 0002:00000abc       ??_C@_0L@JMIELDBN@_PassWord?$DN?$AA@ 10013abc     WeatherMonitor.obj
 0002:00000ac8       ??_C@_0O@MMDPHNLM@_UserAccount?$DN?$AA@ 10013ac8     WeatherMonitor.obj
 0002:00000ad8       ??_C@_0O@NOBAPLG@_ServiceName?$DN?$AA@ 10013ad8     WeatherMonitor.obj
 0002:00000ae8       ??_C@_07JJGHABML@Size?$DN?$CFd?$AA@ 10013ae8     WeatherMonitor.obj
 0002:00000af0       ??_C@_0DB@BLIBCCFM@GetOracleSelect?5ExceptionMsg?$DN?$CFs?5@ 10013af0     WeatherMonitor.obj
 0002:00000b24       ??_C@_0N@EJKIBFJJ@error?$DN?$CFs?0?$CFs$?$AA@ 10013b24     WeatherMonitor.obj
 0002:00000b34       ??_C@_01EPMOAMKG@$?$AA@    10013b34     WeatherMonitor.obj
 0002:00000b38       ??_C@_0BH@DKNDAELJ@result?$DN?$CFd$getResult?$DN?$CFs?$AA@ 10013b38     WeatherMonitor.obj
 0002:00000b50       ??_C@_0CB@GEHMMPKO@result?$DN?$CFd$getResult?$DN?$CFs?R?$LL?G?P?U?$PN?$LD?$KD?$KD?$KB@ 10013b50     WeatherMonitor.obj
 0002:00000b74       ??_C@_02GFKGLGEA@?$HN?0?$AA@ 10013b74     WeatherMonitor.obj
 0002:00000b78       ??_C@_0L@GLLPEIN@?0?R?l?$LD?$KD?G?i?$LP?v?$DN?$AA@ 10013b78     WeatherMonitor.obj
 0002:00000b84       ??_C@_0L@BAGPDIJN@?0?$LE?$KG?$MA?m?$LN?a?$LJ?$PL?$DN?$AA@ 10013b84     WeatherMonitor.obj
 0002:00000b90       ??_C@_0L@DFCIALON@?0?M?j?$LD?I?J?$LB?$LM?d?$DN?$AA@ 10013b90     WeatherMonitor.obj
 0002:00000b9c       ??_C@_0L@BAIODLEJ@?0?D?$LP?$LB?j?U?K?$LK?E?$DN?$AA@ 10013b9c     WeatherMonitor.obj
 0002:00000ba8       ??_C@_09EFFAPMGM@?0FTP?U?K?$LK?E?$DN?$AA@ 10013ba8     WeatherMonitor.obj
 0002:00000bb4       ??_C@_08GFIICHF@?0?D?$LP?$LB?jIP?$DN?$AA@ 10013bb4     WeatherMonitor.obj
 0002:00000bc0       ??_C@_08PMIAOHLH@?0ACTION?$DN?$AA@ 10013bc0     WeatherMonitor.obj
 0002:00000bcc       ??_C@_08IDAPBBLN@?0?T?$LE?B?$LH?$LO?$LG?$DN?$AA@ 10013bcc     WeatherMonitor.obj
 0002:00000bd8       ??_C@_0L@BEEJCIHI@?0?$LP?$KK?J?$LM?J?$LB?$LM?d?$DN?$AA@ 10013bd8     WeatherMonitor.obj
 0002:00000be4       ??_C@_0L@BEAMJAHK@?$HL?$LN?x?$LD?L?C?$PL?$LD?F?$DN?$AA@ 10013be4     WeatherMonitor.obj
 0002:00000bf0       ??_C@_04CCHLMOGN@fail?$AA@ 10013bf0     WeatherMonitor.obj
 0002:00000bf8       ??_C@_0BJ@GOCAEBLC@?$CFd?9?$CF02d?9?$CF02d?5?$CF2d?3?$CF2d?3?$CF2d?$AA@ 10013bf8     WeatherMonitor.obj
 0002:00000c14       ??_C@_0DL@PNKENLHH@Provider?$DNOraOLEDB?4Oracle?$DLUID?$DN?$CFs?$DL@ 10013c14     WeatherMonitor.obj
 0002:00000c50       ??_C@_03DABDLAGB@?$CF?8?$CJ?$AA@ 10013c50     WeatherMonitor.obj
 0002:00000c58       ??_C@_0GE@DNPEOKA@?$CF?8and?5starttime?5?$DN?5?$CIselect?5max?$CIst@ 10013c58     WeatherMonitor.obj
 0002:00000cc0       ??_C@_0EE@PCGAOFO@select?5?$CK?5from?5monitor_instantdis@ 10013cc0     WeatherMonitor.obj
 0002:00000d04       ??_C@_08NIOFPIDH@error?$DN?$CFs?$AA@ 10013d04     WeatherMonitor.obj
 0002:00000d10       ??_C@_0BB@GMBIMMOF@?A?$KM?$LN?S?J?$PN?$LO?$NN?$LP?b?J?$KH?$LA?$NM?$KD?$KB?$AA@ 10013d10     WeatherMonitor.obj
 0002:00000d24       ??_C@_0O@PCMPMPKA@_ProcessName?$DN?$AA@ 10013d24     WeatherMonitor.obj
 0002:00000d34       ??_C@_0BJ@IMJBHEPL@resutl?$DN?$CFs?5has?5been?5error?$AA@ 10013d34     WeatherMonitor.obj
 0002:00000d50       ??_C@_0JC@IMIJKEPH@processName?$DN?$CFs$targetIP?$DN?$CFs$ftpUs@ 10013d50     WeatherMonitor.obj
 0002:00000de8       ??_C@_0FI@PNJPPFKA@SELECT?5?$CK?5FROM?5MONITOR_INSTANTDIS@ 10013de8     WeatherMonitor.obj
 0002:00000e40       ??_C@_0CO@KKEJDDFA@GetOracleSelect?5Exception?$DN?$CFs?0Exc@ 10013e40     WeatherMonitor.obj
 0002:00000e70       ??_C@_0N@LIEAPEDP@error?$DN?$CFs?0?$CFs?$AA?$AA@ 10013e70     WeatherMonitor.obj
 0002:00000e80       ??_C@_0CL@IOLCHMKC@result?$DN?$CFscitynumber?$DN?$CFd$TotalErrS@ 10013e80     WeatherMonitor.obj
 0002:00000eac       ??_C@_0P@BFEPBEAG@?R?l?U?$LO?$LM?G?B?$LM?L?$KL?$LD?$KE?$KD?$KB?$AA@ 10013eac     WeatherMonitor.obj
 0002:00000ebc       ??_C@_0N@EPDFAKFA@?C?$LL?S?P?R?l?U?$LO?$LM?G?B?$LM?$AA@ 10013ebc     WeatherMonitor.obj
 0002:00000ecc       ??_C@_0CH@MOJKKMLA@result?$DN?$CFs$citynumber?$DN?$CFd$errstati@ 10013ecc     WeatherMonitor.obj
 0002:00000ef4       ??_C@_0BE@JEMGDLHJ@?$LD?G?J?P?T?$KE?$LB?$KI?$LP?b?N?$NO?$LM?G?B?$LM?$KD?$KM?$CB?$AA@ 10013ef4     WeatherMonitor.obj
 0002:00000f08       ??_C@_05HHFOOOHO@?$CFs?0?$CFs?$AA@ 10013f08     WeatherMonitor.obj
 0002:00000f10       ??_C@_0GE@KHJDFLNF@?0type?$DN?$CFs?0itime?$DN?$CFs?0fcdate?$DN?$CFs?0fchh@ 10013f10     WeatherMonitor.obj
 0002:00000f74       ??_C@_07OMGAMEHP@?124?160?$CJ?$AA@ 10013f74     WeatherMonitor.obj
 0002:00000f80       ??_C@_0FP@GCLDBNFL@select?5?$CK?5from?5monitor_cityforeca@ 10013f80     WeatherMonitor.obj
 0002:00000fe0       ??_C@_0CL@PLCJPFEI@_ServiceName?$DN?$CFs_UserAccount?$DN?$CFs_P@ 10013fe0     WeatherMonitor.obj
 0002:0000100c       ??_C@_0CO@LGLAEKFK@GetOracleSelect?5Exception?$DN?$CFs?5Exc@ 1001400c     WeatherMonitor.obj
 0002:00001040       ??_C@_0FI@EOBDNAAC@ProcessName?$DN?$CFs$StartTime?$DN?$CFs$Reso@ 10014040     WeatherMonitor.obj
 0002:00001098       ??_C@_0GC@NKBCHMOA@?$CF?8?5and?5starttime?$DN?$CIselect?5max?$CIsta@ 10014098     WeatherMonitor.obj
 0002:00001100       ??_C@_0ED@DHOJBFNN@select?5?$CK?5from?5MONITOR_DBPROCESS_@ 10014100     WeatherMonitor.obj
 0002:00001144       ??_C@_0DK@PNNJEON@Provider?$DNOraOLEDB?4Oracle?$DLUID?$DN?$CFs?$DL@ 10014144     WeatherMonitor.obj
 0002:00001180       ??_C@_0P@FLNPCMNA@?$LD?v?O?V?N?$LE?V?$KK?$LE?m?N?s?$KD?$KB?$AA@ 10014180     WeatherMonitor.obj
 0002:00001190       ??_C@_0GL@FBCMBPKL@ProcessName?$DN?$CFs$Status?$DN?$CFs$tenMin?$DN@ 10014190     WeatherMonitor.obj
 0002:000011fc       ??_C@_02OEPNBAID@?$CF?8?$AA@ 100141fc     WeatherMonitor.obj
 0002:00001200       ??_C@_0ED@PMAIGCGH@select?5?$CK?5from?5MONITOR_DBPROCESS_@ 10014200     WeatherMonitor.obj
 0002:00001244       ??_C@_0DK@HHCJOEDO@Provider?$DNOraOLEDB?4Oracle?$DLUID?$DN?$CFs?$DL@ 10014244     WeatherMonitor.obj
 0002:00001280       ??_C@_0CM@NPNMOLNJ@_ServiceName?$DN?$CFs_UserAccount?$DN?$CFs?0_@ 10014280     WeatherMonitor.obj
 0002:000012ac       ??_C@_0CP@KICFMAHP@GetOracleSelect?5Exception?$DN?$CFs?5Exc@ 100142ac     WeatherMonitor.obj
 0002:000012dc       ??_C@_0BJ@HBJKINIJ@result?$DN?$CFs$errstation?$DN?$CFd$?$AA@ 100142dc     WeatherMonitor.obj
 0002:000012f8       ??_C@_0BI@BHALOEJF@result?$DN?$CFs$errstation?$DN?$CFd?$AA@ 100142f8     WeatherMonitor.obj
 0002:00001310       ??_C@_0BH@PCHDKCHB@?K?y?S?P?V?$LI?J?$PN?T?$KE?$LB?$KI?$LI?w?J?$LB?P?$KH?$LF?$LN?F?k?$AA@ 10014310     WeatherMonitor.obj
 0002:00001328       ??_C@_0CA@JGABBKFL@Error?5Information?5is?5too?5large?$CB?$AA@ 10014328     WeatherMonitor.obj
 0002:00001348       ??_C@_0GI@BBEPPCBF@type?$DN?$CFs?0itime?$DN?$CFs?0fcdate?$DN?$CFs?0fchh?$DN@ 10014348     WeatherMonitor.obj
 0002:000013b0       ??_C@_0BC@NDOHLOOC@?$CFd?1?$CFd?1?$CFd?9?$CFd?3?$CFd?3?$CFd?$AA@ 100143b0     WeatherMonitor.obj
 0002:000013c8       ??_C@_0KL@ELDBMEKE@select?5t?4?$CK?5from?5monitor_indexfor@ 100143c8     WeatherMonitor.obj
 0002:00001474       ??_C@_0M@LHIHIPIP@error?$DN?$CFs?5?$CFs?$AA@ 10014474     WeatherMonitor.obj
 0002:00001480       ??_C@_0LF@EIJHMAOC@server_IP?$DN?$CFs$directory?$DN?$CFs$receiv@ 10014480     WeatherMonitor.obj
 0002:00001538       ??_C@_0GC@DONIIIMH@select?5?$CK?5from?5MONITOR_SERVERFILE@ 10014538     WeatherMonitor.obj
 0002:0000159c       ??_C@_0DK@CHGEMJKA@Provider?$DNOcaOLEDB?4Oracle?$DLUID?$DN?$CFs?$DL@ 1001459c     WeatherMonitor.obj
 0002:000015d8       ??_C@_0FC@OHECOGFP@code?$DN?$CFs$name?$DN?$CFs$fname?$DN?$CFs$base_ti@ 100145d8     WeatherMonitor.obj
 0002:0000162c       ??_C@_0BB@ILBHGPKM@?$CFd?1?$CFd?$CFd?9?$CFd?3?$CFd?3?$CFd?$AA@ 1001462c     WeatherMonitor.obj
 0002:00001640       ??_C@_0DK@HBEOAOIK@Provider?$DNOcaOLEDB?4Olacle?$DLUID?$DN?$CFs?$DL@ 10014640     WeatherMonitor.obj
 0002:00001680       ??_C@_0FK@NCHAGPBH@select?5?$CK?5from?5MONITOR_PRODUCT_AR@ 10014680     WeatherMonitor.obj
 0002:000016dc       ??_C@_0BL@JIGBPIBD@abcdefghijklmnopqrstuvwxyz?$AA@ 100146dc     WeatherMonitor.obj
 0002:000016f8       ??_C@_0N@DAFHJPNI@Unknow?5Error?$AA@ 100146f8     WeatherMonitor.obj
 0002:00001708       ??_C@_0BL@IAOEOBFE@?$LC?z?F?$LH?N?$LE?$LF?$LN?$LE?o?$LF?D?P?E?O?$KC?D?Z?H?$NN?$LJ?$PN?$LD?$KE?$KD?$KB?$AA@ 10014708     WeatherMonitor.obj
 0002:00001728       ??_C@_0GM@INKIOMLI@?0?$LC?z?F?$LH?$LB?$OA?B?k?$DN?$CFs?0?$LC?z?F?$LH?C?h?J?v?$DN?$CFs?0?N?D?$LM?$PO?C?$PL?$LD@ 10014728     WeatherMonitor.obj
 0002:00001794       ??_C@_08EAFBBLEB@?$CFd?1?$CFd?1?$CFd?$AA@ 10014794     WeatherMonitor.obj
 0002:000017a0       ??_C@_0BP@PHJIJDAF@result?$DN?$CFs$FileNotArriveNum?$DN?$CFd$?$AA@ 100147a0     WeatherMonitor.obj
 0002:000017c0       ??_C@_0P@PECDKAFB@?$LC?z?F?$LH?H?$KL?$LC?$LP?$LF?$LN?$LE?o?$KD?$KB?$AA@ 100147c0     WeatherMonitor.obj
 0002:000017d0       ??_C@_0CJ@CMEALPHO@select?5?$CK?5from?5MONITOR_PRODUCT_AR@ 100147d0     WeatherMonitor.obj
 0002:00001800       ??_7_AFX_DLL_MODULE_STATE@@6B@ 10014800     mfcs71:dllmodul.obj
 0002:00001824       ??_C@_06JBKGCNBB@Delete?$AA@ 10014824     mfcs71:stdafx.obj
 0002:0000182c       ??_C@_08KAAPDIAN@NoRemove?$AA@ 1001482c     mfcs71:stdafx.obj
 0002:00001838       ??_C@_0M@DBGDLGLL@ForceRemove?$AA@ 10014838     mfcs71:stdafx.obj
 0002:00001844       ??_C@_03LAIAPFCB@Val?$AA@  10014844     mfcs71:stdafx.obj
 0002:00001848       ??_C@_01HMGJMAIH@B?$AA@    10014848     mfcs71:stdafx.obj
 0002:0000184c       ??_C@_01CKDDGHAB@D?$AA@    1001484c     mfcs71:stdafx.obj
 0002:00001850       ??_C@_01PLPBNMEI@M?$AA@    10014850     mfcs71:stdafx.obj
 0002:00001854       ??_C@_01CPLAODJH@S?$AA@    10014854     mfcs71:stdafx.obj
 0002:00001878       ??_7type_info@@6B@         10014878     msvcrt:ti_inst.obj
 0002:000018dc       _GUID_ATLVer30             100148dc     atls:atlbase.obj
 0002:000018ec       _GUID_ATLVer70             100148ec     atls:atlbase.obj
 0002:00001900       __load_config_used         10014900     msvcrt:loadcfg.obj
 0002:00001948       ??_R1A@?0A@A@CNoTrackObject@@8 10014948     mfcs71:dllmodul.obj
 0002:00001960       ??_R1A@?0A@A@AFX_MODULE_STATE@@8 10014960     mfcs71:dllmodul.obj
 0002:00001978       ??_R1A@?0A@A@_AFX_DLL_MODULE_STATE@@8 10014978     mfcs71:dllmodul.obj
 0002:00001990       ??_R2_AFX_DLL_MODULE_STATE@@8 10014990     mfcs71:dllmodul.obj
 0002:000019a0       ??_R3_AFX_DLL_MODULE_STATE@@8 100149a0     mfcs71:dllmodul.obj
 0002:000019b0       ??_R4_AFX_DLL_MODULE_STATE@@6B@ 100149b0     mfcs71:dllmodul.obj
 0002:000019c4       ??_R1A@?0A@A@type_info@@8  100149c4     msvcrt:ti_inst.obj
 0002:000019dc       ??_R2type_info@@8          100149dc     msvcrt:ti_inst.obj
 0002:000019e4       ??_R3type_info@@8          100149e4     msvcrt:ti_inst.obj
 0002:000019f4       ??_R4type_info@@6B@        100149f4     msvcrt:ti_inst.obj
 0002:00001a10       ___safe_se_handler_table   10014a10     <linker-defined>
 0002:00001a94       ___rtc_iaa                 10014a94     msvcrt:initsect.obj
 0002:00001a98       ___rtc_izz                 10014a98     msvcrt:initsect.obj
 0002:00001a9c       ___rtc_taa                 10014a9c     msvcrt:initsect.obj
 0002:00001aa0       ___rtc_tzz                 10014aa0     msvcrt:initsect.obj
 0002:00001b3c       __CT??_R0?AVotl_exc@@@8??0otl_exc@@QAE@ABV0@@Z2008 10014b3c     WeatherMonitor.obj
 0002:00001b58       __CT??_R0?AV?$otl_tmpl_exception@Votl_exc@@Votl_conn@@Votl_cur@@@@@8??0?$otl_tmpl_exception@Votl_exc@@Votl_conn@@Votl_cur@@@@QAE@ABV0@@Z4312 10014b58     WeatherMonitor.obj
 0002:00001b74       __CTA2?AV?$otl_tmpl_exception@Votl_exc@@Votl_conn@@Votl_cur@@@@ 10014b74     WeatherMonitor.obj
 0002:00001b80       __TI2?AV?$otl_tmpl_exception@Votl_exc@@Votl_conn@@Votl_cur@@@@ 10014b80     WeatherMonitor.obj
 0002:00002be8       __IMPORT_DESCRIPTOR_MFC71  10015be8     mfc71:MFC71.DLL
 0002:00002bfc       __IMPORT_DESCRIPTOR_MSVCR71 10015bfc     msvcrt:MSVCR71.dll
 0002:00002c10       __IMPORT_DESCRIPTOR_KERNEL32 10015c10     kernel32:KERNEL32.dll
 0002:00002c24       __IMPORT_DESCRIPTOR_ADVAPI32 10015c24     advapi32:ADVAPI32.dll
 0002:00002c38       __IMPORT_DESCRIPTOR_MSVCP71 10015c38     msvcprt:MSVCP71.dll
 0002:00002c4c       __IMPORT_DESCRIPTOR_ODBC32 10015c4c     odbc32:ODBC32.dll
 0002:00002c60       __NULL_IMPORT_DESCRIPTOR   10015c60     svapi:svapi.dll
 0003:00000000       ___xc_a                    10017000     msvcrt:cinitexe.obj
 0003:00000020       ___xc_z                    10017020     msvcrt:cinitexe.obj
 0003:00000024       ___xi_a                    10017024     msvcrt:cinitexe.obj
 0003:00000028       ___xi_z                    10017028     msvcrt:cinitexe.obj
 0003:00000030       ??_R0?AVotl_exc@@@8        10017030     WeatherMonitor.obj
 0003:00000048       ??_R0?AV?$otl_tmpl_exception@Votl_exc@@Votl_conn@@Votl_cur@@@@@8 10017048     WeatherMonitor.obj
 0003:0000008c       __pRawDllMain              1001708c     mfcs71:dllmodul.obj
 0003:00000090       ??_R0?AVCNoTrackObject@@@8 10017090     mfcs71:dllmodul.obj
 0003:000000b0       ??_R0?AVAFX_MODULE_STATE@@@8 100170b0     mfcs71:dllmodul.obj
 0003:000000d0       ??_R0?AV_AFX_DLL_MODULE_STATE@@@8 100170d0     mfcs71:dllmodul.obj
 0003:00000100       ___security_cookie         10017100     msvcrt:seccook.obj
 0003:00000104       ??_R0?AVtype_info@@@8      10017104     msvcrt:ti_inst.obj
 0003:00000120       ?m_bInitFailed@CAtlBaseModule@ATL@@2_NA 10017120     funcGeneral.obj
 0003:00000160       ?szoutFile@@3PADA          10017160     WeatherMonitor.obj
 0003:00000260       ?theApp@@3VCWeatherMonitorApp@@A 10017260     WeatherMonitor.obj
 0003:00000320       __afxForceEXCLUDE          10017320     mfcs71:nolib.obj
 0003:0000033c       __afxForceUSRDLL           1001733c     mfcs71:dllmodul.obj
 0003:000013d0       __afxForceSTDAFX           100183d0     mfcs71:stdafx.obj
 0003:000013d8       ?_AtlBaseModule@ATL@@3VCAtlBaseModule@1@A 100183d8     atls:atlbase.obj
 0003:00001414       __adjust_fdiv              10018414     <common>
 0003:00001418       ___onexitend               10018418     <common>
 0003:0000141c       ___onexitbegin             1001841c     <common>

 entry point at        0001:0000fc5f

 Static symbols

 0001:00003fe6       $L137410                   10004fe6 f i WeatherMonitor.obj
 0001:0000406d       $L137408                   1000506d f i WeatherMonitor.obj
 0001:000059d2       $L139452                   100069d2 f i WeatherMonitor.obj
 0001:00006a0b       $L140375                   10007a0b f i WeatherMonitor.obj
 0001:00007470       $L140820                   10008470 f i WeatherMonitor.obj
 0001:0000792f       $L141011                   1000892f f i WeatherMonitor.obj
 0001:000085e8       $L141234                   100095e8 f   WeatherMonitor.obj
 0001:00009631       $L141678                   1000a631 f   WeatherMonitor.obj
 0001:0000a333       $L142152                   1000b333 f   WeatherMonitor.obj
 0001:0000afd8       $L142618                   1000bfd8 f   WeatherMonitor.obj
 0001:0000bbdb       $L143014                   1000cbdb f   WeatherMonitor.obj
 0001:0000c54b       $L143496                   1000d54b f   WeatherMonitor.obj
 0001:0000c631       $L143497                   1000d631 f   WeatherMonitor.obj
 0001:0000d15a       $L143923                   1000e15a f   WeatherMonitor.obj
 0001:0000dcfd       $L144357                   1000ecfd f   WeatherMonitor.obj
 0001:0000e91e       $L144818                   1000f91e f   WeatherMonitor.obj
 0001:0000f3f2       $L145297                   100103f2 f   WeatherMonitor.obj
 0001:0000f50d       $L145298                   1001050d f   WeatherMonitor.obj
 0001:0000f93d       _report_failure            1001093d f   msvcrt:secchk.obj
 0001:000100d0       $L119308                   100110d0 f   funcGeneral.obj
 0001:000100d9       __ehhandler$?MakeCharByString@@YA_NPADAAHV?$CStringT@DV?$StrTraitMFC_DLL@DV?$ChTraitsCRT@D@ATL@@@@@ATL@@@Z 100110d9 f   funcGeneral.obj
 0001:000100f0       $L119625                   100110f0 f   funcGeneral.obj
 0001:000100f0       $L119599                   100110f0 f   funcGeneral.obj
 0001:000100f0       $L119586                   100110f0 f   funcGeneral.obj
 0001:000100f9       $L119600                   100110f9 f   funcGeneral.obj
 0001:000100f9       $L119587                   100110f9 f   funcGeneral.obj
 0001:000100f9       $L119626                   100110f9 f   funcGeneral.obj
[...]
 0001:00010657       $L141714                   10011657 f   WeatherMonitor.obj
 0001:00010663       $L141715                   10011663 f   WeatherMonitor.obj
 0001:0001066f       $L141716                   1001166f f   WeatherMonitor.obj
 0001:0001067b       $L141717                   1001167b f   WeatherMonitor.obj
 0001:00010687       $L141718                   10011687 f   WeatherMonitor.obj
 0001:00010693       $L141719                   10011693 f   WeatherMonitor.obj
 0001:0001069f       $L141720                   1001169f f   WeatherMonitor.obj
 0001:000106ab       $L141721                   100116ab f   WeatherMonitor.obj
 0001:000106b7       $L141722                   100116b7 f   WeatherMonitor.obj
 0001:000106c3       $L141723                   100116c3 f   WeatherMonitor.obj
 0001:000106cf       $L141724                   100116cf f   WeatherMonitor.obj
 0001:000106db       $L141725                   100116db f   WeatherMonitor.obj
 0001:000106e7       $L141726                   100116e7 f   WeatherMonitor.obj
 0001:000106f3       $L141727                   100116f3 f   WeatherMonitor.obj
 0001:000106ff       $L141728                   100116ff f   WeatherMonitor.obj
 0001:0001070b       $L141729                   1001170b f   WeatherMonitor.obj
 0001:00010717       $L141730                   10011717 f   WeatherMonitor.obj
 0001:00010723       $L141731                   10011723 f   WeatherMonitor.obj
 0001:0001072f       $L141987                   1001172f f   WeatherMonitor.obj
 0001:0001073a       __ehhandler$_InstantDistriStateMonitor 1001173a f   WeatherMonitor.obj
 0001:00010750       $L142153                   10011750 f   WeatherMonitor.obj
 0001:0001075b       $L142154                   1001175b f   WeatherMonitor.obj
 0001:00010767       $L142155                   10011767 f   WeatherMonitor.obj
 0001:00010773       $L142156                   10011773 f   WeatherMonitor.obj
 0001:0001077f       $L142157                   1001177f f   WeatherMonitor.obj
 0001:0001078b       $L142158                   1001178b f   WeatherMonitor.obj
 0001:00010797       $L142159                   10011797 f   WeatherMonitor.obj
 0001:000107a3       $L142160                   100117a3 f   WeatherMonitor.obj
 0001:000107af       $L142161                   100117af f   WeatherMonitor.obj
 0001:000107bb       $L142162                   100117bb f   WeatherMonitor.obj
 0001:000107c6       $L142163                   100117c6 f   WeatherMonitor.obj
 0001:000107d2       $L142164                   100117d2 f   WeatherMonitor.obj
 0001:000107de       $L142165                   100117de f   WeatherMonitor.obj
 0001:000107ea       $L142166                   100117ea f   WeatherMonitor.obj
 0001:000107f6       $L142167                   100117f6 f   WeatherMonitor.obj
 0001:00010802       $L142168                   10011802 f   WeatherMonitor.obj
 0001:0001080e       $L142169                   1001180e f   WeatherMonitor.obj
 0001:0001081a       $L142170                   1001181a f   WeatherMonitor.obj
 0001:00010826       $L142171                   10011826 f   WeatherMonitor.obj
 0001:00010832       $L142172                   10011832 f   WeatherMonitor.obj
 0001:0001083b       $L142173                   1001183b f   WeatherMonitor.obj
 0001:00010844       $L142174                   10011844 f   WeatherMonitor.obj
 0001:0001084d       $L142175                   1001184d f   WeatherMonitor.obj
 0001:00010859       $L142176                   10011859 f   WeatherMonitor.obj
 0001:00010864       $L142177                   10011864 f   WeatherMonitor.obj
 0001:00010870       $L142178                   10011870 f   WeatherMonitor.obj
 0001:0001087b       $L142179                   1001187b f   WeatherMonitor.obj
 0001:00010887       $L142455                   10011887 f   WeatherMonitor.obj
 0001:00010892       __ehhandler$_InstantDistrTrendMonitor 10011892 f   WeatherMonitor.obj
 0001:000108a0       $L142619                   100118a0 f   WeatherMonitor.obj
 0001:000108ab       $L142620                   100118ab f   WeatherMonitor.obj
 0001:000108b6       $L142621                   100118b6 f   WeatherMonitor.obj
 0001:000108c2       $L142622                   100118c2 f   WeatherMonitor.obj
 0001:000108ce       $L142623                   100118ce f   WeatherMonitor.obj
 0001:000108da       $L142624                   100118da f   WeatherMonitor.obj
 0001:000108e6       $L142625                   100118e6 f   WeatherMonitor.obj
 0001:000108f2       $L142626                   100118f2 f   WeatherMonitor.obj
 0001:000108fe       $L142627                   100118fe f   WeatherMonitor.obj
 0001:0001090a       $L142628                   1001190a f   WeatherMonitor.obj
 0001:00010916       $L142629                   10011916 f   WeatherMonitor.obj
 0001:00010922       $L142630                   10011922 f   WeatherMonitor.obj
 0001:0001092e       $L142631                   1001192e f   WeatherMonitor.obj
 0001:0001093a       $L142632                   1001193a f   WeatherMonitor.obj
 0001:00010946       $L142633                   10011946 f   WeatherMonitor.obj
 0001:0001094f       $L142634                   1001194f f   WeatherMonitor.obj
 0001:0001095b       $L142635                   1001195b f   WeatherMonitor.obj
 0001:00010967       $L142636                   10011967 f   WeatherMonitor.obj
 0001:00010970       $L142637                   10011970 f   WeatherMonitor.obj
 0001:00010979       $L142638                   10011979 f   WeatherMonitor.obj
 0001:00010985       $L142639                   10011985 f   WeatherMonitor.obj
 0001:00010991       $L142640                   10011991 f   WeatherMonitor.obj
 0001:0001099c       $L142641                   1001199c f   WeatherMonitor.obj
 0001:000109a8       $L142642                   100119a8 f   WeatherMonitor.obj
 0001:000109b4       $L142643                   100119b4 f   WeatherMonitor.obj
 0001:000109c0       $L142644                   100119c0 f   WeatherMonitor.obj
 0001:000109cb       $L142878                   100119cb f   WeatherMonitor.obj
 0001:000109d6       $L142645                   100119d6 f   WeatherMonitor.obj
 0001:000109e2       $L142941                   100119e2 f   WeatherMonitor.obj
 0001:000109ed       __ehhandler$_CityForecastMonitor 100119ed f   WeatherMonitor.obj
 0001:00010a00       $L143015                   10011a00 f   WeatherMonitor.obj
 0001:00010a0b       $L143016                   10011a0b f   WeatherMonitor.obj
 0001:00010a16       $L143017                   10011a16 f   WeatherMonitor.obj
 0001:00010a22       $L143018                   10011a22 f   WeatherMonitor.obj
 0001:00010a2e       $L143019                   10011a2e f   WeatherMonitor.obj
 0001:00010a3a       $L143020                   10011a3a f   WeatherMonitor.obj
 0001:00010a46       $L143021                   10011a46 f   WeatherMonitor.obj
 0001:00010a52       $L143022                   10011a52 f   WeatherMonitor.obj
 0001:00010a5e       $L143023                   10011a5e f   WeatherMonitor.obj
 0001:00010a6a       $L143024                   10011a6a f   WeatherMonitor.obj
 0001:00010a76       $L143025                   10011a76 f   WeatherMonitor.obj
 0001:00010a82       $L143026                   10011a82 f   WeatherMonitor.obj
 0001:00010a8e       $L143027                   10011a8e f   WeatherMonitor.obj
 0001:00010a9a       $L143028                   10011a9a f   WeatherMonitor.obj
 0001:00010aa3       $L143029                   10011aa3 f   WeatherMonitor.obj
 0001:00010aaf       $L143030                   10011aaf f   WeatherMonitor.obj
 0001:00010ab8       $L143031                   10011ab8 f   WeatherMonitor.obj
 0001:00010ac1       $L143032                   10011ac1 f   WeatherMonitor.obj
 0001:00010acd       $L143033                   10011acd f   WeatherMonitor.obj
 0001:00010ad8       $L143034                   10011ad8 f   WeatherMonitor.obj
 0001:00010ae4       $L143035                   10011ae4 f   WeatherMonitor.obj
 0001:00010af0       $L143036                   10011af0 f   WeatherMonitor.obj
 0001:00010afc       $L143037                   10011afc f   WeatherMonitor.obj
 0001:00010b08       $L143038                   10011b08 f   WeatherMonitor.obj
 0001:00010b14       $L143039                   10011b14 f   WeatherMonitor.obj
 0001:00010b1f       $L143040                   10011b1f f   WeatherMonitor.obj
 0001:00010b2b       $L143333                   10011b2b f   WeatherMonitor.obj
 0001:00010b36       __ehhandler$_DbProcessStateMonitor 10011b36 f   WeatherMonitor.obj
 0001:00010b40       $L143498                   10011b40 f   WeatherMonitor.obj
 0001:00010b4b       $L143499                   10011b4b f   WeatherMonitor.obj
 0001:00010b56       $L143500                   10011b56 f   WeatherMonitor.obj
 0001:00010b5f       $L143501                   10011b5f f   WeatherMonitor.obj
 0001:00010b68       $L143502                   10011b68 f   WeatherMonitor.obj
 0001:00010b71       $L143503                   10011b71 f   WeatherMonitor.obj
 0001:00010b7a       $L143504                   10011b7a f   WeatherMonitor.obj
 0001:00010b83       $L143505                   10011b83 f   WeatherMonitor.obj
 0001:00010b8c       $L143506                   10011b8c f   WeatherMonitor.obj
 0001:00010b95       $L143507                   10011b95 f   WeatherMonitor.obj
 0001:00010ba1       $L143508                   10011ba1 f   WeatherMonitor.obj
 0001:00010bad       $L143509                   10011bad f   WeatherMonitor.obj
 0001:00010bb6       $L143510                   10011bb6 f   WeatherMonitor.obj
 0001:00010bbf       $L143511                   10011bbf f   WeatherMonitor.obj
 0001:00010bc8       $L143512                   10011bc8 f   WeatherMonitor.obj
 0001:00010bd1       $L143513                   10011bd1 f   WeatherMonitor.obj
 0001:00010bdc       $L143514                   10011bdc f   WeatherMonitor.obj
 0001:00010be5       $L143515                   10011be5 f   WeatherMonitor.obj
 0001:00010bee       $L143516                   10011bee f   WeatherMonitor.obj
 0001:00010bf7       $L143517                   10011bf7 f   WeatherMonitor.obj
 0001:00010c02       $L143518                   10011c02 f   WeatherMonitor.obj
 0001:00010c0e       $L143765                   10011c0e f   WeatherMonitor.obj
 0001:00010c19       __ehhandler$_DBProcessTrendMonitor 10011c19 f   WeatherMonitor.obj
 0001:00010c30       $L143924                   10011c30 f   WeatherMonitor.obj
 0001:00010c3b       $L143925                   10011c3b f   WeatherMonitor.obj
 0001:00010c46       $L143926                   10011c46 f   WeatherMonitor.obj
 0001:00010c52       $L143927                   10011c52 f   WeatherMonitor.obj
 0001:00010c5e       $L143928                   10011c5e f   WeatherMonitor.obj
 0001:00010c6a       $L143929                   10011c6a f   WeatherMonitor.obj
 0001:00010c76       $L143930                   10011c76 f   WeatherMonitor.obj
 0001:00010c82       $L143931                   10011c82 f   WeatherMonitor.obj
 0001:00010c8e       $L143932                   10011c8e f   WeatherMonitor.obj
 0001:00010c9a       $L143933                   10011c9a f   WeatherMonitor.obj
 0001:00010ca6       $L143934                   10011ca6 f   WeatherMonitor.obj
 0001:00010cb2       $L143935                   10011cb2 f   WeatherMonitor.obj
 0001:00010cbe       $L143936                   10011cbe f   WeatherMonitor.obj
 0001:00010cca       $L143937                   10011cca f   WeatherMonitor.obj
 0001:00010cd6       $L143938                   10011cd6 f   WeatherMonitor.obj
 0001:00010cdf       $L143939                   10011cdf f   WeatherMonitor.obj
 0001:00010ce8       $L143940                   10011ce8 f   WeatherMonitor.obj
 0001:00010cf4       $L143941                   10011cf4 f   WeatherMonitor.obj
 0001:00010d00       $L143942                   10011d00 f   WeatherMonitor.obj
 0001:00010d09       $L143943                   10011d09 f   WeatherMonitor.obj
 0001:00010d15       $L143944                   10011d15 f   WeatherMonitor.obj
 0001:00010d20       $L143945                   10011d20 f   WeatherMonitor.obj
 0001:00010d2c       $L143946                   10011d2c f   WeatherMonitor.obj
 0001:00010d37       $L144243                   10011d37 f   WeatherMonitor.obj
 0001:00010d42       $L143947                   10011d42 f   WeatherMonitor.obj
 0001:00010d4e       $L144288                   10011d4e f   WeatherMonitor.obj
 0001:00010d59       __ehhandler$_IndexForecastMonitor 10011d59 f   WeatherMonitor.obj
 0001:00010d70       $L144358                   10011d70 f   WeatherMonitor.obj
 0001:00010d7b       $L144359                   10011d7b f   WeatherMonitor.obj
 0001:00010d86       $L144360                   10011d86 f   WeatherMonitor.obj
 0001:00010d92       $L144361                   10011d92 f   WeatherMonitor.obj
 0001:00010d9e       $L144362                   10011d9e f   WeatherMonitor.obj
 0001:00010daa       $L144363                   10011daa f   WeatherMonitor.obj
 0001:00010db6       $L144364                   10011db6 f   WeatherMonitor.obj
 0001:00010dc2       $L144365                   10011dc2 f   WeatherMonitor.obj
 0001:00010dce       $L144366                   10011dce f   WeatherMonitor.obj
 0001:00010dda       $L144367                   10011dda f   WeatherMonitor.obj
 0001:00010de6       $L144368                   10011de6 f   WeatherMonitor.obj
 0001:00010df2       $L144369                   10011df2 f   WeatherMonitor.obj
 0001:00010dfe       $L144370                   10011dfe f   WeatherMonitor.obj
 0001:00010e0a       $L144371                   10011e0a f   WeatherMonitor.obj
 0001:00010e16       $L144372                   10011e16 f   WeatherMonitor.obj
 0001:00010e22       $L144373                   10011e22 f   WeatherMonitor.obj
 0001:00010e2e       $L144374                   10011e2e f   WeatherMonitor.obj
 0001:00010e3a       $L144375                   10011e3a f   WeatherMonitor.obj
 0001:00010e43       $L144376                   10011e43 f   WeatherMonitor.obj
 0001:00010e4c       $L144377                   10011e4c f   WeatherMonitor.obj
 0001:00010e58       $L144378                   10011e58 f   WeatherMonitor.obj
 0001:00010e61       $L144379                   10011e61 f   WeatherMonitor.obj
 0001:00010e6c       $L144380                   10011e6c f   WeatherMonitor.obj
 0001:00010e78       $L144381                   10011e78 f   WeatherMonitor.obj
 0001:00010e83       $L144382                   10011e83 f   WeatherMonitor.obj
 0001:00010e8f       $L144658                   10011e8f f   WeatherMonitor.obj
 0001:00010e9a       __ehhandler$_ServerFilesTrendMonitor 10011e9a f   WeatherMonitor.obj
 0001:00010eb0       $L144819                   10011eb0 f   WeatherMonitor.obj
 0001:00010ebb       $L144820                   10011ebb f   WeatherMonitor.obj
 0001:00010ec6       $L144821                   10011ec6 f   WeatherMonitor.obj
 0001:00010ed2       $L144822                   10011ed2 f   WeatherMonitor.obj
 0001:00010ede       $L144823                   10011ede f   WeatherMonitor.obj
 0001:00010eea       $L144824                   10011eea f   WeatherMonitor.obj
 0001:00010ef6       $L144825                   10011ef6 f   WeatherMonitor.obj
 0001:00010f02       $L144826                   10011f02 f   WeatherMonitor.obj
 0001:00010f0e       $L144827                   10011f0e f   WeatherMonitor.obj
 0001:00010f1a       $L144828                   10011f1a f   WeatherMonitor.obj
 0001:00010f26       $L144829                   10011f26 f   WeatherMonitor.obj
 0001:00010f32       $L144830                   10011f32 f   WeatherMonitor.obj
 0001:00010f3e       $L144831                   10011f3e f   WeatherMonitor.obj
 0001:00010f4a       $L144832                   10011f4a f   WeatherMonitor.obj
 0001:00010f56       $L144833                   10011f56 f   WeatherMonitor.obj
 0001:00010f62       $L144834                   10011f62 f   WeatherMonitor.obj
 0001:00010f6e       $L144835                   10011f6e f   WeatherMonitor.obj
 0001:00010f7a       $L144836                   10011f7a f   WeatherMonitor.obj
 0001:00010f86       $L144837                   10011f86 f   WeatherMonitor.obj
 0001:00010f8f       $L144838                   10011f8f f   WeatherMonitor.obj
 0001:00010f98       $L144839                   10011f98 f   WeatherMonitor.obj
 0001:00010fa1       $L144840                   10011fa1 f   WeatherMonitor.obj
 0001:00010fac       $L144841                   10011fac f   WeatherMonitor.obj
 0001:00010fb8       $L144842                   10011fb8 f   WeatherMonitor.obj
 0001:00010fc3       $L144843                   10011fc3 f   WeatherMonitor.obj
 0001:00010fcf       $L145131                   10011fcf f   WeatherMonitor.obj
 0001:00010fda       __ehhandler$_ProductArriveInfoMonitor 10011fda f   WeatherMonitor.obj
 0001:00010ff0       $L145299                   10011ff0 f   WeatherMonitor.obj
 0001:00010ffb       $L145300                   10011ffb f   WeatherMonitor.obj
 0001:00011006       $L145301                   10012006 f   WeatherMonitor.obj
 0001:00011012       $L145302                   10012012 f   WeatherMonitor.obj
 0001:0001101e       $L145303                   1001201e f   WeatherMonitor.obj
 0001:0001102a       $L145304                   1001202a f   WeatherMonitor.obj
 0001:00011036       $L145305                   10012036 f   WeatherMonitor.obj
 0001:00011042       $L145306                   10012042 f   WeatherMonitor.obj
 0001:0001104e       $L145307                   1001204e f   WeatherMonitor.obj
 0001:0001105a       $L145308                   1001205a f   WeatherMonitor.obj
 0001:00011066       $L145309                   10012066 f   WeatherMonitor.obj
 0001:00011072       $L145310                   10012072 f   WeatherMonitor.obj
 0001:0001107b       $L145311                   1001207b f   WeatherMonitor.obj
 0001:00011087       $L145312                   10012087 f   WeatherMonitor.obj
 0001:00011090       $L145313                   10012090 f   WeatherMonitor.obj
 0001:00011099       $L145314                   10012099 f   WeatherMonitor.obj
 0001:000110a4       $L145315                   100120a4 f   WeatherMonitor.obj
 0001:000110b0       $L145316                   100120b0 f   WeatherMonitor.obj
 0001:000110bc       $L145317                   100120bc f   WeatherMonitor.obj
 0001:000110c7       $L145318                   100120c7 f   WeatherMonitor.obj
 0001:000110d3       $L145320                   100120d3 f   WeatherMonitor.obj
 0001:000110df       $L145545                   100120df f   WeatherMonitor.obj
 0001:000110ea       __ehhandler$_ProductInfoMonitor 100120ea f   WeatherMonitor.obj
 0001:000110f4       $L185173                   100120f4 f   mfcs71:dllmodul.obj
 0001:000110fc       __ehhandler$?AfxWndProcDllStatic@@YGJPAUHWND__@@IIJ@Z 100120fc f   mfcs71:dllmodul.obj
 0001:00011110       _$E1                       10012110 f   funcGeneral.obj
 0001:00011130       _$E1                       10012130 f   StdAfx.obj
 0001:00011150       _$E1                       10012150 f   WeatherMonitor.obj
 0001:00011170       _$E4                       10012170 f   WeatherMonitor.obj
 0001:00011186       _$E5                       10012186 f   mfcs71:dllmodul.obj
 0001:0001119c       _$E5                       1001219c f   atls:atlbase.obj
 0001:000111c0       _$E2                       100121c0 f   funcGeneral.obj
 0001:000111d0       _$E2                       100121d0 f   StdAfx.obj
 0001:000111e0       _$E2                       100121e0 f   WeatherMonitor.obj
 0001:000111f0       _$E5                       100121f0 f   WeatherMonitor.obj
 0001:000111fa       _$E6                       100121fa f   mfcs71:dllmodul.obj
 0001:00011204       _$E6                       10012204 f   atls:atlbase.obj
